Found 99 papers  [s_9a345f29]

  1. Effects of Time-Restricted Eating on Nonalcoholic Fatty Liver Disease
     Xueyun Wei, Bingquan Lin, Yan Huang, Shunyu Yang, Chensihan Huang, Linna Shi, Deying Liu, Peizhen Zh...
     PMC10024204 · JAMA Network Open · 2023-03-17
     https://doi.org/10.1001/jamanetworkopen.2023.3513
     "A randomized trial compared time-restricted eating to daily calorie restriction for nonalcoholic fatty liver disease. Both interventions similarly reduced liver fat, with no added benefits from time-restricted eating."

  2. Time‐restricted eating, caloric reduction, and unrestricted eating effects on weight and metabolism: a randomized trial
     Niki Oldenburg, Douglas G. Mashek, Lisa Harnack, Qi Wang, Emily N. C. Manoogian, Nicholas Evanoff, D...
     PMC11937878 · Obesity (Silver Spring, Md.) · 2025-02-19
     https://doi.org/10.1002/oby.24252
     "This study compared time-restricted eating (TRE), caloric restriction (CR), and unrestricted eating (UE) over 12 weeks. TRE did not significantly improve weight or metabolic measures compared to CR or UE, though reduced eating windows correlated with lower calorie intake and visceral fat."

  3. Design and Implementation of a Time-Restricted Eating Intervention in a Randomized, Controlled Eating Study
     Karen White, Beiwen Wu, Scott J. Pilla, Jeanne Charleston, May Thu Thu Maw, Lawrence J. Appel, Jeann...
     PMC10144293 · Nutrients · 2023-04-20
     https://doi.org/10.3390/nu15081978
     "A randomized controlled study designed and implemented time-restricted eating (TRE) versus usual eating patterns (UEP). The study successfully achieved its intervention goals, providing a controlled method to isolate meal timing's effect on weight."

  4. Randomized controlled trial for time-restricted eating in healthy volunteers without obesity
     Zhibo Xie, Yuning Sun, Yuqian Ye, Dandan Hu, Hua Zhang, Zhangyuting He, Haitao Zhao, Huayu Yang, Yil...
     PMC8864028 · Nature Communications · 2022-02-22
     https://doi.org/10.1038/s41467-022-28662-5
     "A randomized trial compared early and mid-day time-restricted eating in healthy adults. Early time-restricted eating showed greater improvements in insulin sensitivity and other metabolic markers than mid-day time-restricted eating."

  5. Time-Restricted Eating and Sleep, Mood, and Quality of Life in Adults With Overweight or Obesity
     Antonio Clavero-Jimeno, Manuel Dote-Montero, Jairo H. Migueles, Alba Camacho-Cardenosa, María Medran...
     PMC12199060 · JAMA Network Open · 2025-06-25
     https://doi.org/10.1001/jamanetworkopen.2025.17268
     "This study analyzed the effects of early, late, or self-selected time-restricted eating windows on sleep, mood, and quality of life in adults with overweight or obesity. No significant differences were found between any time-restricted eating patterns and usual care for these outcomes."

  6. Randomized controlled trial for time-restricted eating in overweight and obese young adults
     Li-min Zhang, Zhan Liu, Jia-qi Wang, Rui-qiang Li, Jing-yi Ren, Xian Gao, Shuai-shuai Lv, Lu-yao Lia...
     PMC9400087 · iScience · 2022-08-05
     https://doi.org/10.1016/j.isci.2022.104870
     "This study randomized overweight young adults to early, late, or no time-restricted eating for 8 weeks. Early time-restricted eating showed greater metabolic health improvements than late time-restricted eating or the control group."

  7. Effect of Time-Restricted Eating on Weight Loss in Adults With Type 2 Diabetes
     Vasiliki Pavlou, Sofia Cienfuegos, Shuhao Lin, Mark Ezpeleta, Kathleen Ready, Sarah Corapi, Jackie W...
     PMC10611992 · JAMA Network Open · 2023-10-27
     https://doi.org/10.1001/jamanetworkopen.2023.39337
     "A 6-month study compared time-restricted eating (TRE) to calorie restriction (CR) in adults with type 2 diabetes. TRE resulted in greater weight loss than CR, but both interventions similarly lowered HbA1c levels."

  8. The effects of time-restricted eating on sleep in adults: a systematic review of randomized controlled trials
     Carly Bohlman, Christian McLaren, Armin Ezzati, Patricia Vial, Daniel Ibrahim, Stephen D. Anton
     PMC11322763 · Frontiers in Nutrition · 2024-07-29
     https://doi.org/10.3389/fnut.2024.1419811
     "This systematic review examined randomized controlled trials on time-restricted eating and sleep. Current evidence suggests TRE does not consistently worsen sleep, but some individuals may experience reduced sleep efficiency."

  9. Effects of time-restricted eating with different eating duration on anthropometrics and cardiometabolic health: A systematic review and meta-analysis
     Mazuin Kamarul Zaman, Nur Islami Mohd Fahmi Teng, Sazzli Shahlan Kasim, Norsham Juliana, Mohammed Ab...
     PMC10415860 · World Journal of Cardiology · 2023-07-26
     https://doi.org/10.4330/wjc.v15.i7.354
     "This systematic review and meta-analysis examined the effects of time-restricted eating (TRE) on anthropometrics and cardiometabolic health. TRE significantly reduced body weight and fat mass, but its impact varied based on the duration of the eating window."

  10. Effects of timing and eating duration of time restricted eating on metabolic outcomes: systematic review and network meta-analysis
     Yu-En Chen, Hui-Li Tsai, Yu-Kang Tu, Ling-Wei Chen
     PMC12829361 · BMJ Medicine · 2026-01-01
     https://doi.org/10.1136/bmjmed-2024-001071
     "This systematic review and network meta-analysis evaluated time-restricted eating's effects on metabolic health. Early time-restricted eating showed the most consistent benefits for anthropometric and glycaemic outcomes."

  11. The basis and design for time‐restricted eating compared with daily calorie restriction for weight loss and colorectal cancer risk reduction trial ( TRE‐CRC  trial)
     Kelsey Gabel, Marian L. Fitzgibbon, Cemal Yazici, Peter Gann, Maria Sverdlov, Grace Guzman, Zhengjia...
     PMC9691536 · Obesity (Silver Spring, Md.) · 2022-11-01
     https://doi.org/10.1002/oby.23579
     "A randomized controlled trial compared 8-hour time-restricted eating (TRE) with daily calorie restriction (Cal-R) and a control group in adults with obesity and increased colorectal cancer (CRC) risk. The study will examine the effects of these interventions on weight, metabolic markers, and CRC risk."

  12. Effect of Time-Restricted Eating on Sleep in Type 2 Diabetes
     Vasiliki Pavlou, Shuhao Lin, Sofia Cienfuegos, Mark Ezpeleta, Mary-Claire Runchey, Sarah Corapi, Kel...
     PMC11356804 · Nutrients · 2024-08-17
     https://doi.org/10.3390/nu16162742
     "This study compared time-restricted eating (TRE) to calorie restriction and controls in adults with type 2 diabetes. TRE did not improve sleep quality, duration, or insomnia severity compared to the other groups."

  13. Pilot Clinical Trial of Time-Restricted Eating in Patients with Metabolic Syndrome
     Iwona Świątkiewicz, Celestyna Mila-Kierzenkowska, Alina Woźniak, Karolina Szewczyk-Golec, Jarosław N...
     PMC7911880 · Nutrients · 2021-01-24
     https://doi.org/10.3390/nu13020346
     "This pilot trial investigated the feasibility and efficacy of 10-hour time-restricted eating in Polish adults with metabolic syndrome. The study aims to establish a framework for future large-scale trials by assessing cardiometabolic outcomes and behavioral rhythms."

  14. A Randomized Pilot Study of Time-Restricted Eating Shows Minimal Microbiome Changes
     Abigail J. Johnson, Alison Alvear, Dan Knights, Lisa S. Chow, Anne E. Bantle
     PMC11722650 · PMC · 2025-01-04
     https://www.ncbi.nlm.nih.gov/pmc/articles/PMC11722650/
     "This pilot study analyzed gut microbiome changes in participants undergoing time-restricted eating (TRE). The TRE intervention, despite leading to weight loss, showed minimal impact on gut microbiome composition."

  15. Effect of a ketogenic diet, time-restricted eating, or alternate-day fasting on weight loss in adults with obesity: a randomized clinical trial
     José Ignacio Martínez-Montoro, Borja Bandera, Mario Gutiérrez-Bedmar, Ana María Gómez-Pérez, Manuel ...
     PMC12220164 · BMC Medicine · 2025-07-01
     https://doi.org/10.1186/s12916-025-04182-z
     "A randomized trial compared calorie-restricted ketogenic diets, time-restricted eating, and alternate-day fasting to a Mediterranean diet for weight loss in adults with obesity. Ketogenic diet, modified alternate-day fasting, and late time-restricted eating resulted in greater weight loss than the Mediterranean diet."

  16. Effects of time-restricted eating with different eating windows on human metabolic health: pooled analysis of existing cohorts
     Zhongbiao Nie, Jiaming Xu, Yinchu Cheng, Zhihong Li, Ran Zhang, Wentao Zhang, Libo Zhao
     PMC10594936 · Diabetology & Metabolic Syndrome · 2023-10-24
     https://doi.org/10.1186/s13098-023-01190-y
     "A network meta-analysis compared time-restricted eating (TRE) with different eating windows on metabolic health. No specific eating window showed significant metabolic advantages over others, suggesting similar benefits across various TRE durations."

  17. Time-Restricted Eating Alters Food Intake Patterns, as Prospectively Documented by a Smartphone Application
     Samar Malaeb, Tasma Harindhanavudhi, Katrina Dietsche, Nick Esch, Emily N. C. Manoogian, Satchidanan...
     PMC7694329 · Nutrients · 2020-11-05
     https://doi.org/10.3390/nu12113396
     "This study examined how time-restricted eating (TRE) affects food intake patterns using a smartphone app. TRE significantly reduced eating occasions, snacks, and caffeinated beverages compared to baseline and a control group."

  18. Time-restricted eating and autosomal dominant polycystic kidney disease: a pilot, randomized clinical trial
     Cortney Steele, Anna Ostrow, Wei Wang, Erin Coleman, Diana George, Kristen Bing, Sumana Ramanathan, ...
     PMC11976525 · Clinical Kidney Journal · 2025-04-01
     https://doi.org/10.1093/ckj/sfaf069
     "A pilot randomized trial compared time-restricted eating (TRE) with healthy eating advice for ADPKD patients. TRE did not significantly reduce kidney volume, and adherence was moderate, suggesting weight and adiposity loss may be more critical."

  19. Time-Restricted Eating Versus Daily Calorie Restriction: Effect on Sleep in Adults with Obesity over 12 Months
     Shuhao Lin, Sofia Cienfuegos, Mark Ezpeleta, Kelsey Gabel, Vasiliki Pavlou, Shaina J. Alexandria, Kr...
     PMC11510029 · Nutrients · 2024-10-18
     https://doi.org/10.3390/nu16203528
     "This study compared time-restricted eating (TRE) and daily calorie restriction (CR) on sleep in adults with obesity. Neither TRE nor CR significantly improved sleep quality, duration, insomnia, or sleep apnea risk after 12 months."

  20. The Effects of Time-Restricted Eating on Metabolism and Gut Microbiota: A Real-Life Study
     Ilario Ferrocino, Marianna Pellegrini, Chiara D’Eusebio, Ilaria Goitre, Valentina Ponzo, Maurizio Fa...
     PMC9267969 · Nutrients · 2022-06-21
     https://doi.org/10.3390/nu14132569
     "This study investigated the effects of time-restricted eating (TRE) versus time-unrestricted eating on metabolism and gut microbiota in individuals with obesity, under caloric restriction. TRE showed a borderline significant difference in weight loss and induced minor, clinically uncertain changes in gut microbiota."

  21. Time‐restricted eating did not alter insulin sensitivity or β‐cell function in adults with obesity: A randomized pilot study
     Anne E. Bantle, Kheng Joe Lau, Qi Wang, Samar Malaeb, Tasma Harindhanavudhi, Emily N. C. Manoogian, ...
     PMC9877119 · PMC · 2022-12-14
     https://www.ncbi.nlm.nih.gov/pmc/articles/PMC9877119/
     "A pilot study examined the effects of 12 weeks of time-restricted eating on insulin sensitivity and beta-cell function in adults with obesity. Time-restricted eating did not significantly alter these metabolic parameters compared to unrestricted eating."

  22. Time-restricted eating with or without low-carbohydrate diet reduces visceral fat and improves metabolic syndrome: A randomized trial
     Mingqian He, Jingya Wang, Qian Liang, Meng Li, Hui Guo, Yue Wang, Cuomu Deji, Jing Sui, Ya-wen Wang,...
     PMC9589024 · Cell Reports Medicine · 2022-10-10
     https://doi.org/10.1016/j.xcrm.2022.100777
     "This randomized trial investigated time-restricted eating (TRE) with or without a low-carbohydrate diet (LCD) for metabolic syndrome. TRE, alone or combined with LCD, reduced visceral fat and improved metabolic markers, with the combination showing the most benefits."

  23. Intermittent fasting and time-restricted eating role in dietary interventions and precision nutrition
     Ghada A. Soliman
     PMC9650338 · Frontiers in Public Health · 2022-10-28
     https://doi.org/10.3389/fpubh.2022.1017254
     "This paper reviews intermittent fasting and time-restricted eating for dietary interventions and precision nutrition. These eating patterns may offer synergistic benefits for metabolic health, but further research is needed to confirm their efficacy and optimal application."

  24. Protocol for a 1‐year randomised, controlled, parallel group, open‐label trial on the effects and feasibility of time‐restricted eating in individuals with type 2 diabetes‐ The REStricted Eating Time in the treatment of type 2 diabetes ( RESET2 ) trial
     Anne‐Ditte Termannsen, Annemarie Varming, Natasja Bjerre, Helena Z. Wodschow, Gitte S. Hansen, Nicol...
     PMC12006552 · Diabetic Medicine · 2025-01-11
     https://doi.org/10.1111/dme.15506
     "This paper describes the protocol for a one-year randomized trial investigating time-restricted eating (TRE) in type 2 diabetes. The trial aims to assess TRE's effects on glycaemic control and feasibility."

  25. The Effects of Time-Restricted Eating versus Standard Dietary Advice on Weight, Metabolic Health and the Consumption of Processed Food: A Pragmatic Randomised Controlled Trial in Community-Based Adults
     Nicholas Edward Phillips, Julie Mareschal, Nathalie Schwab, Emily N. C. Manoogian, Sylvie Borloz, Gi...
     PMC8004978 · Nutrients · 2021-03-23
     https://doi.org/10.3390/nu13031042
     "This study examined the link between eating habits and metabolic health, and compared time-restricted eating (TRE) to standard dietary advice. TRE showed a small but significant weight loss compared to no change with standard advice, though the difference between groups was not significant."

  26. The effects of time‐restricted eating and weight loss on bone metabolism and health: a 6‐month randomized controlled trial
     Maria Papageorgiou, Emmanuel Biver, Julie Mareschal, Nicholas Edward Phillips, Alexandra Hemmer, Emm...
     PMC10092311 · Obesity (Silver Spring, Md.) · 2022-10-14
     https://doi.org/10.1002/oby.23577
     "This study compared time-restricted eating (TRE) to standard dietary advice for bone health in adults with metabolic syndrome. TRE showed bone-sparing effects compared to standard advice when weight loss occurred."

  27. Perspective: Time-Restricted Eating—Integrating the What with the When
     Evelyn B Parr, Brooke L Devlin, John A Hawley
     PMC9156382 · Advances in Nutrition · 2022-05-01
     https://doi.org/10.1093/advances/nmac015
     "This paper reviews time-restricted eating (TRE) interventions and their impact on health outcomes. It concludes that integrating knowledge of *what* is eaten with *when* it is eaten is crucial for optimizing TRE's metabolic health benefits."

  28. Effect of Early Time-Restricted Eating on Metabolic Markers and Body Composition in Individuals with Overweight or Obesity
     Dalila Rubí Mena-Hernández, Guadalupe Jiménez-Domínguez, José D. Méndez, Viridiana Olvera-Hernández,...
     PMC11279456 · Nutrients · 2024-07-09
     https://doi.org/10.3390/nu16142187
     "This study investigated early time-restricted eating (eTRE) in overweight or obese individuals. eTRE did not significantly improve metabolic markers, body composition, or appetite compared to a control group."

  29. The impact of a self-selected time restricted eating intervention on eating patterns, sleep, and late-night eating in individuals with obesity
     Stacey L. Simon, Jennifer Blankenship, Emily N. C. Manoogian, Satchidananda Panda, Douglas G. Mashek...
     PMC9634110 · Frontiers in Nutrition · 2022-10-21
     https://doi.org/10.3389/fnut.2022.1007824
     "A self-selected time-restricted eating intervention shifted meal timing and reduced late-night eating in individuals with obesity. This intervention was associated with longer sleep duration and improved eating patterns."

  30. The effects of early time restricted eating plus daily caloric restriction compared to daily caloric restriction alone on continuous glucose levels
     Adnin Zaman, Laura Grau, Rebecca Jeffers, Sheila Steinke, Victoria A. Catenacci, Marc‐Andre Cornier,...
     PMC10804344 · PMC · 2023-08-04
     https://www.ncbi.nlm.nih.gov/pmc/articles/PMC10804344/
     "This study compared early time-restricted eating plus daily caloric restriction (E-TRE+DCR) to daily caloric restriction (DCR) alone for 12 weeks. No significant differences were found in glucose profiles or insulin sensitivity between the groups, except for a greater reduction in glycemic excursion amplitude with DCR alone."

  31. Weight-neutral early time-restricted eating improves glycemic variation and time in range without changes in inflammatory markers
     Joanne Bruno, Jeanne M. Walker, Shabnam Nasserifar, Dhairya Upadhyay, Andrea Ronning, Sally M. Vaneg...
     PMC11699278 · PMC · 2024-11-29
     https://www.ncbi.nlm.nih.gov/pmc/articles/PMC11699278/
     "Early time-restricted eating was studied in adults with prediabetes. It improved glycemic control without affecting inflammatory markers."

  32. Effect of time restricted eating on body weight and fasting glucose in participants with obesity: results of a randomized, controlled, virtual clinical trial
     Pamela M. Peeke, Frank L. Greenway, Sonja K. Billes, Dachuan Zhang, Ken Fujioka
     PMC7809455 · PMC · 2021-01-15
     https://www.ncbi.nlm.nih.gov/pmc/articles/PMC7809455/
     "A randomized trial tested 14:10 time-restricted eating (TRE) with a weight management program. 14:10 TRE resulted in greater weight loss and improved fasting glucose compared to 12:12 TRE."

  33. Early time-restricted eating improves markers of cardiometabolic health but has no impact on intestinal nutrient absorption in healthy adults
     M. Alan Dawson, Susan N. Cheung, Michael R. La Frano, Ravinder Nagpal, Claire E. Berryman
     PMC10829793 · Cell Reports Medicine · 2024-01-16
     https://doi.org/10.1016/j.xcrm.2023.101363
     "Early time-restricted eating improved cardiometabolic health markers in healthy adults. However, it did not affect intestinal nutrient absorption or gastrointestinal function."

  34. Time-Restricted Eating Improves Quality of Life Measures in Overweight Humans
     Ainslee Crose, Alison Alvear, Stephanie Singroy, Qi Wang, Emily Manoogian, Satchidananda Panda, Doug...
     PMC8146708 · PMC · 2021-04-23
     https://www.ncbi.nlm.nih.gov/pmc/articles/PMC8146708/
     "A randomized trial examined time-restricted eating (TRE) versus unrestricted eating in overweight individuals. TRE was associated with modest improvements in emotional health and perceived health changes."

  35. Time-restricted eating on weight loss: implications from the TREATY study
     Yan Huang, Deying Liu, Xueyun Wei, Chensihan Huang, Changwei Li, Huijie Zhang
     PMC11749637 · Life Medicine · 2022-10-01
     https://doi.org/10.1093/lifemedi/lnac017

  36. Effectiveness of isocaloric early time‐restricted eating on glucose metabolism in adults: A randomized controlled crossover trial
     Minfang Weng, Sisi Deng, Wei Xie, Yuqi Ma, Yeran Jia
     PMC12146466 · Diabetes, Obesity & Metabolism · 2025-04-11
     https://doi.org/10.1111/dom.16399

  37. Health effects of the time-restricted eating in adults with obesity: A systematic review and meta-analysis
     Weiyi Chen, Xiaoli Liu, Lei Bao, Ping Yang, Huihui Zhou
     PMC9979543 · PMC · 2023-02-16
     https://www.ncbi.nlm.nih.gov/pmc/articles/PMC9979543/
     "This study systematically reviewed and meta-analyzed randomized controlled trials on time-restricted eating (TRE) in adults with obesity. TRE was found to significantly decrease body weight, fat mass, BMI, and diastolic blood pressure."

  38. Evaluating evidence regarding the efficacy of time-restricted eating for weight loss
     David E. Most
     PMC11236600 · Frontiers in Nutrition · 2024-06-27
     https://doi.org/10.3389/fnut.2024.1428998

  39. Effects of Early vs. Late Time-Restricted Eating on Cardiometabolic Health, Inflammation, and Sleep in Overweight and Obese Women: A Study Protocol for the ChronoFast Trial
     Beeke Peters, Daniela A. Koppold-Liebscher, Bettina Schuppelius, Nico Steckhan, Andreas F. H. Pfeiff...
     PMC8634676 · Frontiers in Nutrition · 2021-11-15
     https://doi.org/10.3389/fnut.2021.765543
     "This study protocol outlines a trial comparing early versus late time-restricted eating in overweight/obese women. The trial aims to determine which eating pattern better improves cardiometabolic health, inflammation, and sleep."

  40. Early Time-Restricted Eating Improves Weight Loss While Preserving Muscle: An 8-Week Trial in Young Women
     Zifu Yu, Takeshi Ueda
     PMC11945196 · Nutrients · 2025-03-14
     https://doi.org/10.3390/nu17061022
     "An 8-week trial studied early, delayed, or no time-restricted eating in young women performing resistance training. Early time-restricted eating led to greater weight loss than delayed or no restrictions, without negatively impacting muscle gains."

  41. Time for better time-restricted eating trials to lessen the burden of metabolic diseases
     Pam R. Taub, Satchidananda Panda
     PMC9245051 · biomedrxiv · 2022-06-21
     https://doi.org/10.1016/j.xcrm.2022.100665
     "This paper discusses the misinterpretation of a recent randomized controlled trial on time-restricted eating. The key finding is that optimizing food intake timing can indeed offer health benefits."

  42. A randomized feasibility trial of time-restricted eating during pregnancy in people with increased risk of gestational diabetes
     Hanna M.S. Skarstad, Kamilla L. Haganes, Md Abu Jafar Sujan, Trine M. Gellein, Mariell K. Johansen, ...
     PMC11439041 · Scientific Reports · 2024-09-28
     https://doi.org/10.1038/s41598-024-72913-y
     "A randomized trial tested a 10-hour time-restricted eating window for pregnant individuals at risk of gestational diabetes. The intervention was feasible but did not improve glycemic control or other cardiometabolic outcomes."

  43. Study protocol for a randomized clinical trial to reduce weight among youth with obesity using time-restricted eating: the TRECO study
     Xiaoyan Shi, Peien Jiang, Penghao Wang, Xingwei Guo, Mengxuan Ye, Zhiying Jiang, Yan Chen, Tingjuan ...
     PMC12781309 · BMC Pediatrics · 2025-12-03
     https://doi.org/10.1186/s12887-025-06298-w
     "A randomized trial will compare 12-hour time-restricted eating (TRE) to caloric-restricted diets for weight loss in obese children. The study aims to determine TRE's short-term and long-term efficacy and adherence compared to standard treatment."

  44. Time-Restricted Eating: Benefits, Mechanisms, and Challenges in Translation
     Prashant Regmi, Leonie K. Heilbronn
     PMC7262456 · biomedrxiv · 2020-05-15
     https://doi.org/10.1016/j.isci.2020.101161
     "This paper reviews time-restricted eating (TRE), a dietary approach that limits eating to a specific window each day. TRE demonstrates significant benefits for metabolic health, including weight loss and improved glucose tolerance, though implementation challenges exist."

  45. The effects of time-restricted eating for patients with nonalcoholic fatty liver disease: a systematic review
     Xiaoxiao Lin, Shuai Wang, Jinyu Huang
     PMC10794638 · Frontiers in Nutrition · 2024-01-04
     https://doi.org/10.3389/fnut.2023.1307736
     "A systematic review analyzed four randomized controlled trials on time-restricted eating (TRE) for nonalcoholic fatty liver disease (NAFLD) patients. TRE shows promise for improving liver health indicators, but more research is needed before it can be recommended."

  46. Time-restricted eating to address persistent cancer-related fatigue among cancer survivors: A randomized controlled trial
     Amber S. Kleckner, Carin L. Clingan, Shari M. Youngblood, Ian R. Kleckner, Lauren Quick, Rebecca D. ...
     PMC11703331 · Research Square · 2024-12-25
     https://doi.org/10.21203/rs.3.rs-5530166/v1
     "A randomized controlled trial investigated time-restricted eating (TRE) for persistent cancer-related fatigue. TRE showed a trend towards reduced fatigue and improved physiological markers compared to a control group."

  47. Exploring Rates of Adherence and Barriers to Time-Restricted Eating
     Paul W. Jefcoate, M. Denise Robertson, Jane Ogden, Jonathan D. Johnston
     PMC10223820 · Nutrients · 2023-05-16
     https://doi.org/10.3390/nu15102336
     "This study assessed adherence to a 5-week time-restricted eating (TRE) protocol and identified barriers. Objective and subjective adherence was around 63%, with work, social, and family life posing challenges."

  48. Early Time-Restricted Feeding Reduces Appetite and Increases Fat Oxidation but Does Not Affect Energy Expenditure in Humans
     Eric Ravussin, Robbie A. Beyl, Eleonora Poggiogalle, Daniel S. Hsia, Courtney M. Peterson
     PMC6658129 · PMC · 2019-05-02
     https://www.ncbi.nlm.nih.gov/pmc/articles/PMC6658129/
     "Early time-restricted feeding (eTRF) was studied in overweight adults. eTRF reduced appetite and increased fat oxidation without changing 24-hour energy expenditure."

  49. Is  time‐restricted  eating (8/16) beneficial for body weight and metabolism of obese and overweight adults? A systematic review and meta‐analysis of randomized controlled trials
     Lu Huang, Yan Chen, Shu Wen, Danhua Lu, Xiaoyang Shen, Hongxia Deng, Liangzhi Xu
     PMC10002957 · biomedrxiv · 2022-12-19
     https://doi.org/10.1002/fsn3.3194
     "This meta-analysis examined randomized controlled trials on 8/16 time-restricted eating in overweight and obese adults. The intervention led to significant reductions in body weight and fat mass, and improved insulin resistance."

  50. Time-restricted eating improves health because of energy deficit and circadian rhythm: A systematic review and meta-analysis
     Yuwen Chang, Tingting Du, Xiangling Zhuang, Guojie Ma
     PMC10865403 · iScience · 2024-01-26
     https://doi.org/10.1016/j.isci.2024.109000
     "This systematic review analyzed the effects of time-restricted eating (TRE) in humans with overweight or obesity. TRE resulted in modest weight loss and improved various metabolic markers, primarily due to energy deficit, with circadian alignment playing a secondary role."

  51. Evaluating the effects of time-restricted eating on overweight and obese women with polycystic ovary syndrome: A randomized controlled trial study protocol
     Hui Liu, Fuliang Shangguan, Fen Liu, Yu Guo, Huixi Yu, Hanbing Li, Yinhua Su, Zhongyu Li
     PMC11717230 · PLOS ONE · 2025-01-09
     https://doi.org/10.1371/journal.pone.0316333
     "This randomized controlled trial protocol outlines a study to evaluate the 6-month effects of time-restricted eating on overweight and obese women with PCOS. The study will assess weight change, metabolic and reproductive improvements, and quality of life compared to a control group."

  52. Time-restricted eating in Alzheimer's disease: TREAD pilot trial design
     Susan B. Racette, Jordan A. Gunning, Danielle E. Eagan, Isabella Zaniletti, Tracy L. Smith, Candice ...
     PMC12612997 · Contemporary Clinical Trials Communications · 2025-10-26
     https://doi.org/10.1016/j.conctc.2025.101564
     "The TREAD pilot trial is evaluating the feasibility of a 16-hour fasting, 8-hour eating window intervention for individuals with mild cognitive impairment. It will collect preliminary data on cognitive function and biomarkers to inform future larger studies."

  53. Time‐Restricted Eating Promotes Weight Loss and Favorable Changes in Adipose in Obesity: The TREAD Randomized Control Trial
     Michael J. Wilkinson; Erika Padilla; Yuqi Wang; Sawye Raygani; Emily N. C. Manoogian; Kyla Laing; Kh...
     PMC13306140 · Obesity (Silver Spring, Md.) · 2026-06-02
     https://doi.org/10.1002/oby.70228
     "Examine time‐restricted eating (TRE) as a strategy to promote weight loss and cardiometabolic health in adults with obesity. TRE in obesity and ADipose Tissue (TREAD) was a single‐center 12‐week RCT, "

  54. Time-restricted eating for patients with diabetes and prediabetes: A systematic review
     Xiaoxiao Lin, Yihong Guan, Guomin Wu, Jinyu Huang, Shuai Wang
     PMC9671354 · PMC · 2022-11-03
     https://www.ncbi.nlm.nih.gov/pmc/articles/PMC9671354/
     "A systematic review analyzed seven studies on time-restricted eating for diabetes and prediabetes. Time-restricted eating appears safe and may improve weight, insulin sensitivity, and blood glucose."

  55. The Effect of Time-Restricted Eating on Cardiometabolic Risk Factors: A Systematic Review and Meta-Analysis
     Krystalia Panagiotou, Garyfallia Stefanou, Georgia Kourlaba, Dimitrios Athanasopoulos, Penio Kassari...
     PMC11547938 · PMC · 2024-10-30
     https://www.ncbi.nlm.nih.gov/pmc/articles/PMC11547938/
     "A systematic review and meta-analysis examined the effects of time-restricted eating (TRE) on cardiometabolic risk factors. TRE was found to be beneficial for weight loss and improving insulin, cholesterol, and LDL levels."

  56. Time-Restricted Eating and Its Metabolic Benefits
     Sneha Mishra, Patress A. Persons, Andrea M. Lorenzo, Swarna S. Chaliki, Sophie Bersoux
     PMC10672223 · PMC · 2023-11-09
     https://www.ncbi.nlm.nih.gov/pmc/articles/PMC10672223/
     "This paper reviews time-restricted eating (TRE) and its metabolic effects. TRE is found to be equivalent to calorie restriction for weight loss and beneficial for various diseases."

  57. Impact of daily fasting duration on body composition and cardiometabolic risk factors during a time-restricted eating protocol: a randomized controlled trial
     A. Sampieri, A. Paoli, G. Spinello, E. Santinello, T. Moro
     PMC11607941 · Journal of Translational Medicine · 2024-11-29
     https://doi.org/10.1186/s12967-024-05849-6
     "This study compared different time-restricted eating (TRE) durations in healthy individuals. The 16:8 TRE protocol significantly reduced body mass and fat mass without affecting lean mass or calorie intake."

  58. Effects of time-restricted eating without caloric restriction on blood pressure and cardiometabolic profile in non-diabetic adults: a systematic review and meta-analysis of randomized controlled trials
     Xin Yi, Jie Yan, Ummi Nadira Daut, Razif Abas, Raja Abdul Wafy Raja Muhammad Rooshdi, Chongshuang Ya...
     PMC12672340 · Frontiers in Nutrition · 2025-11-19
     https://doi.org/10.3389/fnut.2025.1631477
     "This meta-analysis evaluated time-restricted eating (TRE) without caloric restriction in non-diabetic adults. TRE significantly reduced blood pressure, heart rate, glucose, insulin, and BMI, but not lipid profiles."

  59. Time-restricted feeding: what we have done and what more we can do?
     Yuning Sun, Yuqian Ye, Yuqin He, Shaoyan Liu
     PMC10282674 · Hepatobiliary Surgery and Nutrition · 2023-05-22
     https://doi.org/10.21037/hbsn-23-246

  60. The effect of time-restricted eating on arterial stiffness indices in men with metabolic syndrome: study protocol for a randomized controlled trial
     Aliyeh Ghannadzadeh Yazdi, Mohammad Masoumvand, Elena Philippou, Alireza Hatami, Zahra Dehnavi, Hani...
     PMC11529165 · Trials · 2024-07-22
     https://doi.org/10.1186/s13063-024-08284-6
     "This randomized controlled trial protocol outlines a study comparing time-restricted eating to standard dietary advice for men with metabolic syndrome. The study aims to determine the effect of time-restricted eating on arterial stiffness indices."

  61. Time Restricted Eating: A Dietary Strategy to Prevent and Treat Metabolic Disturbances
     Bettina Schuppelius, Beeke Peters, Agnieszka Ottawa, Olga Pivovarova-Ramich
     PMC8387818 · PMC · 2021-08-12
     https://www.ncbi.nlm.nih.gov/pmc/articles/PMC8387818/
     "This review examines how time-restricted eating affects glucose and lipid metabolism based on clinical trials. TRE shows promise for improving metabolic health, though results vary due to study design and participant differences."

  62. Take the reins: a study protocol of a randomized controlled trial testing the effects of time-restricted eating vs. nutrition control on cancer-related fatigue among survivors of hematological malignancies
     Amber S. Kleckner, Carin L. Clingan, Ashraf Z. Badros, Emily N. C. Manoogian, Karen M. Mustian, Satc...
     PMC12577101 · BMC Nutrition · 2025-10-31
     https://doi.org/10.1186/s40795-025-01185-0
     "This study protocol outlines a randomized controlled trial comparing time-restricted eating to nutrition counseling for cancer-related fatigue in blood cancer survivors. The intervention aims to improve fatigue by regulating circadian rhythms and metabolism."

  63. Meal Timing Interventions for Weight Loss and Metabolic Health—What Does the Evidence Tell Us So Far?
     Collin J. Popp, Emily N. C. Manoogian, Blandine Laferrère
     PMC12161006 · JAMA network open · 2025-06-02
     https://doi.org/10.1001/jamanetworkopen.2024.42140

  64. Flexible time-restricted eating combined with exercise in a free-living setting for middle-aged women with overweight/obesity: a randomized controlled trial
     Zihan Dai, Masashi Miyashita, Eric Tsz-chun Poon, Xiao Yu Tian, Angus Pak-hung Yu, Cindy Hui-ping Si...
     PMC12660762 · Nature Communications · 2025-11-27
     https://doi.org/10.1038/s41467-025-65678-z
     "This study examined flexible time-restricted eating and exercise in middle-aged women with overweight/obesity. Combining both interventions resulted in the greatest fat mass reduction compared to other groups."

  65. Beneficial Effects of Time-Restricted Eating on Metabolic Diseases: A Systemic Review and Meta-Analysis
     Shinje Moon, Jiseung Kang, Sang Hyun Kim, Hye Soo Chung, Yoon Jung Kim, Jae Myung Yu, Sung Tae Cho, ...
     PMC7284632 · biomedrxiv · 2020-04-29
     https://doi.org/10.3390/nu12051267
     "A systematic review and meta-analysis examined the effects of time-restricted eating (TRE) on metabolic health. TRE significantly reduced body weight, fat mass, and improved several cardiometabolic parameters."

  66. Impact of Time-Restricted Eating and High-Intensity Exercise on Nutrient Intake in Women with Overweight/Obesity: Secondary Analysis of a Randomized Controlled Trial
     Kamilla L. Haganes, Brooke L. Devlin, Rosalie K. Orr, Trine Moholdt
     PMC11767901 · Nutrients · 2025-01-08
     https://doi.org/10.3390/nu17020218
     "This study analyzed nutrient intake in women with overweight/obesity undergoing time-restricted eating (TRE), high-intensity exercise (HIIT), or a combination. TRE and TREHIIT were associated with reduced intakes of several micronutrients compared to control and HIIT alone."

  67. Effect of Time-Restricted Feeding on Body Weight and Cardiometabolic Risks: A Systematic Review and Meta-Analysis of Randomized Controlled Trials
     Darin Ruanpeng, Sikarin Upala, Anawin Sanguankeo
     PMC8089280 · PMC · 2021-05-03
     https://www.ncbi.nlm.nih.gov/pmc/articles/PMC8089280/
     "This meta-analysis examined the effects of time-restricted feeding (TRF) on weight and cardiometabolic risks in overweight or obese individuals. TRF resulted in a significant mean weight loss of 2.08 kg compared to usual diets."

  68. Time restricted eating as a weight loss intervention in adults with obesity
     Dunja Przulj, Daniella Ladmore, Katie Myers Smith, Anna Phillips-Waller, Peter Hajek
     PMC7842957 · biomedrxiv · 2021-01-28
     https://doi.org/10.1371/journal.pone.0246186
     "This pilot study assessed adherence and effects of time-restricted eating (TRE) on weight and lipids in adults with obesity. TRE showed modest weight loss comparable to other interventions, with no significant impact on blood pressure or lipids."

  69. Time-restricted eating effects on performance, immune function, and body composition in elite cyclists: a randomized controlled trial
     Tatiana Moro, Grant Tinsley, Giovanni Longo, Davide Grigoletto, Antonino Bianco, Cinzia Ferraris, Mo...
     PMC7733258 · Journal of the International Society of Sports Nutrition · 2020-12-11
     https://doi.org/10.1186/s12970-020-00396-z
     "This study investigated time-restricted eating (TRE) in elite cyclists during training. TRE reduced body weight and fat mass, and improved peak power output relative to body weight, with no negative impact on performance."

  70. Effectiveness of Time-Restricted Eating with Caloric Restriction vs. Caloric Restriction for Weight Loss and Health: Meta-Analysis
     Tanja Črešnovar, Bernarda Habe, Zala Jenko Pražnikar, Ana Petelin
     PMC10708501 · PMC · 2023-11-24
     https://www.ncbi.nlm.nih.gov/pmc/articles/PMC10708501/
     "A meta-analysis compared time-restricted eating with caloric restriction (TRE+CR) to caloric restriction alone (CR) for weight loss. TRE+CR led to greater reductions in body weight, body fat, and waist circumference than CR alone."

  71. Maintenance of time-restricted eating and high-intensity interval training in women with overweight/obesity 2 years after a randomized controlled trial
     Kamilla L. Haganes, John A. Hawley, Stian Lydersen, Trine Moholdt
     PMC12032017 · PMC · 2025-04-25
     https://www.ncbi.nlm.nih.gov/pmc/articles/PMC12032017/
     "This study investigated the long-term maintenance of time-restricted eating (TRE) and high-intensity interval training (HIIT) in women with overweight/obesity. Approximately half of participants continued TRE or HIIT for two years, with some sustained cardiometabolic benefits observed."

  72. Eight‐hour time‐restricted eating does not lower daily myofibrillar protein synthesis rates: A randomized control trial
     Evelyn B. Parr, Imre W. K. Kouw, Michael J. Wheeler, Bridget E. Radford, Rebecca C. Hall, Joan M. Se...
     PMC10107304 · Obesity (Silver Spring, Md.) · 2022-12-22
     https://doi.org/10.1002/oby.23637
     "An 8-hour time-restricted eating window did not alter daily muscle protein synthesis rates in overweight males. However, it did reduce glucose levels and increase lean mass loss compared to a 12-hour eating window."

  73. Adherence and Metabolic Outcomes of Early and Late Time-Restricted Eating with Energy Restriction vs. Energy Restriction Alone: A 6-Month Follow-Up
     Tanja Črešnovar; Bernarda Habe; Nina Mohorko; Saša Kenig; Zala Jenko Pražnikar; Ana Petelin
     PMC13029005 · biomedrxiv · 2026-03-21
     https://doi.org/10.3390/nu18061004
     "Long-term adherence to early or late time-restricted eating with energy restriction, or energy restriction alone, was low. Reduced adherence led to a reversal of initial metabolic improvements, with psychosocial and environmental barriers most impacting weight maintenance."

  74. Effect of Time-Restricted Eating on Circulating Levels of IGF1 and Its Binding Proteins in Obesity: An Exploratory Analysis of a Randomized Controlled Trial
     Rand Talal Akasheh, Aparna Ankireddy, Kelsey Gabel, Mark Ezpeleta, Shuhao Lin, Chandra Mohan Tamatam...
     PMC11510611 · Nutrients · 2024-10-14
     https://doi.org/10.3390/nu16203476
     "This study explored the effects of 4 and 6-hour time-restricted eating (TRE) on IGF1 and its binding proteins in individuals with obesity. TRE significantly reduced body weight and improved insulin sensitivity, but did not alter IGF1 or IGFBP3 levels."

  75. Efficacy of time restricted eating and resistance training on body composition and mood profiles among young adults with overweight/obesity: a randomized controlled trial
     Tingting Cui, Yichao Sun, Weibing Ye, Yubo Liu, Mallikarjuna Korivi
     PMC11926902 · Journal of the International Society of Sports Nutrition · 2025-03-19
     https://doi.org/10.1080/15502783.2025.2481127
     "This study investigated the effects of time-restricted eating (TRE) and resistance training (RT) on body composition and mood in young adults with overweight/obesity. TRE and TRE+RT significantly reduced body weight and BMI, while RT and TRE+RT effectively decreased fat mass."

  76. A Delayed Morning and Earlier Evening Time-Restricted Feeding Protocol for Improving Glycemic Control and Dietary Adherence in Men with Overweight/Obesity: A Randomized Controlled Trial
     Evelyn B. Parr, Brooke L. Devlin, Bridget E. Radford, John A. Hawley
     PMC7071240 · biomedrxiv · 2020-02-17
     https://doi.org/10.3390/nu12020505
     "A randomized controlled trial compared time-restricted feeding (TRF) with extended feeding in overweight/obese men. TRF improved nocturnal glycemic control and was positively perceived, despite some adherence challenges."

  77. A randomized controlled trial to compare the effects of time-restricted eating versus Mediterranean diet on symptoms and quality of life in bipolar disorder
     Sheri L. Johnson, Greg Murray, Lance J. Kriegsfeld, Emily N.C. Manoogian, Liam Mason, J. D. Allen, M...
     PMC11102174 · BMC Psychiatry · 2024-05-18
     https://doi.org/10.1186/s12888-024-05790-4
     "This randomized controlled trial compares time-restricted eating (TRE) with the Mediterranean diet for bipolar disorder patients with sleep issues. The study aims to determine which diet is more effective in improving symptoms and quality of life."

  78. Time-restricted eating with calorie restriction on weight loss and cardiometabolic risk: a systematic review and meta-analysis
     Jing-Chao Sun, Zhen-Tao Tan, Chao-Jie He, Hui-Lin Hu, Chang-Lin Zhai, Gang Qian
     PMC10630127 · biomedrxiv · 2023-07-24
     https://doi.org/10.1038/s41430-023-01311-w
     "This meta-analysis evaluated time-restricted eating (TRE) combined with calorie restriction (CR) for weight loss and cardiometabolic risk. TRE plus CR significantly reduced body weight, fat mass, and waist circumference, with early TRE showing greater effectiveness."

  79. Time-Restricted Eating Combined with Exercise Reduces Menopausal Symptoms and Improves Quality of Life More than Exercise Alone in Menopausal Women: A Quasi-Randomized Controlled Trial
     Beata Jóźwiak, Adam Szulc, Ida Laudańska-Krzemińska
     PMC12567392 · PMC · 2025-10-18
     https://www.ncbi.nlm.nih.gov/pmc/articles/PMC12567392/
     "A study compared exercise alone to exercise plus time-restricted eating in menopausal women. Combining time-restricted eating with exercise significantly reduced menopausal symptoms and improved quality of life more than exercise alone."

  80. Meal Timing and Anthropometric and Metabolic Outcomes
     Hiu Yee Liu, Ashley A. Eso, Nathan Cook, Hayley M. O’Neill, Loai Albarqouni
     PMC11530941 · PMC · 2024-11-01
     https://www.ncbi.nlm.nih.gov/pmc/articles/PMC11530941/
     "This systematic review and meta-analysis examined the link between meal timing and body measurements and metabolic health. Findings suggest meal timing may influence these outcomes, though more research is needed."

  81. Comparing the influence of early and late time-restricted eating with energy restriction and energy restriction alone on cardiometabolic markers, metabolic hormones and appetite in adults with overweight/obesity: per-protocol analysis of a 3-month randomized clinical trial
     Bernarda Habe, Tanja Črešnovar, Ana Petelin, Saša Kenig, Nina Mohorko, Zala Jenko Pražnikar
     PMC12309031 · PMC · 2025-07-29
     https://www.ncbi.nlm.nih.gov/pmc/articles/PMC12309031/
     "This study compared early time-restricted eating plus energy restriction (eTRE+ER) with late time-restricted eating plus energy restriction (lTRE+ER) and energy restriction alone (ER). 

eTRE+ER led to greater improvements in fat mass, BMI, and fasting glucose compared to lTRE+ER and ER, with greater reductions in leptin."

  82. Emotional eating across different eating disorders and the role of body mass, restriction, and binge eating
     Julia Reichenberger, Rebekka Schnepper, Ann‐Kathrin Arend, Anna Richard, Ulrich Voderholzer, Silke N...
     PMC8252459 · PMC · 2021-03-03
     https://www.ncbi.nlm.nih.gov/pmc/articles/PMC8252459/
     "This study compared emotional eating patterns across different eating disorder subtypes, controlling for body mass index. Findings indicate distinct emotional eating profiles for each ED, suggesting tailored therapeutic interventions are needed."

  83. Restricted mean survival time: Does covariate adjustment improve precision in randomized clinical trials?
     Theodore Karrison, Masha Kocherginsky
     PMC5891397 · Clinical Trials (London, England) · 2018-03-04
     https://doi.org/10.1177/1740774518759281
     "This paper investigates if adjusting for covariates improves precision when comparing restricted mean survival times in randomized trials. Results show that covariate adjustment does increase precision and statistical power."

  84. Adherence to Diet and Meal Timing in a Randomized Controlled Feeding Study of Time-Restricted Feeding
     Beiwen Wu, Karen White, May Thu Thu Maw, Jeanne Charleston, Di Zhao, Eliseo Guallar, Lawrence J. App...
     PMC9182754 · biomedrxiv · 2022-05-29
     https://doi.org/10.3390/nu14112283
     "A randomized controlled feeding study assessed adherence to time-restricted feeding (TRF) and usual feeding patterns. High adherence to meal timing and food consumption was achieved, with no significant differences between groups."

  85. Association of Eating and Sleeping Intervals With Weight Change Over Time: The Daily24 Cohort
     Di Zhao, Eliseo Guallar, Thomas B. Woolf, Lindsay Martin, Harold Lehmann, Janelle Coughlin, Katherin...
     PMC9973633 · biomedrxiv · 2023-01-18
     https://doi.org/10.1161/JAHA.122.026484
     "This study examined the relationship between eating and sleeping intervals and weight change in adults. A higher number of daily meals was associated with increased weight change, but meal interval duration was not."

  86. Restricted mean survival time: an alternative to the hazard ratio for the design and analysis of randomized trials with a time-to-event outcome
     Patrick Royston, Mahesh KB Parmar
     PMC3922847 · BMC Medical Research Methodology · 2013-01-01
     https://doi.org/10.1186/1471-2288-13-152
     "Restricted mean survival time (RMST) is proposed as an alternative to the hazard ratio for designing and analyzing time-to-event trials. RMST offers a practical measure of average survival and is suitable for both proportional and non-proportional hazards."

  87. Time-restricted feeding improves blood glucose and insulin sensitivity in overweight patients with type 2 diabetes: a randomised controlled trial
     Tingting Che, Cheng Yan, Dingyuan Tian, Xin Zhang, Xuejun Liu, Zhongming Wu
     PMC8499480 · biomedrxiv · 2021-10-07
     https://doi.org/10.1186/s12986-021-00613-9
     "A randomized controlled trial investigated 10-hour time-restricted feeding in overweight type 2 diabetes patients over 12 weeks. Time-restricted feeding significantly improved blood glucose, insulin sensitivity, and weight compared to a control group."

  88. Navigating challenges and adherence in time‐restricted eating: A qualitative study
     Hilmi S. Rathomi, Nahal Mavaddat, Judith M. Katzenellenbogen, Sandra C. Thompson
     PMC12401815 · Nutrition & Dietetics · 2025-02-02
     https://doi.org/10.1111/1747-0080.12922
     "This study explored facilitators, barriers, and strategies for adherence to time-restricted eating. Key findings indicate that flexibility, a non-obsessive mindset, and social support facilitate adherence, while hunger and social conflicts pose challenges."

  89. Intermittent fasting and health: Does timing matter?
     Manuel Dote‐Montero, Antonio Clavero‐Jimeno, Idoia Labayen, Jonatan R. Ruiz
     PMC12035757 · Clinical and Translational Medicine · 2025-04-28
     https://doi.org/10.1002/ctm2.70325

  90. Feasibility and acceptability of time-restricted eating in a group of adults with multiple sclerosis
     Brooks C. Wingo, John R. Rinker, Kathryn Green, Courtney M. Peterson
     PMC9878382 · Frontiers in Neurology · 2023-01-12
     https://doi.org/10.3389/fneur.2022.1087126
     "A pilot study examined the feasibility and acceptability of time-restricted eating (TRE) in adults with multiple sclerosis. TRE was found to be feasible and acceptable, suggesting further research is warranted."

  91. Effects of Early and Late Time-Restricted Feeding on Parameters of Metabolic Health: An Explorative Literature Assessment
     Froso Petridi, Jan M. W. Geurts, Jean Nyakayiru, Anne Schaafsma, Dedmer Schaafsma, Ruth C. R. Meex, ...
     PMC11175017 · biomedrxiv · 2024-05-31
     https://doi.org/10.3390/nu16111721
     "This literature assessment examined 13 trials on early and late time-restricted feeding's effects on metabolic health. Time-restricted feeding consistently reduced body weight and improved insulin resistance, with early feeding showing a potentially greater benefit for insulin resistance."

  92. Bibliometric and visual analysis of time-restricted eating
     Shuai Wang, Xiaoxiao Lin, Yihong Guan, Jinyu Huang
     PMC9395940 · Frontiers in Nutrition · 2022-08-09
     https://doi.org/10.3389/fnut.2022.979702
     "This study analyzed 414 publications on time-restricted eating (TRE) using bibliometric methods. The research shows TRE is a growing field, with key themes including circadian rhythms, obesity, weight loss, and metabolic disease."

  93. Time-Restricted Eating Without Exercise Enhances Anaerobic Power and Reduces Body Weight: A Randomized Crossover Trial in Untrained Adults
     Zifu Yu, Takeshi Ueda
     PMC12473138 · PMC · 2025-09-20
     https://www.ncbi.nlm.nih.gov/pmc/articles/PMC12473138/
     "This study investigated early and delayed time-restricted eating (TRE) in untrained adults. Both TRE methods reduced body weight and improved anaerobic power, with eTRE showing greater weight loss and dTRE greater anaerobic gains."

  94. Effects of Time-Restricted Feeding on Energy Balance: A Cross-Over Trial in Healthy Subjects
     Riqiang Bao, Yingkai Sun, Yiran Jiang, Lei Ye, Jie Hong, Weiqing Wang
     PMC9092453 · Frontiers in Endocrinology · 2022-04-27
     https://doi.org/10.3389/fendo.2022.870054
     "This study investigated the effects of time-restricted feeding (TRF) on energy balance in healthy individuals. TRF was found to induce a negative energy balance by increasing fecal and urine energy loss, without altering energy expenditure."

  95. Effects of DASH diet with or without time-restricted eating in the management of stage 1 primary hypertension: a randomized controlled trial
     Xiaoxin Zhou, Xiaoqian Lin, Jing Yu, Yi Yang, Hira Muzammel, Said Amissi, Valérie B. Schini-Kerth, X...
     PMC11181626 · Nutrition Journal · 2024-06-17
     https://doi.org/10.1186/s12937-024-00967-9
     "A randomized controlled trial investigated the effects of the DASH diet with or without time-restricted eating (TRE) on stage 1 hypertension. The DASH diet combined with an 8-hour TRE window resulted in greater blood pressure reduction than the DASH diet alone."

  96. Efficacy of Time-Restricted Eating and Behavioral Economic Intervention in Reducing Fasting Plasma Glucose, HbA1c, and Cardiometabolic Risk Factors in Patients with Impaired Fasting Glucose: A Randomized Controlled Trial
     Unyaporn Suthutvoravut, Thunyarat Anothaisintawee, Suparee Boonmanunt, Sarunporn Pramyothin, Sukanya...
     PMC10574576 · PMC · 2023-09-30
     https://www.ncbi.nlm.nih.gov/pmc/articles/PMC10574576/
     "This study compared time-restricted eating (TRE) with or without behavioral economics (BE) interventions against usual care for impaired fasting glucose patients. No significant differences were found between groups, but TRE showed benefits for those who adhered to the protocol."

  97. Effect of 5:2 intermittent fasting diet versus daily calorie restriction eating on metabolic-associated fatty liver disease—a randomized controlled trial
     Yuan-yuan Wang, Fang Tian, Xiao-lu Qian, Hui-min Ying, Zhen-feng Zhou
     PMC11368853 · PMC · 2024-08-20
     https://www.ncbi.nlm.nih.gov/pmc/articles/PMC11368853/
     "A randomized controlled trial compared the 5:2 intermittent fasting diet to daily calorie restriction for metabolic-associated fatty liver disease. The 5:2 diet significantly reduced hepatic steatosis and fibrosis compared to daily restriction."

  98. Time-Restricted Eating to Reduce Cardiovascular Risk Among Older Breast Cancer Survivors
     Amy A. Kirkham, Katherine L. Ford, Jordan Topolnyski, Bruna Ramos Da Silva, D. Ian Paterson, Carla M...
     PMC9270634 · PMC · 2022-05-17
     https://www.ncbi.nlm.nih.gov/pmc/articles/PMC9270634/

  99. Similar body composition outcomes following volumetric diet and time-restricted eating in middle-aged individuals: a 12-week randomized controlled trial
     Alicia Cloos, Stephan Geisler, Eduard Isenmann
     PMC12175453 · PMC · 2025-06-18
     https://www.ncbi.nlm.nih.gov/pmc/articles/PMC12175453/
     "A 12-week trial compared the volumetrics diet (VD) and time-restricted eating (TRE) in middle-aged individuals. Both diets led to similar reductions in body weight and fat mass."

[491ms, saved to s_9a345f29]

💡 Extract data across these results with: map --from s_9a345f29 "your question"
[491ms, saved to s_9a345f29]

