Map complete: 11/11 papers
Results ID: m_8c4ab32e

  ✓ Beetroot Juice and Exercise for Clinical Health and Athletic Performan
    PMC12787555 · 1950ms
    {"eligible": false, "exclusion_reason": "The paper is a narrative review about beetroot juice (dietary nitrate) rather than a controlled primary training study investigating vitamin C and/or E supplementation.", "findings": []}

  ✓ Role of Redox Signaling and Inflammation in Skeletal Muscle Adaptation
    PMC5187546 · 1876ms
    {"eligible": false, "exclusion_reason": "The paper is a review article discussing redox signaling and inflammation in skeletal muscle adaptations to training, rather than a primary empirical study with an antioxidant-versus-control contrast.", "findings": []}

  ✓ Beetroot juice supplementation and exercise performance: is there more
    PMC10912565 · 1713ms
    {"eligible": false, "exclusion_reason": "The paper is a mini-review comparing beetroot juice and nitrate salts, not an empirical study combining a structured exercise-training program with vitamin C and/or E supplementation.", "findings": []}

  ✓ Vitamin Supplementation in Sports: A Decade of Evidence-Based Insights
    PMC12845069 · 1920ms
    {"eligible": false, "exclusion_reason": "The provided paper is a narrative literature review rather than an original research study with empirical findings.", "findings": []}

  ✓ Effects of Beetroot Juice Supplementation on Cardiorespiratory Enduran
    PMC5295087 · 1536ms
    {"eligible": false, "exclusion_reason": "The paper is a systematic review evaluating beetroot juice supplementation (inorganic nitrate) and does not contain a primary structured exercise-training program with vitamin C and/or E supplementation versus a placebo control.", "findings": []}

  ✓ Effects of beetroot juice supplementation on intermittent high-intensi
    PMC5756374 · 1544ms
    {"eligible": false, "exclusion_reason": "The paper is a review article examining beetroot juice supplementation rather than a primary controlled study combining exercise-training with vitamin C and/or E supplementation.", "findings": []}

  ✓ Possible Effects of Beetroot Supplementation on Physical Performance T
    PMC8155490 · 1863ms
    {"eligible": false, "exclusion_reason": "The paper is a narrative review of beetroot supplementation and contains no original empirical intervention study combining a structured exercise training program with vitamin C and/or E supplementation.", "findings": []}

  ✓ Effects of Beetroot Juice on Physical Performance in Professional Athl
    PMC12195723 · 3742ms
    {"eligible": false, "exclusion_reason": "The paper is an umbrella review evaluating the effects of beetroot juice (nitrate supplementation) on physical performance, not a primary controlled trial combining exercise training with vitamin C and/or E supplementation.", "findings": []}

  ✓ Physiological Effects of Beetroot in Athletes and Patients
    PMC6952046 · 1481ms
    {"eligible": false, "exclusion_reason": "The paper is a narrative literature review rather than a controlled primary study combining a structured exercise-training program with vitamin C and/or E supplementation.", "findings": []}

  ✓ Dietary Beetroot Juice – Effects in Patients with COPD: A Review
    PMC11296515 · 1598ms
    {"eligible": false, "exclusion_reason": "The paper is a review article summarizing the effects of dietary beetroot juice in patients with COPD, rather than a primary controlled trial combining exercise training with vitamin C or E supplementation.", "findings": []}

  ✓ Beetroot Juice Supplementation as a Healthy Aging Strategy Through Imp
    PMC12735994 · 2137ms
    {"eligible": false, "exclusion_reason": "The paper is a systematic review on beetroot juice (dietary nitrate) supplementation rather than an empirical study combining an exercise-training program with vitamin C and/or E supplementation.", "findings": []}

Tip: These per-paper answers are ready to use — synthesize them to respond.
[10.2s, saved to m_8c4ab32e]
