L1: Effects of beetroot juice supplementation on vascular functional and structural changes in aged mice
L2: Physiological Reports (2023)
L3: Masashi Tawa, Keisuke Nakagawa, Mamoru Ohkita
L4: 1 
L5:  
L6:  Department of Pathological and Molecular Pharmacology, Faculty of Pharmacy 
L7:  Osaka Medical and Pharmaceutical University 
L8:  Osaka 
L9:  Japan
L10: This study investigated whether beetroot juice (BRJ) ingestion ameliorates aging‐induced functional and structural changes in vasculature. Aged mice (98–100 weeks old) were supplemented with BRJ (nitrate: 3.5 mmol/L) or drinking water for 4 weeks and compared with young mice (12–15 weeks old). The vasorelaxant response of isolated aortas to acetylcholine was markedly weaker in aged mice than in young mice, but the attenuated relaxation was significantly improved in BRJ‐supplemented aged mice. The acetylcholine‐induced relaxation was completely abolished by  N 
L11:  ω ‐nitro‐ l ‐arginine methyl ester in all groups. Additionally, the response to sodium nitroprusside was comparable among the three groups. The aortic medial thickness was significantly greater in aged mice than in young mice, and BRJ supplementation did not suppress this thickening. Plasma nitrate levels were significantly higher in BRJ‐supplemented aged mice than in non‐supplemented aged mice. Conversely, non‐supplemented aged mice had high plasma levels of thiobarbituric acid‐reactive substances, but the levels were suppressed in BRJ‐supplemented aged mice. These findings suggest that BRJ ingestion improves vascular endothelial dysfunction associated with aging, at least in part, by enhancing nitric oxide bioavailability and reducing oxidative stress. Therefore, beetroot ingestion may be a highly useful self‐medication option to prevent vascular aging.
L12: Original Article; Original Articles
L13: aging; beetroot; endothelial dysfunction; medial thickening; nitrate; oxidative stress
L14: INTRODUCTION
L15: The function and structure of blood vessels change with age; this is referred to as vascular aging (Thijssen et al.,  2016 ). The molecular mechanisms of vascular aging have been extensively validated, and endothelial dysfunction has been identified as a characteristic feature (Camici et al.,  2015 ; Ungvari et al.,  2018 ). Nitric oxide (NO), synthesized by endothelial NO synthase (eNOS), mediates several biological functions, including vasodilation, antithrombosis, anti‐fibrosis, and anti‐proliferation (Moncada et al.,  1991 ; Vanhoutte et al.,  2016 ). Therefore, a decreased NO bioavailability is considered the pathogenesis of endothelial dysfunction, especially in large blood vessels (Cyr et al.,  2020 ; Münzel et al.,  2008 ). Importantly, elderly individuals with poor flow‐mediated dilation (FMD), an index of NO‐mediated endothelial function, are at an increased risk of cardiovascular disease (Kabutoya et al.,  2018 ; Yeboah et al.,  2007 ). Additionally, there is a strong correlation between increased carotid artery intima‐media thickness and the incidence of cardiovascular events in the elderly (Nagai et al.,  2013 ; O'Leary et al.,  1999 ). These findings imply that the prevention of vascular aging is important for longevity in older adults.
L16: Dietary nitrate can increase NO bioavailability through the nitrate–nitrite–NO pathway. Nitrate is converted into nitrite by oral bacteria and then into NO by certain proteins and enzymes, such as deoxyhemoglobin and xanthine oxidoreductase (Kapil et al.,  2020 ). Therefore, nitrate intake is likely to confer cardiovascular benefits. Supplementation with sodium nitrate for several weeks ameliorated vascular endothelial dysfunction in aged mice (Rammos et al.,  2015 ) and aged rats (Hezel et al.,  2016 ). Similar findings have been obtained in humans, where elderly individuals who ingested sodium nitrate for 4 weeks reported better FMD than those who ingested sodium chloride (Rammos, Hendgen‐Cotta, Sobierajski, et al.,  2014 ). Thus, dietary nitrate may represent a promising therapy for the treatment of vascular aging in old age.
L17: Beetroot ( Beta vulgaris L .) is a nitrate‐rich vegetable (Chhikara et al.,  2019 ) and therefore elicits similar effects as nitrate when ingested (Bhaswant et al.,  2017 ; Morris Jr et al.,  2019 ; Velmurugan et al.,  2013 ). Several studies in older adults without cardiovascular disease provided evidence that beetroot juice (BRJ) consumption for 4 weeks improves vascular function in conduit arteries in a nitrate‐dependent manner (Casey & Bock,  2021 ; Jones et al.,  2019 ). However, only one study has reported the effect of BRJ consumption on age‐related vascular endothelial dysfunction (Jones et al.,  2019 ), and there are no reports on age‐related vascular remodeling. Therefore, further evidence is needed to conclude whether beetroot is useful for the suppression of vascular aging in senescence. In this study, we investigated the effects of BRJ supplementation on vascular endothelial function and morphology in aged mice.
L18: MATERIALS AND METHODS
L19: Animals
L20: All animal experiments were conducted according to the Guide for the Care and Use of Laboratory Animals (8th edition, 2011). Eight male C57BL/6J mice (8 weeks old) and 20 male B6J‐Aged mice (95 weeks old) were purchased from Charles River Laboratories Japan, Inc. and housed at the Animal Testing Facility, Faculty of Pharmacy, Osaka Medical and Pharmaceutical University until experimentation. Young and aged animals were used in the experiments at 8–11 and 98–100 weeks of age, respectively. The mice were allowed access to food and water ad libitum and housed four to five per cage in a light‐controlled room with a 12‐h light–dark cycle. The Experimental Animal Research Committee of Osaka University of Pharmaceutical Sciences provided ethical approval for the use of laboratory animals in this study (Permit No. 59/2021, approved March 31, 2021); Osaka University of Pharmaceutical Sciences in use until March 31, 2021 is the former name of Osaka Medical and Pharmaceutical University.
L21: Experimental protocols
L22: Three experimental groups were studied: (1) young group—young mice were supplemented with water; (2) aged group—aged mice were supplemented with water; and (3) BRJ group—aged mice were supplemented with BRJ (containing 3.5 mmol/L nitrate with a dilution factor of 20; Beet It Organic Shot, James White Drinks Ltd.). Only a single lot of BRJ was used in this study. The solutions were changed every 1–2 days, and supplementation was maintained for 4 weeks. The dilution factor was determined based on the nitrate concentrations used in previous studies (Carlström et al.,  2010 ; Hezel et al.,  2016 ; Rammos et al.,  2015 ). The average nitrate intake per day in the BRJ group was 521 μmol/kg/day; this was calculated assuming that each mouse in a cage received an equal amount of BRJ. Body weight was measured once per week to calculate the daily nitrate intake for each week (Table  S1 ) and the values, thus, obtained were averaged per 4 week and then per group.
L23: After 4 weeks, the mice were deeply anesthetized with intraperitoneal sodium pentobarbital (50 mg/kg; Kyoritsu Seiyaku Co.), and blood samples were collected from the inferior vena cava. The mice were then euthanized, and the thoracic aortas were excised and dissected into 3‐ to 5‐mm rings for organ bath studies. The redundant portions were subjected to histological analyses.
L24: Organ bath experiments
L25: The aortic rings were fixed using stainless steel wires in an organ bath filled with Krebs‐Ringer bicarbonate solution (37°C, pH 7.4) and continuously bubbled with 95% O 2  and 5% CO 2 . The upper wire was connected to the lever of a force‐displacement transducer (TB‐612 T, Nihon Kohden), and the lower wire was fixed at the bottom of the organ bath. Isometric contractions and relaxations were recorded using the PowerLab Data Acquisition System (PL3508/P, ADInstruments). The resting tension was adjusted to 1.0 g, and all rings were allowed to equilibrate in the bathing medium for 60–90 min, during which the solution was replaced every 15 min.
L26: After equilibration, phenylephrine (1 μM; Tokyo Chemical Industry Co., Ltd.) was added to the organ bath to induce contractions. When the contractions reached a stable plateau, acetylcholine (ACh, 100 pM–10 μM; FUJIFILM WAKO Pure Chemical Co.), A23187 (3 nM–1 μM; Cayman Chemical Co.), and sodium nitroprusside (SNP, 100 pM–10 μM; Sigma‐ Aldrich Co. LLC) were administered cumulatively into the organ bath. At the end of each experiment, papaverine (100 μM; Dainippon‐Sumitomo Pharma Co.) was added to induce maximal relaxation, which was taken as 100% relative to the relaxations induced by agonists. In some cases, the same procedure was conducted in the presence of  N 
L27:  ω ‐nitro‐ l ‐arginine methyl ester ( l ‐NAME, 100 μM; Tokyo Chemical Industry Co., Ltd.), a NO synthase inhibitor.
L28: Histological analysis
L29: The aortas were fixed in 10% phosphate‐buffered formalin and embedded in paraffin. Tissue sections with a thickness of 4 μm were obtained and stained using the Elastica van Gieson method. Morphometric analysis of each segment was performed using an image analyzer (cellSens, Olympus Co., Ltd.). The borders of the lumen, internal elastic lamina, and external elastic lamina were traced, and their circumferences were measured. The medial wall thickness percentage was calculated and expressed as follows: medial thickness (%) = [(external diameter minus internal diameter)/external diameter] × 100.
L30: Biochemical marker analysis
L31: Heparinized blood samples were centrifuged at 3000 rpm for 10 min at 4°C, and the plasma obtained was stored at −80°C until use. The plasma was mixed with methanol (1:1, v/v) and centrifuged at 10,000 rpm for 10 min at 4°C. The resulting supernatant was used for the following experiments.
L32: For the analysis of nitrite and nitrate, the supernatant was diluted with the mobile phase (NOCARA, Eicom) and injected into an ENO‐20 NOx Analyzer (Eicom). Nitrite and nitrate levels were calculated by comparison with the results obtained from standard solutions (NO‐STD, Eicom).
L33: In the analysis of the thiobarbituric acid‐reactive substances (TBARS), the supernatant was incubated for 45 min at 65°C with thiobarbituric acid (TBA) under acidic conditions. The malondialdehyde (MDA)‐TBA adduct was measured colorimetrically at 532 nm. The TBARS levels were calculated by interpolation of a standard curve of MDA. An assay kit (FR40, Oxford Biomedical Research, Inc.) was used for these measurements.
L34: Statistical analysis
L35: All values are presented as the mean ± SEM. Concentration–response curves were fitted by nonlinear regression analysis using the GraphPad Prism software (version 7.0, Graph Pad Software Inc.). The concentration–response curves were analyzed using two‐way repeated‐measures analyses of variance (ANOVA) and Bonferroni post‐hoc tests. The medial thickness, lumen diameter, and levels of nitrite, nitrate, and TBARS were compared using the Bonferroni multiple comparisons test after one‐way ANOVA. A value of  p  < 0.05 was considered significant.
L36: RESULTS
L37: Effects of  BRJ  supplementation on vascular reactivity
L38: The addition of ACh (endothelium‐dependent vasodilator) produced a concentration‐dependent relaxation. The ACh‐induced relaxation was significantly reduced in the aged group compared with that in the young group, and the attenuation was less in the BRJ group (Figure  1a ). The relaxant response to ACh was abolished by treatment with  l ‐NAME in all groups (data not shown). As is the case with the response to ACh, the aged group showed an impaired A23187 (endothelium‐dependent but receptor‐independent vasodilator)‐induced relaxation, which was partly reversed by BRJ supplementation (Figure  1b ). The concentration‐related relaxation produced by SNP (endothelium‐independent vasodilator) was comparable among the three groups (Figure  1c ).
L39: FIGURE 1 Concentration–response curves to ACh (a), A23187 (b), and SNP (c) in young (white circle), aged (black circle), and BRJ‐supplemented aged mouse aortas (gray circle). Each point and bar represent the mean ± SEM values of 8–10 experiments. ** p  < 0.01, compared to the young group;  † 
L40:  p  < 0.05 and  †† 
L41:  p  < 0.01, compared to the aged group. ACh, acetylcholine; BRJ, beetroot juice; SNP, sodium nitroprusside.
L42: Effects of  BRJ  supplementation on vascular morphology
L43: Apparent medial thickening was detected in the aged group compared with that in the young group. The degree of medial thickening was similar between the aged and BRJ groups (Figure  2a,b ). Lumen diameters were similar across all groups (Figure  2c ).
L44: FIGURE 2 Typical images (a), medial thickness (b), and lumen diameter (c) in young (white column), aged (black column), and BRJ‐supplemented aged mouse aortas (gray column). Scale bars, 100 μm (upper panels) and 20 μm (bottom panels). Each point represents an individual value; each column and bar represent the mean ± SEM values of 8–10 experiments. ** p  < 0.01, compared to the young group. BRJ, beetroot juice.
L45: Effects of  BRJ  supplementation on nitrite and nitrate levels
L46: Plasma nitrite and nitrate levels are indicators of NO bioavailability. There was no significant difference in plasma nitrite levels among the three groups (Figure  3a ). The nitrate levels in aged mice tended to be lower than those in young mice; however, this difference was not statistically significant. The levels were significantly higher in the BRJ group than in the aged group (Figure  3b ).
L47: FIGURE 3 Plasma nitrite (a), nitrate (b), and TBARS levels (c) in young (white column), aged (black column), and BRJ‐supplemented aged mice (gray column). Each point represents an individual value; each column and bar represent the mean ± SEM values of 8–10 experiments. * p  < 0.05, compared to the young group;  † 
L48:  p  < 0.05, compared to the aged group. BRJ, beetroot juice; TBARS, thiobarbituric acid‐reactive substances.
L49: Effects of  BRJ  supplementation on  TBARS  levels
L50: Plasma TBARS levels are markers of systemic oxidative stress, which is defined as the excess production of reactive oxygen species (ROS). A significant increase in the TBARS levels was observed in aged mice compared with that in young mice but not in BRJ‐supplemented mice (Figure  3c ).
L51: DISCUSSION
L52: This study is the first to comprehensively evaluate the effects of beetroot on age‐related vascular changes from both the aspects of functionality and morphology. Beetroot was found to be beneficial for age‐related vascular endothelial dysfunction but not for vascular wall thickening.
L53: The functional integrity of the vascular endothelium was assessed using two endothelium‐dependent agonists. ACh binds to its receptors on the endothelium to increase the intracellular Ca 2+  concentration, whereas A23187 directly elevates this concentration, both of which activate eNOS to produce and release NO (Furchgott,  2020 ; Vanhoutte et al.,  2016 ). ACh‐ and A23187‐induced relaxation were attenuated in aortas obtained from aged mice, suggesting endothelial dysfunction with causes downstream of the receptor. In addition, as  l ‐NAME abolished the relaxant response to ACh in both young and aged mice, this impairment was thought to be due to the decreased NO bioavailability. Furthermore, aged mice had a normal response to SNP, a NO‐donating drug. Thus, the dysfunction observed possibly occurred at the endothelial level and not at the smooth muscle. Similar findings that aging induces vascular endothelial dysfunction with reduced NO bioavailability have been reported in many studies (de Sotomayor et al.,  2005 ; Soltis,  1987 ; Takenouchi et al.,  2009 ; Tschudi et al.,  1996 ). Notably, BRJ supplementation in aged mice restored the relaxant responses to ACh and A23187 without enhancing relaxation in the presence of  l ‐NAME. This indicates that BRJ supplementation improved NO‐dependent endothelial function and corresponds with a previous report showing that daily BRJ consumption is associated with enhanced FMD in healthy, older adults (Jones et al.,  2019 ). As an aside, evidence that beetroot is beneficial for endothelial function has been obtained for various vascular diseases, including hypertension (Asgary et al.,  2016 ; Kapil et al.,  2015 ) and hypercholesterolemia (Velmurugan et al.,  2016 ). Overall, beetroot could be a promising option for preventing age‐related vascular endothelial dysfunction.
L54: Vascular wall thickening is a well‐known hallmark of age‐related vascular remodeling (Adrian et al.,  2008 ; Coquand‐Gandit et al.,  2017 ; Wheeler et al.,  2015 ). The aged mice used in this study also showed pronounced medial thickening without affecting the lumen diameter, implying the occurrence of outward hypertrophic remodeling. As BRJ supplementation has beneficial effects on vascular wall thickening (Morselli et al.,  2021 ; Tawa et al.,  2021 ,  2022 ), we expected that age‐related vascular remodeling would also be suppressed in this study. However, BRJ supplementation did not reverse the medial thickening observed in aged mice. In this regard, similar findings that intervention improves vascular endothelial dysfunction but not medial thickening have been reported in other study (Bulckaen et al.,  2008 ). Therefore, it is unsurprising that the effects on endothelial dysfunction and vascular remodeling are not parallel. The aged mice used in this study are already in the completion stage of aortic wall thickening (De Moudt et al.,  2022 ), and BRJ supplementation may have the effect of suppressing the development of thickening but not the effect of regressing it. Alternatively, it may have been necessary to continue the supplementation for a longer period for the regression effect to appear. This is a topic for future research.
L55: Some evidence suggests that BRJ supplementation increases NO levels in mice (Ferguson et al.,  2020 ; Tropea et al.,  2020 ). In this study, BRJ supplementation enhanced plasma nitrate levels in aged mice. As xanthine oxidoreductase, a key enzyme responsible for NO production from nitrate, is upregulated with aging (Battelli et al.,  2020 ), it is reasonable to deduce that BRJ supplementation was associated with increased NO levels in this study. NO can inhibit mitochondrial ROS production via S‐nitrosation of the mitochondrial respiratory chain complex I enzyme (Ceaser et al.,  2003 ; Shiva et al.,  2007 ). ROS oxidizes tetrahydrobiopterin, an essential cofactor required for eNOS activity, leading to eNOS uncoupling (Förstermann & Li,  2011 ). Certain ROS can also react directly with NO generated in the endothelium to eliminate its bioactivity (Ritchie et al.,  2017 ). Thus, inhibition of ROS production results in increased NO bioavailability. In addition, Rammos et al. ( 2015 ) used microarray analyses to show that nitrate supplementation alters the gene expression and transcriptional profiles of pathways related to the antioxidant pathway in aortas of aged mice. Therefore, we hypothesized that BRJ supplementation might have suppressed ROS production. As expected, the results showed that BRJ supplementation normalized increased TBARS levels associated with aging. Overall, these results suggested that BRJ supplementation in aged mice suppresses oxidative stress and increases NO bioavailability; this would be the mechanism by which endothelial function was improved. As supporting evidence for this view, several studies have reported a negative correlation between plasma TBARS levels and NO bioavailability in healthy older adults (Di Massimo et al.,  2006 ) and a positive correlation between aging‐associated oxidative stress and a decline in endothelium‐dependent vasodilation (Donato et al.,  2007 ).
L56: We focused on endothelial dysfunction and medial thickening in this study, but vascular stiffness is another important factor affecting vascular health. In this regard, acute BRJ supplementation has been reported to reduce vascular stiffness as assessed by the augmentation index (AIx75) in healthy, older adults (Walker et al.,  2019 ). However, the most important issue is the kind of effect brought about by long‐term ingestion. Unfortunately, to our knowledge, no data are available regarding the chronic effects of BRJ supplementation on age‐related increases in vascular stiffness. Incidentally, chronic dietary nitrate supplementation improves vascular stiffness in older adults (Rammos, Hendgen‐Cotta, Pohl, et al.,  2014 ; Rammos, Hendgen‐Cotta, Sobierajski, et al.,  2014 ). Therefore, beetroot may have long‐term beneficial effects. Ongoing ( clinicalTrials.gov  identifier: NCT03617302) and future basic and clinical studies may provide answers to this unresolved issue.
L57: One limitation of this study is that it was conducted using a single BRJ variant, which contained 2% lemon juice. Interestingly, combined supplementation with vitamin C has been reported to enhance the effect of BRJ (Ashor et al.,  2020 ). Therefore, the effects of BRJ with and without lemon juice may be slightly different. Moreover, the composition and content of nutrients in beetroot‐related food/supplements depends on raw beetroot, processed products, and processing methods, which might slightly alter the efficacy of beetroot variants.
L58: In summary, BRJ ingestion improves vascular endothelial dysfunction associated with aging, at least in part, by enhancing NO bioavailability and reducing oxidative stress; however, it does not suppress medial thickening. Dietary intake of beetroot could be a simple strategy to prevent age‐related vascular dysfunction.
L59: AUTHOR CONTRIBUTIONS
L60: Masashi Tawa conceived and designed the experiments, performed the experiments, and analyzed the data. Masashi Tawa, Keisuke Nakagawa, and Mamoru Ohkita wrote the paper.
L61: FUNDING INFORMATION
L62: This work was financially supported by the Grants‐in‐Aid for Scientific Research Program from the Japan Society for the Promotion of Science (grant number 22 K15299).
L63: CONFLICT OF INTEREST STATEMENT
L64: The authors confirm that there is no conflict of interest related to the manuscript.
L65: Supporting information
L66: DATA AVAILABILITY STATEMENT
L67: The data that support the findings of this study are available from the corresponding author upon reasonable request.
L68: Table S1.
L69: Adrian ,  M. 
L70:  ,  
L71:  Chanut ,  E. 
L72:  ,  
L73:  Laurant ,  P. 
L74:  ,  
L75:  Gaume ,  V. 
L76:  , &  
L77:  Berthelot ,  A. 
L78:   ( 2008 ).  A long‐term moderate magnesium‐deficient diet aggravates cardiovascular risks associated with aging and increases mortality in rats .  Journal of Hypertension ,  26 ,  44 – 52 .  10.1097/HJH.0b013e3282f09f68 
L79:  18090539
L80: Asgary ,  S. 
L81:  ,  
L82:  Afshani ,  M. R. 
L83:  ,  
L84:  Sahebkar ,  A. 
L85:  ,  
L86:  Keshvari ,  M. 
L87:  ,  
L88:  Taheri ,  M. 
L89:  ,  
L90:  Jahanian ,  E. 
L91:  ,  
L92:  Rafieian‐Kopaei ,  M. 
L93:  ,  
L94:  Malekian ,  F. 
L95:  , &  
L96:  Sarrafzadegan ,  N. 
L97:   ( 2016 ).  Improvement of hypertension, endothelial function and systemic inflammation following short‐term supplementation with red beet ( Beta vulgaris  L.) juice: A randomized crossover pilot study .  Journal of Human Hypertension ,  30 ,  627 – 632 .  10.1038/jhh.2016.34 
L98:  27278926
L99: Ashor ,  A. W. 
L100:  ,  
L101:  Shannon ,  O. M. 
L102:  ,  
L103:  Werner ,  A. D. 
L104:  ,  
L105:  Scialo ,  F. 
L106:  ,  
L107:  Gilliard ,  C. N. 
L108:  ,  
L109:  Cassel ,  K. S. 
L110:  ,  
L111:  Seal ,  C. J. 
L112:  ,  
L113:  Zheng ,  D. 
L114:  ,  
L115:  Mathers ,  J. C. 
L116:  , &  
L117:  Siervo ,  M. 
L118:   ( 2020 ).  Effects of inorganic nitrate and vitamin C co‐supplementation on blood pressure and vascular function in younger and older healthy adults: A randomised double‐blind crossover trial .  Clinical Nutrition ,  39 ,  708 – 717 .  10.1016/j.clnu.2019.03.006 
L119:  30930132
L120: Battelli ,  M. G. 
L121:  ,  
L122:  Bortolotti ,  M. 
L123:  ,  
L124:  Bolognesi ,  A. 
L125:  , &  
L126:  Polito ,  L. 
L127:   ( 2020 ).  Pro‐aging effects of xanthine oxidoreductase products .  Antioxidants (Basel) ,  9 ,  839 .  10.3390/antiox9090839 
L128:  32911634
L129: Bhaswant ,  M. 
L130:  ,  
L131:  Brown ,  L. 
L132:  ,  
L133:  McAinch ,  A. J. 
L134:  , &  
L135:  Mathai ,  M. L. 
L136:   ( 2017 ).  Beetroot and sodium nitrate ameliorate Cardiometabolic changes in diet‐induced obese hypertensive rats .  Molecular Nutrition & Food Research ,  61 ,  1700478 .  10.1002/mnfr.201700478
L137: Bulckaen ,  H. 
L138:  ,  
L139:  Prévost ,  G. 
L140:  ,  
L141:  Boulanger ,  E. 
L142:  ,  
L143:  Robitaille ,  G. 
L144:  ,  
L145:  Roquet ,  V. 
L146:  ,  
L147:  Gaxatte ,  C. 
L148:  ,  
L149:  Garçon ,  G. 
L150:  ,  
L151:  Corman ,  B. 
L152:  ,  
L153:  Gosset ,  P. 
L154:  ,  
L155:  Shirali ,  P. 
L156:  ,  
L157:  Creusy ,  C. 
L158:  , &  
L159:  Puisieux ,  F. 
L160:   ( 2008 ).  Low‐dose aspirin prevents age‐related endothelial dysfunction in a mouse model of physiological aging .  American Journal of Physiology. Heart and Circulatory Physiology ,  294 ,  H1562 – H1570 .  10.1152/ajpheart.00241.2007 
L161:  18223195
L162: Camici ,  G. G. 
L163:  ,  
L164:  Savarese ,  G. 
L165:  ,  
L166:  Akhmedov ,  A. 
L167:  , &  
L168:  Lüscher ,  T. F. 
L169:   ( 2015 ).  Molecular mechanism of endothelial and vascular aging: Implications for cardiovascular disease .  European Heart Journal ,  36 ,  3392 – 3403 .  10.1093/eurheartj/ehv587 
L170:  26543043
L171: Carlström ,  M. 
L172:  ,  
L173:  Larsen ,  F. J. 
L174:  ,  
L175:  Nyström ,  T. 
L176:  ,  
L177:  Hezel ,  M. 
L178:  ,  
L179:  Borniquel ,  S. 
L180:  ,  
L181:  Weitzberg ,  E. 
L182:  , &  
L183:  Lundberg ,  J. O. 
L184:   ( 2010 ).  Dietary inorganic nitrate reverses features of metabolic syndrome in endothelial nitric oxide synthase‐deficient mice .  Proceedings of the National Academy of Sciences of the United States of America ,  107 ,  17716 – 17720 .  10.1073/pnas.1008872107 
L185:  20876122
L186: Casey ,  D. P. 
L187:  , &  
L188:  Bock ,  J. M. 
L189:   ( 2021 ).  Inorganic nitrate supplementation attenuates conduit artery retrograde and oscillatory shear in older adults .  American Journal of Physiology. Heart and Circulatory Physiology ,  320 ,  H991 – H998 .  10.1152/ajpheart.00843.2020 
L190:  33449848
L191: Ceaser ,  E. K. 
L192:  ,  
L193:  Ramachandran ,  A. 
L194:  ,  
L195:  Levonen ,  A. L. 
L196:  , &  
L197:  Darley‐Usmar ,  V. M. 
L198:   ( 2003 ).  Oxidized low‐density lipoprotein and 15‐deoxy‐delta 12,14‐PGJ2 increase mitochondrial complex I activity in endothelial cells .  American Journal of Physiology. Heart and Circulatory Physiology ,  285 ,  H2298 – H2308 .  10.1152/ajpheart.00508.2003 
L199:  12881207
L200: Chhikara ,  N. 
L201:  ,  
L202:  Kushwaha ,  K. 
L203:  ,  
L204:  Sharma ,  P. 
L205:  ,  
L206:  Gat ,  Y. 
L207:  , &  
L208:  Panghal ,  A. 
L209:   ( 2019 ).  Bioactive compounds of beetroot and utilization in food processing industry: A critical review .  Food Chemistry ,  272 ,  192 – 200 .  10.1016/j.foodchem.2018.08.022 
L210:  30309532
L211: Coquand‐Gandit ,  M. 
L212:  ,  
L213:  Jacob ,  M. P. 
L214:  ,  
L215:  Fhayli ,  W. 
L216:  ,  
L217:  Romero ,  B. 
L218:  ,  
L219:  Georgieva ,  M. 
L220:  ,  
L221:  Bouillot ,  S. 
L222:  ,  
L223:  Estève ,  E. 
L224:  ,  
L225:  Andrieu ,  J. P. 
L226:  ,  
L227:  Brasseur ,  S. 
L228:  ,  
L229:  Bouyon ,  S. 
L230:  ,  
L231:  Garcia‐Honduvilla ,  N. 
L232:  ,  
L233:  Huber ,  P. 
L234:  ,  
L235:  Buján ,  J. 
L236:  ,  
L237:  Atanasova ,  M. 
L238:  , &  
L239:  Faury ,  G. 
L240:   ( 2017 ).  Chronic treatment with minoxidil induces elastic fiber neosynthesis and functional improvement in the aorta of aged mice .  Rejuvenation Research ,  20 ,  218 – 230 .  10.1089/rej.2016.1874 
L241:  28056723
L242: Cyr ,  A. R. 
L243:  ,  
L244:  Huckaby ,  L. V. 
L245:  ,  
L246:  Shiva ,  S. S. 
L247:  , &  
L248:  Zuckerbraun ,  B. S. 
L249:   ( 2020 ).  Nitric oxide and endothelial dysfunction .  Critical Care Clinics ,  36 ,  307 – 321 .  10.1016/j.ccc.2019.12.009 
L250:  32172815
L251: De Moudt ,  S. 
L252:  ,  
L253:  Hendrickx ,  J. O. 
L254:  ,  
L255:  Neutel ,  C. 
L256:  ,  
L257:  De Munck ,  D. 
L258:  ,  
L259:  Leloup ,  A. 
L260:  ,  
L261:  De Meyer ,  G. R. Y. 
L262:  ,  
L263:  Martinet ,  W. 
L264:  , &  
L265:  Fransen ,  P. 
L266:   ( 2022 ).  Progressive aortic stiffness in aging C57Bl/6 mice displays altered contractile behaviour and extracellular matrix changes .  Communications Biology ,  5 ,  605 .  10.1038/s42003-022-03563-x 
L267:  35710942
L268: de Sotomayor ,  M. A. 
L269:  ,  
L270:  Pérez‐Guerrero ,  C. 
L271:  ,  
L272:  Herrrera ,  M. D. 
L273:  ,  
L274:  Jimenez ,  L. 
L275:  ,  
L276:  Marín ,  R. 
L277:  ,  
L278:  Marhuenda ,  E. 
L279:  , &  
L280:  Andriantsitohaina ,  R. 
L281:   ( 2005 ).  Improvement of age‐related endothelial dysfunction by simvastatin: Effect on NO and COX pathways .  British Journal of Pharmacology ,  146 ,  1130 – 1138 .  10.1038/sj.bjp.0706420 
L282:  16231003
L283: Di Massimo ,  C. 
L284:  ,  
L285:  Scarpelli ,  P. 
L286:  ,  
L287:  Di Lorenzo ,  N. 
L288:  ,  
L289:  Caimi ,  G. 
L290:  ,  
L291:  di Orio ,  F. 
L292:  , &  
L293:  Ciancarelli ,  M. G. 
L294:   ( 2006 ).  Impaired plasma nitric oxide availability and extracellular superoxide dismutase activity in healthy humans with advancing age .  Life Sciences ,  78 ,  1163 – 1167 .  10.1016/j.lfs.2005.06.037 
L295:  16214176
L296: Donato ,  A. J. 
L297:  ,  
L298:  Eskurza ,  I. 
L299:  ,  
L300:  Silver ,  A. E. 
L301:  ,  
L302:  Levy ,  A. S. 
L303:  ,  
L304:  Pierce ,  G. L. 
L305:  ,  
L306:  Gates ,  P. E. 
L307:  , &  
L308:  Seals ,  D. R. 
L309:   ( 2007 ).  Direct evidence of endothelial oxidative stress with aging in humans: Relation to impaired endothelium‐dependent dilation and upregulation of nuclear factor‐kappaB .  Circulation Research ,  100 ,  1659 – 1666 .  10.1161/01.RES.0000269183.13937.e8 
L310:  17478731
L311: Ferguson ,  S. K. 
L312:  ,  
L313:  Redinius ,  K. M. 
L314:  ,  
L315:  Harral ,  J. W. 
L316:  ,  
L317:  Pak ,  D. I. 
L318:  ,  
L319:  Swindle ,  D. C. 
L320:  ,  
L321:  Hirai ,  D. M. 
L322:  ,  
L323:  Blackwell ,  J. R. 
L324:  ,  
L325:  Jones ,  A. M. 
L326:  ,  
L327:  Stenmark ,  K. R. 
L328:  ,  
L329:  Buehler ,  P. W. 
L330:  , &  
L331:  Irwin ,  D. C. 
L332:   ( 2020 ).  The effect of dietary nitrate supplementation on the speed‐duration relationship in mice with sickle cell disease .  Journal of Applied Physiology ,  129 ,  474 – 482 .  10.1152/japplphysiol.00122.2020 
L333:  32702277
L334: Förstermann ,  U. 
L335:  , &  
L336:  Li ,  H. 
L337:   ( 2011 ).  Therapeutic effect of enhancing endothelial nitric oxide synthase (eNOS) expression and preventing eNOS uncoupling .  British Journal of Pharmacology ,  164 ,  213 – 223 .  10.1111/j.1476-5381.2010.01196.x 
L338:  21198553
L339: Furchgott ,  R. F. 
L340:   ( 2020 ).  Role of endothelium in responses of vascular smooth muscle .  Circulation Research ,  53 ,  557 – 573 .  10.1161/01.res.53.5.557
L341: Hezel ,  M. 
L342:  ,  
L343:  Peleli ,  M. 
L344:  ,  
L345:  Liu ,  M. 
L346:  ,  
L347:  Zollbrecht ,  C. 
L348:  ,  
L349:  Jensen ,  B. L. 
L350:  ,  
L351:  Checa ,  A. 
L352:  ,  
L353:  Giulietti ,  A. 
L354:  ,  
L355:  Wheelock ,  C. E. 
L356:  ,  
L357:  Lundberg ,  J. O. 
L358:  ,  
L359:  Weitzberg ,  E. 
L360:  , &  
L361:  Carlström ,  M. 
L362:   ( 2016 ).  Dietary nitrate improves age‐related hypertension and metabolic abnormalities in rats via modulation of angiotensin II receptor signaling and inhibition of superoxide generation .  Free Radical Biology & Medicine ,  99 ,  87 – 98 .  10.1016/j.freeradbiomed.2016.07.025 
L363:  27474450
L364: Jones ,  T. 
L365:  ,  
L366:  Dunn ,  E. L. 
L367:  ,  
L368:  Macdonald ,  J. H. 
L369:  ,  
L370:  Kubis ,  H. P. 
L371:  ,  
L372:  McMahon ,  N. 
L373:  , &  
L374:  Sandoo ,  A. 
L375:   ( 2019 ).  The effects of beetroot juice on blood pressure, microvascular function and large‐vessel endothelial function: A randomized, double‐blind, placebo‐controlled pilot study in healthy older adults .  Nutrients ,  11 ,  1792 .  10.3390/nu11081792 
L376:  31382524
L377: Kabutoya ,  T. 
L378:  ,  
L379:  Hoshide ,  S. 
L380:  , &  
L381:  Kario ,  K. 
L382:   ( 2018 ).  Integrated flow‐mediated vasodilation response predicts cardiovascular events in elderly patients with cardiovascular risk factors: The Japan Morning Surge‐Home Blood Pressure study .  Journal of the American Society of Hypertension ,  12 ,  340 – 345.e2 .  10.1016/j.jash.2018.03.006 
L383:  29605539
L384: Kapil ,  V. 
L385:  ,  
L386:  Khambata ,  R. S. 
L387:  ,  
L388:  Jones ,  D. A. 
L389:  ,  
L390:  Rathod ,  K. 
L391:  ,  
L392:  Primus ,  C. 
L393:  ,  
L394:  Massimo ,  G. 
L395:  ,  
L396:  Fukuto ,  J. M. 
L397:  , &  
L398:  Ahluwalia ,  A. 
L399:   ( 2020 ).  The noncanonical pathway for in vivo nitric oxide generation: The nitrate‐nitrite‐nitric oxide pathway .  Pharmacological Reviews ,  72 ,  692 – 766 .  10.1124/pr.120.019240 
L400:  32576603
L401: Kapil ,  V. 
L402:  ,  
L403:  Khambata ,  R. S. 
L404:  ,  
L405:  Robertson ,  A. 
L406:  ,  
L407:  Caulfield ,  M. J. 
L408:  , &  
L409:  Ahluwalia ,  A. 
L410:   ( 2015 ).  Dietary nitrate provides sustained blood pressure lowering in hypertensive patients: A randomized, phase 2, double‐blind, placebo‐controlled study .  Hypertension ,  65 ,  320 – 327 .  10.1161/HYPERTENSIONAHA.114.04675 
L411:  25421976
L412: Moncada ,  S. 
L413:  ,  
L414:  Palmer ,  R. M. 
L415:  , &  
L416:  Higgs ,  E. A. 
L417:   ( 1991 ).  Nitric oxide: Physiology, pathophysiology, and pharmacology .  Pharmacological Reviews ,  43 ,  109 – 142 . 1852778
L418: Morris ,  R. C. ,  Jr. 
L419:  ,  
L420:  Pravenec ,  M. 
L421:  ,  
L422:  Šilhavý ,  J. 
L423:  ,  
L424:  DiCarlo ,  S. E. 
L425:  , &  
L426:  Kurtz ,  T. W. 
L427:   ( 2019 ).  Small amounts of inorganic nitrate or beetroot provide substantial protection from salt‐induced increases in blood pressure .  Hypertension ,  73 ,  1042 – 1048 .  10.1161/HYPERTENSIONAHA.118.12234 
L428:  30917704
L429: Morselli ,  F. 
L430:  ,  
L431:  Faconti ,  L. 
L432:  ,  
L433:  Mills ,  C. E. 
L434:  ,  
L435:  Morant ,  S. 
L436:  ,  
L437:  Chowienczyk ,  P. J. 
L438:  ,  
L439:  Yeung ,  J. A. 
L440:  ,  
L441:  Cavarape ,  A. 
L442:  ,  
L443:  Cruickshank ,  J. K. 
L444:  , &  
L445:  Webb ,  A. J. 
L446:   ( 2021 ).  Dietary nitrate prevents progression of carotid subclinical atherosclerosis through blood pressure‐independent mechanisms in patients with or at risk of type 2 diabetes mellitus .  British Journal of Clinical Pharmacology ,  87 ,  4726 – 4736 .  10.1111/bcp.14897 
L447:  33982797
L448: Münzel ,  T. 
L449:  ,  
L450:  Sinning ,  C. 
L451:  ,  
L452:  Post ,  F. 
L453:  ,  
L454:  Warnholtz ,  A. 
L455:  , &  
L456:  Schulz ,  E. 
L457:   ( 2008 ).  Pathophysiology, diagnosis and prognostic implications of endothelial dysfunction .  Annals of Medicine ,  40 ,  180 – 196 .  10.1080/07853890701854702 
L458:  18382884
L459: Nagai ,  K. 
L460:  ,  
L461:  Shibata ,  S. 
L462:  ,  
L463:  Akishita ,  M. 
L464:  ,  
L465:  Sudoh ,  N. 
L466:  ,  
L467:  Obara ,  T. 
L468:  ,  
L469:  Toba ,  K. 
L470:  , &  
L471:  Kozaki ,  K. 
L472:   ( 2013 ).  Efficacy of combined use of three non‐invasive atherosclerosis tests to predict vascular events in the elderly; carotid intima‐media thickness, flow‐mediated dilation of brachial artery and pulse wave velocity .  Atherosclerosis ,  231 ,  365 – 370 .  10.1016/j.atherosclerosis.2013.09.028 
L473:  24267253
L474: O'Leary ,  D. H. 
L475:  ,  
L476:  Polak ,  J. F. 
L477:  ,  
L478:  Kronmal ,  R. A. 
L479:  ,  
L480:  Manolio ,  T. A. 
L481:  ,  
L482:  Burke ,  G. L. 
L483:  , &  
L484:  Wolfson ,  S. K. ,  Jr. 
L485:   ( 1999 ).  Carotid‐artery intima and media thickness as a risk factor for myocardial infarction and stroke in older adults. Cardiovascular health study collaborative research group .  The New England Journal of Medicine ,  340 ,  14 – 22 .  10.1056/NEJM199901073400103 
L486:  9878640
L487: Rammos ,  C. 
L488:  ,  
L489:  Hendgen‐Cotta ,  U. B. 
L490:  ,  
L491:  Pohl ,  J. 
L492:  ,  
L493:  Totzeck ,  M. 
L494:  ,  
L495:  Luedike ,  P. 
L496:  ,  
L497:  Schulze ,  V. T. 
L498:  ,  
L499:  Kelm ,  M. 
L500:  , &  
L501:  Rassaf ,  T. 
L502:   ( 2014 ).  Modulation of circulating macrophage migration inhibitory factor in the elderly .  BioMed Research International ,  2014 ,  582586 .  10.1155/2014/582586 
L503:  25114912
L504: Rammos ,  C. 
L505:  ,  
L506:  Hendgen‐Cotta ,  U. B. 
L507:  ,  
L508:  Sobierajski ,  J. 
L509:  ,  
L510:  Bernard ,  A. 
L511:  ,  
L512:  Kelm ,  M. 
L513:  , &  
L514:  Rassaf ,  T. 
L515:   ( 2014 ).  Dietary nitrate reverses vascular dysfunction in older adults with moderately increased cardiovascular risk .  Journal of the American College of Cardiology ,  63 ,  1584 – 1585 .  10.1016/j.jacc.2013.08.691 
L516:  23994403
L517: Rammos ,  C. 
L518:  ,  
L519:  Totzeck ,  M. 
L520:  ,  
L521:  Deenen ,  R. 
L522:  ,  
L523:  Köhrer ,  K. 
L524:  ,  
L525:  Kelm ,  M. 
L526:  ,  
L527:  Rassaf ,  T. 
L528:  , &  
L529:  Hendgen‐Cotta ,  U. B. 
L530:   ( 2015 ).  Dietary nitrate is a modifier of vascular gene expression in old male mice .  Oxidative Medicine and Cellular Longevity ,  2015 ,  658264 .  10.1155/2015/658264 
L531:  25838870
L532: Ritchie ,  R. H. 
L533:  ,  
L534:  Drummond ,  G. R. 
L535:  ,  
L536:  Sobey ,  C. G. 
L537:  ,  
L538:  De Silva ,  T. M. 
L539:  , &  
L540:  Kemp‐Harper ,  B. K. 
L541:   ( 2017 ).  The opposing roles of NO and oxidative stress in cardiovascular disease .  Pharmacological Research ,  116 ,  57 – 69 .  10.1016/j.phrs.2016.12.017 
L542:  27988384
L543: Shiva ,  S. 
L544:  ,  
L545:  Huang ,  Z. 
L546:  ,  
L547:  Grubina ,  R. 
L548:  ,  
L549:  Sun ,  J. 
L550:  ,  
L551:  Ringwood ,  L. A. 
L552:  ,  
L553:  MacArthur ,  P. H. 
L554:  ,  
L555:  Xu ,  X. 
L556:  ,  
L557:  Murphy ,  E. 
L558:  ,  
L559:  Darley‐Usmar ,  V. M. 
L560:  , &  
L561:  Gladwin ,  M. T. 
L562:   ( 2007 ).  Deoxymyoglobin is a nitrite reductase that generates nitric oxide and regulates mitochondrial respiration .  Circulation Research ,  100 ,  654 – 661 .  10.1161/01.RES.0000260171.52224.6b 
L563:  17293481
L564: Soltis ,  E. E. 
L565:   ( 1987 ).  Effect of age on blood pressure and membrane‐dependent vascular responses in the rat .  Circulation Research ,  61 ,  889 – 897 .  10.1161/01.res.61.6.889 
L566:  2445502
L567: Takenouchi ,  Y. 
L568:  ,  
L569:  Kobayashi ,  T. 
L570:  ,  
L571:  Matsumoto ,  T. 
L572:  , &  
L573:  Kamata ,  K. 
L574:   ( 2009 ).  Gender differences in age‐related endothelial function in the murine aorta .  Atherosclerosis ,  206 ,  397 – 404 .  10.1016/j.atherosclerosis.2009.03.005 
L575:  19356759
L576: Tawa ,  M. 
L577:  ,  
L578:  Nagano ,  J. 
L579:  ,  
L580:  Kitama ,  J. 
L581:  ,  
L582:  Abe ,  S. 
L583:  ,  
L584:  Fujita ,  A. 
L585:  ,  
L586:  Nakagawa ,  K. 
L587:  , &  
L588:  Ohkita ,  M. 
L589:   ( 2022 ).  Ameliorative effects of beetroot juice supplementation on monocrotaline‐induced pulmonary hypertension in rats .  Future Pharmacology ,  2 ,  547 – 557 .  10.3390/futurepharmacol2040033
L590: Tawa ,  M. 
L591:  ,  
L592:  Nagata ,  R. 
L593:  ,  
L594:  Sumi ,  Y. 
L595:  ,  
L596:  Nakagawa ,  K. 
L597:  ,  
L598:  Sawano ,  T. 
L599:  ,  
L600:  Ohkita ,  M. 
L601:  , &  
L602:  Matsumura ,  Y. 
L603:   ( 2021 ).  Preventive effects of nitrate‐rich beetroot juice supplementation on monocrotaline‐induced pulmonary hypertension in rats .  PLoS One ,  16 ,  e0249816 .  10.1371/journal.pone.0249816 
L604:  33831045
L605: Thijssen ,  D. H. 
L606:  ,  
L607:  Carter ,  S. E. 
L608:  , &  
L609:  Green ,  D. J. 
L610:   ( 2016 ).  Arterial structure and function in vascular ageing: Are you as old as your arteries? 
L611:  The Journal of Physiology ,  594 ,  2275 – 2284 .  10.1113/JP270597 
L612:  26140618
L613: Tropea ,  T. 
L614:  ,  
L615:  Renshall ,  L. J. 
L616:  ,  
L617:  Nihlen ,  C. 
L618:  ,  
L619:  Weitzberg ,  E. 
L620:  ,  
L621:  Lundberg ,  J. O. 
L622:  ,  
L623:  David ,  A. L. 
L624:  ,  
L625:  Tsatsaris ,  V. 
L626:  ,  
L627:  Stuckey ,  D. J. 
L628:  ,  
L629:  Wareing ,  M. 
L630:  ,  
L631:  Greenwood ,  S. L. 
L632:  ,  
L633:  Sibley ,  C. P. 
L634:  , &  
L635:  Cottrell ,  E. C. 
L636:   ( 2020 ).  Beetroot juice lowers blood pressure and improves endothelial function in pregnant eNOS −/−  mice: Importance of nitrate‐independent effects .  The Journal of Physiology ,  598 ,  4079 – 4092 .  10.1113/JP279655 
L637:  32368787
L638: Tschudi ,  M. R. 
L639:  ,  
L640:  Barton ,  M. 
L641:  ,  
L642:  Bersinger ,  N. A. 
L643:  ,  
L644:  Moreau ,  P. 
L645:  ,  
L646:  Cosentino ,  F. 
L647:  ,  
L648:  Noll ,  G. 
L649:  ,  
L650:  Malinski ,  T. 
L651:  , &  
L652:  Lüscher ,  T. F. 
L653:   ( 1996 ).  Effect of age on kinetics of nitric oxide release in rat aorta and pulmonary artery .  The Journal of Clinical Investigation ,  98 ,  899 – 905 .  10.1172/JCI118872 
L654:  8770860
L655: Ungvari ,  Z. 
L656:  ,  
L657:  Tarantini ,  S. 
L658:  ,  
L659:  Donato ,  A. J. 
L660:  ,  
L661:  Galvan ,  V. 
L662:  , &  
L663:  Csiszar ,  A. 
L664:   ( 2018 ).  Mechanisms of vascular aging .  Circulation Research ,  123 ,  849 – 867 .  10.1161/CIRCRESAHA.118.311378 
L665:  30355080
L666: Vanhoutte ,  P. M. 
L667:  ,  
L668:  Zhao ,  Y. 
L669:  ,  
L670:  Xu ,  A. 
L671:  , &  
L672:  Leung ,  S. W. 
L673:   ( 2016 ).  Thirty years of saying NO: Sources, fate, actions, and misfortunes of the endothelium‐derived vasodilator mediator .  Circulation Research ,  119 ,  375 – 396 .  10.1161/CIRCRESAHA.116.306531 
L674:  27390338
L675: Velmurugan ,  S. 
L676:  ,  
L677:  Gan ,  J. M. 
L678:  ,  
L679:  Rathod ,  K. S. 
L680:  ,  
L681:  Khambata ,  R. S. 
L682:  ,  
L683:  Ghosh ,  S. M. 
L684:  ,  
L685:  Hartley ,  A. 
L686:  ,  
L687:  Van Eijl ,  S. 
L688:  ,  
L689:  Sagi‐Kiss ,  V. 
L690:  ,  
L691:  Chowdhury ,  T. A. 
L692:  ,  
L693:  Curtis ,  M. 
L694:  ,  
L695:  Kuhnle ,  G. G. 
L696:  ,  
L697:  Wade ,  W. G. 
L698:  , &  
L699:  Ahluwalia ,  A. 
L700:   ( 2016 ).  Dietary nitrate improves vascular function in patients with hypercholesterolemia: A randomized, double‐blind, placebo‐controlled study .  The American Journal of Clinical Nutrition ,  103 ,  25 – 38 .  10.3945/ajcn.115.116244 
L701:  26607938
L702: Velmurugan ,  S. 
L703:  ,  
L704:  Kapil ,  V. 
L705:  ,  
L706:  Ghosh ,  S. M. 
L707:  ,  
L708:  Davies ,  S. 
L709:  ,  
L710:  McKnight ,  A. 
L711:  ,  
L712:  Aboud ,  Z. 
L713:  ,  
L714:  Khambata ,  R. S. 
L715:  ,  
L716:  Webb ,  A. J. 
L717:  ,  
L718:  Poole ,  A. 
L719:  , &  
L720:  Ahluwalia ,  A. 
L721:   ( 2013 ).  Antiplatelet effects of dietary nitrate in healthy volunteers: Involvement of cGMP and influence of sex .  Free Radical Biology & Medicine ,  65 ,  1521 – 1532 .  10.1016/j.freeradbiomed.2013.06.031 
L722:  23806384
L723: Walker ,  M. A. 
L724:  ,  
L725:  Bailey ,  T. G. 
L726:  ,  
L727:  McIlvenna ,  L. 
L728:  ,  
L729:  Allen ,  J. D. 
L730:  ,  
L731:  Green ,  D. J. 
L732:  , &  
L733:  Askew ,  C. D. 
L734:   ( 2019 ).  Acute dietary nitrate supplementation improves flow mediated dilatation of the superficial femoral artery in healthy older males .  Nutrients ,  11 ,  954 .  10.3390/nu11050954 
L735:  31035478
L736: Wheeler ,  J. B. 
L737:  ,  
L738:  Mukherjee ,  R. 
L739:  ,  
L740:  Stroud ,  R. E. 
L741:  ,  
L742:  Jones ,  J. A. 
L743:  , &  
L744:  Ikonomidis ,  J. S. 
L745:   ( 2015 ).  Relation of murine thoracic aortic structural and cellular changes with aging to passive and active mechanical properties .  Journal of the American Heart Association ,  4 ,  e001744 .  10.1161/JAHA.114.001744 
L746:  25716945
L747: Yeboah ,  J. 
L748:  ,  
L749:  Crouse ,  J. R. 
L750:  ,  
L751:  Hsu ,  F. C. 
L752:  ,  
L753:  Burke ,  G. L. 
L754:  , &  
L755:  Herrington ,  D. M. 
L756:   ( 2007 ).  Brachial flow‐mediated dilation predicts incident cardiovascular events in older adults: The cardiovascular health study .  Circulation ,  115 ,  2390 – 2397 .  10.1161/CIRCULATIONAHA.106.678276 
L757:  17452608
L758: # PHY2-11-e15755-s001
L759: Table S1. Daily nitrate intake for each week in BRJ-supplemented aged mice. Data are the mean ± SEM values of 10 experiments. Abbreviations: BRJ, beetroot juice.
L760: |  | 1st week | 2nd week | 3rd week | 4th week |
L761: | --- | --- | --- | --- | --- |
L762: | Nitrate intake (μmol/kg/day) | 573.9 ± 23.3 | 531.9 ± 9.7 | 498.6 ± 7.4 | 478.7 ± 7.4 |
[30ms]

