L1: Effects of vitamin E supplementation on sow gestation: a meta-analysis
L2: Open Veterinary Journal (2025)
L3: Ni Wayan Helpina Widyasanti, Sari Yanti Hayanti, Cecep Hidayat, I. Putu Cahyadi Putra, Jonathan Anugrah Lase, Ragil Angga Prastiya, Surya Surya, Maureen Chrisye Hadiatry, Marchie Astrid da Costa, Nandari Dyah Suretno, Reny Debora Tambunan, Franciscus Rudi Prasetyo Hantoro, Susana Insusila Watyning Rakhmani, Yenny Yusriani
L4: 1 Faculty of Veterinary Medicine, Udayana University, Denpasar, Indonesia
L5: 2 Research Center for Animal Husbandry, Research Organization for Agriculture and Food, National Research and Innovation Agency of The Republic of Indonesia (BRIN), Cibinong Sciences Center, Cibinong, Indonesia
L6: 3 Animal Feed and Nutrition Modeling Research Group, Faculty of Animal Science, IPB University, Bogor, Indonesia
L7: 4 Departement of Health, Medicine, and Life Sciences, Faculty of Health, Medicine, and Life Sciences (FIKKIA), Universitas Airlangga, Surabaya, Indonesia
L8: Background:
L9: Vitamin E is an antioxidant that plays a crucial function in the reproductive processes of pigs.
L10: Aim:
L11: This study evaluated the reproductive efficacy of ɑ-tocopherol or vitamin E supplementation in pregnant sows.
L12: Methods:
L13: Twenty-one articles from 1977 to 2021 were included in the database. There were eight parameters observed, such as concentration in the serum during gestation, colostrum concentration, number of piglets per litter at birth, number of stillborn piglets, number of piglets born alive, litter weight at birth, weight of each piglet at birth, and piglet serum concentration on day 1. The data were analyzed using the PROC MIXED procedure in SAS version 9.1.
L14: Results:
L15: Vitamin E administration in sows led to a statistically significant rise in the level of α-tocopherol in the serum of both sows during gestation and the serum of piglets on the first day after birth. The injection of vitamin E did not yield a statistically significant effect on the observed variables, including an increase in the number of pigs per litter at birth, stillborn piglets, pigs born alive, litter weight at birth, vitamin E levels in colostrum, dan the weight of piglets at delivery.
L16: Conclusions:
L17: Vitamin E supplements are advisable for female pigs to increase the concentration of α-tocopherol in serum throughout pregnancy and enhance α-tocopherol levels in the serum of piglets on the first day after birth.
L18: Research Article
L19: ɑ-Tocopherol; Antioxidant; Pregnancy; Swine .
L20: Introduction
L21: Vitamin E, a lipid-soluble antioxidant, protects monounsaturated and polyunsaturated fatty acids (PUFA and MUFA) and cholesterol in cellular membranes from free radical damage ( Zingg, 2023 ). This antioxidant exhibits fat-soluble characteristics in cell membranes. Because pigs cannot synthesize vitamin E endogenously, it must be incorporated into their diet ( Lauridsen and Litta, 2018 ). Numerous food sources contain vitamin E, including vegetable oils, fruits, nuts, vegetables, oats, bran, barley, wheat, and palm oil ( Neophytou and Constantinou, 2015 ;  Zaaboul and Liu, 2022 ).
L22: Research has demonstrated that vitamin E is essential for reproductive function in both male and female animals and humans ( Siddiqui  et al. , 2021 ;  Md Amin  et al. , 2022 ;  Gao  et al. , 2023 ). Antioxidant properties contribute to the maintenance of normal female reproductive system function ( Md Amin  et al. , 2022 ). In females, vitamin E influences menstruation, ovulation, oocyte quality, and maturation. Deficiency during pregnancy can result in miscarriage, premature birth, preeclampsia, and intrauterine growth restriction (IUGR) ( Siddiqui  et al. , 2021 ).
L23: Studies on vitamin E supplementation in pigs have yielded different outcomes. Some researchers have observed that supplementing sow feed with vitamin E during gestation increased its levels in serum ( Chen  et al. , 2016 ;  Jeong  et al. , 2019 ), colostrum ( Chen  et al. , 2016 ), piglets born alive ( Parraguez  et al. , 2021 ), weight at birth, and the number of total piglets born ( Kumar  et al. , 2020 ). Conversely, other studies have reported no significant effects on vitamin E content in stillbirths, live-born piglets ( Becerra, 2017 ;  Santos  et al. , 2019 ;  Jeong  et al. , 2019 ), total number of piglets born, piglet weight at birth, serum piglet weight at birth ( Jeong  et al. , 2019 ), and piglet weight at birth ( Wang  et al. , 2017 ;  Jeong  et al. , 2019 ).
L24: Despite these discrepancies, a comprehensive meta-analysis is required. Meta-analysis measures and investigates variations in study results, helping to identify potential sources of bias and apparent discrepancies ( Mohapatra and Sengupta, 2016 ;  Tatsioni and Ioannidis, 2024 ). The primary objective of this study was to conduct a meta-analysis to evaluate the impact of vitamin E oral and injection supplementation in pregnant sows on the reproductive performance of pigs.
L25: Materials and Methods
L26: Ethics statements
L27: This study was a meta-analysis review article; therefore, ethical approval was not required.
L28: Database development
L29: This meta-analysis was conducted in accordance with the Preferred Reporting Items for Systematic Reviews and Meta-Analyses (PRISMA) principles ( Hidayat  et al. , 2020 ). The data were obtained from publications published between 1977 and 2021. A comprehensive literature search was conducted using keywords such as “Vitamin E,” “ɑ-tocopherol,” “pig,” “sow,” “gilts,” “reproductive performance,” “fertility,” “gestation,” and “pregnant” on search engines including Google Scholar, Scopus, PubMed, ScienceDirect, and Directory of Open Access Journals (DOAJ) to identify relevant articles.
L30: Inclusion/exclusion criteria
L31: The inclusion criteria were as follows: (1) articles published in English by reputable publishers such as Google Scholar, Scopus, PubMed, ScienceDirect, and DOAJ; (2) appropriate experimental design; (3) sufficient experimental and replication materials; (4) pig-specific animal experiments; (5) vitamin E dose in mg/day or convertible to mg/day; (6) reproductive performance parameters; (7) adequate sows (n); and (8) criteria for administering vitamin e orally or by injection.
L32: Data extraction
L33: Input data from selected articles included author name, publication year, journal name, pig type, number of pigs, vitamin E treatment dose, observed parameters, recommended dose, vitamin E source, parameter units, sampling technique, and measurement techniques. Thirty-three studies on vitamin E supplementation in sows were initially conducted. Twenty-one studies met the inclusion criteria based on titles and abstracts. Vitamin E studies were compiled using assessed variables, including serum gestational vitamin E levels, serum vitamin E levels in piglets on day 1, number of pigs per litter at birth, number of stillborn piglets, number of live-born piglets, litter weight at birth, colostrum vitamin E levels, and piglet weight at birth.
L34: Following a comprehensive evaluation, 21 articles were selected and incorporated into the designated databases ( Table 1 ). Sows undergo stages of pregnancy and postnatal period, during which they receive commercially manufactured feed supplemented with vitamin E at 0–39079 mg/day. Alternative dosing units were converted to mg per day for uniformity. Performance parameters for vitamin E included concentration in serum during gestation (µg/ml), concentration in colostrum (µg/ml), number of piglets per litter at birth, number of stillborn piglets, number of piglets born alive, weight of the litter at birth (kg), weight of each piglet at birth (kg), and concentration in day 1 (µg/ml). The dosage and performance characteristics were entered into the database. Statistical analysis was conducted after input of the dietary vitamin E dosage and gestational performance data. The article selection and evaluation processes are illustrated in  Figure 1 .
L35: Statistics analysis
L36: The data were processed using a mixed-model technique ( Lagares  et al. , 2017 ;  Hayanti  et al. , 2022 ). The analysis used the PROC MIXED function in SAS version 9.1. The dosage of vitamin E was determined as a fixed effect in specific investigations, whereas other studies considered it to have a random impact, as indicated in the RANDOM statement. The mathematical models employed were as follows:
L37: Yij = β0 + β1 Level ij + Experiment i + Experiment i Level ij + eij (1),
L38: Yij = β0 + β1 Level ij + β2 Level ij + Experiment + Experiment Level ij + eij (2).
L39: This investigation examines two types of mathematical models within the linear mixed model (LMM) framework: LMM models of orders 1 and 2. Fixed effects are represented by β0 + β1 Level ij (Order 1) and β0 + β1 Level ij + β2 Level ij (Order 2). The models incorporated the effects of Experiments i and j. The variables are Level ij (level addition to random impacts in first and second sequences), β0 (overall intercept value across experiments), β1 (first-order linear regression coefficient), β2 (second-order linear regression coefficient), experiment (specific experiment conducted), and eij (unexplained residual error). Quadratic regression models with a  p  < 0.05 were considered significant. The statistical model used p-values and root mean square errors, with significance determined by assuming a threshold.
L40: y = aX2 + bx + c, and
L41: dy/dx = 2ax + b = 0 and
L42: 2ax + b = 0
L43: x = −b/2a
L44: x = optimum vitamin E dose.
L45: Results
L46: Vitamin E supplementation in sows resulted in a statistically significant increase ( p  < 0.05) in α-tocopherol concentrations in both sow serum during gestation and piglet serum on the first postpartum day. However, vitamin E supplementation did not significantly affect ( p  > 0.05) the number of piglets per litter at parturition, incidence of stillbirths, number of live-born piglets, total litter weight at farrowing, vitamin E concentrations in colostrum, and piglet birth weight. The effects of ɑ-tocopherol and vitamin E on the duration of sowing gestation are presented in  Table 2 .
L47: Table 1. Studies included in the meta-analysis.
L48: Fig. 1. Selection of articles and evaluation process using the PRISMA method. PRISMA = preferred reporting items for systematic reviews and meta-analyses.
L49: Discussion
L50: The meta-analysis conducted in this study revealed a statistically significant increase in α-tocopherol concentrations in the serum of pregnant sows following vitamin E supplementation ( Table 2 ). This was similar to the findings of  Chen  et al.  (2016) , who reported that α-tocopherol levels in serum on days 30, 60, and 90 and on day 11 of lactation increased when sows were fed diets with higher vitamin E levels.  Becerra  et al . (2017)  also stated that during lactation, vitamin E levels in sows increased significantly after vitamin E supplementation through injection on day 107 of pregnancy and during lactation. The increase in vitamin E levels in the serum of gestating sows was consistent with the increase in vitamin E levels in day-old piglets in this meta-analysis ( Table 2 ). High concentrations of vitamin E in sow diets increase α-tocopherol levels in the milk and plasma of sows, resulting in increased vitamin E levels in the plasma of piglets ( Wang  et al. , 2017 ). Supplementing the diet of pregnant sows with high levels of vitamin E increased the antioxidant capacity of sows and piglets. This is evidenced by the increased activity of antioxidant enzymes, such as glutathione peroxidase and catalase, in piglets ( Szczubial, 2015 ;  Wang  et al. , 2017 ;  Lauridsen  et al. , 2021 ). High vitamin E levels in the maternal diet improved the immune function of piglets. This includes increased concentrations of immunoglobulins (IgG and IgA) in sow plasma, colostrum, and milk, which are crucial for passive immunity in piglets ( Wang  et al. , 2017 ). Furthermore, piglets from sows with high vitamin E intake show improved immunological responses, such as lower levels of inflammatory markers and better cytokine profiles ( Lauridsen  et al. , 2021 ).
L51: Table 2. Results of the meta-analysis.
L52: The elevated serum vitamin E concentration in the supplemented sows can be attributed to the transport of vitamin E via lipoproteins into the bloodstream. These lipoproteins are macromolecular aggregates that carry triglycerides and cholesterol into the blood (Acuña–Aravena and Cohen, 2020).  Wang  et al.  (2017)  stated that the timing of peak levels of α-tocopherol in plasma of sows with vitamin E supplementation of 250 IU/kg occurred on day 21 of lactation, while  Szczubial (2015)  found significantly higher plasma vitamin E levels in sows 7 days postpartum when supplemented with 200 mg of vitamin E.  van Kempen  et al.  (2016)  noted that orally administered vitamin E appeared in plasma after a 56-minute delay, with a half-life of 2.6 ± 0.8 hours. In contrast, intravenous injection results in the rapid disappearance and reappearance of plasma substances. The initial peak’s half-life was 1.7 ± 0.3 minutes, while the second peak’s half-life was 5.9 ± 1.2 hours. In this meta-analysis study, the sows received daily dietary vitamin E intake, with some receiving additional vitamin E injections to maintain serum vitamin levels. Consequently, serum vitamin E concentrations were higher in supplemented sows than in non-supplemented sows.
L53: This meta-analysis revealed a statistically significant increase in vitamin E (α-tocopherol) levels in the serum of 1-day-old piglets following vitamin E administration. Comparable fluctuations in serum vitamin E concentrations were observed by  Jeong  et al.  (2019)  in day-old piglets born to sows that were administered various doses of vitamin E supplements.  Parraguez  et al.  (2021)  demonstrated that piglets from vitamin E-supplemented sows exhibited higher serum α-tocopherol levels (4.05 ± 0.32 vs. 1.95 ± 0.18 µg/ml) than those in the control group.  Wang  et al.  (2017)  suggested that vitamin E supplementation (250 IU/kg) can increase plasma IgA and IgG levels, total antioxidant capacity, and catalase enzyme levels in piglets. The increased serum levels in piglets were attributed to the transfer of α-tocopherol across the placenta during pregnancy; however, this transfer is limited ( Matte and Audet, 2020 ). The placenta has specific mechanisms for nutrient transfer, including the presence of lipoprotein receptors and α-tocopherol transfer protein (α-TTP), which selectively facilitates the transfer of RRR-α-tocopherol (the most biologically active form of vitamin E). However, this selective transfer is not very efficient, leading to lower α-tocopherol concentrations in fetal circulation compared with parental blood ( Gázquez  et al. , 2023 ). However, vitamin E levels in piglets injected with vitamin E decreased from day 3 to day 25 (7.67 to 2.19 µg/ml), indicating that vitamin E injection in the mother did not sustainably increase vitamin E levels in the piglets. This may be due to the inefficient transfer of vitamin E through the placenta or milk ( Berreca  et al. , 2017 ).
L54: Vitamin E administration did not result in a significant decrease in the α-tocopherol concentration in colostrum. Several studies have shown that although vitamin E supplementation in dams increases serum α-tocopherol levels, its transfer to colostrum is not significantly increased in the early stages of lactation ( Medeiros  et al. , 2016 ;  Melo  et al. , 2017 ;  Moghimi-Kandelousi  et al. , 2020 ). The concentration of α-tocopherol in colostrum tends to increase after supplementation; however, this increase is more pronounced in milk than in early colostrum ( Medeiros  et al. , 2016 ;  Silva  et al. , 2017 ). Vitamin E is a fat-soluble vitamin that is stored in adipose tissue and the liver; therefore, its release into the blood circulation is gradual ( Bellés  et al. , 2019 ). This storage mechanism may delay the increase in vitamin E levels in postsupplementation colostrum. The efficiency of vitamin E transfer into colostrum is influenced by various factors, including maternal vitamin E status, the form of vitamin E used (natural vs. synthetic), and supplementation duration ( da Silva  et al. , 2016 ;  de Sousa Rebouças  et al. , 2019 ). Therefore, short-term supplementation may not be sufficient to significantly increase vitamin E levels in colostrum, given that vitamin E must be mobilized from storage ( Melo  et al. , 2017 ). In contrast, long-term supplementation is more effective for gradually increasing vitamin E levels in colostrum ( de Sousa Rebouças  et al. , 2019 ). Vitamin E supplementation in sows is required to maintain stable vitamin E concentrations in colostrum and milk. This is because newborn piglets are highly susceptible to vitamin E deficiency owing to low tissue reserves at birth and limited transfer of vitamin E through the placenta and colostrum. This susceptibility can lead to conditions such as “white muscle disease,” which is characterized by degeneration and necrosis of the skeletal muscle ( Shastak and Pelletier, 2025 ).
L55: The research findings indicate that the addition of Vitamin E did not have a statistically significant effect on litter size at birth. Similar results were reported by  Chen  et al.  (2016) , who found that administration of vitamin E at doses of 30 IU and 90 IU in combination with selenium sourced from organic or inorganic sources did not increase litter size at birth.  Santos  et al.  (2019)  reported similar results in which the administration of 45 mg/kg vitamin E in the gestation phase and 125 mg/kg in the lactation phase to sows in combination with other multivitamins did not increase litter size at birth. However,  Kumar  et al.  (2020)  reported different results, where sows orally supplemented with Vitamin E 1g/sow/day and Selenium 2 mg/sow/day for 7 days before the estimated calving date and 7 days after calving showed a higher litter size at birth in the treatment group than in the control group.  König  et al.  (2021)  and  Chen  et al.  (2023)  suggested that achieving an optimal litter size requires an increase in both ovulation rate and placental efficiency. A higher ovulation rate is essential for a larger litter size, as it sets the upper limit for the number of piglets that can be born ( Chen  et al. , 2023 ). Efficient placental development and vascularization are crucial for fetal growth. Breeds such as the Chinese Meishan pig, which have high placental efficiency, can support larger litters despite having smaller uterine sizes ( König  et al. , 2021 ). However,  Chen  et al.  (2016)  found no significant interaction between vitamin E levels and selenium sources on reproductive performance, including serum progesterone levels.
L56: Supplementing sows with vitamin E did not have a statistically significant effect on the number of stillborn or live-born piglets. These results are supported by  Wang  et al.  (2017) , who reported that the administration of vitamin E (250 IU/kg) to sows on gestational day 107 did not increase the number of piglets born alive. Furthermore,  Chen  et al.  (2016)  also supported our findings, stating that the administration of vitamin E up to 90 IU/kg and selenium from both organic and inorganic sources had no effect on the number of live and stillborn piglets but rather affected the body weight of the piglets. In contrast,  Kumar  et al.  (2020)  reported that the administration of vitamin E (1 g/sow/day) and selenium (2 mg/sow/day) reduced the number of stillbirths in sows. However, in the study by  Kumar  et al.  (2020) , the number of samples used was insufficient to represent these results compared with those of  Wang  et al.  (2017)  and  Chen  et al.  (2016) .
L57: Vitamin E supplementation in sows may enhance their immune capacity, potentially supporting embryo development and providing antioxidant protection ( Shastak and Pelletier, 2025 ). Despite this potential, the current study found no significant effect of vitamin E on the numbers of stillborn or live-born piglets. Typically, stillborn pigs constitute 3%–8% of the total piglets at birth ( Rangstrup-Christensen  et al. , 2017 ). The causes of stillbirth in piglets are multifactorial and involve genetic, environmental, and management factors. Intrapartum stillbirth accounts for 75% of all stillbirths in pigs. Factors such as piglet size and shape, litter size, birth order, gestation length, and birth weight deviation are significantly associated with increased intrapartum stillbirths ( Nam and Sukron, 2021 ;  Lanh and Nam, 2022 ).
L58: Vitamin E supplementation did not result in a significant increase in birth weight. This finding is consistent with that of  Jeong  et al.  (2019) ,  Berreca (2017) ,  Wang  et al.  (2017) ,  Sosnowska et al. (2012) , and  Shelton et al. (2012) , who reported no significant difference in litter weight at birth with vitamin E supplementation.  Jeong  et al.  (2019)  observed no statistically significant variation in litter weight at birth when sows were supplemented with vitamin E supplementation. However,  Kumar  et al.  (2020)  reported contrasting results, noting the significant effect of vitamin E supplementation on piglet birth weight.
L59: Vitamin E supplementation is correlated with enhanced feed conversion ratios (gain-to-feed ratio), suggesting that pigs can more effectively convert feed into body mass. Improving feed efficiency plays a crucial role in increasing weight gain in pigs. Nevertheless, this weight gain was observed in pigs during the weaning and finishing phases ( Rao  et al.  2023 ;  Wang  et al.  2023 ). This discrepancy can be attributed to various factors that influence the observed phenomenon. As noted by  Assan (2013) , the birth weight of pigs may be affected by both genetic and nongenetic factors. Furthermore, it is crucial to acknowledge that the birth weight of a pig may be affected by a range of environmental factors, including the composition and nutritional quality of the feed and the overall practices of animal husbandry.
L60: Conclusion
L61: The administration of vitamin E supplements to gestating sows is recommended to enhance α-tocopherol concentrations in maternal serum during pregnancy and in neonatal piglet serum.
L62: Conflict of interest
L63: The authors declare no conflicts of interest.
L64: Funding
L65: The authors did not receive any funding for this study.
L66: Authors contributions
L67: NWHW and SYH conceptualized, designed, and wrote the original draft. NWHW, IPCP, JAL, RAP, SS, MCH, MAC, NDS, RDT, FRPH, and SIWR searched the literature and collected and processed the data. NWHW and CH analyzed the data. SYH, CH, and YY supervised the research. SYH and YY critical review of the manuscript. IPCP, JAL, RAP, SS, MCH, MAC, NDS, RDT, FRPH, and SIWR performed the necessary editing. All authors have read and approved the final manuscript.
L68: Data availability
L69: All data required to substantiate the findings of this research are included in the manuscript.
L70: Acuña-Aravena M. Cohen D.E. Arias I.M. Lipoprotein metabolism and cholesterol balance In The liver: biology and pathobiology 255 267
L71: Assan N. Various factors influencing birth weight in animal production Sci. J. Rev 2013 2 7 156 175
L72: Becerra R. Improving sow productivity and nursery pig performance by injecting sows with d-tocopherol, retinyl palmitate, and cholecalciferol PhD Thesis 2017 North Carolina, United States North Carolina State University
L73: Becerra R. van Heugten E. Stuart R.L. Improving sow productivity and nursery pig performance by injecting sows with d-α-tocopherol, retinyl palmitate, and cholecalciferol J. Anim. Sci 2017 95 Suppl. 2 53 28177358
L74: Bellés M. del Mar Campo M. Roncalés P. Beltrán J.A. Supranutritional doses of vitamin E to improve lamb meat quality Meat Sci 2019 149 14 23 30448473
L75: Chavez E.R. Patton K.L. Response to injectable selenium and vitamin E on reproductive performance of sows receiving a standard commercial diet Can. J. Anim. Sci 1986 66 4 1065 1074
L76: Chen J. Han J.H. Guan W.T. Chen F. Wang C.X. Zhang Y.Z. Lv Y.T. Lin G. Selenium and vitamin E in sow diets: I Effect on antioxidant status and reproductive performance in multiparous sows. Anim. Feed Sci. Technol 2016 221 Part A 111 123
L77: Chen X. Xie S. Li M. Liu Y. Ma L. Huang T. Transcriptome analysis of miRNAs and mRNAs of medium-sized ovarian follicles of Duroc and Meishan sows Livest. Sci 2023 276 105312
L78: Coffey M.T. Diggs B.G. Handlin D.L. Knabe D.A. Maxwell C.V. Jr. Noland P.R. Prince T.J. Gromwell G.L. Effects of dietary energy during gestation and lactation on reproductive performance of sows: a cooperative study J. Anim. Sci 1994 72 1 4 9 8138502
L79: da Silva Ribeiro K.D. Lima M.S.R. Medeiros J.F.P. de Sousa Rebouças A. Dantas R.C.S. Bezerra D.S. Dimenstein R. Association between maternal vitamin E status and alpha-tocopherol levels in the newborn and colostrum Matern. Child Nutr 2016 12 4 801 807 26924492
L80: de Sousa Rebouças A. Costa Lemos da Silva A.G. Freitas de Oliveira A. Pereira da Silva L.T. de Freitas Felgueiras V. Cruz M.S. Silbiger V.N. da Silva Ribeiro K.D. Dimenstein R. Factors associated with increased alpha-tocopherol content in milk in response to maternal supplementation with 800 IU of vitamin E Nutrients 2019 11 4 900 31013594
L81: Gao Y. Qin D. Shen Y. Jian L. Gu P. Antioxidant and potential non-antioxidant roles of vitamin E in reproduction of male domestic animals Preprint 2023 10.20944/preprints202302.333.v1
L82: Gázquez A. Sánchez-Campillo M. Arnao M.B. Barranco A. Rueda R. Jensen S.K. Larqué E. Natural vitamin E supplementation during pregnancy in rats increases RRR-α-tocopherol stereoisomer proportion and enhances fetal antioxidant capacity, compared to synthetic vitamin E administration Ann. Nutr. Metab 2023 79 2 228 237 36702104
L83: Grandhi R.R. Smith M.W. Frigg M. Thacker P.A. Effect of supplemental vitamin E during prepubertal development and early gestation on reproductive performance and nutrient metabolism in gilts Can. J. Anim. Sci 1993 73 3 593 603
L84: Hayanti S.Y. Hidayat C. Jayanegara A. Sholikin M.M. Rusdiana S. Widyaningrum Y. Masito M. Yusriani Y. Qomariyah N. Anggraeny Y.N. Effect of vitamin E supplementation on chicken sperm quality: a meta-analysis Vet. World 2022 15 2 419 426 35400966
L85: Hidayat C. Sumiati Jayanegara A. Wina E. Effect of zinc on the immune response and production performance of broilers: a meta-analysis Asian-Australas. J. Anim. Sci 2020 33 3 465 479 31208174
L86: Jeong J.H. Hong J.S. Han T.H. Fang L.H. Chung W.L. Kim Y.Y. Effects of dietary vitamin levels on physiological responses, blood profiles, and reproductive performance in gestating sows J. Anim. Sci. Technol 2019 61 5 294 303 31602308
L87: König N.L. Wähner M. Seeger J. Sigmarsson H.L. Kauffold J. An investigation into uterine capacity based on litter and placental characteristics in two sow lines with different prolificacy (Danish Landrace x Danish Yorkshire versus German Saddleback) Reprod. Domest. Anim 2021 56 1 34 45 33098192
L88: Kumar S. Islam R. Barman K. Mohan N.H. Banik S. Baruah K.K. Rajkhowa S. Effect of supplementation of vitamin E and selenium during transition period on productive performance in sows Vet. Res. Int 2020 8 3 244 246
L89: Lagares M.A. Ecco R. Martins N.R.S. Lara L.J.C. Rocha J.S.R. Vilela D.A.R. Barbosa V.M. Mantovani P.F. Braga J.F.V. Preis I.S. Gheller V.A. Cardeal P.C. Baião N.C. Detecting reproductive system abnormalities of broiler breeder roosters at different ages Reprod. Domest. Anim 2017 52 1 67 75 27688054
L90: Lanh D.T.K. Nam N.H. High stillbirth rate in a swine farm in Vietnam and associated risk factors J. Adv. Vet. Anim. Res 2022 9 1 13 35445110
L91: Lauridsen C. Litta G. Vitamin E: more than nature’s most powerful antioxidant DSM Animal Nutrition and Health 2018 accessed 18 January 2024 Available via  https://www.dsm.com/anh/news/press-releases/2018/04-09-vitamin-e-powerful-antioxidant.html#
L92: Lauridsen C. Schönherz A.A. Højsgaard S. Effect of maternal dietary redox levels on antioxidative status and immunity of the suckling offspring Antioxidants 2021 10 3 478 33803000
L93: Mahan D.C. Assessment of the influence of dietary vitamin E on sows and offspring in three parities: reproductive performance, tissue tocopherol, and effects on progeny J. Anim. Sci 1991 69 7 2904 2917 1885399
L94: Mahan D.C. Effects of dietary vitamin E on sow reproductive performance over a five-parity period J. Anim. Sci 1994 72 11 2870 2879 7730180
L95: Mahan D.C. Kim Y.Y. Stuart R.L. Effect of vitamin E sources (RRR- or all-rac-α-tocopheryl acetate) and levels on sow reproductive performance, serum, tissue, and milk α-tocopherol contents over a five-parity period, and the effects on the progeny J. Anim. Sci 2000 78 1 110 119 10682810
L96: Matte J.J. Audet I. Maternal perinatal transfer of vitamins and trace elements to piglets Animal 2020 14 1 31 38 31244454
L97: Mavromatis J. Koptopoulos G. Kyriakis S.C. Papasteriadis A. Saoulidis K. Effects of α-tocopherol and selenium on pregnant sows and their piglets’ immunity and performance J. Vet. Med. A 1999 46 9 545 553
L98: Md Amin N.A. Sheikh Abdul Kadir S.H. Arshad A.H. Abdul Aziz N. Abdul Nasir N.A. Ab Latip N. Are vitamin E supplementation beneficial for female gynaecology health and diseases? Molecules 2022 27 1896 35335260
L99: Medeiros J.F.P. da Silva Ribeiro K.D. Lima M.S.R. das Neves R.A.M. Lima A.C.P. Dantas R.C.S. Dimenstein R. α-tocopherol in breast milk of women with preterm delivery after a single postpartum oral dose of vitamin E Br. J. Nutr 2016 115 8 1424 1430 26931347
L100: Melo L.R.M.D. Clemente H.A. Bezerra D.F. Dantas R.C.S. Ramalho H.M.M. Dimenstein R. Effect of maternal supplementation with vitamin E on the concentration of α-tocopherol in colostrum Jornal de Pediatria 2017 93 40 46 27327566
L101: Moghimi-Kandelousi M. Alamouti A.A. Imani M. Zebeli Q. A meta-analysis and meta-regression of the effects of vitamin E supplementation on serum enrichment, udder health, milk yield, and reproductive performance of transition cows J. Dairy Sci 2020 103 7 6157 6166 32389471
L102: Mohapatra S.C. Sengupta P. Meta-analysis: an insight Indian J. Health Sci. Care 2016 3 2 104
L103: Nam N.H. Sukon P. Non-infectious risk factors for intrapartum stillbirth in a swine farm in the North of Vietnam Vet. World 2021 14 7 1829 34475705
L104: Neophytou C.M. Constantinou A.I. Drug delivery innovations for enhancing the anticancer potential of vitamin E isoforms and their derivatives BioMed Res. Int 2015 2015584862
L105: Nielsen H.E. Danielsen V. Sitnesen M.G. Gissel-Nielsen G. Hjarde W. Lelh T. Basse A. Selenium and vitamin E deficiency in pigs I. Influence on growth and reproduction. Acta Vet. Scand 1979 20 276 288 484407
L106: Parraguez V.H. Sales F. Peralta O.A. Reyes M.D.L. Campos A. González J. Peralta W. Cabezón C. González-Bulnes A. Maternal supplementation with herbal antioxidants during gestation in swine Antioxidants 2021 10 5 658 33922758
L107: Pinelli-Saavedra A. Scaife J. Pre- and postnatal transfer of vitamins E and C to piglets in sows supplemented with vitamin E and vitamin C Livest. Prod. Sci 2005 97 2–3 231 240
L108: Rangstrup-Christensen L. Krogh M.A. Pedersen L.J. Sørensen J.T. Sow-level risk factors for stillbirth of piglets in organic sow herds Animal 2017 11 6 1078 1083 27881200
L109: Rao Z.X. Tokach M.D. Woodworth J.C. DeRouchey J.M. Goodband R.D. Shah A.S. Foley B.H. Kjeldsen K.C. Brunsgaard G. Gebhardt J.T. Polyphenols as a partial replacement for vitamin E in nursery pig diets Transl. Anim. Sci 2023 7 1 txad116 37901201
L110: Santos R.K.S. Novais A.K. Borges D.S. Alves J.B. Dario J.G.N. Frederico G. Pierozan C.R. Batista J.P. Pereira M. Silva C.A. Increased vitamin supplements to sows, piglets and finishers and the effect in productivity Animal 2019 14 1 86 94 31416494
L111: Shastak Y. Pelletier W. The Evolution in swine nutrition: current perspectives on vitamin E Anim. Res. One Health 2025 3 1 2 30
L112: Shelton N.W. Dritz S.S. Nelssen J.L. Tokach M.D. Goodband R.D. DeRouchey J.M. Yang H. Hill D.A. Holzgraefe D. Hall D.H. Mahan D.C. Effects of dietary vitamin E concentration and source on sow, milk, and pig concentrations of α-tocopherol J. Anim. Sci 2014 92 10 4547 4556 25267996
L113: Shelton N.W. Yang H. Mahan D.C. Nelssen J.L. Tokach M.D. Goodband R.D. DeRouchey J.M. Dritz S.S. Effects of dietary vitamin E level and source on sow, milk, and piglet concentrations of α-tocopherol Kans. Agric. Exp. Stn. Res. Rep 2012 10 17 27
L114: Siddiqui M.A. Ahmad U. Ali A. Ahsan F. Haider M.F. Erkekoglu P. Santos S.S. Role of vitamin E in pregnancy. in Vitamin E in health and disease – interactions, diseases and health aspects 2021 London IntechOpen 10.5772/intechopen.97268
L115: Silva A.L.C.D. Ribeiro K.D.S. Melo L.R.M.D. Bezerra D.F. Queiroz J.L.C.D. Lima M.S.R. Dimenstein R. Vitamin E in human milk and its relation to the nutritional requirement of the term newborn Rev. Paul. Pediatr 2017 35 158 164 28977333
L116: Sosnowska A. Kawęcka M. Jacyno E. Kołodziej-Skalska A. Kamyczek M. Matysiak B. Effect of dietary vitamins E and C supplementation on performance of sows and piglets Acta Agric. Scand., Sect. A−Anim. Sci 2012 61 4 196 203
L117: Szczubial M. Effect of supplementation with vitamins E, C and beta-carotene on antioxidative/oxidative status parameters in sows during the postpartum period Pol. J. Vet. Sci 2015 18 2 299 305 26172179
L118: Tatsioni A. Ioannidis J.P.A. Meta-analysis 2024 Amsterdam, Netherlands Elsevier BV
L119: Umesiobi D.O. Vitamin E supplementation to sows and effects on fertility rate and subsequent body development of their weanling piglets J. Agr. Rural Develop. Trop. Subtrop 2009 110 2 155 168
L120: van Kempen T.A. Reijersen M.H. de Bruijn C. De Smet S. Michiels J. Traber M.G. Lauridsen C. Vitamin E plasma kinetics in swine show low bioavailability and short half-life of all-rac-α-tocopheryl acetate J. Anim. Sci 2016 94 10 4188 4195 27898857
L121: Wang D. Jang Y.D. Kelley M. Rentfrow G.K. Azain M.J. Lindemann M.D. Effects of multiple vitamin E levels and two fat sources in diets for swine fed to heavy slaughter weight of 150 kg: I Growth performance, lean growth, organ size, carcass characteristics, primal cuts, and pork quality. Transl. Anim. Sci 2023 7 1 txad086 37583487
L122: Wang L. Xu X. Su G. Shi B. Shan A. High concentration of vitamin E supplementation in sow diet during the last week of gestation and lactation affects the immunological variables and antioxidative parameters in piglets J. Dairy Res 2017 84 1 8 13 27834154
L123: Young L.G. Miller R.B. Edmeades D.E. Lun A. Smith G.C. King G.J. Selenium and vitamin E supplementation of high moisture corn diets for swine reproduction J. Anim. Sci 1977 45 5 1051 1060 599095
L124: Zaaboul F. Liu Y. Vitamin E in foodstuff: Nutritional, analytical, and food technology aspects Compr. Rev. Food Sci. Food Saf 2022 21 2 964 998 35181987
L125: Zingg J.M. Caballero B. Prentice A. Allen L. Vitamin E physiology and health effects In Encyclopedia of human nutrition 2023 4th Washington, DC Academic Press 10.1016/B978-0-12-821848-8.00095-0
L126: Acknowledgments
L127: The authors thank the Research Center for Animal Husbandry, Research Organization for Agriculture and Food, National Research and Innovation Agency of the Republic of Indonesia (BRIN), and Faculty of Veterinary Medicine, Udayana University, for providing the necessary facilities for the study.
[22ms]

