L1: A Pilot Feasibility Randomized Controlled Trial of Intravenous Vitamin C in Adults with Sepsis in the Intensive Care Unit: The Lessening Organ Dysfunction with Vitamin C-India (LOVIT-India) Trial
L2: Indian Journal of Critical Care Medicine : Peer-reviewed, Official Publication of Indian Society of Critical Care Medicine (2023)
L3: Bharath Kumar Tirupakuzhi Vijayaraghavan, Ramesh Venkataraman, Yamunadevi Ramanathan, Saravanan Margabandhu, Devachandran Jayakumar, Pratheema Ramachandran, Neill KJ Adhikari, Francois Lamontagne, Ruxandra Pinto, Marie-Hélène Masse, Julie Ménard, Sheila Sprague, Nagarajan Ramakrishnan
L4: 1,2,13 Department of Critical Care Medicine, Apollo Hospitals, Chennai, Tamil Nadu, India
L5: 3 Department of Infection Control, Apollo Hospitals, Chennai, Tamil Nadu, India
L6: 4 Department of Nephrology, Apollo Hospitals, Chennai, Tamil Nadu, India
L7: 5 Department of Critical Care Medicine, Kamakshi Memorial Hospital; Apollo Specialty Hospitals, Chennai, Tamil Nadu, India
L8: 6 Department of Critical Care Medicine, Apollo Specialty Hospitals, Chennai, Tamil Nadu, India
L9: 7,9 Department of Critical Care Medicine, Sunnybrook Health Sciences Centre, University of Toronto, Toronto, Ontario, Canada
L10: 8 Department of Medicine, Université de Sherbrooke, Sherbrooke, Québec, Canada
L11: 10,11 Research Centre of the Centre Hospitalier Universitaire de Sherbrooke, Sherbrooke, Québec, Canada
L12: 12 Department of Surgery, McMaster University, Hamilton, Ontario, Canada
L13: Background
L14: The burden of sepsis is high in India and is associated with substantial morbidity and mortality. Vitamin C, an endogenous antioxidant, may improve patient outcomes.
L15: Methods
L16: This was a parallel-group pilot feasibility randomized controlled trial conducted at 2 intensive care units in India. Adult patients (≥18 years) with proven or suspected infection as the main diagnosis and needing a continuous intravenous vasopressor infusion were randomized to intravenous vitamin C (50 mg/kg every 6 hours for a maximum of 16 doses) or matching placebo. Primary outcomes were related to protocol adherence and feasibility (enrollment per month). The key secondary outcome was the composite of mortality or persistent organ dysfunction (POD) at day 28 after randomization.
L17: Results
L18: 60 patients were screened, 51 were eligible, 32 were randomized, and 30 were included in the analysis (randomized/eligible ratio: 0.63). The overall rate of enrollment was 1.5 patients per month. The median (IQR) age was 63.5 (51.0, 70.0) and 70.0% of the patients were male. In both arms, all patients received ≥90% of scheduled doses of the study drug. No patient received open-label vitamin C and there were no deviations from the glucose monitoring protocol. The composite outcome of mortality or POD at day 28 occurred in 56.3% (9/16) in the vitamin C arm as compared to 42.9% (6/14) in the placebo arm [RR: 1.31 (95% CI: 0.62, 2.76),  p  = 0.47].
L19: Conclusion
L20: In this pilot feasibility randomized controlled trial of vitamin C for adult patients with sepsis, protocol adherence was excellent and feasibility endpoints were met.
L21: Trial registration
L22: CTRI/2020/03/024371.
L23: How to cite this article
L24: Vijayaraghavan BKT, Venkataraman R, Ramanathan Y, Margabandhu S, Jayakumar D, Ramachandran P,  et al . A Pilot Feasibility Randomized Controlled Trial of Intravenous Vitamin C in Adults with Sepsis in the Intensive Care Unit: The Lessening Organ Dysfunction with Vitamin C-India (LOVIT-India) Trial. Indian J Crit Care Med 2023;27(12):910–916.
L25: Original Article
L26: Ascorbic acid; Developing countries; Randomized controlled trial; Sepsis
L27: H ighlights
L28: I ntroduction
L29: Sepsis, defined as a dysregulated host immune response to infection that leads to organ dysfunction and death, is a major global public health concern, causing up to 11 million deaths per annum. 1 , 2  The epidemiology of sepsis in India is characterized by high burden and microbiology dominated by gram-negative and multi-drug resistant organisms. 3 , 4  Current sepsis management is focused on prompt antimicrobial therapy and organ-supportive care; numerous trials of interventions for immune dysregulation have not demonstrated benefit. 5
L30: Vitamin C is an endogenous antioxidant with multiple actions, including scavenging of oxygen radicals, restoration of endothelial function, and synthesis of norepinephrine and vasopressin as a cofactor. The finding of low vitamin C levels in critical illness and its association with poor outcomes has led to randomized controlled trials (RCTs) of intravenous vitamin C, including in sepsis, with variable results that, at the time this trial was designed, did not exclude clinically meaningful improvements in patient outcomes. 6 – 8
L31: The international lessening organ dysfunction with vitamin C (LOVIT) program of research encompasses several trials evaluating the role of vitamin C in sepsis: LOVIT [conducted in Canada, France, and New Zealand (NCT03680274)]; LOVIT-COVID, focused on patients with COVID-19 (NCT04401150); LOVIT-ARDS, focused on patients with septic acute respiratory distress syndrome (ARDS) in France (NCT04404387); and the current pilot feasibility LOVIT-India trial (CTRI/2020/03/024371). 9
L32: Given some of the well-known barriers to the conduct of clinical research and trials in India and other resource-limited settings, the primary objective of the LOVIT-India trial was to evaluate the feasibility of conducting a larger randomized controlled trial of vitamin C for adult patients with sepsis admitted to Indian intensive care units (ICUs). In addition, we evaluated the effect of vitamin C on several patient-centered secondary endpoints. 10
L33: M ethods
L34: Trial Design and Approvals
L35: LOVIT-India was a parallel-group pilot feasibility RCT conducted across 2 ICUs in Chennai, India. Both ICUs are tertiary care adult units admitting medical and surgical patients.
L36: LOVIT-India was approved by the institutional ethics committee (AMH-011/03-19) and registered on the Clinical Trials Registry of India (CTRI/2020/03/024371). The trial is reported in accordance with the CONSORT extension for pilot and feasibility RCTs. 11
L37: Participants
L38: We randomized adult patients (≥18 years of age) admitted to participating ICUs with proven or suspected infection as the main diagnosis and needing a continuous intravenous infusion of vasopressors (any dose of norepinephrine, epinephrine, vasopressin, dopamine, or phenylephrine). We excluded patients who had been admitted to ICU for >24 hours, pregnant women, those with known glucose-6-phosphate dehydrogenase deficiency, and those with a known allergy to vitamin C. The full list of exclusion criteria is available in the supplementary appendix (Page 2).
L39: Informed consent was provided by patients or their legally approved representatives.
L40: Interventions
L41: In the experimental arm, intravenous vitamin C was administered in bolus doses of 50 mg/kg mixed in a 100 mL solution of normal saline (0.9% NaCl), over 30–60 minutes, every 6 hours for 96 hours (i.e. 200 mg/kg/day and a maximum of 16 doses in total). Patients in the control arm received equivalent volumes of normal saline (0.9% NaCl). Placebo was infused over 30–60 minutes as per the infusion instructions of vitamin C. The preparation of solutions administered to participants was the responsibility of the unblinded study pharmacist. Administration of open-label vitamin C in either group was not permitted and constituted a protocol violation. All other aspects of care, including the administration of glucocorticoids (including agents with mineralocorticoid effects) and thiamine, were at the discretion of the treating teams.
L42: A potential risk of intravenous vitamin C is factitious hyperglycemia as recorded by capillary blood sugar point-of-care devices. This phenomenon does not occur with core lab assays, with specific glucometers whose measurements have been validated when serum ascorbic acid concentrations are high, or with many point-of-care blood gas machines. Accordingly, in keeping with other trials evaluating the same vitamin C regimen, for all participants receiving insulin or oral hypoglycemic agents, from the first dose of study medication to 36 hours after the last dose, glucose was measured either in the core lab or by the Nova Biomedical StatStrip glucometer (Nova Biomedical Ltd., Canada), which has been validated. Additional details of glucose monitoring are available in the supplementary appendix.
L43: Outcomes
L44: Primary Outcome
L45: As this was a pilot feasibility trial, the primary outcomes were focused on protocol adherence and study feasibility. Protocol deviations included open-label administration of vitamin C and instances where no dose of the study drug was administered. Protocol adherence was measured by administration of ≥90% of scheduled doses, number of scheduled and administered doses, at least one scheduled dose of study medication missed, the first dose of scheduled medication given >4 hours after randomization, and any glucose monitoring deviations. Study feasibility was reported as the number of patients randomized per month per site (counting only months where screening was open) and the number of patients randomized as a proportion of the eligible patients.
L46: The number of scheduled doses of vitamin C or placebo had a maximum value of 16, with values <16 if the patient died in or was discharged from the ICU or was transitioned to palliative care. Measures of adherence refer to the denominator of scheduled doses for each patient.
L47: Secondary Outcomes
L48: We also evaluated the impact of intravenous vitamin C on secondary outcomes: death or persistent organ dysfunction (POD) (defined as dependency on mechanical ventilation, new renal replacement therapy, or vasopressors) at day 28, mortality at day 28, POD at day 28, organ function assessed by the SOFA score (measured in the ICU on days 1, 2, 3, 4, 7, 10, 14, and 28, where day 1 was the day of randomization), occurrence of stage 3 acute kidney injury (AKI) (additional information in supplementary appendix), acute hemolysis, severe hemolysis (additional information in supplementary appendix), hypoglycemia, POD free days in the ICU up to day 28 (added after trial registration), health-related quality of life at 6 months among survivors, and lengths of stay in the ICU and hospital (added after trial registration). 12
L49: We telephoned patients or relatives 6 months after randomization to ascertain mortality at 6 months and health-related quality of life (HRQOL) among 6-month survivors.
L50: Adverse Events
L51: Following recommendations for adverse event reporting in academic critical care trials, expected adverse events (death, stage 3 AKI, hemolysis, hypoglycemia), whether severe or not, were prespecified trial outcomes and were not reported separately as adverse events. 13  Any unexpected adverse events that were serious (i.e., fatal, life-threatening, prolonging hospital stay, resulting in persistent or significant disability or incapacity, or constituting an important medical event according to the site investigator) and considered by the site investigator to be at least possibly related to trial procedures are reported.
L52: Sample Size
L53: Since the trial was designed as a pilot feasibility study and with the goal of understanding control and intervention group event rates for the primary outcome, LOVIT-India aimed to enroll between 25 and 100 patients. With an anticipated rate of adherence (defined as administration of ≥90% of scheduled doses) of 90%, the confidence interval (CI) would be 69–97% with enrollment of 25 patients and 82–95% with enrollment of 100 patients.
L54: Randomization and Allocation Concealment
L55: Using a continuously (24/7) available web randomization service (Randomize.net), trial participants were randomized in a 1:1 ratio to vitamin C or matching placebo. We used permuted blocks of undisclosed and variable size. Randomization was stratified by site.
L56: Blinding
L57: Intensive care unit clinical personnel, research personnel, participants, members of the steering committee, and the data analyst were blinded to the treatment allocation. Only the pharmacist who prepared the solution (vitamin C or placebo) was not blinded.
L58: Analytical Methods
L59: The statistical analysis plan ( https://osf.io/xgu5d ) was developed before database lock, analysis, and unblinding. All patients were analyzed as randomized in accordance with the intention‐to‐treat principle. Patients were analyzed by randomized group regardless of adherence with the exception of adverse events, which we report in an as-treated analysis. Patients who withdrew consent for their follow-up data to be used were included in analyses only to the extent permitted by their consent withdrawal; for example, if patients consented to baseline and follow-up data being used before a withdrawal of consent, that data was used.
L60: Categorical variables are summarized with counts and percentages (based on the number of patients with data), and continuous variables are reported as means (SDs) or medians (IQRs) as appropriate. All tests are two-sided, with  p  < 0.05 taken as statistically significant. No subgroup analyses were planned. Analyses were performed using SAS v9.4 (SAS Institute Inc.) Estimates of treatment effects are reported with 95% CIs.
L61: We used descriptive statistics to report feasibility and adherence outcomes. For feasibility, success was defined as enrolling >1 patient per site per month open for screening. For adherence, success was defined as at least 90% of patients receiving 90% of scheduled doses of investigational products and no more than 20% of patients having a glucose monitoring deviation.
L62: For the key secondary outcome of the composite endpoint of POD or death at day 28, we compared the groups using log-binomial models and report risk ratios (RR) and 95% CI. We also report the number of patients meeting each part of the composite outcome (death or POD) separately. For 6-month HRQoL, in survivors with complete follow-up, we report the mean or median for each dimension of the scale and for the self-reported overall health status in each group. Differences in means or medians and 95% CI are reported. SOFA scores by randomized group at each time point are summarized descriptively. For patients who die before day 7, we imputed the worst (highest) value, and for patients discharged alive before day 7, we imputed the value based on data available for these patients. We report differences in means or medians at each timepoint and 95% CI. Safety outcomes [stage 3 AKI, hemolysis, severe hemolysis, hypoglycemia, serious adverse events (SAEs)] are summarized as proportions and compared using Chi-square or Fisher's exact test as appropriate, and RR (95% CI) is reported. For POD-free days in the ICU up to day 28, analysis is rank-based, with death assigned as −1. We report the median in each group and compare them using quantile regression for differences in medians and 95% CI. Length of stay was considered separately in survivors and non‐survivors, summarized by median in each group.
L63: Additional details of the analyses can be found in the prespecified analysis plan, developed and published prior to database lock and unblinding (available here:  https://osf.io/xgu5d). 14  Analyses of all secondary outcomes are unadjusted for multiplicity and should be considered hypothesis-generating.
L64: R esults
L65: The trial was stopped on 13 February 2022 after preliminary analyses from LOVIT (Supplementary material Page 9) found an increased risk of death and POD in the vitamin C group. 9  From 12 May 2020 to 03 February 2022, we screened 60 patients, of whom 51 were eligible and 32 were randomized to receive either intravenous vitamin C or placebo. Enrollment was disrupted by the COVID-19 pandemic from May 2020 to December 2020, during which period screening was intermittent due to limited availability of research staff, and only 3 patients were randomized.  Figure 1  depicts the flow of participants in the trial. After excluding 2 patients for whom consent was withdrawn prior to receipt of the study drug, 30 patients were included in the analysis. The last follow-up phone call was on the 10th of August 2022.
L66: Fig. 1 CONSORT diagram
L67: Table 1  describes the baseline characteristics of the patients enrolled in the trial. The median age was 66.0 (52.0, 70.0) years in the vitamin C arm and 60.0 (51.0, 70.0) in the placebo arm. 70.0% of enrolled patients were male and this was similar in both arms. The Acute Physiology and Chronic Health Evaluation II (APACHE II) score was lower in the vitamin C arm as compared to placebo [18.0 (13.5,22.5) vs 20.5 (15.0,24.0)]. However, the Sequential Organ Failure Assessment (SOFA) score on day 1 was higher in the vitamin C arm [11.0 (8.5, 13.5) vs 9.0 (7.0,13.0)]. The mean (SD) time from ICU admission to randomization was 16.2 (7.0) hours overall and was similar in both arms. In approximately 50% of the patients, the primary site of infection was blood. Other baseline characteristics were comparable.
L68: Table 1 Baseline and day 1 characteristics
L69: Supplementary  Table 1  provides the details of the microbiological diagnosis at baseline. Blood cultures were positive in 31.2% of patients in the vitamin C arm and 50.0% of patients in the placebo arm. 20% of the overall trial population tested positive for Dengue (NS1 antigen or IgM antibodies) or Scrub typhus (IgM antibodies).
L70: Table 2  provides the results of protocol adherence and the feasibility outcomes. The overall rate of enrollment was 1.5 patients per month and 2.3 patients per month if we excluded the period of disruption resulting from the pandemic. The proportion of eligible patients that were randomized was 0.63. All patients received >90% of the scheduled doses and no patient received open-label vitamin C. One patient in the vitamin C arm received their first dose >4 hours after randomization. Glucose monitoring was performed as specified in the protocol in 100% of the patients in both arms.
L71: Table 2 Protocol adherence and feasibility
L72: Table 3  provides the results for the key secondary outcomes. Mortality or POD at day 28 was 56.3% in the vitamin C arm as compared to 42.9% in the placebo arm [RR: 1.31 (95% CI: 0.62,2.76),  p  = 0.47]. There were no episodes of acute or severe hemolysis, hypoglycemia, or other serious adverse events.
L73: Table 3 Secondary outcomes
L74: There were no differences in other secondary outcomes (Supplementary  Table 2 ).
L75: D iscussion
L76: In this pilot feasibility RCT, we demonstrated excellent protocol adherence and feasibility. This trial was not powered to detect differences in patient-important outcomes, but results numerically favored the placebo group, with fewer deaths, more POD-free days to day 28, and less AKI compared to vitamin C. There were no pre-specified safety events in either group and no serious adverse events were reported.
L77: Our results are consistent with that of the parent LOVIT trial where patients randomized to the vitamin C arm had a higher risk of death or POD at day 28 (RR 1.21, 95% CI: 1.04–1.40). 9  In a systematic review that included the results of the LOVIT trial, when pooling trials at low risk of bias, moderate certainty evidence suggested that vitamin C had a higher risk of both in-hospital and 90-day mortality. 8  Based on these results, a recent rapid practice guideline has issued a conditional recommendation against the use of vitamin C in sepsis. 15
L78: The exact mechanism of harm remains unclear. High doses of vitamin C can result in oxaluria and AKI. While the proportion of patients with AKI was higher in the vitamin C arm in our trial, this was not the case in the larger parent trial and did not explain the signal of harm. In the LOVIT trial, additional analyses of differences in biomarkers of tissue dysoxia, inflammation, and endothelial injury also did not identify a putative mechanism for harm. 9
L79: LOVIT included patients from high-income countries (HICs) with distinct patient, microbiological, and health system characteristics. LOVIT-India was initiated with the rationale that vitamin C may be more effective in India and other low- or middle-income countries (LMICs) due to a higher baseline risk of malnutrition, delays in presentation, and the higher proportion of gram-negative and ‘tropical’ infections and infections caused by multidrug resistant organisms. 3 , 4 , 16  Given the results of LOVIT-India and LOVIT, a larger trial of this vitamin C regimen in patients with sepsis in LMICs appears to be unjustified.
L80: LOVIT-India was also set up to explore the broader feasibility of conducting RCTs for critically ill patients in India given barriers to the conduct of critical care trials. 10 , 17  While it is true that we enrolled a limited number of patients from 2 tertiary care centers in an urban setting, our results demonstrate that with the right combination of mentorship, capacity building, and equitable collaboration, methodologically robust trials can be set up to answer key questions of local and global relevance. In the recent past, there have been additional examples of such collaborative models. 18 , 19
L81: Strengths and Limitations
L82: Our trial was conducted to the highest methodological standards. Patients, clinicians, and trial personnel were blinded to the intervention. We harmonized our trial protocol with the parent trial to enable future individual patient-level meta-analysis. In contrast to other vitamin C trials, we collected microbiological data. Our statistical analysis plan was developed and published prior to database lock and unblinding. Our trial also demonstrates an elegant model of international collaboration to answer questions of relevance for critically ill adults in HICs and LMICs.
L83: There are important limitations. The trial was stopped prior to enrollment of the maximum planned sample size based on the results of the parent trial, and inferences on patient-important outcomes are weak. We did not collect data on baseline vitamin C levels or other biomarkers of relevance.
L84: C onclusion
L85: In this pilot feasibility RCT of vitamin C for adult patients with sepsis, we demonstrated protocol adherence and met feasibility endpoints.
L86: E thics  A pproval
L87: LOVIT-India was approved by the institutional ethics committee (AMH-011/03-19) and patients or their legal representatives provided written informed consent.
L88: A uthor  C ontributions
L89: BKTV:  Conceptualization, funding acquisition, methodology, project administration, writing-original draft, writing-review, and editing. RV, YR, SM, DJ, PR, NR:  Investigation, writing-review, and editing. NKJA, FL:  Conceptualization, methodology, project administration, writing-review, and editing. RP:  Methodology, formal analysis, visualization, writing-review, and editing. MHM, JM, SS:  Project administration, data curation, writing-review, and editing.
L90: S upplementary  M aterial
L91: All the supplementary materials are available online on the website of  www.IJCCM.org .
L92: O rcid
L93: Bharath Kumar Tirupakuzhi Vijayaraghavan 
L94:  https://orcid.org/0000-0002-1801-0667
L95: Ramesh Venkataraman 
L96:  https://orcid.org/0000-0003-1949-3979
L97: Yamunadevi Ramanathan 
L98:  https://orcid.org/0000-0002-4403-6107
L99: Saravanan Margabandhu 
L100:  https://orcid.org/0000-0002-5919-3439
L101: Devachandran Jayakumar 
L102:  https://orcid.org/0000-0001-7134-3746
L103: Pratheema Ramachandran 
L104:  https://orcid.org/0000-0001-7000-7329
L105: Neill KJ Adhikari 
L106:  https://orcid.org/0000-0003-4038-5382
L107: Francois Lamontagne 
L108:  https://orcid.org/0000-0002-0360-3427
L109: Ruxandra Pinto 
L110:  https://orcid.org/0000-0003-3712-4624
L111: Marie-Hélène Masse 
L112:  https://orcid.org/0000-0002-6630-1960
L113: Julie Ménard 
L114:  https://orcid.org/0000-0002-9479-5435
L115: Sheila Sprague 
L116:  https://orcid.org/0000-0003-1466-8063
L117: Nagarajan Ramakrishnan 
L118:  https://orcid.org/0000-0001-5208-4013
L119: 1. Singer M Deutschman CS Seymour CW Shankar-Hari M Annane D Bauer M et al. The third international consensus definitions for sepsis and septic shock (Sepsis-3). JAMA 2016 315 8 801 810 10.1001/jama.2016.0287 26903338
L120: 2. Rudd KE Johnson SC Agesa KM Shackelford KA Tsoi D Kievlan DR et al. Global, regional, and national sepsis incidence and mortality, 1990–2017: Analysis for the Global Burden of Study Disease Study. Lancet 2020 395 10219 200 211 10.1016/S0140-6736(19)32989-7 31954465
L121: 3. Hammond NE Kumar A Kaur P Tirupakuzhi Vijayaraghavan BK Ghosh A Grattan S et al. Estimates of sepsis prevalence and outcomes in adult patients in the ICU in India: A cross-sectional study. Chest 2022 161 6 1543 1554 10.1016/j.chest.2021.12.673 35092747
L122: 4. Divatia JV Mehta Y Govil D Zirpe K Amin PR Ramakrishnan N et al. Intensive Care in India in 2018–2019: The second Indian intensive care case mix and practice patterns study. Indian J Crit Care Med 2021 25 10 1093 1107 10.5005/jp-journals-10071-23965 34916740
L123: 5. Marshall JC Why have clinical trials in sepsis failed? Trends Mol Med 2014 20 4 195 203 10.1016/j.molmed.2014.01.007 24581450
L124: 6. Langlois PL Manzanares W Adhikari NKJ Lamontagne F Stoppe C Hill A et al. Vitamin C administration to the critically ill: A systematic review and meta-analysis. JPEN J Parenter Enteral Nutr 2019 43 3 335 346 10.1002/jpen.1471 30452091
L125: 7. Fujii T Salanti G Belletti A Bellomo R Carr A Furukawa TA et al. Effect of adjunctive vitamin C, glucocorticoids, and vitamin B1 on longer-term mortality in adults with sepsis or septic shock: A systematic review and a component network meta-analysis. Intensive Care Med 2022 48 1 16 24 10.1007/s00134-021-06558-0 34750650
L126: 8. Agarwal A Basmaji J Fernando SM Zhou Ge F Xiao Y Faisal H et al. Parenteral vitamin C in patients with severe infection: A systematic review. NEJM Evid 2022 1 9 10.1056/EVIDoa2200105
L127: 9. Lamontagne F Masse MH Menard J Sprague S Pinto R Heyland DK et al. Intravenous vitamin C in adults with sepsis in the intensive care unit. N Eng J Med 2022 386 2387 2398 10.1056/NEJMoa2200644
L128: 10. Tirupakuzhi Vijayaraghavan BK Gupta E Ramakrishnan N Beane A Haniffa R Lone N et al. Barriers and facilitators to the conduct of critical care research in low and lower-middle income countries: A scoping review. PLoS One 2022 17 5 e0266836 10.1371/journal.pone.0266836 35511911
L129: 11. Eldridge SM Chan CL Campbell MJ Bond CM Hopewell S Thabane L et al. CONSORT 2020 statement: Extension to randomized pilot and feasibility trials. BMJ 2016 355 i5239 10.1136/bmj.i5239 27777223
L130: 12. Kidney International. KDIGO clinical practice guideline for acute kidney injury. Available from:  https://kdigo.org/wp-content/uploads/2016/10/KDIGO-2012-AKI-Guideline-English.pdf  (accessed on 26th July 2023)
L131: 13. Cook D Lauzier F Rocha MG Sayles MJ Finfer S Serious adverse events in academic critical care research. CMAJ 2008 178 9 1181 1184 10.1503/cmaj.071366 18427095
L132: 14. OSF Home. Available from:  https://osf.io/xgu5d  (accessed on 26 July 2023)
L133: 15. Blaser AR Alhazzani W Belley-Cote E Moller MH Adhikari NKJA Burry L et al. Intravenous vitamin C therapy in adult patients with sepsis: A rapid practice guideline. Acta Anaesthesiol Scand 2023 67 10 1423 1431 10.1111/aas.14311 37500083
L134: 16. Venkataraman R Divatia JV Ramakrishnan N Chawla R Amin P Gopal P et al. Multicenter observational study to evaluate epidemiology and resistance patterns of common intensive care unit-infections. Indian J Crit Care Med 2018 22 1 20 26 10.4103/ijccm.IJCCM_394_17 29422728
L135: 17. Bassi A Arfin S Joshi R Bathla N Hammond NE Rajbhandari D et al. Challenges in operationalising clinical trials in India during the COVID-19 pandemic. Lancet Glob Health 2022 10 3 e317 e319 10.1016/S2214-109X(21)00546-5 34953516
L136: 18. Tirupakuzhi Vijayaraghavan BK Jha V Rajbhandari D Myatra SN Ghosh A Bhattacharya A et al. Hydroxychloroquine plus personal protective equipment versus personal protective equipment alone for the prevention of laboratory-confirmed COVID-19 infections among healthcare workers: A multicentre, parallel-group randomised controlled trial from India. BMJ Open 2022 12 6 e059540 10.1136/bmjopen-2021-059540
L137: 19. Munch MW Myatra SN Tirupakuzhi Vijayaraghavan BK Saseedharan S Benfield T Wahlin RR et al. Effect of 12mg vs 6mg of dexamethasone on the number of days alive without life support in adults with COVID-19 and severe hypoxemia: The COVID STEROID 2 randomized trial. JAMA 2021 326 18 1807 1817 10.1001/jama.2021.18295 34673895
L138: A cknowledgments
L139: Authors would like to gratefully acknowledge the support of Dr Lakshmi Ranganathan (Research Manager, Department of Critical Care Medicine, Apollo Main Hospitals, Chennai), Mr Augustian James (Clinical Research Associate, Department of Critical Care Medicine, Apollo Main Hospital, Chennai) and Ms Steffi Thomas (Clinical Research Associate, Department of Critical Care Medicine, Apollo Specialty Hospitals, Chennai).
L140: Availability of Data and Materials:  All data underlying the results are available within the manuscript. Additional data are available upon reasonable request. Deidentified patient data will be made available beginning 6 months after publication of the study and ending at 2 years. All requests for data sharing must be accompanied by a formal request, a study proposal with a clear statement of aims and hypotheses, and a statistical analysis plan and mailed to the corresponding author. Applications from investigators with suitable academic capability to conduct the proposed work will be given consideration. Any proposal will require approval from the ethics committee which approved the conduct of this trial prior to sharing any patient data. If a proposal is approved, a signed data transfer agreement will be required before data sharing. Reasonable personnel costs related to data transfer will be invoiced to the requesting investigators.
L141: Clinical Trial Registration Number:  CTRI/2020/03/024371.
[92ms]

