L1: The effects of nutritional supplementation on older sarcopenic individuals who engage in resistance training: a meta-analysis
L2: Frontiers in Nutrition (2023)
L3: Zixian Song, Tingting Pan, Xu Tong, Ying Yang, Ze Zhang
L4: 1 Department of Internal Medicine, First Clinical College, Liaoning University of Traditional Chinese Medicine ,  Shenyang ,  China
L5: 2 Department of Geriatrics, Affiliated Hospital of Liaoning University of Traditional Chinese Medicine ,  Shenyang ,  China
L6: Objective
L7: Sarcopenia is a typical age-related disorder characterized by loss of muscle mass, strength, and physical function. Resistance training has a noticeable effect on sarcopenia, but there is no consensus on whether nutritional supplements can boost this effect. We conducted a meta-analysis of relevant literature to investigate the therapeutic effect of resistance training combined with nutrition intervention on sarcopenia compared with resistance training alone.
L8: Methods
L9: Cochrane Library, PubMed, Web of Science, Embase, Sinomed, CNKI, VIP, and Wanfang Data were searched for relevant studies on resistance training combined with nutritional intervention for aging adults with sarcopenia. The retrieval period ranged from the inception of the databases to May 24, 2022. Literature screening and information extraction were performed by two researchers. The Physiotherapy Evidence Database (PEDro) scale was adopted for literature quality evaluation and Stata 15.0 software for analysis.
L10: Results
L11: Twelve clinical trials were included, involving 713 older adults diagnosed with sarcopenia, of whom 361 were assigned to the experimental group and 352 to the control group. Compared with the control group, grip strength of the experimental group was substantially elevated [WMD = 1.87, 95% CI (0.01, 3.74),  P  = 0.049]. Subgroup analysis demonstrated that vitamin D and protein increased grip strength and gait speed. There were no significant improvement in grip strength and gait speed in the protein and vitamin D free subgroup.
L12: Conclusions
L13: This meta-analysis demonstrated that resistance training combined with additional nutritional supplementation, especially compound nutritional supplements that included protein and vitamin D, might further enhance grip strength rather than muscle mass in older adults with sarcopenia.
L14: Systematic review registration
L15: https://www.crd.york.ac.uk/PROSPERO/ , identifier: CRD42022346734.
L16: Nutrition; Systematic Review; Systematic Review
L17: sarcopenia; nutrition; resistance training; elderly people; meta-analysis
L18: Background
L19: Sarcopenia is recognized as a complex syndrome that tends to occur in older adults. It is a phenomenon of aging accompanied by progressive and systemic skeletal muscle decline, and it has been defined as loss of muscle mass, muscle strength, and physical function ( 1 ). Hereditary factors, lack of exercise, malnutrition, increased inflammation, age-related declines in hormone concentrations, and low vitamin D levels are currently regarded as risk factors for sarcopenia ( 2 ,  3 ). Estimated morbidity in both males and females over 60 years is 10% ( 4 ). Sarcopenia causes frailty, handicap, reduced quality of life, and even death in older adults ( 5 ).
L20: Muscle mass and strength decline with age after middle age, and the development and progression of age-related primary sarcopenia may involve protein synthesis, proteolysis, muscle fat content, and neuromuscular integrity ( 6 ). The pathogenesis may be multifactorial. First, aging causes the disfunction of satellite cells, which play an important role in muscle regeneration, leading to a decline in the regeneration capacity and number of muscle fibers ( 7 ,  8 ). Various myocyte growth factors can also regulate the function of satellite cells to increase or reduce muscle fibers ( 9 ). Second, the activity of the IGF-1/PI3K/mTOR system, which plays an important role in muscle hypertrophy, decreases with aging ( 10 ). Furthermore, amyotrophy-related factors in skeletal muscles increase with aging ( 11 ), resulting in less muscle protein synthesis (MPS) and more muscle protein breakdown (MPB). Third, chronic inflammation induced by various factors in aging compromises muscle strength and function by enhancing the infiltration of macrophage into skeletal muscle, reducing muscle mass, and increasing the accumulation of ectopic fat ( 12 ). Fourth, the renin-angiotensin system (RAS) promotes muscle protein degradation through: (i) direct oxidative stress via angiotensin II type 1 receptors; (ii) decreased anabolic hormones via indirect induction; (iii) induction of proinflammatory cytokines; and (iv) enhanced muscle protein degradation via increased myostatin ( 9 ). Fifth, some relevant studies have reported that sex hormones (e. g., serum testosterone and estrogen) decreasing with age may be associated with sarcopenia ( 13 ,  14 ). Sixth, excessive mitochondrial reactive oxygen species (ROS) accumulate in skeletal muscle cells, and the accumulation of single-strand breaks in the telomeric region may accelerate telomere erosion, leading to cellular senescence ( 15 ). Besides, the generation of ROS causes inflammatory markers to overexpress and induces alterations in transcription factors and gene expression, which can affect protein equilibrium ( 16 ) and reduce muscle protein.
L21: Skeletal muscle mass is determined by a complex balance between MPS and MPB, and resistance exercise is known as an effective stimulus to MPS promotion ( 17 ), and a recognized non-drug therapy that has produced satisfactory effects on the prevention and treatment of sarcopenia ( 18 – 22 ). However, whether nutritional supplementation can enhance the effect of resistance exercise remains uncertain. Although recommended by both the European Working Group on Sarcopenia in Older People (EWGSOP) and the Asian Working Group for Sarcopenia (AWGS) ( 1 ,  23 ), the “International Conference on Sarcopenia and Frailty Research” (ICFSR) indicated a low level of evidence ( 24 ). Some studies have reported that exercise training combined with dietary supplements has increased benefits, but some other research has conflicting findings ( 25 ). Currently, there is no systematic review and meta-analysis on nutritional supplementation combined with resistance exercises in older sarcopenic individuals. Therefore, the present study aimed to compare the therapeutic effect of resistance training combined with nutrition intervention vs. resistance training alone on muscular strength, quality, and function in elderly patients with sarcopenia.
L22: Materials and methods
L23: This meta-analysis was conducted according to the Cochrane Handbook for the Systematic Review of Interventions ( http://training.cochrane.org/handbook ) and the Preferred Reporting Items for Systematic Review and Meta-Analyses. PMID: 19622552 ( 26 ). This study protocol was approved on PROSPERO (ID: CRD42022346734).
L24: Type of the included studies
L25: Interventional study.
L26: Inclusion and exclusion criteria
L27: The inclusion criteria were as follows. Participants: (i) aged 60 or above; (ii) diagnosed with sarcopenia. Since there is no unified definition of sarcopenia, we accept different definitions of “sarcopenia” in different studies; and (iii) have no major physical disability and can perform activities freely to ensure that they can perform resistance training normally. Intervention: (i) The experimental group performed resistance exercise combined with nutritional intervention as the experimental design, and took no specific drugs; The control group only performed resistance exercise and they were given placebo or isocaloric products with the same diet habit as usual. (ii) Intervention time ≥ 8 weeks, all participants had twice resistance exercise per week, and each time was not <20 min. The experimental group received resistance exercise plus intensive nutritional supplementation once or twice per day. (iii) The resistance exercise was designed as a progressive full-body workout with resistance equipment such as resistance bands or fitness facilities. Nutritional supplements included but were not limited to, protein, ω-3 fatty acids, vitamin D, and other substances that may be beneficial for improving muscle mass and strength.
L28: The exclusion criteria were as follows: (i) Research disease was not related to sarcopenia; (ii) Research data was not accessible. (iii) Publication types were single-arm studies, reviews, pathological studies, animal experiments, dissertations or conference papers, etc.
L29: Outcome indicators
L30: According to the definition of sarcopenia, grip strength and chair stand test were used to evaluate the muscle strength of upper and lower limbs; total lean mass, appendicular skeletal muscle mass (ASM), and ASM index were used to assess muscle mass; timed up & go (TUG) and gait speed were used to evaluate muscle performance. Besides, body mass, body mass index (BMI), and total fat mass were used as secondary outcome indicators to observe the therapeutic effects of the two intervention methods on the elderly with sarcopenia.
L31: Retrieval strategies
L32: A computer search was performed in Cochrane Library, PubMed, Web of Science, Embase, CNKI, and Wanfang Data, for research on the application effect of resistance training combined with nutritional intervention against sarcopenia. The retrieval period was from the inception of the databases to May 24, 2022. English key search terms included “sarcopenia”, “sarcopenias”, “training, resistance”, “strength training”, “nutrition therapy”, and “therapy, nutrition”. The Chinese terms used for search included “肌少症”, “骨骼肌减少症”, “抗阻训练”, and “营养”. Detailed search strategies are available in  Supplementary Table 1 .
L33: Literature screening and data extraction
L34: Two researchers (ZS and TP) were responsible for the literature screening strictly following inclusion and exclusion criteria, and Endnote software version X9 was employed to manage the literature. The retrieved literature was initially imported into the software and the repeated literature was removed. Eligible studies were preliminarily selected by titles or abstracts, of which the full texts were downloaded. After reading the full texts, the original studies that met the requirements of this systematic review were included. Literature information was extracted; cross-validation was performed; and measurement units were unified. If there was any discrepancy, a third researcher (ZZ) was consulted to assist in the final decision. The extracted information mainly included title, first author, year of publication, country, type of study, diagnostic criteria for sarcopenia, sample size and gender of the experimental group and control group, intervention method, intervention time, and outcome indicators.
L35: Quality assessment
L36: Two researchers (ZS and TP) assessed the quality of the included studies using the Physiotherapy Evidence Database (PEDro) scale ( 27 ). The PEDro scale consists of 11 items, including eligibility criteria, random allocation, concealed allocation, similar measures between groups at baseline, instructor blinding, assessor blinding, participant blinding, more than 85% dropout rate, intention-to-treat analysis, statistical comparison between groups, and ≥1 key outcome estimated. Each item is worth 1 point, except for criterion number 1. A higher total score indicates better methodological quality. Hence, a study with a PEDro score of 6 or higher was rated as high quality (6–8:good; 9–10:excellent), whereas a study with a score of 5 or lower was considered low quality (4–5: acceptable; < 4: poor) ( 28 ).
L37: Statistical methods
L38: Stata 15.0 software was adopted to perform statistical analysis of the included literature, such as the tests for heterogeneity, publication bias analysis, and sensitivity analysis. The extracted data in the study were all continuous variables with unified measurement units. Effect sizes were combined using mean difference (MD), and 95% confidence intervals (CIs) were calculated. Heterogeneity was assessed using the Q statistic and I 2  tests. If  P  > 0.1 and I 2  ≤ 50%, the heterogeneity between studies was acceptable, and a fixed effect model was adopted for meta-analysis. If  P  ≤ 0.1 or I 2  > 50%, heterogeneity between studies was high, and a random effect model was employed for meta-analysis. Publication bias of the included studies was verified by running the “metabias” command, and a  P  < 0.05 were considered statistically significant.
L39: Results
L40: Literature search results
L41: A total of 730 articles were retrieved from the described databases, of which 29 articles were from Cochrane Library, 36 from PubMed, 266 from Web of Science, 339 from Embase, 5 from Sinomed, 14 from CNKI, 38 from Wanfang Data, and 3 from the VIP database. After the retrieved literature was imported into EndNote X9, 146 repeated literature were excluded. After reading the titles and abstracts, 441 irrelevant works of literature were removed. According to full-text reading, 131 unqualified works of literature were removed, Finally, 12 articles were included ( 29 – 40 ). The literature screening process is shown in  Figure 1 .
L42: Figure 1 Literature screening flowchart and results.
L43: Basic characteristics of the included literature
L44: A total of 12 studies involving 713 older adults diagnosed with sarcopenia were included. The included studies were published in English. The basic characteristics of the included literature are shown in  Table 1 .
L45: Table 1 The basic characteristics of the included literature.
L46: Notably, we extracted participants' baseline nutrition absorbed from their daily diets. Four studies ( 29 – 31 ,  37 ) did not provide baseline dietary intake, but one reported mini nutritional assessment scores and nutritional status ( 29 ). However, the nutritional status of the participants at enrollment in the other three studies was unknown due to the lack of baseline data. If most of them had an insufficient nutritional intake, it would amplify the effect of nutritional supplementation.
L47: Protein was reported in three studies ( 33 ,  34 ,  36 ) amino acid powder supplements in one study ( 31 ), collagen peptides in one study ( 37 ), catechins in one study ( 30 ), leucine and whey protein in one study ( 29 ), and mixed nutritional supplements containing vitamin D and proteins in five studies ( 32 ,  35 ,  38 – 40 ).
L48: Quality appraisal of the included literature
L49: The PEDro scores are shown in  Table 1 , and the detailed scores are presented in  Supplementary Table 2 . The scores for study quality ranged from 5 to 9. One study ( 36 ) scored 5 because it was quasi-experimental intervention research, and the rest of the studies were all randomized controlled trials with scores >6, indicating high quality.
L50: Meta-analysis results
L51: Muscle strength
L52: Muscle strength was assessed by indicators of grip strength and chair stand test. The grip strength and chair stand test were combined using the weighted MD (WMD).
L53: Grip strength
L54: Eight studies reported grip strength, with 280 cases in the experimental group and 266 cases in the control group. A random-effects model (I 2 =68.8%,  P  = 0.002) was used for meta-analysis, and the analysis results revealed that the difference in grip strength between the experimental group and the control group was statistically significant [WMD = 1.87, 95% CI (0.01, 3.74),  P  = 0.049], as shown in  Figure 2 .
L55: Figure 2 Forest plot for grip strength of resistance training combined with nutritional supplementation vs. resistance training alone. Overall estimates were obtained from forest plots of the meta-analysis using the random-effects model. Diamond icons and horizontal bars represent the overall estimate and 95% CI. WMD, weighted mean difference; CI, confidence interval.
L56: Chair stand test
L57: Five studies reported chair stand test, with 132 cases in the experimental group and 132 in the control group. A random-effects model (I 2 =86.6%,  P  = 0.000) was adopted for meta-analysis, and the results indicated no significant difference in chair stand test between the experimental group and the control group [WMD = −2.03, 95% CI (−5.82, 1.76),  P  = 0.295] as shown in  Supplementary Figure 1 .
L58: Muscle mass
L59: Muscle mass was assessed by total lean body mass, ASM, and ASM index. Since the measurement of related indicators used two different instruments, either dual-energy X-ray absorptiometry (DXA) or bioelectrical impedance analysis (BIA), we combined the results using standardized MD (SMD).
L60: Lean body mass
L61: Six studies reported lean body mass, with 229 cases in the experimental group and 214 cases in the control group. A fixed-effects model (I 2  = 0.0%,  P  = 0.913) was employed to calculate the pooled effect sizes, and the results indicated no significant difference in lean body mass between the experimental group and the control group [SMD = 0.10, 95% CI (−0.14, 0.34),  P  = 0.422] as shown in  Supplementary Figure 2 .
L62: Appendicular skeletal muscle mass
L63: Five studies reported ASM, with 179 cases in the experimental group and 169 in the control group. A fixed-effects model (I 2  = 0.0%,  P  = 0.928) was employed to calculate the pooled effect sizes, and the results indicated no significant difference in ASM between the experimental group and the control group [SMD = 0.15, 95% CI (−0.06, 0.36),  P  = 0.168] as presented in  Supplementary Figure 3 .
L64: ASM index
L65: Six studies reported the intervention effects of resistance training combined with nutritional supplementation and resistance training alone on old adults with sarcopenia, with 229 cases in the experimental group and 214 cases in the control group. A fixed-effects model (I 2  = 0.0%,  P  = 0.807) was employed to calculate the pooled effect sizes, and the results indicated no significant difference in ASM index between the experimental group and the control group [SMD = 0.16, 95% CI (−0.03, 0.35),  P  = 0.096] as presented in  Supplementary Figure 4 .
L66: Muscle performance
L67: Muscle performance was assessed using TUG and gait speed. As studies with different gait speeds adopted different measures, we pooled the data using SMD.
L68: TUG test
L69: Four studies reported TUG, with 112 cases in the experimental group and 115 in the control group. A random-effects model (I 2  = 81.4%,  P  = 0.001) was adopted to calculate the pooled effect sizes, and the results indicated no significant difference in TUG test between the experimental group and the control group [WMD = −0.81, 95% CI (−2.50, 0.88),  P  = 0.348] as shown in  Supplementary Figure 5 .
L70: Gait speed
L71: Seven studies gait speeds, with 197 cases in the experimental group and 204 cases in the control group. A fixed-effects model (I 2  = 23.2%,  P  = 0.252) was employed to combine the effect sizes, and the results indicated no significant difference in gait speed between the experimental group and the control group [SMD = 0.17, 95% CI (−0.03, 0.36),  P  = 0.098] as presented in  Supplementary Figure 6 .
L72: Secondary outcome indicators
L73: For older adults with sarcopenia, there were no statistically significant differences in body mass, BMI, and fat mass between the experimental group and the control group ( Supplementary Figures 7 – 9 ), as shown in  Supplementary Table 3 .
L74: Subgroup analysis
L75: Subgroup analyses were performed according to the presence of protein and vitamin D in nutrients, and the results revealed an increase of grip strength in the protein and vitamin D subgroup [WMD = 2.72, 95% CI (0.38, 5.05),  P  = 0.022], whereas grip strength and gait speed were not statistically significant in the protein and vitamin D free subgroup [WMD = 0.35, 95% CI (−1.52, 2.22),  P  = 0.713] ( Supplementary Figure 10 ). Gait speed was improved in the protein and vitamin D subgroup [SMD = 0.36, 95% CI (0.08, 0.63),  P  = 0.011], while there was no significant improvement in gait speed in the protein and vitamin D free subgroup [SMD = −0.04, 95% CI (−0.32, 0.25),  P  = 0.795], ( Supplementary Figure 11 ). No significant differences were observed in skeletal muscle mass, TUG, and chair stand test between the two subgroups ( Supplementary Figures 12 – 14 ).
L76: Subgroup analysis was performed according to different diagnostic criteria. AWGS diagnostic criteria was used in two studies ( 32 ,  38 ), EWGSOP diagnostic criteria in three studies ( 35 ,  37 ,  40 ), and EWGSOP2 in one study ( 29 ). The findings suggested that the grip strength of the EWGSOP subgroup was significantly improved [WMD = 5.41, 95% CI (3.74, 7.09),  P  = 0.000], and there was no difference in the AWGS subgroup [WMD = 0.54, 95% CI (−1.34, 2.41),  P  = 0.574] ( Supplementary Figure 15 ). EWGSOP2 trial findings revealed that protein supplementation did not further improve grip strength in sarcopenic patients after resistance training, and there was no difference between the EWGSOP and AWGS subgroups in skeletal muscle mass index ( Supplementary Figure 16 ). There were insufficient data for subgroup analyses of the remaining indicators.
L77: Publication bias
L78: Publication bias of the included studies was detected using Egger's test, and a  P  > 0.05 indicated the absence of publication bias. There was no publication bias in each index of the included literature ( Table 2 ).
L79: Table 2 Egger's test results of publication bias.
L80: Discussion
L81: There are some debates over whether additional nutritional supplementation has better therapeutic effects for older sarcopenic individuals engaging in resistance exercise, and what nutritional supplements should be taken. As a result, the present study aimed to compare the beneficial effects of resistance training combined with nutritional supplementation vs. resistance training alone on older patients with sarcopenia, thereby providing comprehensive evidence for resource optimization and the improvement of the quality of life of older sarcopenia patients.
L82: The current research analyzed 12 studies, including 11 randomized control trials and 1 quasi clinical trial, and the findings indicated that resistance training combined with extra nutritional supplements produced little effect on muscle mass, body mass, BMI, and fat mass in older patients with sarcopenia. After additional nutritional supplements were provided, especially complex supplements containing protein and vitamin D, grip strength and gait speed might be further improved in older adults with sarcopenia after resistance training. On the contrary, no improvement in lower limb strength assessed by the chair stand test was observed. According to a previous review, although some suggestive evidence revealed that a higher intake of nutritional supplements was associated with increased muscle strength, the finding was controversial with a lack of data on muscle strength ( 41 ). Hence, the present study can only conclude that additional nutritional supplements combined with resistance training can improve grip strength to some extent, whereas whether it can improve overall muscle strength needs to be further investigated.
L83: Nutrients currently beneficial for sarcopenia management include protein, leucine, methyl β-hydroxyβ-butyrate, vitamin D, omega-3 fatty acids, and other antioxidants ( 42 ), all of which were reported in the included RCTs. Furthermore, one of the included RCTs focued on catechins. Most nutrients are not supplemented alone, and they are usually combined with other nutrients to form a compound nutrient. Protein was mostly reported in the included studies, with supplies ranging from a minimum of 13.53 g to a maximum of 35 g each time. Some studies have verified that older adults need protein intake of 1.6–1.8 g/kg/day to maintain muscle mass and function ( 43 ), which exceeds the recommended dietary allowance (RDA) of 0.8 g/kg/day ( 44 ). One of the possible reasons is that the anabolic resistance in older adults may inhibit the stimulating effects of strength exercise and protein intake on protein synthesis ( 45 ), so a higher protein intake is needed to maintain the synthesis. Notably, given the differences in participants' health statuses and dietary habits, for older people who have enough dietary protein intake each day, extra protein intake provides no more benefits, instead, its satiety properties may generate a “protein paradox,” which means that an excessive increase in protein intake may come at the expense of other important nutrients due to energy redistribution ( 46 ). A meta-analysis has indicated negative effects of whey protein supplementation at the same dose range (or even higher) as compared to control ( 47 ), and long-term high-protein diets may also affect colon health ( 48 ). The failure to improve muscle mass or performance may also be due to improper nutrition intake. In a case-control study, researchers used a specialized application program to provide health education and personalized nutrition and exercise guidance for older sarcopenia patients and observed improvements in muscle mass ( 49 ). Hence, simply increasing protein intake is not an optimal option, and daily dietary intake should be taken into account and evaluated carefully.
L84: In terms of the duration of resistance exercise and nutritional supplementation, 3 months was reported in two studies, 12 weeks in eight studies, 8 weeks in one study, and 16 weeks in one study. The frequency of resistance training varied from 2 to 5 times per week. Taaffe et al. ( 50 ) have suggested that moderate-intensity training once or twice a week is sufficient to improve muscle mass ( 50 ). The frequency of nutritional supplementation ranged from 2 times a day to 3 times a week. Due to slower protein turnover in older adults, improvements in strength and physical performance are often observed before significant changes in muscle mass ( 51 ). This may be another reason why we did not observe a significant improvement in muscle mass. In this 16-week study ( 33 ), the researchers found that resistance training plus milk protein supplementation resulted in a significant increase in the lean body mass. Hence, appropriately extending the intervention duration without increasing frequency may improve muscle mass.
L85: Protein and vitamin D were the most common combinations of compound nutrients, implying that the addition of vitamin D to a management regimen for sarcopenia may contribute to the recovery of functions of the patients ( 52 ). Subgroup analyses were performed for the studies containing both substances, and the findings indicated significant improvements in grip strength and gait speed in older patients with sarcopenia, which has important implications for clinical practice. However, the fact that this effect may be achieved due to other nutrients in the mixture can not be ignored. A previous meta-analysis indicated that vitamin D plus protein enhanced grip strength, but not gait speed, in patients with sarcopenia ( 53 ). Most of the RCTs included in that study did not perform resistance training, so the regime of protein and vitamin D supplements after resistance training may achieve better results.
L86: Compared to previous studies, the present study is more targeted. Choi et al. ( 54 ) have published a study on the effects of resistance training combined with nutritional intervention vs. resistance training alone on healthy older adults, and they found that additional nutritional supplements did not improve muscle mass, strength, or performance in older adults engaging in resistance exercise. In contrast, the present study centered on older individuals with sarcopenia and found different results. The reason for the difference may be that older patients with sarcopenia were in poorer health and could gain more benefits from nutritional supplements. The meta-analysis published by Luo et al. ( 55 ) investigated the effect of nutritional supplements combined with exercise on elderly individuals with sarcopenia, while the present study focused on resistance exercise to minimize the impact of different forms of exercise on the study population. Furthermore, we included more high-quality original studies than previous studies.
L87: An additional strength of this study is that it is the first meta-analysis comparing the effects of resistance training combined with nutritional supplementation vs. resistance training alone on elderly patients with sarcopenia. Besides, we performed a subgroup analysis according to nutritional combinations containing protein and vitamin D as well as different diagnostic criteria to conclude more meaningful results. To explore whether additional nutritional supplementation would improve the therapeutic effect of resistance training on older adults with sarcopenia, muscle strength, muscle mass, and muscle performance were assessed using multiple indicators.
L88: The current study also has several limitations. First, the current study covers several types of nutrients, while the effect of a specific nutrient is not apparent. The reason is that, apart from protein-related studies, there are relatively few trials conducted to elucidate the effect of other kinds of nutrients. Subsequent trials focusing on a specific nutrient are necessary. Second, the improved effects on grip strength and gait speed cannot exclude the influence of additional nutrients. Thirdly, due to the lack of an international unified standard for the diagnosis of sarcopenia, the diagnostic criteria in half of the included studies were developed by their researchers themselves. Hence, the amount of muscle loss varied among the included populations. Fourth, the time, intensity, frequency, and nutrient supply of resistance training in the experiments were not consistent, which might have a certain impact on the research results. Finally, there are still few trials performed using the plan of several nutrients combined with resistance training for older patients with sarcopenia, and the number of participants in the study is also very limited. In one of the included studies, patients with sarcopenia were analyzed as a subgroup, and the number of these patients was only 7 ( 35 ), which might affect the reliability of the results.
L89: The results of this study indicate that nutritional supplementation combined with resistance training does improve some aspects of muscle condition in older patients with sarcopenia, providing a basis for future nutritional supplementation for older sarcopenic patients. Furthermore, complex nutritional supplements rich in protein and vitamin D can be used for sarcopenic patients engaging in resistance training to further improve their muscle strength and performance.
L90: Conclusion
L91: Combining nutritional supplementation with resistance training can improve grip strength in older patients with sarcopenia. Especially, complex nutritional supplements rich in protein and vitamin D can help the patients ameliorate their gait speed to some extent. Our results underpin the recommendation to combine nutritional supplementation with resistance training in older patients with sarcopenia. Reasonable and appropriate nutritional supplementation is advised to enhance the therapeutic effect of resistance training on older patients with sarcopenia. More high-quality, large-scale RCTs are desired to verify these findings.
L92: Data availability statement
L93: The original contributions presented in the study are included in the article/ Supplementary material , further inquiries can be directed to the corresponding author.
L94: Author contributions
L95: ZS and ZZ contributed to conception and design of the study and organized the database. TP performed the statistical analysis. ZS wrote the first draft of the manuscript. TP and ZZ wrote sections of the manuscript. XT reviewed and edited the manuscript. YY made a critical review, commentary, and revision of the manuscript. All authors contributed to manuscript revision, read, and approved the submitted version.
L96: Conflict of interest
L97: The authors declare that the research was conducted in the absence of any commercial or financial relationships that could be construed as a potential conflict of interest.
L98: Publisher's note
L99: All claims expressed in this article are solely those of the authors and do not necessarily represent those of their affiliated organizations, or those of the publisher, the editors and the reviewers. Any product that may be evaluated in this article, or claim that may be made by its manufacturer, is not guaranteed or endorsed by the publisher.
L100: Supplementary material
L101: The Supplementary Material for this article can be found online at:  https://www.frontiersin.org/articles/10.3389/fnut.2023.1109789/full#supplementary-material
L102: Click here for additional data file.
L103: 1. Cruz-Jentoft AJ 
L104:  Bahat G 
L105:  Bauer J 
L106:  Boirie Y 
L107:  Bruyere O 
L108:  Cederholm T 
L109:  .  Sarcopenia: revised European consensus on definition and diagnosis .  Age Ageing.  ( 2019 )  48 : 16 – 31 .  10.1093/ageing/afy169 30312372
L110: 2. Liao X 
L111:  Wu M 
L112:  Hao Y 
L113:  Deng H .  Exploring the preventive effect and mechanism of senile sarcopenia based on “gut-muscle axis” .  Front. Bioeng. Biotechnol.  ( 2020 )  8 : 590869 .  10.3389/fbioe.2020.590869 33251202
L114: 3. Lenchik L 
L115:  Boutin RD .  Sarcopenia: beyond muscle atrophy and into the new frontiers of opportunistic imaging, precision medicine, and machine learning .  Semin Musculoskelet Radiol.  ( 2018 )  22 : 307 – 22 .  10.1055/s-0038-1641573 29791959
L116: 4. Shafiee G 
L117:  Keshtkar A 
L118:  Soltani A 
L119:  Ahadi Z 
L120:  Larijani B 
L121:  Heshmat R .  Prevalence of sarcopenia in the world: a systematic review and meta- analysis of general population studies .  J Diabetes Metab Disord.  ( 2017 )  16 : 21 .  10.1186/s40200-017-0302-x 28523252
L122: 5. Woo J .  Sarcopenia .  Clin Geriatr Med.  ( 2017 )  33 : 305 – 14 .  10.1016/j.cger.2017.02.003 28689564
L123: 6. Cruz-Jentoft AJ 
L124:  Baeyens JP 
L125:  Bauer JM 
L126:  Boirie Y 
L127:  Cederholm T 
L128:  Landi F 
L129:  .  Sarcopenia: European consensus on definition and diagnosis: report of the european working group on sarcopenia in older people .  Age Ageing.  ( 2010 )  39 : 412 – 23 .  10.1093/ageing/afq034 20392703
L130: 7. Shang M 
L131:  Cappellesso F 
L132:  Amorim R 
L133:  Serneels J 
L134:  Virga F 
L135:  Eelen G 
L136:  .  Macrophage-derived glutamine boosts satellite cells and muscle regeneration .  Nature.  ( 2020 )  587 : 626 – 31 .  10.1038/s41586-020-2857-9 33116312
L137: 8. Yamakawa H 
L138:  Kusumoto D 
L139:  Hashimoto H 
L140:  Yuasa S .  Stem cell aging in skeletal muscle regeneration and disease .  Int J Mol Sci.  ( 2020 )  21 : 830 .  10.3390/ijms21051830 32012884
L141: 9. Nishikawa H 
L142:  Fukunishi S 
L143:  Asai A 
L144:  Yokohama K 
L145:  Nishiguchi S 
L146:  Higuchi K .  Pathophysiology and mechanisms of primary sarcopenia (Review) .  Int J Mol Med . ( 2021 )  48 : 4989 .  10.3892/ijmm.2021.4989 34184088
L147: 10. Parkington JD .  Contraction-mediated mTOR, p70S6k, and ERK1/2 phosphorylation in aged skeletal muscle .  J Appl Physiol.  ( 1985 )  97 : 243 – 8 .  10.1152/japplphysiol.01383.2003 15033970
L148: 11. Giresi PG 
L149:  Stevenson EJ 
L150:  Theilhaber J 
L151:  Koncarevic A 
L152:  Parkington J 
L153:  Fielding RA 
L154:  .  Identification of a molecular signature of sarcopenia .  Physiol Genomics.  ( 2005 )  21 : 253 – 63 .  10.1152/physiolgenomics.00249.2004 15687482
L155: 12. Merritt EK 
L156:  Stec MJ 
L157:  Thalacker-Mercer A 
L158:  Windham ST 
L159:  Cross JM 
L160:  Shelley DP 
L161:  .  Heightened muscle inflammation susceptibility may impair regenerative capacity in aging humans .  J Appl Physiol.  ( 2013 )  115 : 937 – 48 .  10.1152/japplphysiol.00019.2013 23681911
L162: 13. Shin MJ 
L163:  Jeon YK 
L164:  Kim IJ .  Testosterone and Sarcopenia .  World J. Men's Health.  ( 2018 )  36 : 192 – 8 .  10.5534/wjmh.180001 29756416
L165: 14. Collins BC 
L166:  Laakkonen EK 
L167:  Lowe DA .  Aging of the musculoskeletal system: How the loss of estrogen impacts muscle strength .  Bone.  ( 2019 )  123 : 137 – 44 .  10.1016/j.bone.2019.03.033 30930293
L168: 15. Picca A 
L169:  Calvani R .  Molecular mechanism and pathogenesis of sarcopenia: an overview .  Int J Mol Sci.  ( 2021 )  22 : 3032 .  10.3390/ijms22063032 33809723
L170: 16. Dalle S 
L171:  Rossmeislova L 
L172:  Koppo K .  The role of inflammation in age-related sarcopenia .  Front Physiol.  ( 2017 )  8 : 1045 .  10.3389/fphys.2017.01045 29311975
L173: 17. McKendry J 
L174:  Currier BS 
L175:  Lim C 
L176:  McLeod JC 
L177:  Thomas ACQ 
L178:  Phillips SM .  Nutritional supplements to support resistance exercise in countering the sarcopenia of aging .  Nutrients.  ( 2020 )  12 : 2057 .  10.3390/nu12072057 32664408
L179: 18. Jankowski C .  Resistance exercise for muscular strength in older adults: a meta-analysis .  Yearbook of Sports Medicine.  ( 2011 )  9 : 407 – 10 .  10.1016/j.yspm.2011.03.064 34453666
L180: 19. Chen N 
L181:  He X 
L182:  Feng Y 
L183:  Ainsworth BE 
L184:  Liu Y .  Effects of resistance training in healthy older people with sarcopenia: a systematic review and meta-analysis of randomized controlled trials .  Eur Rev Aging Phys Act.  ( 2021 )  18 : 23 .  10.1186/s11556-021-00277-7 34763651
L185: 20. Kirk B 
L186:  Mooney K 
L187:  Amirabdollahian F 
L188:  Khaiyat O .  Exercise and Dietary-Protein as a Countermeasure to Skeletal Muscle Weakness: Liverpool Hope University - Sarcopenia Aging Trial (LHU-SAT) .  Front Physiol.  ( 2019 )  10 : 445 .  10.3389/fphys.2019.00445 31133863
L189: 21. Ahtiainen JP 
L190:  Walker S 
L191:  Peltonen H 
L192:  Holviala J 
L193:  Sillanpaa E 
L194:  Karavirta L 
L195:  .  Heterogeneity in resistance training-induced muscle strength and mass responses in men and women of different ages .  Age (Dordr).  ( 2016 )  38 : 10 .  10.1007/s11357-015-9870-1 26767377
L196: 22. Churchward-Venne TA 
L197:  Tieland M 
L198:  Verdijk LB 
L199:  Leenders M 
L200:  Dirks ML 
L201:  de Groot LC 
L202:  .  There Are No Nonresponders to Resistance-Type Exercise Training in Older Men and Women .  J Am Med Dir Assoc.  ( 2015 )  16 : 400 – 11 .  10.1016/j.jamda.2015.01.071 25717010
L203: 23. Chen LK 
L204:  Woo J 
L205:  Assantachai P 
L206:  Auyeung TW 
L207:  Chou MY 
L208:  Iijima K 
L209:  .  Asian Working Group for Sarcopenia: 2019 Consensus Update on Sarcopenia Diagnosis and Treatment .  J Am Med Dir Assoc .  2020;21 ( 3 ): 300 - 7 e2 .  10.1016/j.jamda.2019.12.012 32033882
L210: 24. Dent E 
L211:  Morley JE 
L212:  Cruz-Jentoft AJ 
L213:  Arai H 
L214:  Kritchevsky SB 
L215:  Guralnik J 
L216:  .  International Clinical Practice Guidelines for Sarcopenia (ICFSR): Screening, Diagnosis and Management .  J Nutr Health Aging.  ( 2018 )  22 : 1148 – 61 .  10.1007/s12603-018-1139-9 30498820
L217: 25. Denison HJ 
L218:  Cooper C 
L219:  Sayer AA 
L220:  Robinson SM .  Prevention and optimal management of sarcopenia: a review of combined exercise and nutrition interventions to improve muscle outcomes in older people .  Clin Interv Aging.  ( 2015 )  10 : 859 – 69 .  10.2147/CIA.S55842 25999704
L221: 26. Liberati A 
L222:  Altman DG 
L223:  Tetzlaff J 
L224:  Mulrow C 
L225:  Gøtzsche PC 
L226:  Ioannidis JP 
L227:  .  The PRISMA statement for reporting systematic reviews and meta-analyses of studies that evaluate healthcare interventions: explanation and elaboration .  BMJ (Clinical research ed).  ( 2009 )  339 : b2700 .  10.1136/bmj.b2700 19622552
L228: 27. Maher CG 
L229:  Sherrington C 
L230:  Herbert RD 
L231:  Moseley AM 
L232:  Elkins M .  Reliability of the PEDro scale for rating quality of randomized controlled trials .  Phys Ther.  ( 2003 )  83 : 713 – 21 .  10.1093/ptj/83.8.713 12882612
L233: 28. Moseley AM 
L234:  Herbert RD 
L235:  Sherrington C 
L236:  Maher CG .  Evidence for physiotherapy practice: a survey of the Physiotherapy Evidence Database (PEDro) .  Aust J Physiother.  ( 2002 )  48 : 43 – 9 .  10.1016/S0004-9514(14)60281-6 11869164
L237: 29. Amasene M 
L238:  Besga A 
L239:  Echeverria I 
L240:  Urquiza M 
L241:  Ruiz JR 
L242:  Rodriguez-Larrad A 
L243:  .  Effects of leucine-enriched whey protein supplementation on physical function in post-hospitalized older adults participating in 12-weeks of resistance training program: a randomized controlled trial .  Nutrients . ( 2019 )  11 : 2337 .  10.3390/nu11102337 31581591
L244: 30. Kim H 
L245:  Suzuki T 
L246:  Saito K 
L247:  Yoshida H 
L248:  Kojima N 
L249:  Kim M 
L250:  .  Effects of exercise and tea catechins on muscle mass, strength and walking ability in community-dwelling elderly Japanese sarcopenic women: a randomized controlled trial .  Geriatr Gerontol Int.  ( 2013 )  13 : 458 – 65 .  10.1111/j.1447-0594.2012.00923.x 22935006
L251: 31. Kim HK 
L252:  Suzuki T 
L253:  Saito K 
L254:  Yoshida H 
L255:  Kobayashi H 
L256:  Kato H 
L257:  .  Effects of exercise and amino acid supplementation on body composition and physical function in community-dwelling elderly Japanese sarcopenic women: a randomized controlled trial .  J Am Geriatr Soc.  ( 2012 )  60 : 16 – 23 .  10.1111/j.1532-5415.2011.03776.x 22142410
L258: 32. Forbes SC 
L259:  Candow DG 
L260:  Ostojic SM 
L261:  Roberts MD 
L262:  Chilibeck PD .  Meta-analysis examining the importance of creatine ingestion strategies on lean tissue mass and strength in older adults .  Nutrients.  ( 2021 )  13 : 1912 .  10.3390/nu13061912 34199420
L263: 33. Maltais ML 
L264:  Perreault K 
L265:  Courchesne-Loyer A 
L266:  Lagacé JC 
L267:  Barsalani R 
L268:  Dionne IJ .  Effect of resistance training and various sources of protein supplementation on body fat mass and metabolic profile in sarcopenic overweight older adult men: a pilot study .  Int J Sport Nutr Exerc Metab.  ( 2016 )  26 : 71 – 7 .  10.1123/ijsnem.2015-0160 26894503
L269: 34. Nabuco HCG 
L270:  Tomeleri CM 
L271:  Fernandes RR 
L272:  Sugihara Junior P 
L273:  Cavalcante EF 
L274:  Cunha PM 
L275:  .  Effect of whey protein supplementation combined with resistance training on body composition, muscular strength, functional capacity, and plasma-metabolism biomarkers in older women with sarcopenic obesity: a randomized, double-blind, placebo-controlled trial .  Clin Nutr ESPEN.  ( 2019 )  32 : 88 – 95 .  10.1016/j.clnesp.2019.04.007 31221297
L276: 35. Nilsson MI 
L277:  Mikhail A 
L278:  Lan L 
L279:  Di Carlo A 
L280:  Hamilton B 
L281:  Barnard K 
L282:  .  A Five-Ingredient nutritional supplement and home-based resistance exercise improve lean mass and strength in free-living elderly .  Nutrients.  ( 2020 )  12 : 2391 .  10.3390/nu12082391 32785021
L283: 36. Shahar S 
L284:  Kamaruddin NS 
L285:  Badrasawi M 
L286:  Sakian NI 
L287:  Abd Manaf Z 
L288:  Yassin Z 
L289:  .  Effectiveness of exercise and protein supplementation intervention on body composition, functional fitness, and oxidative stress among elderly Malays with sarcopenia .  Clin Interv Aging.  ( 2013 )  8 : 1365 – 75 .  10.2147/CIA.S46826 24143082
L290: 37. Zdzieblik D 
L291:  Oesser S 
L292:  Baumstark MW 
L293:  Gollhofer A 
L294:  König D .  Collagen peptide supplementation in combination with resistance training improves body composition and increases muscle strength in elderly sarcopenic men: a randomised controlled trial .  Br J Nutr.  ( 2015 )  114 : 1237 – 45 .  10.1017/S0007114515002810 26353786
L295: 38. Zhu LY 
L296:  Chan R 
L297:  Kwok T 
L298:  Cheng KC 
L299:  Ha A 
L300:  Woo J .  Effects of exercise and nutrition supplementation in community-dwelling older Chinese people with sarcopenia: a randomized controlled trial .  Age Ageing.  ( 2019 )  48 : 220 – 8 .  10.1093/ageing/afy179 30462162
L301: 39. Rondanelli M 
L302:  Klersy C 
L303:  Terracol G 
L304:  Talluri J 
L305:  Maugeri R 
L306:  Guido D 
L307:  .  Whey protein, amino acids, and vitamin D supplementation with physical activity increases fat-free mass and strength, functionality, and quality of life and decreases inflammation in sarcopenic elderly .  Am J Clin Nutr.  ( 2016 )  103 : 830 – 40 .  10.3945/ajcn.115.113357 26864356
L308: 40. Rondanelli M 
L309:  Cereda E 
L310:  Klersy C 
L311:  Faliva MA 
L312:  Peroni G 
L313:  Nichetti M 
L314:  .  Improving rehabilitation in sarcopenia: a randomized-controlled trial utilizing a muscle-targeted food for special medical purposes .  J Cachexia Sarcopenia Muscle.  ( 2020 )  11 : 1535 – 47 .  10.1002/jcsm.12532 32961041
L315: 41. Robinson S 
L316:  Granic A 
L317:  Sayer AA .  Nutrition and muscle strength, as the key component of sarcopenia: an overview of current evidence .  Nutrients.  ( 2019 )  11 : 42 .  10.3390/nu11122942 31817048
L318: 42. Robinson SM 
L319:  Reginster JY 
L320:  Rizzoli R 
L321:  Shaw SC 
L322:  Kanis JA 
L323:  Bautmans I 
L324:  .  Does nutrition play a role in the prevention and management of sarcopenia? 
L325:  Clin Nutr.  ( 2018 )  37 : 1121 – 32 .  10.1016/j.clnu.2017.08.016 28927897
L326: 43. Rogeri PS 
L327:  Zanella R Jr 
L328:  Martins GL 
L329:  Garcia MDA 
L330:  Leite G 
L331:  Lugaresi R 
L332:  .  Strategies to prevent sarcopenia in the aging process: role of protein intake and exercise .  Nutrients.  ( 2021 )  14 : 52 .  10.3390/nu14010052 35010928
L333: 44. Baum JI 
L334:  Kim IY 
L335:  Wolfe RR .  Protein consumption and the elderly: What is the optimal level of intake? 
L336:  Nutrients.  ( 2016 )  8 : 359 .  10.3390/nu8060359 27338461
L337: 45. Kirwan R 
L338:  McCullough D 
L339:  Butler T 
L340:  Perez de .  Heredia F, Davies IG, Stewart C. Sarcopenia during COVID-19 lockdown restrictions: long-term health effects of short-term muscle loss .  GeroScience.  ( 2020 )  42 : 1547 – 78 .  10.1007/s11357-020-00272-3 33001410
L341: 46. Ispoglou T 
L342:  Witard OC 
L343:  Duckworth LC 
L344:  Lees MJ .  The efficacy of essential amino acid supplementation for augmenting dietary protein intake in older adults: implications for skeletal muscle mass, strength and function .  Proc Nutr Soc.  ( 2021 )  80 : 230 – 42 .  10.1017/S0029665120008010 33315000
L345: 47. Huang LP 
L346:  Condello G 
L347:  Kuo CH .  Effects of milk protein in resistance training-induced lean mass gains for older adults aged ≥ 60 y: a systematic review and meta-analysis .  Nutrients.  ( 2021 )  13 : 815 .  10.3390/nu13082815 33801251
L348: 48. Lancha AH 
L349:  Zanella R 
L350:  Tanabe SG 
L351:  Andriamihaja M 
L352:  Blachier F .  Dietary protein supplementation in the elderly for limiting muscle mass loss .  Amino Acids.  ( 2017 )  49 : 33 – 47 .  10.1007/s00726-016-2355-4 27807658
L353: 49. Wang Z 
L354:  Xu X 
L355:  Gao S 
L356:  Wu C 
L357:  Song Q 
L358:  Shi Z 
L359:  .  Effects of internet-based nutrition and exercise interventions on the prevention and treatment of sarcopenia in the elderly .  Nutrients.  ( 2022 )  14 : 458 .  10.3390/nu14122458 35276816
L360: 50. Taaffe DR .  Sarcopenia–exercise as a treatment strategy .  Aust Fam Physician.  ( 2006 )  35 : 130 – 4 . 16525526
L361: 51. Bauer J 
L362:  Biolo G 
L363:  Cederholm T 
L364:  Cesari M 
L365:  Cruz-Jentoft AJ 
L366:  Morley JE 
L367:  .  Evidence-based recommendations for optimal dietary protein intake in older people: a position paper from the PROT-AGE Study Group .  J Am Med Dir Assoc.  ( 2013 )  14 : 542 – 59 .  10.1016/j.jamda.2013.05.021 23867520
L368: 52. Cheng SH 
L369:  Chen KH 
L370:  Chen C 
L371:  Chu WC 
L372:  Kang YN .  The optimal strategy of vitamin d for sarcopenia: a network meta-analysis of randomized controlled trials .  Nutrients.  ( 2021 )  13 : 589 .  10.3390/nu13103589 33579050
L373: 53. Gkekas NK 
L374:  Anagnostis P 
L375:  Paraschou V 
L376:  Stamiris D 
L377:  Dellis S 
L378:  Kenanidis E 
L379:  .  The effect of vitamin D plus protein supplementation on sarcopenia: a systematic review and meta-analysis of randomized controlled trials .  Maturitas.  ( 2021 )  145 : 56 – 63 .  10.1016/j.maturitas.2021.01.002 33541563
L380: 54. Choi M 
L381:  Kim H 
L382:  Bae J .  Does the combination of resistance training and a nutritional intervention have a synergic effect on muscle mass, strength, and physical function in older adults? A systematic review and meta-analysis .  BMC Geriatr.  ( 2021 )  21 : 639 .  10.1186/s12877-021-02491-5 34772342
L383: 55. Luo D 
L384:  Lin Z 
L385:  Li S 
L386:  Liu SJ .  Effect of nutritional supplement combined with exercise intervention on sarcopenia in the elderly: a meta-analysis .  Int J Nurs Sci.  ( 2017 )  4 : 389 – 401 .  10.1016/j.ijnss.2017.09.004 31406783
L387: We would like to thank the researchers and study participants for their contributions.
L388: # Data_Sheet_1
L389: Supplementary Table 1 | Search strategy.
L390: 1.Pubmed
L391: | Search number | Query | Results |
L392: | --- | --- | --- |
L393: | #1 | "Sarcopenia"[Mesh] | 7526 |
L394: | #2 | (Sarcopenia[Title/Abstract]) OR (Sarcopenias[Title/Abstract]) | 12,923 |
L395: | #3 | ("Sarcopenia"[Mesh]) OR ((Sarcopenia[Title/Abstract]) OR (Sarcopenias[Title/Abstract])) | 13,826 |
L396: | #4 | "Resistance Training"[Mesh] | 11,205 |
L397: | #5 | (((((((((((((((((((((((Resistance Training[Title/Abstract]) OR (Training, Resistance[Title/Abstract])) OR (Strength Training[Title/Abstract])) OR (Training, Strength[Title/Abstract])) OR (Weight-Lifting Strengthening Program[Title/Abstract])) OR (Strengthening Program, Weight-Lifting[Title/Abstract])) OR (Strengthening Programs, Weight-Lifting[Title/Abstract])) OR (Weight Lifting Strengthening Program[Title/Abstract])) OR (Weight-Lifting Strengthening Programs[Title/Abstract])) OR (Weight-Lifting Exercise Program[Title/Abstract])) OR (Exercise Program, Weight-Lifting[Title/Abstract])) OR (Exercise Programs, Weight-Lifting[Title/Abstract])) OR (Weight Lifting Exercise Program[Title/Abstract])) OR (Weight-Lifting Exercise Programs[Title/Abstract])) OR (Weight-Bearing Strengthening Program[Title/Abstract])) OR (Strengthening Program, Weight-Bearing[Title/Abstract])) OR (Strengthening Programs, Weight-Bearing[Title/Abstract])) OR (Weight Bearing Strengthening Program[Title/Abstract])) OR (Weight-Bearing Strengthening Programs[Title/Abstract])) OR (Weight-Bearing Exercise Program[Title/Abstract])) OR (Exercise Program, Weight-Bearing[Title/Abstract])) OR (Exercise Programs, Weight-Bearing[Title/Abstract])) OR (Weight Bearing Exercise Program[Title/Abstract])) OR (Weight-Bearing Exercise Programs[Title/Abstract]) | 15,792 |
L398: | #6 | ("Resistance Training"[Mesh]) OR ((((((((((((((((((((((((Resistance Training[Title/Abstract]) OR (Training, Resistance[Title/Abstract])) OR (Strength Training[Title/Abstract])) OR (Training, Strength[Title/Abstract])) OR (Weight-Lifting Strengthening Program[Title/Abstract])) OR (Strengthening Program, Weight-Lifting[Title/Abstract])) OR (Strengthening Programs, Weight-Lifting[Title/Abstract])) OR (Weight Lifting Strengthening Program[Title/Abstract])) OR (Weight-Lifting Strengthening Programs[Title/Abstract])) OR (Weight-Lifting Exercise Program[Title/Abstract])) OR (Exercise Program, Weight-Lifting[Title/Abstract])) OR (Exercise Programs, Weight-Lifting[Title/Abstract])) OR (Weight Lifting Exercise Program[Title/Abstract])) OR (Weight-Lifting Exercise Programs[Title/Abstract])) OR (Weight-Bearing Strengthening Program[Title/Abstract])) OR (Strengthening Program, Weight-Bearing[Title/Abstract])) OR (Strengthening Programs, Weight-Bearing[Title/Abstract])) OR (Weight Bearing Strengthening Program[Title/Abstract])) OR (Weight-Bearing Strengthening Programs[Title/Abstract])) OR (Weight-Bearing Exercise Program[Title/Abstract])) OR (Exercise Program, Weight-Bearing[Title/Abstract])) OR (Exercise Programs, Weight-Bearing[Title/Abstract])) OR (Weight Bearing Exercise Program[Title/Abstract])) OR (Weight-Bearing Exercise Programs[Title/Abstract])) | 20,336 |
L399: | #7 | "Nutrition Therapy"[Mesh] | 110,521 |
L400: | #8 | ((((Nutrition Therapy[Title/Abstract]) OR (Therapy, Nutrition[Title/Abstract])) OR (Medical Nutrition Therapy[Title/Abstract])) OR (Nutrition Therapy, Medical[Title/Abstract])) OR (Therapy, Medical Nutrition[Title/Abstract]) | 2,351 |
L401: | #9 | ("Nutrition Therapy"[Mesh]) OR (((((Nutrition Therapy[Title/Abstract]) OR (Therapy, Nutrition[Title/Abstract])) OR (Medical Nutrition Therapy[Title/Abstract])) OR (Nutrition Therapy, Medical[Title/Abstract])) OR (Therapy, Medical Nutrition[Title/Abstract])) | 111,610 |
L402: | #10 | (("Nutrition Therapy"[Mesh]) OR (((((Nutrition Therapy[Title/Abstract]) OR (Therapy, Nutrition[Title/Abstract])) OR (Medical Nutrition Therapy[Title/Abstract])) OR (Nutrition Therapy, Medical[Title/Abstract])) OR (Therapy, Medical Nutrition[Title/Abstract]))) AND (("Resistance Training"[Mesh]) OR ((((((((((((((((((((((((Resistance Training[Title/Abstract]) OR (Training, Resistance[Title/Abstract])) OR (Strength Training[Title/Abstract])) OR (Training, Strength[Title/Abstract])) OR (Weight-Lifting Strengthening Program[Title/Abstract])) OR (Strengthening Program, Weight-Lifting[Title/Abstract])) OR (Strengthening Programs, Weight-Lifting[Title/Abstract])) OR (Weight Lifting Strengthening Program[Title/Abstract])) OR (Weight-Lifting Strengthening Programs[Title/Abstract])) OR (Weight-Lifting Exercise Program[Title/Abstract])) OR (Exercise Program, Weight-Lifting[Title/Abstract])) OR (Exercise Programs, Weight-Lifting[Title/Abstract])) OR (Weight Lifting Exercise Program[Title/Abstract])) OR (Weight-Lifting Exercise Programs[Title/Abstract])) OR (Weight-Bearing Strengthening Program[Title/Abstract])) OR (Strengthening Program, Weight-Bearing[Title/Abstract])) OR (Strengthening Programs, Weight-Bearing[Title/Abstract])) OR (Weight Bearing Strengthening Program[Title/Abstract])) OR (Weight-Bearing Strengthening Programs[Title/Abstract])) OR (Weight-Bearing Exercise Program[Title/Abstract])) OR (Exercise Program, Weight-Bearing[Title/Abstract])) OR (Exercise Programs, Weight-Bearing[Title/Abstract])) OR (Weight Bearing Exercise Program[Title/Abstract])) OR (Weight-Bearing Exercise Programs[Title/Abstract]))) | 304 |
L403: | #11 | ((("Nutrition Therapy"[Mesh]) OR (((((Nutrition Therapy[Title/Abstract]) OR (Therapy, Nutrition[Title/Abstract])) OR (Medical Nutrition Therapy[Title/Abstract])) OR (Nutrition Therapy, Medical[Title/Abstract])) OR (Therapy, Medical Nutrition[Title/Abstract]))) AND (("Resistance Training"[Mesh]) OR ((((((((((((((((((((((((Resistance Training[Title/Abstract]) OR (Training, Resistance[Title/Abstract])) OR (Strength Training[Title/Abstract])) OR (Training, Strength[Title/Abstract])) OR (Weight-Lifting Strengthening Program[Title/Abstract])) OR (Strengthening Program, Weight-Lifting[Title/Abstract])) OR (Strengthening Programs, Weight-Lifting[Title/Abstract])) OR (Weight Lifting Strengthening Program[Title/Abstract])) OR (Weight-Lifting Strengthening Programs[Title/Abstract])) OR (Weight-Lifting Exercise Program[Title/Abstract])) OR (Exercise Program, Weight-Lifting[Title/Abstract])) OR (Exercise Programs, Weight-Lifting[Title/Abstract])) OR (Weight Lifting Exercise Program[Title/Abstract])) OR (Weight-Lifting Exercise Programs[Title/Abstract])) OR (Weight-Bearing Strengthening Program[Title/Abstract])) OR (Strengthening Program, Weight-Bearing[Title/Abstract])) OR (Strengthening Programs, Weight-Bearing[Title/Abstract])) OR (Weight Bearing Strengthening Program[Title/Abstract])) OR (Weight-Bearing Strengthening Programs[Title/Abstract])) OR (Weight-Bearing Exercise Program[Title/Abstract])) OR (Exercise Program, Weight-Bearing[Title/Abstract])) OR (Exercise Programs, Weight-Bearing[Title/Abstract])) OR (Weight Bearing Exercise Program[Title/Abstract])) OR (Weight-Bearing Exercise Programs[Title/Abstract])))) AND (("Sarcopenia"[Mesh]) OR ((Sarcopenia[Title/Abstract]) OR (Sarcopenias[Title/Abstract]))) | 36 |
L404: 2.Cochrane
L405: | Search number | Query | Results |
L406: | --- | --- | --- |
L407: | #1 | MeSH descriptor: [Sarcopenia] explode all trees | 597 |
L408: | #2 | (Sarcopenia):ti,ab,kw OR (Sarcopenias):ti,ab,kw | 1705 |
L409: | #3 | MeSH descriptor: [Resistance Training] explode all trees | 4108 |
L410: | #4 | (Resistance Training):ti,ab,kw OR (Training, Resistance):ti,ab,kw OR (Strength Training):ti,ab,kw OR (Training, Strength):ti,ab,kw OR (Weight-Lifting Strengthening Program):ti,ab,kw | 23122 |
L411: | #5 | (Strengthening Program, Weight-Lifting):ti,ab,kw OR (Strengthening Programs, Weight-Lifting):ti,ab,kw OR (Weight Lifting Strengthening Program):ti,ab,kw OR (Weight-Lifting Strengthening Programs):ti,ab,kw OR (Weight-Lifting Exercise Program):ti,ab,kw | 266 |
L412: | #6 | (Exercise Program, Weight-Lifting):ti,ab,kw OR (Exercise Programs, Weight-Lifting):ti,ab,kw OR (Weight Lifting Exercise Program):ti,ab,kw OR (Weight-Lifting Exercise Programs):ti,ab,kw OR (Weight-Bearing Strengthening Program):ti,ab,kw | 416 |
L413: | #7 | (Strengthening Program, Weight-Bearing):ti,ab,kw OR (Strengthening Programs, Weight-Bearing):ti,ab,kw OR (Weight Bearing Strengthening Program):ti,ab,kw OR (Weight-Bearing Strengthening Programs):ti,ab,kw OR (Weight-Bearing Exercise Program):ti,ab,kw | 434 |
L414: | #8 | (Exercise Program, Weight-Bearing):ti,ab,kw OR (Exercise Programs, Weight-Bearing):ti,ab,kw OR (Weight Bearing Exercise Program):ti,ab,kw OR (Weight-Bearing Exercise Programs):ti,ab,kw | 454 |
L415: | #9 | MeSH descriptor: [Nutrition Therapy] explode all trees | 10290 |
L416: | #10 | (Nutrition Therapy):ti,ab,kw OR (Therapy, Nutrition):ti,ab,kw OR (Medical Nutrition Therapy):ti,ab,kw OR (Nutrition Therapy, Medical):ti,ab,kw OR (Therapy, Medical Nutrition):ti,ab,kw | 8798 |
L417: | #11 | #1 OR #2 | 1705 |
L418: | #12 | #3 OR #4 OR #5 OR #6 OR #7 OR #8 | 23434 |
L419: | #13 | #9 OR #10 | 16703 |
L420: | #14 | #11 AND #12 AND #13 | 29 |
L421: 3.Embase
L422: | Search number | Query | Results |
L423: | --- | --- | --- |
L424: | #1 | 'sarcopenia'/exp | 16038 |
L425: | #2 | sarcopenia:ti,ab,kw OR sarcopenias:ti,ab,kw | 19850 |
L426: | #3 | 'resistance training'/exp | 23695 |
L427: | #4 | 'training, resistance':ti,ab,kw OR 'resistance training':ti,ab,kw OR 'training, strength':ti,ab,kw OR 'weight-lifting strengthening program':ti,ab,kw OR 'strengthening program, weight-lifting':ti,ab,kw OR 'strengthening programs, weight-lifting':ti,ab,kw OR 'weight lifting strengthening program':ti,ab,kw OR 'weight-lifting strengthening programs':ti,ab,kw OR  'weight-lifting exercise program':ti,ab,kw OR 'exercise program, weight-lifting':ti,ab,kw OR 'exercise programs, weight-lifting':ti,ab,kw OR 'weight lifting exercise program':ti,ab,kw OR 'weight-lifting exercise programs':ti,ab,kw OR 'weight-bearing strengthening program':ti,ab,kw OR 'strengthening program, weight-bearing':ti,ab,kw OR 'strengthening programs, weight-bearing':ti,ab,kw OR 'weight bearing strengthening program':ti,ab,kw OR 'weight-bearing strengthening programs':ti,ab,kw OR 'weight-bearing exercise program':ti,ab,kw OR 'exercise program, weight-bearing':ti,ab,kw OR 'exercise programs, weight-bearing':ti,ab,kw OR 'weight bearing exercise program':ti,ab,kw OR 'weight-bearing exercise programs':ti,ab,kw | 12603 |
L428: | #5 | 'diet therapy'/exp | 401329 |
L429: | #6 | 'nutrition therapy':ti,ab,kw OR 'therapy, nutrition':ti,ab,kw OR 'medical nutrition therapy':ti,ab,kw OR 'nutrition therapy, medical':ti,ab,kw OR 'therapy, medical nutrition':ti,ab,kw | 3549 |
L430: | #7 | #1 OR #2 | 22080 |
L431: | #8 | #3 OR #4 | 27282 |
L432: | #9 | #5 OR #6 | 402425 |
L433: | #10 | #7 AND #8 AND #9 | 339 |
L434: 4.Web of science
L435: | Search number | Query | Results |
L436: | --- | --- | --- |
L437: | #1 | Sarcopenia (Topic) or Sarcopenias (Topic) | 23908 |
L438: | #2 | Nutrition Therapy (Topic) or Therapy, Nutrition (Topic) or Medical Nutrition Therapy (Topic) or Nutrition Therapy, Medical (Topic) or Therapy, Medical Nutrition (Topic) 486320 | 486320 |
L439: | #3 | Resistance Training (Topic) or Training, Resistance (Topic) or Strength Training (Topic) or Training, Strength (Topic) or Weight-Lifting Strengthening Program (Topic) or Strengthening Program, Weight-Lifting (Topic) or Strengthening Programs, Weight-Lifting (Topic) or Weight Lifting Strengthening Program (Topic) or Weight-Lifting Strengthening Programs (Topic) or Weight-Lifting Exercise Program (Topic) or Exercise Program, Weight-Lifting (Topic) or Exercise Programs, Weight-Lifting (Topic) or Weight Lifting Exercise Program (Topic) or Weight-Lifting Exercise Programs (Topic) or Weight-Bearing Strengthening Program (Topic) or Strengthening Program, Weight-Bearing (Topic) or Strengthening Programs, Weight-Bearing (Topic) or Weight Bearing Strengthening Program (Topic) or Weight-Bearing Strengthening Programs (Topic) or Weight-Bearing Exercise Program (Topic) or Exercise Program, Weight-Bearing (Topic) or Exercise Programs, Weight-Bearing (Topic) or Weight Bearing Exercise Program (Topic) or Weight-Bearing Exerc ise Programs (Topic) | 148313 |
L440: | #4 | #1 AND #2 AND #3 | 266 |
L441: Supplementary Table 2 | the detailed scores of PEDro scale.
L442: | Study | Score | PEDro item number | PEDro item number | PEDro item number | PEDro item number | PEDro item number | PEDro item number | PEDro item number | PEDro item number | PEDro item number | PEDro item number | PEDro item number | PEDro item number |
L443: | --- | --- | --- | --- | --- | --- | --- | --- | --- | --- | --- | --- | --- | --- |
L444: | Study | Score | 1 | 2 | 3 | 4 | 5 | 6 | 7 | 8 | 9 | 10 | 11 |  |
L445: | Maria Amasene 2019 | 8 | 1 | 1 | 0 | 1 | 1 | 0 | 1 | 1 | 1 | 1 | 1 |  |
L446: | Hunkyung Kim 2013 | 7 | 1 | 1 | 1 | 1 | 0 | 0 | 1 | 1 | 0 | 1 | 1 |  |
L447: | Hun Kyung Kim 2012 | 7 | 1 | 1 | 1 | 1 | 0 | 0 | 1 | 1 | 0 | 1 | 1 |  |
L448: | Zhuo Li 2021 | 7 | 1 | 1 | 1 | 1 | 0 | 0 | 0 | 1 | 1 | 1 | 1 |  |
L449: | Mathieu L. Maltais 2016 | 8 | 1 | 1 | 0 | 1 | 1 | 1 | 0 | 1 | 1 | 1 | 1 |  |
L450: | Hellen C.G. Nabuco 2019 | 9 | 1 | 1 | 1 | 1 | 1 | 1 | 0 | 1 | 1 | 1 | 1 |  |
L451: | Mats I. Nilsson 2020 | 9 | 1 | 1 | 1 | 1 | 1 | 1 | 0 | 1 | 1 | 1 | 1 |  |
L452: | Suzana shahar 2013 | 5 | 1 | 0 | 0 | 1 | 0 | 0 | 0 | 1 | 1 | 1 | 1 |  |
L453: | Denise Zdzieblik 2015 | 7 | 1 | 1 | 0 | 1 | 1 | 1 | 0 | 1 | 0 | 1 | 1 |  |
L454: | LIU-YING ZHU 2019 | 8 | 1 | 1 | 1 | 1 | 1 | 0 | 0 | 1 | 1 | 1 | 1 |  |
L455: | Mariangela Rondanelli 2016 | 8 | 1 | 1 | 0 | 1 | 1 | 1 | 0 | 1 | 1 | 1 | 1 |  |
L456: | Mariangela Rondanelli 2020 | 9 | 1 | 1 | 1 | 1 | 1 | 1 | 0 | 1 | 1 | 1 | 1 |  |
L457: Scale of item score:0, absent;1, present. The PEDro scale criteria are (1) eligibility criteria, (2) random allocation, (3) concealed allocation, (4) similarity at baseline on key measures, (5) subject blinding, (6) therapist blinding, (7) assessor blinding, (8) more than 85% follow-up of at least 1 key outcome, (9) intention-to-treat analysis, (10) between-group statistical comparison for at least one key outcome, and (11) point estimates and measures of variability provided for at least one key outcome. Item 1 is related to external validity and not used in the method score.
L458: Supplementary Table 3 | Other outcome indicators.
L459: | Outcome indicators | Cases of test group | Cases of control group | Statistical heterogeneity | WMD/SMD | 95%CI | P |
L460: | --- | --- | --- | --- | --- | --- | --- |
L461: | Weight | 193 | 186 | I²=0.0%, P=0.985 | WMD=1.47 | (-1.27, 4.29) | 0.294 |
L462: | Body mass index | 141 | 145 | I²=0.0%, P=0.947 | WMD=0.24 | (-0.53, 1.01) | 0.540 |
L463: | Fat mass | 164 | 148 | I²=0.0%, P=0.592 | SMD=-0.17 | (-0.39, 0.06) | 0.142 |
L464: Supplementary Figure 1 | Forest plot for chair stand test of resistance training combined with nutritional supplementation vs. resistance training alone. Overall estimates were obtained from forest plots of the meta-analysis using the random-effects model. Diamond icons and horizontal bars represent the overall estimate and 95% CI. WMD, weighted mean difference; CI, confidence interval.
L465: Supplementary Figure 2 | Forest plot for lean body mass of resistance training combined with nutritional supplementation vs. resistance training alone. Overall estimates were obtained from forest plots of the meta-analysis using the fixed-effects model. Diamond icons and horizontal bars represent the overall estimate and 95% CI. SMD, standardized mean difference; CI, confidence interval.
L466: Supplementary Figure 3 | Forest plot for appendicular skeletal muscle mass of resistance training combined with nutritional supplementation vs. resistance training alone. Overall estimates were obtained from forest plots of the meta-analysis using the fixed-effects model. Diamond icons and horizontal bars represent the overall estimate and 95% CI. SMD, standardized mean difference; CI, confidence interval.
L467: Supplementary Figure 4 | Forest plot for appendicular skeletal muscle mass index of resistance training combined with nutritional supplementation vs. resistance training alone. Overall estimates were obtained from forest plots of the meta-analysis using the fixed-effects model. Diamond icons and horizontal bars represent the overall estimate and 95% CI. SMD, standardized mean difference; CI, confidence interval.
L468: Supplementary Figure 5 | Forest plot for TUG of resistance training combined with nutritional supplementation vs. resistance training alone. Overall estimates were obtained from forest plots of the meta-analysis using the random-effects model. Diamond icons and horizontal bars represent the overall estimate and 95% CI. WMD, weighted mean difference; CI, confidence interval.
L469: Supplementary Figure 6 | Forest plot for gait speed of resistance training combined with nutritional supplementation vs. resistance training alone. Overall estimates were obtained from forest plots of the meta-analysis using the fixed-effects model. Diamond icons and horizontal bars represent the overall estimate and 95% CI. SMD, standardized mean difference; CI, confidence interval.
L470: Supplementary Figure 7 | Forest plot for body weight of resistance training combined with nutritional supplementation vs. resistance training alone. Overall estimates were obtained from forest plots of the meta-analysis using the fixed-effects model. Diamond icons and horizontal bars represent the overall estimate and 95% CI. WMD, weighted mean difference; CI, confidence interval.
L471: Supplementary Figure 8 | Forest plot for BMI of resistance training combined with nutritional supplementation vs. resistance training alone. Overall estimates were obtained from forest plots of the meta-analysis using the fixed-effects model. Diamond icons and horizontal bars represent the overall estimate and 95% CI. WMD, weighted mean difference; CI, confidence interval.
L472: Supplementary Figure 9 | Forest plot for fat mass of resistance training combined with nutritional supplementation vs. resistance training alone. Overall estimates were obtained from forest plots of the meta-analysis using the fixed-effects model. Diamond icons and horizontal bars represent the overall estimate and 95% CI. SMD, standardized mean difference; CI, confidence interval.
L473: Supplementary Figure 10 | Forest plot for grip strength of resistance training combined with nutritional supplementation vs. resistance training alone in the with or without PR+VD subgroup. Overall estimates were obtained from forest plots of the meta-analysis using the random-effects model. Diamond icons and horizontal bars represent the overall estimate and 95% CI. WMD, weighted mean difference; CI, confidence interval.
L474: Supplementary Figure 11 | Forest plot for gait speed of resistance training combined with nutritional supplementation vs. resistance training alone in the with or without PR+VD subgroup. Overall estimates were obtained from forest plots of the meta-analysis using the fixed-effects model. Diamond icons and horizontal bars represent the overall estimate and 95% CI. SMD, standardized mean difference; CI, confidence interval.
L475: Supplementary Figure 12 | ASM forest plot of resistance training combined with nutritional supplementation vs. resistance training alone in the with or without PR+VD subgroup. Overall estimates were obtained from forest plots of the meta-analysis using the fixed-effects model. Diamond icons and horizontal bars represent the overall estimate and 95% CI. SMD, standardized mean difference; CI, confidence interval.
L476: Supplementary Figure 13 | TUG forest plot of resistance training combined with nutritional supplementation vs. resistance training alone in the with or without PR+VD subgroup. Overall estimates were obtained from forest plots of the meta-analysis using the random-effects model. Diamond icons and horizontal bars represent the overall estimate and 95% CI. WMD, weighted mean difference; CI, confidence interval.
L477: Supplementary Figure 14 | Sit-stand test forest plot of resistance training combined with nutritional supplementation vs. resistance training alone in the with or without PR+VD subgroup. Overall estimates were obtained from forest plots of the meta-analysis using the random-effects model. Diamond icons and horizontal bars represent the overall estimate and 95% CI. WMD, weighted mean difference; CI, confidence interval.
L478: Supplementary Figure 15 | Grip strength forest plot of resistance training combined with nutritional supplementation vs. resistance training alone in different diagnostic criteria. Overall estimates were obtained from forest plots of the meta-analysis using the random-effects model. Diamond icons and horizontal bars represent the overall estimate and 95% CI. WMD, weighted mean difference; CI, confidence interval.
L479: Supplementary Figure 16 | Forest plot for skeletal muscle index of resistance training combined with nutritional supplementation vs. resistance training alone in different diagnostic criteria. Overall estimates were obtained from forest plots of the meta-analysis using the fixed-effects model. Diamond icons and horizontal bars represent the overall estimate and 95% CI. SMD, standardized mean difference; CI, confidence interval.
L480: Supplementary Figure 17 | Illustration of risk of bias assessment.
[1.7s]

