L1: The association of oxidative stress of neonatal hyperbilirubinemia and vitamin E supplementation
L2: Clinical and Experimental Hepatology (2024)
L3: Mohamed Zaeim Hafez Ahmed, Reham Helmy Amin Helmy Saad, Ahmad Gadalla, Ramadan Hassan Ibrahim Thabet, Ahmed Abdrabo Elshenawy Elsisi, Ahmed Abdel Nasser Ahmed Mohamed, Mohamed Gaber Abdallah, Tarek Shikhon, Hussien Eleimy Hussien Mohmmed Maged, Muhammad Abdelbaeth Hassan Elfiky, Marwa Fekry Hassan, Fatma Mahmoud Abdelraheem, Ghada Adel Hegazy
L4: 1 Physiology Department, Faculty of Medicine, Al-Azhar University, Assiut, Egypt
L5: 2 Pediatrician specialist registrar, M.Sc., Faculty of Medicine, Ain Shams University, Cairo, Egypt
L6: 3 Pharmacology Department, Faculty of Medicine, Al-Azhar University, Assiut, Egypt
L7: 4 Biochemistry Department, Faculty of Medicine, Al-Azhar University, Cairo, Egypt
L8: 5 Pediatric specialist, Fujariah, Fujariah city, United Arab of Emirates
L9: 6 Community and Public Health Department, National Liver Institute, Menoufia University, Shebin elkom, Menoufia, Egypt
L10: 7 Histology and Cell Biology Department, Fuculty of Medicine, Assiut University, Assiut, Egypt
L11: 8 Clinical Pharmacology Department, Faculty of Medicine, Menoufia University, Shebin elkom, Menoufia, Egypt
L12: Aim of the study
L13: Jaundice in newborns is a sign of skin and sclera pigmentation. Hyperbilirubinemia and these phenomena do, however, have a relationship. According to many clinical studies, elevated blood bilirubin and low vitamin E (VE) levels in newborns are associated. The aim of the study was to investigate the association of oxidative stress of neonatal hyperbilirubinemia in patients who underwent phototherapy with additional vitamin E supplementation (25 mg/kg/day over the course of three days) and patients without additional vitamin E.
L14: Material and methods
L15: A set of 100 neonatal indirect hyperbilirubinemia patients was enrolled at neonatal intensive care units (NICUs) of the pediatric departments at Al Azhar University Hospitals during the period from February 2021 to October 2022 after obtaining signed written informed consent of all neonates’ parents with an explanation of the aim of study.
L16: Results
L17: Significant differences were found between the studied groups regarding serum bilirubin on the third day of admission ( p  = 0.039). Patients who were treated with vitamin E had lower serum bilirubin on the third day of admission (8.25 ±3.41) than the control group (11.66 ±3.22). Also, among the VE group, serum bilirubin was significantly decreased on the third day of admission (8.25 ±3.41) compared to zero days of admission (14.10 ±4.39) ( p  = 0.041).
L18: Conclusions
L19: Vitamin E supplementation has an important role in treatment of indirect hyperbilirubinemia in neonates. Early administration of vitamin E in preterm neonates resulted in a significant decrease of serum bilirubin and increased total antioxidant capacity. Vitamin E supplementation in full term decreased the duration of phototherapy.
L20: Original Paper
L21: hyperbilirubinemia; neonatal; oxidative stress; total antioxidant capacity; vitamin E
L22: Introduction
L23: Neonatal hyperbilirubinemia is a common clinical problem encountered during the neonatal period, especially in the first week of life [ 1 ]. Between 8% and 11% of newborns experience hyperbilirubinemia. During the first week of life, when the total serum bilirubin (TSB) rises over the 95 th  percentile for age (high-risk zone) it is considered hyperbilirubinemia [ 2 ]. It is typical for idiopathic neonatal jaundice to occur in 60% to 80% of healthy newborns. A newborn’s skin and sclera turn yellowish due to neonatal jaundice, which is caused by bilirubin [ 3 ].
L24: A high serum level of free bilirubin may cause neurotoxicity, but mildly increased bilirubin concentrations are beneficial due to their protective antioxidant role in cells of membranes, while markedly decreased concentrations may also be harmful [ 4 ]. Although the amount of free bilirubin in the serum is reduced during the treatment of newborn hyperbilirubinemia, this may lessen the protective impact of bilirubin on the cell membrane, making the cell membrane vulnerable to damage and leading to cell apoptosis [ 5 ]. Overexpression of the BAX gene, which encourages apoptosis brought on by phototherapy, and the oxidative stress brought on by phototherapy may both be responsible for this damage [ 6 ].
L25: Vitamin E plays a vital role in the natural metabolism of all cells and acts in conjunction with other nutrients and endogenous factors which could form a protective system against the destructive effects of reactive oxygen species [ 7 ]. Vitamin E is a crucial part of the cellular antioxidant defense system and participates in a few different antioxidant enzyme systems, including glutathione reductase, catalase, superoxide dismutase, glutathione peroxidase, and thioredoxin reductase [ 8 ].
L26: By making red blood cells less susceptible to auto-xidation processes, vitamin E appears to be able to stop physiological hemolysis and lower bilirubin formation [ 9 ]. Various clinical studies have revealed a connection between elevated blood bilirubin and lower vitamin E levels in newborns [ 10 ].
L27: Oxidative stress occurs because of the imbalance between oxidant products and antioxidant systems [ 11 ]. Free radicals, or molecules with unpaired electrons, are molecules that are produced during metabolic redox reactions in response to hypoxic or hyperoxic conditions, ischemia-reperfusion, inflammation, immune response activation, mitochondrial dysfunction, and the Fenton reaction. They include reactive oxygen, nitric, carbonic, and sulfuric species [ 12 ].
L28: Antioxidants can neutralize or eliminate free radicals, preventing tissue damage from oxidative stress, such as superoxide dismutase, catalase, glutathione peroxidase, vitamins C and E, minerals, and glutathione (GSH) [ 13 ]. Both term and preterm newborns produce more free radicals as a result of the birth’s abrupt increase in oxygen concentration since they are unable to counterbalance this burden [ 14 ].
L29: Due to the limited antioxidant capacity, which is mostly developed during the latter stages of pregnancy, as well as the immaturity of the antioxidant production system, premature babies are especially susceptible to the harm caused by oxidative stress [ 15 ].
L30: Unconjugated idiopathic hyperbilirubinemia in newborns has been linked to the oxidative breakdown of red blood cells [ 16 ]. Hypoxia and acidosis in the fetus and infant have been linked to the mechanisms of oxidative damage. It has been demonstrated that children who develop idiopathic unconjugated hyperbilirubinemia have decreased levels of erythrocyte antioxidant enzymes due to the damaging effects of circulating oxidants that are not counterbalanced by appropriate antioxidant systems [ 12 ]. So, the aim of the study was to investigate the association of oxidative stress in neonatal hyperbilirubinemia and vitamin E supplementation. To this end, we investigated the association of oxidative stress in neonatal patients with hyperbilirubinemia who underwent phototherapy with additional vitamin E supplementation (25 mg/kg/day of over the course of three days) compared to patients without additional vitamin E.
L31: Material and methods
L32: A set of 100 neonatal indirect hyperbilirubinemia patients was enrolled at neonatal intensive care units (NICUs) of the pediatric departments at Al Azhar University Hospitals during the period from February 2020 to October 2022 after obtaining signed written informed consent of all neonates’ parents with an explanation of the aim of study. The protocol of this study was approved by the ethical committee of Al Azhar University, Faculty of Medicine (IRB ID: AZpedia2020-19). All studied neonates were divided into two groups:
L33: Inclusion criteria: neonatal indirect hyperbilirubinemia in both sexes. Exclusion criteria: neonatal direct hyperbilirubinemia in both sexes, signs of neonatal sepsis, and neonatal abnormalities (congenital, chromosomal…).
L34: All neonates admitted to the NICU were subjected to:
L35: Histopathological investigations
L36: Blood samples were collected to conduct histopathological analyses. Using 10-milliliter syringes, blood was drawn into potassium-EDTA tubes (10.5 mg/7 ml). In a chilled centrifuge, blood samples were spun for five minutes at 3000 rpm. The plasma and buffy coat were disposed of. After a 1/10 dilution, packed RBCs were cleaned twice with normal saline to get rid of any leftover leukocytes and plasma components. All reagents were analytical grade. Hexane, 2-thiobarbituric acid (TBA), and trichloroacetic acid (TCA) were obtained from Merck Chemical Company (Darmstadt, Germany).
L37: Histopathological investigations indicated that the hemolyzed RBC counts increased in the control group, while vitamin E treatment reduced the hemolyzed RBC count. In the control group, histology of RBCs was normal ( Fig. 1A ). In the control group, there were remarkable membrane destruction and hemolytic changes in RBCs ( Fig. 1B ), while in the vitamin VE treated group, these changes were smaller than in the control group ( Fig. 1C ).
L38: Fig. 1 A)  In control group, the morphology of normal RBCs in normal neonates (arrow: normal RBCs, Giemsa; 1150×).  B)  Group C (control) – remarkable membrane destruction and hemolytic changes are seen in the RBCs (arrow: normal RBCs, arrowhead: hemolytic RBCs, Giemsa; 1150×).  C)  In vitamin VE treated neonates, reduced hemolysis of RBCs in vitamin E treated neonates is seen (arrow: normal RBCs, arrowhead: hemolytic RBCs, Giemsa; 1150×)
L39: Morphological evaluation
L40: Using sterile potassium-EDTA tubes to collect blood samples. Giemsa solution was used to stain the blood smears, which were created by spreading one drop of blood onto a slide just after the tubes were inverted and mixed with blood. Using an oil immersion 100/1.25 objective on a Nikon Optiphot-2 microscope (Tokyo, Japan), the morphology of RBCs was ascertained.
L41: Image analysis
L42: A PC system with hardware and software (Image-Pro Plus 5.0-Media Cybernetics, USA) was used for image acquisition and analysis, as well as a Spot Insight QE (Diagnostic Instruments, USA) camera and optical microscope. The method required preliminary software procedures of spatial calibration and setting of color segmentation for quantitative color analysis. The image analysis program was used for morphologic evaluation of the samples. The number of intact and hemolyzed RBCs were measured.
L43: Phototherapy procedure
L44: According to Bhutani  et al . [ 18 ], extensive phototherapy requires two or more lights and uses specialized blue lamps with a peak output at 425-475 nm, known as the most effective for phototherapy. To provide maximum light exposure across the largest possible screen surface area, newborns under phototherapy lights were kept naked aside from eye patches and a face mask used as a diaper. The children were rotated every two hours. When the risk factors for toxicity were eliminated, the baby was old enough to tolerate the bilirubin burden, and the bilirubin level was low enough to no longer raise concerns about toxic effects, phototherapy should be discontinued [ 18 ].
L45: Statistical analysis
L46: Statistical computations were analyzed using SPSS Statistics (SPSS, 25 th  edition, IBM, New York, USA) for Microsoft Windows 10. Two types of statistics were conducted: descriptive statistics that includes the following test as the description of data was in the form of mean (±) SD, median, and range for quantitively data, and frequency and proportion for qualitative data and analytical statistics using Student’s  t -test ( t ), the paired  t  test, and the Mann-Whitney test ( U ) for the quantitative variables, and the chi-square (χ 2 ) test was used for the qualitative variables. A  p  value < 0.05 was considered significant.
L47: Results
L48: A flowchart of the study population is shown in  Figure 2 . In all, 117 neonates with indirect hyperbilirubinemia were enrolled at neonatal intensive care units (NICUs) of the pediatric departments at Al Azhar University Hospitals during the period from February 2021 to October 2022. Nine neonates were excluded from the study (2 patients’ parents declined consent and 7 patients did not meet the inclusion criteria). 108 patients were divided into two groups: Group VE (vitamin E; neonatal indirect hyperbilirubinemia was treated with phototherapy and vitamin E at a dose of 25 mg/kg/day for three days in a row beginning on the day of arrival,  n  = 56) and Group C (control; neonatal indirect hyperbilirubinemia while receiving phototherapy without additional vitamin E,  n  = 52). Eight neonates were excluded due to serological conflict manifesting as sepsis, hypersplenism, or bone marrow depression (6 cases from Group VE and 2 cases from Group C) ( Fig. 2 ).
L49: Fig. 2 Flowchart of neonatal indirect hyperbilirubinemia
L50: There were no statistically significant differences between the studied groups regarding age ( p  = 0.831), sex ( p  = 0.360), body weight ( p  = 0.120), mode of delivery ( p  = 0.064), and gestational age in weeks ( p  = 0.754) and nutrition status ( p  = 0.846), but weight loss was significantly higher among VE cases (280 ±30.76) than controls (180.11 ±45.29) ( p  = 0.014) ( Table 1 ). There were no statistically significant differences between the studied groups regarding heart rate ( p  = 0.960), respiratory rate ( p  = 0.750) and temperature ( p  = 0.858) ( Table 2 ). Phototherapy exposure was statistically significantly lower among VE cases (75.9 ±8.95) than controls (94.70 ±15.42) with a  p -value = 0.004 ( Fig. 3 ). There were no statistically significant differences between the studied groups regarding hemoglobin ( p  = 0.733), total leucocyte count ( p  = 0.080), platelets ( p  = 0.056) and C-reactive protein ( p  = 1.00) ( Table 3 ).
L51: Fig. 3 Phototherapy exposure (h) among the studied neonates
L52: Table 1 Socio-demographic data of the studied neonates
L53: Table 2 Vital signs among the studied neonates
L54: Table 3 Laboratory investigations among the studied neonates
L55: There were statistically significant differences between the studied groups regarding total antioxidant capacity on the third day of admission ( p  = 0.003). Patients treated with vitamin E had higher total antioxidant capacity on the third day of admission (0.97 ±0.42) than control group (0.95 ±0.38). Also, among the VE group, total antioxidant capacity was significantly increased on the third day of admission (2.75 ±0.67) compared to zero days of admission (0.97 ±0.42) ( p  < 0.001) ( Table 4 ).
L56: Table 4 Total antioxidant capacity among the studied neonates
L57: There were statistically significant differences between the studied groups regarding serum bilirubin on the third day of admission ( p  = 0.039). Patients treated with vitamin E had lower serum bilirubin on the third day of admission (8.25 ±3.41) than the control group (11.66 ±3.22). Also, among VE cases, serum bilirubin was significantly decreased on the third day of admission (8.25 ±3.41) compared to zero days of admission (14.10 ±4.39) ( p  = 0.041) ( Table 5 ,  Fig. 4 ).
L58: Fig. 4 Serum bilirubin distribution among the studied neonates
L59: Table 5 Serum bilirubin among the studied neonates
L60: Discussion
L61: In the present study, no statistically significant differences between the treated patient and control groups regarding age, sex, body weight and mode of delivery were found. Our results agree with Stevenson  et al . [ 19 ], who reported that infants in the vitamin E-treated group had a male : female ratio of 12 : 7, a mean birth weight of 1272 g, and a mean gestational age of 29 weeks. The M : F ratio in the control group was 11%, and the differences between the vitamin E-treated and control-treated groups were not statistically significant. The control group’s mean birth weight was 1214 g, and its mean gestational age was 29 weeks. Another study was done by Abdul-Razzak  et al . [ 20 ], who studied the correlation between full-term newborns’ hyperbilirubinemia severity and plasma vitamin E and C levels. In 119 newborns who did not develop hyperbilirubinemia and 11 neonates who did develop substantial hyperbilirubinemia, the concentrations of the vitamins E and C in the blood were evaluated on the first day of life. There was no discernible difference between the two groups’ gestational ages and birth weights. Also, El Mashad  et al . [ 21 ] evaluated the impact of vitamin E supplementation in the management of secondary hyperbilirubinemia in newborns receiving phototherapy. They discovered that statistical examination of the data revealed no statistically significant differences between the vitamin E supplementation group and the control group in terms of age, sex, or body weight. This suggests that the cases were carefully chosen. Thiagarajan  et al . [ 22 ] assessed neonates who were receiving phototherapy for newborn jaundice and their oxidative stress. They discovered that there were 26 males and 14 females among the controls and 25 males and 15 females among the neonates who were enrolled as cases. The two groups’ distributions of age and sex were comparable.
L62: In the current study, treated patients had significantly lower exposure to phototherapy than the control group. These results are in agreement with the results obtained by Gross [ 23 ], who studied 20 neonates with a birth weight of 2500-3500 g. The vitamin E supplemented group also experienced significantly shorter phototherapy sessions. These disparities were not as noticeable in newborns who weighed more than 2500 g at birth. Also, these results are in agreement with Akisü  et al . [ 24 ], who needed 72 hours of continuous phototherapy to assess the antioxidant defense system in neonates undergoing phototherapy. They found no significant change in serum levels of vitamin E before and 72 hours after the phototherapy. On the other hand, our results disagree with Hadjigeorgiou  et al . [ 25 ], who studied 11 full-term infants with jaundice who received phototherapy and had their serum vitamin E levels measured and compared to 10 full-term jaundiced control children. They discovered that no alterations were seen prior to, during, or one week after quitting phototherapy. Regarding the values of microhematocrit, hemoglobin, and reticulocytes, the two groups of babies both showed poor outcomes.
L63: In our study, no statistical differences were found between the studied groups regarding CBC including hemoglobin, TLC, platelet, and CRP. These results agree with Westergren and Betty [ 26 ], who found that in both control-supplemented and vitamin E-supplemented groups, hemoglobin levels between the two groups did not significantly differ at any point in time. A control-supplemented infant also attained vitamin E adequacy and a decline in bilirubin generation by day 7 of life; vitamin E supplementation considerably increases vitamin E levels. Ferlin  et al . [ 27 ], however, reported that since this supplementation did not change hemoglobin levels, the prophylactic or therapeutic use of vitamin E, 25 IU/day, had no impact on early anemia of preterm. Also, Hadjigeorgiou  et al . [ 25 ] found no differences before or after phototherapy or 1 week after stopping it. The same negative results were noted in the two groups of infants about the values of microhematocrit, hemoglobin, and reticulocytes. On the other hand, Gross  et al . [ 23 ] found from day 3 to day 8 that the treatment group’s mean percent carboxyhemoglobin level dramatically decreased (1.08-0.78%), whereas the control group’s mean value stayed constant at 0.96%. Vitamin supplementation appears to slow down but not stop the rapid red cell death that is unique to preterm infants. Similarly, Abdul-Razzak  et al . [ 20 ] found that neonates with hyperbilirubinemia had considerably decreased hemoglobin and hematocrit levels. The study done by Abd El Wahed  et al . [ 28 ] found that preterm neonates may benefit from receiving additional vitamin E supplements as vitamin E may be able to prevent or reduce some preterm complications.
L64: Our patients treated with phototherapy had decreased serum bilirubin on the third day of admission and had a higher rate of bilirubin decline than control group. Also, serum bilirubin on the third day of admission was significantly lower than at zero days of admission. These results agreed with those obtained by Gross  et al . [ 23 ], who found that vitamin E-treated newborns who had birth weights under 2500 g showed a substantial reduction in serum bilirubin on day 3 of life as well as a significant reduction in peak serum bilirubin over the first week of life. Our finding is also like that of Kaplan  et al . [ 29 ], who concluded that vitamin E deficiency may be the cause of the significant hyperbilirubinemia and enhanced hemolysis seen in newborn jaundice. These results agreed with those obtained by Ojo  et al . [ 30 ], who observed a significant decrease plasma vitamin E level in full-term neonates associated with an increase in bilirubin level and red blood cell hemolysis. These results agree with Fischer  et al . [ 31 ], who found that each neonate’s serum total bilirubin levels were measured on the first and third study days, and there was a favorable link between those levels and vitamin E administration. In contrast, our results disagree with Westergren and Betty [ 26 ], who found that when compared to day 1, vitamin E levels were significantly higher on days 3 and 7. On day 3 compared to day 1, neither group’s bilirubin production differed considerably. However, by day 7, both groups’ bilirubin production had decreased dramatically compared to day 1. At any given moment, there were no appreciable variations in the two groups’ serum bilirubin levels. A control-supplemented infant also attained vitamin E adequacy and a decline in bilirubin generation by day 7 of life; vitamin E supplementation considerably increases vitamin E levels. Meanwhile, Dani  et al . [ 32 ] found in preterm newborns that lower plasma bilirubin levels were associated with lower plasma antioxidant capacity and higher levels of oxidative stress. These observations could result from heme oxygenase’s pro-oxidant activity brought on by the release of iron. Another study by Thiagarajan  et al . [ 22 ] found that mean total serum bilirubin levels were 10.13 ±2.47 mg/dl for controls, 17.85 ±1.82 mg/dl for cases in the pre-phototherapy study group, and 15.19 ±1.56 mg/dl for cases in the post-phototherapy study group. It demonstrates that phototherapy treatment dramatically reduced the level of total serum bilirubin. Similarly, El Mashad  et al . [ 21 ] found there were no differences in serum bilirubin levels on days 1 or 3 between the groups receiving vitamin E and the control group. On days 1 and 3, they continued to notice no variations in serum bilirubin levels. The findings of their study indicate that in premature newborns weighing less than 1500 g at birth, supplementary oral vitamin E therapy had no appreciable impact on bilirubin generation during the first three days of life.
L65: Our patients treated with vitamin E had higher TAC on the third day of admission than control group. Also, TAC on the third day of admission was significantly higher than at zero days of admission. Also, the treated group had a significantly higher rate of TAC increase than the control group. These results agree with those obtained by Abd El Wahed  et al . [ 28 ], who found that preterm neonates may benefit from receiving additional vitamin E supplements as vitamin E may be able to prevent or reduce some preterm complications. Also, El Mashad  et al . [ 21 ] found that in the groups under study, there was no appreciable difference in TSB upon admission. This suggests careful case selection. However, the studied groups’ TSBs at discharge showed a highly significant difference. When compared to group III, which received only phototherapy, group I, which received 25 mg/kg/day of oral vitamin E along with phototherapy, had significantly higher TSB at discharge; however, there was no discernible difference between group II, which received 50 mg/kg/day of oral vitamin E along with phototherapy, and groups II and III.
L66: Conclusions
L67: In conclusion, vitamin E supplementation has an important role in treatment of indirect hyperbilirubinemia. Early administration of vitamin E in preterm neonates resulted in a significant decrease of serum bilirubin and increased total antioxidant capacity. Vitamin E supplementation in full term decreases duration of phototherapy. Further investigational studies about the role of vitamin E on pathological hyperbilirubinemia are needed. Future studies are needed to examine preterm and term neonates separately with larger sample sizes.
L68: Disclosure
L69: The authors declare no conflict of interest.
L70: 1 Tsehay 
L71:  B ,  Afework 
L72:  M .  The burden of pathological neonatal jaundice and its determinants in Ethiopia: Systematic review and meta-analysis .  J Neonatol 
L73:  2023 ;  09732179231164520 .
L74: 2 Thanomsingh 
L75:  P .  Clinical predictive score of predischarge screening for severe hyperbilirubinemia in late preterm and term infants .  Pediatr Neonatol 
L76:  2020 ;  61 :  378 - 384 . 32156481
L77: 3 Abd Elmoktader 
L78:  A ,  Hussein 
L79:  S ,  Boraik 
L80:  M .  Hyperbilirubinemia in neonatal intensive care unit: Incidence and etiology at Fayoum University Hospital .  Fayoum University Med J 
L81:  2019 ;  3 :  8 - 14 .
L82: 4 Zhang 
L83:  F ,  Chen 
L84:  L ,  Jiang 
L85:  K .  Neuroinflammation in bilirubin neurotoxicity .  J Integr Neurosci 
L86:  2023 ;  22 :  9 . 36722237
L87: 5 Efat 
L88:  A ,  Shoeib 
L89:  S ,  Ebrahim 
L90:  E ,  et al .  Impact of indirect bilirubin and uric acid on outcomes of sepsis-associated acute kidney injury (sAKI) .  Int Urol Nephrol 
L91:  2022 ;  54 :  3009 - 3016 . 35668165
L92: 6 Wang 
L93:  P ,  Casner 
L94:  RG ,  Nair 
L95:  MS ,  et al .  Increased resistance of SARS-CoV-2 variant P. 1 to antibody neutralization .  Cell Host Microbe 
L96:  2021 ;  29 :  747 - 751 . 33887205
L97: 7 Jiang 
L98:  Q .  Metabolism of natural forms of vitamin E and biological actions of vitamin E metabolites .  Free Radic Biol Med 
L99:  2022 ;  179 :  375 - 387 . 34785321
L100: 8 Barekatain 
L101:  Y ,  Khadka 
L102:  S ,  Harris 
L103:  K ,  et al .  Quantification of phosphonate drugs by 1H–31P HSQC shows that rats are better models of primate drug exposure than mice .  Anal Chem 
L104:  2022 ;  94 :  10045 - 10053 . 35792073
L105: 9 Khan 
L106:  Z ,  Ahmed 
L107:  S ,  Ullah 
L108:  H ,  Khan 
L109:  H .  Vitamin E (tocopherols and tocotrienols) (natural-occurring antioxidant; bright and dark side) . In:  Antioxidants Effects in Health ,  Elsevier 
L110:  2022 ;  547 - 560 .
L111: 10 Elfarargy 
L112:  MS ,  El Farargy 
L113:  MS ,  Atef 
L114:  MM ,  et al .  Early biomarkers in neonatal necrotizing enterocolitis: a pilot study .  J Popul Ther Clin Pharmacol 
L115:  2019 ;  26 :  1 - 8 .
L116: 11 Raut 
L117:  SK ,  Khullar 
L118:  M .  Oxidative stress in metabolic diseases: Current scenario and therapeutic relevance .  Mol Cell Biochem 
L119:  2023 ;  478 :  185 - 196 . 35764861
L120: 12 Perrone 
L121:  S ,  Lembo 
L122:  C ,  Giordano 
L123:  M ,  et al .  Molecular mechanisms of oxidative stress-related neonatal jaundice .  J Biochem Mol Toxicol 
L124:  2023 ;  37 :  e23349 . 37009732
L125: 13 Jena 
L126:  AK ,  Sahu 
L127:  MC ,  Mohanan 
L128:  KU ,  et al .  Bipolar resistive switching in TiO2 artificial synapse mimicking Pavlov’s associative learning .  ACS Appl Mater Interfaces 
L129:  2023 ;  15 :  3574 - 3585 . 36595219
L130: 14 Lembo 
L131:  C ,  Buonocore 
L132:  G ,  Perrone 
L133:  S .  Oxidative stress in preterm newborns .  Antioxidants 
L134:  2021 ;  10 :  1672 . 34829543
L135: 15 Tain 
L136:  YL ,  Hsu 
L137:  CN .  Oxidative stress-induced hypertension of developmental origins: preventive aspects of antioxidant therapy .  Antioxidants 
L138:  2022 ;  11 :  511 . 35326161
L139: 16 Llido 
L140:  JP ,  Jayanti 
L141:  S ,  Tiribelli 
L142:  C ,  Gazzin 
L143:  S .  Bilirubin and redox stress in age-related brain diseases .  Antioxidants 
L144:  2023 ;  12 :  1525 . 37627520
L145: 17 Tatsumi 
L146:  Y .  High-Mg andesites in the Setouchi volcanic belt, southwestern Japan: analogy to Archean magmatism and continental crust formation? 
L147:  Annu Rev Earth Planet Sci 
L148:  2006 ;  34 :  467 - 499 .
L149: 18 Bhutani 
L150:  VK ,  Wong 
L151:  RJ .  Bilirubin neurotoxicity in preterm infants: risk and prevention .  J Clin Neonatol 
L152:  2013 ;  2 :  61 - 69 . 24049745
L153: 19 Stevenson 
L154:  DK ,  Fanaroff 
L155:  AA ,  Maisels 
L156:  MJ ,  et al .  Prediction of hyperbilirubinemia in near-term and term infants .  Pediatrics 
L157:  2001 ;  108 :  31 - 39 . 11433051
L158: 20 Abdul-Razzak 
L159:  KK ,  Nusier 
L160:  MK ,  Obediat 
L161:  AD ,  Salim 
L162:  AM .  Antioxidant vitamins and hyperbilirubinemia in neonates .  Ger Med Sci 
L163:  2007 ;  5 :  Doc03 . 19675711
L164: 21 El Mashad 
L165:  GM ,  El Sayed 
L166:  HM ,  El 
L167:  NA .  Role of vitamin E supplementation in neonates with hyperbilirubinemia .  Menoufia Medical J 
L168:  2019 ;  32 :  734 .
L169: 22 Thiagarajan 
L170:  AN ,  Chand 
L171:  P ,  Bhat 
L172:  BV ,  Sridhar 
L173:  MG .  Assessment of oxidative stress in babies under phototherapy for neonatal jaundice .  Int J Adv Med Health Res 
L174:  2014 ;  1 :  66 - 68 .
L175: 23 Gross 
L176:  SJ .  Vitamin E and neonatal bilirubinemia .  Pediatrics 
L177:  2011 ;  64 :  321 - 323 .
L178: 24 Akisu 
L179:  M ,  Kumral 
L180:  A ,  Canpolat 
L181:  FE .  Turkish neonatal society guideline on neonatal encephalopathy .  Turk Pediatri Ars 
L182:  2018 ;  53 :  S32 - S44 . 31236017
L183: 25 Hadjigeorgiou 
L184:  E ,  Tzortzatou 
L185:  F ,  Malamitsi-Puchner 
L186:  A ,  et al .  Vitamin E serum levels in newborn infants undergoing phototherapy .  Neonatology 
L187:  2008 ;  38 :  210 - 213 .
L188: 26 Westergren 
L189:  T ,  Betty 
L190:  K .  Dosage and formulation issues: oral vitamin E therapy in children .  Eur J Clin Pharmacol 
L191:  2010 ;  66 :  109 - 118 . 19823814
L192: 27 Ferlin 
L193:  ML ,  Chuan 
L194:  LS ,  Jorge 
L195:  SM ,  Vannucchi 
L196:  H .  Early anemia of prematurity .  Nutrition Res 
L197:  1998 ;  18 :  1161 - 1173 .
L198: 28 Abd El-Wahed 
L199:  MA ,  Lebda 
L200:  EM ,  Ali 
L201:  KA ,  et al .  The structural geometry and metamorphic evolution of the Umm Gheig shear belt, Central Eastern Desert, Egypt: implications for exhumation of Sibai core complex during oblique transpression .  Arabian J Geosci 
L202:  2019 ;  12 :  1 - 31 .
L203: 29 Kaplan 
L204:  M ,  Hammerman 
L205:  C ,  Vreman 
L206:  HJ ,  et al .  Hemolysis, and hyperbilirubinemia in antiglobulin positive, direct ABO blood group heterozerconid neonates .  J Pediatr 
L207:  2010 ;  157 :  772 - 777 . 20598320
L208: 30 Ojo 
L209:  CO ,  Dawodu 
L210:  AH ,  Osifo 
L211:  BO .  Vitamin E deficiency in the pathogenesis of haemolysis and hyperbilirubinaemia of neonatal jaundice .  J Trop Pediatr 
L212:  2013 ;  32 :  251 - 254 .
L213: 31 Fischer 
L214:  AF ,  Inguillo 
L215:  D ,  Martin 
L216:  DM ,  et al .  Carboxyhemoglobin concentration as an index of bilirubin production in neonates with birth weights less than 1,500 grams: a randomized double-blind comparison of supplemental oral vitamin E and control .  J Pediatr Gastroenterol Nutr 
L217:  2012 ;  6 :  748 - 751 .
L218: 32 Dani 
L219:  C ,  Martelli 
L220:  E ,  Bertini 
L221:  G ,  et al .  Plasma bilirubin level and oxidative stress in preterm infants .  Arch Dis Child Fetal Neonatal Ed 
L222:  2013 ;  88 :  F119 - 123 .
[123ms]

