L1: Synergistic Role of Aerobic Exercise and Vitamin C in Reducing Hypertension and Restoring Redox–Inflammatory Balance
L2: Nutrients (2026)
L3: Sheraz Ahmad, Khalid Abdul Majeed, Saima Masood, Muhammad Shahbaz Yousaf, Muhammad Bilal Akram, Abdullah Arif Saeed, Habib Rehman
L4: 1 Department of Physiology, University of Veterinary and Animal Sciences, Outfall Road, Lahore 54600, Pakistan;  drsherazasim@gmail.com  (S.A.);  drmshahbaz@uvas.edu.pk  (M.S.Y.);  bilalakram708@gmail.com  (M.B.A.);  abdullah.arif@uvas.edu.pk  (A.A.S.);  habibrehman@uvas.edu.pk  (H.R.)
L5: 2 Department of Anatomy and Histology, University of Veterinary and Animal Sciences, Lahore 54600, Pakistan;  saima.masood@uvas.edu.pk
L6: Background/Objectives : Hypertension (HTN) remains a major global concern despite the availability of many antihypertensive medications, each with its own side effects. Lifestyle interventions, such as aerobic exercise and antioxidant-rich foods, represent promising non-pharmacological strategies for hypertension management. This study investigated the combined effects of exercise and vitamin C on anthropometric parameters, blood pressure, gut histology, biochemical markers, hematological profile, inflammatory gene expression, redox status, and stress hormones in L-nitroarginine methyl ester (L-NAME)-induced hypertensive rats.  Methods : Male Wistar rats (n = 30) were randomly divided into five groups (n = 6/group): control, hypertensive (HTN), hypertensive + exercise (HTN + EX), hypertensive + vitamin C (HTN + VC), and hypertensive + exercise + vitamin C (HTN + EX + VC). Exercise consisted of treadmill training at a low intensity (50 ft/min) for 60 min daily, while vitamin C was administered orally (200 mg/kg/day) for four weeks. Blood pressure, anthropometric parameters, gut histology, inflammatory gene expression, hematological indices, serum biochemistry, oxidative stress markers, and hormonal assays were measured.  Results : Both exercise and vitamin C individually reduced blood pressure ( p  < 0.05) and increased villi length ( p  < 0.05), upregulated anti-inflammatory cytokine expression in the gut, lowered oxidative stress (assessed through CRP, MDA, and catalase), and reduced stress hormones (cortisol and norepinephrine). The combined intervention (HTN + EX + VC) showed the most pronounced effects, resulting in a greater reduction in blood pressure and reversal of the changes induced by hypertension when compared to the HTN group.  Conclusions : Exercise and vitamin C were beneficial in lowering blood pressure and improving the adverse changes associated with hypertension.
L7: Article
L8: hypertension; aerobic exercise; vitamin C; antioxidants; gut health; oxidative stress
L9: 1. Introduction
L10: Significant progress has been made in the management of hypertension treatment and its associated risk factors in the past few decades; however, hypertension continues to be a widespread global issue [ 1 ]. Hypertension affects 35% of individuals in developed countries and approximately 40% in developing countries [ 2 ]. In Pakistan, about 46% of the population is suffering from hypertension [ 3 ]. Hypertension imposes a serious financial burden; for example, in the USA, there is a total cost of 2370 USD per patient [ 4 ], and in Pakistan, the mean annual cost for a single hypertensive patient was approximately 321 USD [ 5 ]. Beyond financial burden, hypertension is one of the leading causes of major health problems, including stroke, ischemic heart disease, liver dysfunction [ 6 ], dyslipidemia [ 7 ], imbalanced hematological profile [ 8 ], and chronic kidney failure [ 9 ]. Additionally, hypertension showed detrimental effects on gut microarchitecture [ 10 ]. Although a variety of antihypertensive medications are available, their long-term use is often associated with side effects and financial burden, particularly in low- and middle-income countries, which highlights the need for safe and cost-effective solutions in hypertension management [ 11 ]. Lifestyle factors such as physical inactivity, obesity, and unhealthy dietary habits are key modifiable risk factors that play a pivotal role in the onset and progression of hypertension [ 12 ]. A sedentary lifestyle has been particularly identified as a key determinant, accounting for nearly 43% of hypertensive cases [ 13 ].
L11: Regular physical activity is emerging as one of the most effective non-pharmacological strategies for hypertension [ 14 ]. According to the World Health Organization (WHO) guidelines, 2020 recommended that at least 150 min of exercise a week is beneficial for overall health [ 15 ]. Exercise has shown significant improvements in vascular compliance, endothelial function [ 16 ], angiogenesis [ 17 ], and dyslipidemia [ 18 ] that contribute to blood pressure regulation.
L12: In addition to physical activity, antioxidant supplementation also emerged as a novel therapy in hypertension management [ 19 ]. Among various antioxidants, vitamin C plays a particular role due to its high potential ability to scavenge reactive oxygen species [ 20 ], restore nitric oxide bioavailability [ 21 ], and improve endothelial dysfunction and blood pressure [ 22 ]. The study also indicated that low blood vitamin C levels increased the chances of hypertension [ 23 ].
L13: Both exercise and vitamin C improve blood pressure by reducing oxidative stress, improving endothelial function, and vascular tone. Substantial research on both interventions individually is available, but their combined effects on hypertension and related systemic and intestinal alterations remain largely unexplored. We presumed that exercise with vitamin C, in combination, could reduce the BP more efficiently. Therefore, the present study was designed to elucidate the combined effects of exercise and vitamin C supplementation on blood pressure regulation, intestinal microarchitecture, cytokine expression, hematological profile, and health markers in L-nitroarginine methyl ester (L-NAME)-induced hypertensive rats.
L14: 2. Materials and Methods
L15: 2.1. Animals
L16: Male Wistar rats (12 weeks old, n = 30) were used in this study. All the experimental protocols were performed with the approval of the Ethical Committee of the University of Veterinary and Animal Sciences (UVAS), Lahore (Directive no. DR/395). The animals were kept in cages with stainless steel-wired mesh tops in a well-ventilated animal house at the Department of Physiology, UVAS. The rats were acclimatized for one week before the start of the experiment. The rats were provided with ad libitum feed and water and kept under a 12-h dark and light cycle with a relative humidity of 60–70%.
L17: 2.2. Experiment Design
L18: L-nitroarginine methyl ester (L-NAME) (Macklin, Shanghai, China) and vitamin C (Lvyuan Pharmaceuticals, Zhoukou, China) were used in the experiment. Thirty rats (n = 6 per group) were randomly divided into five groups: Negative control (Control), Positive control (HTN), L-NAME + Exercise group (HTN + EX), L-NAME + Vitamin C group (HTN + VC), and L-NAME + Exercise + Vitamin C group (HTN + EX + VC). The rats in the HTN groups received L-NAME dissolved in water (40 mg/kg/day) for 28 days [ 24 ]. The rats in the vitamin group were given vitamin C (200 mg/kg/day) by oral gavage for 4 weeks [ 25 ].
L19: 2.3. Exercise Protocol
L20: Rats in the exercise groups underwent a structured low-intensity treadmill training protocol adapted from previously validated rodent endurance-training models [ 26 ]. All exercise sessions were performed on a treadmill (SK-21C, Oxygen Fitness, Lahore, Pakistan) under controlled laboratory conditions (room temperature 22 ± 2 °C; relative humidity 50–60%; noise-free environment). During Week 1, rats exercised at 16 ft/min for 30 min per day to allow physiological adaptation. In Weeks 2–4, the workload gradually increased to 50 ft/min for a total of 60 min per day. During Week 1, rats received a 5-min rest following each 15-min exercise interval. From Week 2 onward, rest periods were provided after every 30 min of exercise. This exercise program continued for four weeks, with 7 days/week in the exercise groups [ 27 ]. The speed (50 feet/minute) corresponds to approximately 60% of maximal aerobic capacity, thereby remaining within the low-intensity domain [ 28 ].
L21: 2.4. Diet and Anthropometric Parameters
L22: Standard rat chow based on dietary casein was offered during the trial ( Table 1 ).
L23: Body weight (g), body length (cm), abdominal circumference (cm), thoracic circumference (cm), abdominal-to-thoracic circumference ratio, and body mass index (g/cm 2 ) were measured at the end of the study. All the measurements were performed as previously described [ 29 , 30 ]. At the end of the experiment, rats were euthanized with thiopental sodium (70 mg/kg i.p.).
L24: 2.5. Blood Pressure Measurement
L25: Rats were gently placed in a restrainer and given time to acclimate before blood pressure was measured. The blood pressure of the rats was monitored once a week through the tail cuff plethysmography method as per the manufacturer’s protocol (VT200A, Ronseda Electronics Co., limited, Shenzhen, China). The systolic blood pressure (SBP) was measured by taking five readings, and the mean value was used for analysis.
L26: 2.6. Biochemical Analysis
L27: Blood samples were collected on the last day of the experiment through cardiac puncture, and serum and plasma were separated by centrifugation (3000 rpm; 15 min). The serum was stored at −20 °C until further analysis. At the time of analysis, the serum samples were thawed and concentrations of total protein, albumin, uric acid, total cholesterol (TC), triglycerides (TG), high-density lipoproteins (HDL), and activities of alanine aminotransferase (ALT), aspartate aminotransferase (AST), and alkaline phosphatase (ALP) were measured using commercial kits (Human Diagnostics, Wiesbaden, Germany). The serum low-density lipoproteins (LDL) were calculated using the Friedewald formula [ 31 ]: L D L ( m g / d L ) = T C − H D L − T G 5
L28: The atherogenic index was calculated as LDL/HDL [ 32 ]. Hemoglobin (Hb), red blood cell (RBC) count, hematocrit (HCT), mean corpuscular volume (MCV), mean corpuscular hemoglobin (MCH), mean corpuscular hemoglobin concentration (MCHC), total white blood cells (WBC), neutrophils, lymphocytes, monocytes, eosinophils, and platelet counts were measured using a hematology analyzer (Mindray, Shenzhen, China). Hematological inflammatory indices such as platelet-to-lymphocyte (PLR), neutrophil-to-lymphocyte ratio (NLR), and systemic immune-inflammation index (SII) were calculated from blood cell counts. P L R = P l a t e l e t   c o u n t L y m p h o c o c y t e   c o u n t     N L R = N e u t r o p h i l   c o u n t L y m p h o c y t e   c o u n t     S I I = N e u t r o p h i l   c o u n t   x   P l a t e l e t   c o u n t L y m p h o c y t e   c o u n t
L29: Serum malondialdehyde (MDA) and catalase levels were measured as previously reported [ 33 ]. C-reactive protein (CRP) was measured following the manufacturer’s protocol using a commercial kit (Terasco, Immensee, Switzerland).
L30: 2.7. Hormonal Assays
L31: The plasma cortisol and norepinephrine were measured using commercial ELISA kits (Bioactive, Vohl, Germany) and (Bio-Techne, Minneapolis, MN, USA), respectively.
L32: 2.8. Gene Expression
L33: Parts of the small intestine (ileum) were dissected, washed with cold saline, and stored at −20 °C for future analysis. RNA was extracted using TRIZOL (Sigma Aldrich, St. Louis, MO, USA). The RNA in the samples was quantified using a spectrophotometer, and the RNA purity was assessed by measuring the absorbance ratio at 260 and 280 nm (A260/A280). Reverse transcription was performed using the Revert Aid First Strand cDNA Synthesis Kit (Thermoscientific, Waltham, MA, USA). qRT-PCR was completed by using Maxima SYBR Green/ROX (Thermoscientific, Waltham, MA USA) ( Table 2 ). Melting-curve analysis was performed at the end of each qPCR run to verify the specificity of amplification and to rule out primer-dimer formation. PCR amplification of target mRNAs from tissue extracts was performed using a thermocycler. The protocol consisted of 40 cycles, each comprising denaturation at 94 °C for 30 s, annealing for 30 s at 55 °C for TNF-α, 59 °C for IL-10, 60 °C for IL-β, and extension at 72 °C for 1 min. A final extension step was carried out at 72 °C for 10 min after completion of the cycling program. Gene expression levels were normalized to the control sample using the 2 −ΔΔCT  method, with GAPDH serving as the internal control.
L34: 2.9. Intestinal Mucosal Microarchitecture
L35: The morphology and collagen deposition of ileum samples were assessed as previously reported [ 34 ]. In brief, paraffin-embedded 5 µm sections were stained with hematoxylin and eosin (H&E) and Masson’s trichrome to evaluate ileal mucosal morphometry and fibrosis, respectively. For each sample, 2–3 representative fields were selected from well-preserved areas of the ileum, avoiding folded, torn, or artifact-affected regions. Villus length, crypt depth, and collagen deposition were measured using ImageJ software (NIH, Bethesda, MD, USA, 2012).
L36: 2.10. Statistical Analysis
L37: Statistical Package for Social Sciences (SPSS Software, Version 20, Chicago, IL, USA) was used for data analysis. Graphs were generated using GraphPad Prism software (Version 8.0; La Jolla, CA, USA). Repeated-measures ANOVA was applied to systolic blood pressure data. One-way ANOVA was applied to the rest of the data, and Tukey’s post hoc test was applied where applicable. Data normality and homogeneity were assessed using the Kolmogorov–Smirnov and Levene’s tests, respectively.  p  < 0.05 was considered significant.
L38: 3. Results
L39: 3.1. Anthropometric Parameters
L40: As shown in  Table 3 , the body weight, abdominal circumference, and thoracic circumference were significantly reduced in the hypertensive (HTN) group compared to the rats in the control group ( p  < 0.05). Exercise (HTN + EX) resulted in significant reductions in body weight and abdominal circumference as compared to the HTN and control groups ( p  < 0.01). In contrast, the rats in the vitamin C group (HTN + VC) showed nonsignificant changes in body weight, abdominal, and thoracic circumferences compared to the HTN group ( p  > 0.05). Notably, the combined intervention (HTN + EX + VC) resulted in the most pronounced reductions in body weight, abdominal circumference, thoracic circumference, as well as body mass index compared to the HTN group ( p  < 0.01).
L41: 3.2. Blood Pressure
L42: Systolic blood pressure (SBP) increased progressively in the HTN group rats compared to the control group throughout the experimental period ( Figure 1 ). Compared to the HTN group, rats in the HTN + EX, HTN + VC, and HTN + EX + VC groups showed a gradual reduction in SBP following the start of their respective treatments.
L43: At the end of week 2, all treatment groups showed significantly reduced ( p  < 0.05) SBP values compared to the untreated hypertensive group (HTN). Rats in the HTN + EX + VC group showed greater reductions in SBP at the end of week 3 compared to the HTN + EX and HTN + VC groups. At the end of week 4, all the intervention groups exhibited significantly lower blood pressure compared to the HTN group ( p  < 0.05), while no significant difference was observed among the intervention groups. However, the control group maintained stable SBP values throughout the 4 weeks, with no significant changes recorded.
L44: 3.3. Hormonal Assays and CRP
L45: Norepinephrine (NE) levels were increased ( p  < 0.05) in the HTN group compared to the control group ( Figure 2 A). Both exercise groups significantly lowered NE concentrations relative to the HTN group ( p  < 0.05). However, the HTN + VC group showed partial reductions compared to the HTN group ( p  > 0.05). As shown in  Figure 2 B, cortisol levels were markedly increased in the HTN group compared to the control group ( p  < 0.05). Rats in treatment groups HTN + EX, HTN + VC, and HTN + EX + VC significantly reduced cortisol concentrations relative to the HTN group ( p  < 0.05). However, both the combination group (HTN + EX + VC) and the vitamin C group (HTN + VC) exhibited greater reductions in cortisol levels compared to the HTN group. CRP levels followed a similar trend, showing a significant increase in the HTN group, while the combination treatment group (HTN + EX + VC) exhibited the most pronounced reduction ( p  < 0.01).
L46: 3.4. Biochemical Analysis
L47: Albumin and total protein levels were significantly increased ( p  < 0.05) in the HTN group compared with the control group ( Table 4 ). Exercise significantly reduces the total protein levels, and this effect was seen in both exercise groups. Cholesterol, triglycerides, and LDL concentrations were significantly increased ( p  < 0.05) in the HTN group compared to the control group, while HDL levels were reduced significantly. Exercise and vitamin C each corrected these abnormalities significantly ( p  < 0.05), but the combination group (HTN + EX + VC) shows the most marked improvement ( p  < 0.01) with lower cholesterol, triglycerides, and LDL and higher HDL concentrations. Consequently, the atherogenic index was also lowest in the combined group. Uric acid levels increased ( p  < 0.05) in the HTN group compared to the control group. Catalase and MDA levels were significantly suppressed in the HTN group. Treatment with exercise or vitamin C in respective groups significantly increased catalase and MDA levels, but the combination group (HTN + EX + VC) showed more pronounced improvements ( p  < 0.01).
L48: 3.5. Gut Histology and Inflammatory Gene Expression
L49: In the HTN group, there was stunted height of villi as well as increased fibrotic area ( p  < 0.05) compared to the control group ( Figure 3 ). The villus length, crypt depth, and collagen deposition of the small intestine improved significantly in the HTN + EX as well as in the HTN + VC groups compared to the HTN group ( p  < 0.05). But the combined treatment (HTN + EX + VC) resulted in better improvements and brought it closer to the control group ( p  < 0.05) ( Table 5 ). Collagen deposition was used to quantify the fibrotic area [ 34 ]. Exercise and vitamin C supplementation together significantly improved villus length and reduced fibrotic area in the intestine. There was significant upregulation of TNF-α and IL-1β in the HTN group, while downregulation in the exercise and vitamin C groups ( Figure 4 ). A combination of exercise and vitamin C produced more significant results compared to individual treatments.
L50: 3.6. Hematological Indices
L51: Hematological analysis showed no significant differences in hemoglobin (Hb), red blood cell (RBC) count, hematocrit (HCT), mean corpuscular volume (MCV), mean corpuscular hemoglobin (MCH), mean corpuscular hemoglobin concentration (MCHC), eosinophils, and platelet count among the groups, as shown in  Table 6 . In contrast, significant variations were observed in white blood cell (WBC) count, neutrophil, and monocyte count compared to the control group ( p  < 0.05). In the HTN group, there was a significant elevation in total WBC, neutrophil, lymphocyte, and monocyte count compared to the control group ( p  < 0.05). These elevations were significantly attenuated in the HTN + EX, HTN + VC, and HTN + EX + VC groups ( p  < 0.05), except for lymphocyte count. NLR and SII were similar across all the groups ( p  > 0.05). PLR was significantly reduced in the HTN, HTN + EX, HTN + VC, and HTN + EX + VC groups compared to the control group ( p  < 0.05).
L52: 4. Discussion
L53: The present study demonstrates that combined exercise and vitamin C resulted in the most pronounced antihypertensive activity, which surpasses the individual benefits of both interventions alone in L-NAME-induced hypertension. The combination of exercise and vitamin C not only improved hypertension but also improved anthropometry, small intestinal microarchitecture, inflammatory gene expression, liver and lipid profile, oxidative stress, and stress hormones.
L54: Four weeks of intervention, particularly exercise, significantly lowers body weight and body mass index and reduces the abdominal and thoracic circumferences compared to the control group. These shifts align with previous studies [ 35 , 36 ], which recognize the potential of exercise training to reduce adiposity and central measures associated with obesity, which are independent risk factors for hypertension [ 37 ].
L55: In the present study, hypertension deteriorated gut microarchitecture, which is consistent with previous studies [ 34 , 38 ]. The morphological changes are mechanistically linked to an enhanced pro-inflammatory response, which is indicated by downregulation of anti-inflammatory and upregulation of pro-inflammatory cytokines in intestinal tissues of the HTN group. IL-10 is a potent anti-inflammatory cytokine that normally maintains mucosal homeostasis and protects against endothelial dysfunction [ 39 ]. The downregulation of IL-10 and upregulation of TNF-α and IL-1β show a sustained inflammatory state, which is consistent with hypertension-driven low-grade inflammation as well as increased production of trimethylamine  N -oxide (TMAO) in hypertensive models [ 40 , 41 ]. TMAO is linked with upregulation of proinflammatory cytokines like TNF-α and IL-1β, as well as downregulation of IL-10 [ 42 ]. Both exercise and vitamin C intake reversed these alterations at the structural and molecular levels. Exercise significantly restored villus length and reduced the fibrotic areas of the intestine. Exercise also has downregulated TNF-α and IL-1β and upregulated IL-10, which demonstrates the well-reported antioxidant and anti-inflammatory effects of exercise [ 43 ]. Similarly, vitamin C improved intestinal morphology and downregulated the pro-inflammatory cytokine expression, while upregulating IL-10 expression, which is consistent with the already reported role of vitamin C as a free radical scavenger and cytokine regulator [ 44 ].
L56: Hypertensive rats showed elevated WBC counts and neutrophil percentages, which is consistent with previous studies [ 45 , 46 ]. The increase in WBC might be due to hypertension-induced atherosclerosis [ 47 ], which leads to activation of the cytokine system. Cytokines like SCF/ck repair endothelial injury, differentiate hematopoietic cells, and lead to myelopoiesis [ 48 ]. Exercise reduced leukocytosis by attenuating the low-grade inflammation, as evidenced by low levels of CRP. This effect is primarily mediated through suppression of pro-inflammatory cytokines like TNF-α and IL-1β, along with a decrease in levels of stress hormones like norepinephrine and cortisol [ 49 ].
L57: Hypertensive rats have elevated levels of total cholesterol, triglycerides, LDL, and uric acid, along with low levels of HDL, which reflect dyslipidemia and purine metabolism disturbances associated with hypertension as reported in previous studies [ 50 , 51 ]. In the exercise group, total cholesterol and triglycerides were reduced, and this effect is attributed to enhanced lipoprotein lipase (LPL) activity, which hydrolyzes triglycerides into VLDL and chylomicrons and maturation of small HDL particles into larger cholesterol-rich HDL [ 52 ]. Exercise also increases ABCA1 expression in macrophages, promoting reverse cholesterol transport, raising HDL levels, thereby reducing atherosclerosis risk [ 53 ]. Additionally, exercise regulates nuclear receptors and lipid-related genes, including LXR [ 54 ], ApoC3 [ 55 ], and PCSK9 [ 56 ], all of which improve lipid handling [ 57 ]. Aerobic training also upregulates hepatic LDL receptors, enhancing LDL uptake and degradation [ 58 , 59 ]. Together, these mechanisms explain the observed reduction in LDL and rise in HDL, consistent with an earlier study [ 60 ]. In the vitamin C group, total cholesterol and triglycerides were also reduced. Vitamin C supports fatty-acid β-oxidation by enhancing carnitine synthesis, which facilitates hepatic lipid metabolism [ 61 ]. It also enhances the activity of lecithin/cholesterol acyltransferase (LCAT), an enzyme central to reverse cholesterol transport, enabling cholesterol removal from tissues and excretion via the liver [ 61 ]. While vitamin C did not significantly increase HDL, it lowered LDL, likely due to its antioxidant effect, which prevents LDL oxidation and facilitates hepatic clearance [ 62 ]. Supporting evidence shows that vitamin C deficiency downregulates hepatic LDL receptors, leading to LDL accumulation [ 63 ].
L58: Uric acid levels increased in hypertensive rats, which is consistent with a previous study [ 64 ], which may be related to renal impairments associated with hypertension. In the exercise groups, serum uric acid level was reduced, which might be due to improvement in ATP turnover. Exercise reduces adenylate deaminase, due to which precursor synthesis for uric acid production is reduced [ 65 ], and it also improves uric acid excretion [ 66 ]. Exercise and vitamin C showed the most favorable improvement in the atherogenic index, which shows lipid normalization aligning directly with BP reduction.
L59: Total protein and albumin levels were elevated in hypertensive rats, as aligned with a previous study [ 50 ]. This effect results from hemoconcentration caused by reduced plasma volume due to increased vascular tone and enhanced transcapillary fluid loss. Exercise reduces total protein and albumin levels via increased protein oxidation and amino acid metabolism as the body uses amino acids for energy and gluconeogenesis [ 67 ].
L60: In the present study, CRP concentrations and MDA levels were markedly elevated in hypertensive rats, reflecting the well-established link between high CRP and hypertension [ 68 ]. Hypertension promotes vascular injury and endothelial dysfunction, which stimulate cytokine release and hepatic CRP synthesis, and CRP itself aggravates hypertension by reducing nitric oxide, enhancing oxidative stress, and creating a general inflammatory state in the body [ 69 ]. Both exercise and vitamin C lowered CRP and MDA levels in hypertensive rats. The beneficial effects of exercise are largely attributed to its ability to reduce visceral adiposity, a major source of cytokines such as IL-6 and TNF-α, which in turn stimulate hepatic CRP synthesis. Exercise also lowers MDA by mitigating oxidative stress, partly through enhancing antioxidant defenses, as evidenced by the rise in catalase observed in this study [ 70 , 71 ]. Vitamin C improves the antioxidant capacity by enhancing the catalase activity, ultimately lowering lipid peroxidation and MDA levels while also preventing NF-kB activation, thereby suppressing cytokine-driven CRP synthesis [ 72 ].
L61: Hypertension raises the levels of norepinephrine (NE) and cortisol, which is consistent with previous studies [ 73 , 74 ]. The elevation in NE is attributed to competitive inhibition of nitric oxide synthase by L-NAME, which reduces NO availability. The absence of NO is believed to increase NE release from sympathetic nerves and adrenal medulla [ 75 ]. Exercise reduces NE levels, while vitamin C supplementation resulted in a non-significant change compared to the HTN group. The proposed mechanism behind exercise-induced NE reduction is a rise in prostaglandin E levels, which subsequently reduces NE release from sympathetic nerves [ 76 ]. Another proposed mechanism is that exercise reduces ouabain-like digitalis substances, which promote NE reuptake and ultimately lower plasma NE [ 77 ]. In our study, low-intensity exercise significantly reduced circulating cortisol levels in hypertensive rats. This finding is consistent with that exercise intensity determines hypothalamic–pituitary–adrenal (HPA) axis activation. High-intensity exercise generally results in cortisol release, while low-intensity exercise causes milder neuroendocrine release and reduced HPA activation. Overall, exercise enhances cortisol clearance and tissue uptake, resulting in lower plasma cortisol levels [ 78 ]. Moreover, the beneficial impact of exercise on stress regulation and psychological resilience, as described by Diotaiuti et al. [ 79 ], further supports the integrative role of physical activity in maintaining cardiovascular and neuroendocrine balance. Vitamin C also lowers cortisol levels in hypertensive rats. Vitamin C shows this effect by lowering the overall oxidative stress and by interfering with the steroidogenic enzymes involved in cortisol production [ 80 ].
L62: 5. Conclusions
L63: Taken together, exercise and vitamin C provide broad and complementary benefits. Exercise mainly improves blood pressure by lowering stress hormones, improving lipid balance, and reducing general inflammation. Vitamin C strengthens these effects by alleviating oxidative stress, lowering inflammation, protecting the gut lining, and supporting healthier metabolism. When combined, these resulted in improved gut integrity, balanced immune responses, enhanced antioxidant status, and lowered stress hormones. These findings highlight the potential of non-pharmacological strategies, particularly regular exercise with a rich antioxidant diet, for the prevention and management of hypertension.
L64: Among the limitations of this study, the use of an animal model, the relatively small sample size, the short intervention period, and the lack of long-term follow-up should be acknowledged. These factors may limit the generalizability of the findings and highlight the need for larger, longer-duration studies in both animal models and human populations.
L65: Figure 1 Effects of exercise and vitamin C supplementation on systolic blood pressure (SBP). Control: normal untreated rats; HTN: L-NAME–induced hypertensive rats; HTN + EX: hypertensive rats treated with exercise; HTN + VC: hypertensive rats treated with vitamin C; HTN + EX + VC: hypertensive rats treated with both exercise and vitamin C. Data are presented as mean ± SE (n = 6/group). Lowercase letters a, b, c, and d within the same week indicate significant differences ( p  < 0.05).
L66: Figure 2 Effects of exercise and vitamin supplementation on ( A ) norepinephrine ( B ) Cortisol ( C ) C-reactive protein. Control: normal untreated rats; HTN: L-NAME–induced hypertensive rats; HTN + EX: hypertensive rats treated with exercise; HTN + VC: hypertensive rats treated with vitamin C; HTN + EX + VC: hypertensive rats treated with both exercise and vitamin C. Data are presented as mean ± SE (n = 6/group). Different superscript letters (a, b, c and d) above the bars indicate statistically significant differences among groups ( p  < 0.05).
L67: Figure 3 Intestine histology, including villus length and collagen deposition, using H & E staining and Masson’s trichrome Staining. Upper Panel: H & E staining; Lower Panel: Masson’s Trichome staining.
L68: Figure 4 Effects of exercise (EX) and vitamin C (VC) on inflammatory cytokine expression. ( A ) IL-1β, ( B ) TNF-α, and ( C ) IL-10 mRNA expression level. Control: normal untreated rats; HTN: L-NAME–induced hypertensive rats; HTN + EX: hypertensive rats treated with exercise; HTN + VC: hypertensive rats treated with vitamin C; HTN + EX + VC: hypertensive rats treated with both exercise and vitamin C. Data are presented as mean ± SE (n = 6/group). Lowercase letters a, b, c, and d indicate significant differences ( p  < 0.05).
L69: 1. Pescatello L.S. 
L70:  Franklin B.A. 
L71:  Fagard R. 
L72:  Farquhar W.B. 
L73:  Kelley G.A. 
L74:  Ray C.A. 
L75:  Exercise and hypertension Med. Sci. Sports Exerc. 2004 36 533 553 10.1249/01.MSS.0000115224.88514.3A 15076798
L76: 2. World Health Organization 
L77:  Global Report on Hypertension: The Race Against a Silent Killer World Health Organization Geneva, Switzerland 2023
L78: 3. Basit A. 
L79:  Tanveer S. 
L80:  Fawwad A. 
L81:  Naeem N. 
L82:  NDSP Members 
L83:  Prevalence and contributing risk factors for hypertension in urban and rural areas of Pakistan: A study from the Second National Diabetes Survey of Pakistan (NDSP) 2016–2017 Clin. Exp. Hypertens. 2020 42 218 224 10.1080/10641963.2019.1619753 31151358
L84: 4. Wierzejska E. 
L85:  Giernaś B. 
L86:  Lipiak A. 
L87:  Karasiewicz M. 
L88:  Cofta M. 
L89:  Staszewski R. 
L90:  A global perspective on the costs of hypertension: A systematic review Arch. Med. Sci. 2020 16 1078 1091 10.5114/aoms.2020.92689 32863997
L91: 5. Iqbal M.S. 
L92:  Iqbal M.W. 
L93:  Bahari M.B.B. 
L94:  Iqbal M.Z. 
L95:  The economic impact of hypertension in the health care system of Pakistan Value Health 2014 17 A485 10.1016/j.jval.2014.08.1415 27201430
L96: 6. Rahman S. 
L97:  Islam S. 
L98:  Haque T. 
L99:  Kathak R.R. 
L100:  Ali N. 
L101:  Association between serum liver enzymes and hypertension: A cross-sectional study in Bangladeshi adults BMC Cardiovasc. Disord. 2020 20 128 10.1186/s12872-020-01411-6 32160872
L102: 7. Kathak R.R. 
L103:  Sumon A.H. 
L104:  Molla N.H. 
L105:  Hasan M. 
L106:  Miah R. 
L107:  Tuba H.R. 
L108:  Habib A. 
L109:  Ali N. 
L110:  The association between elevated lipid profile and liver enzymes: A study on Bangladeshi adults Sci. Rep. 2022 12 1711 10.1038/s41598-022-05766-y 35110625
L111: 8. Ranjith Babu K. 
L112:  Nanda Kumar L.G. 
L113:  Solepure A.B. 
L114:  Shaikh R. 
L115:  Comparison of hematological parameters in primary hypertensives and normotensives of Sangareddy Int. J. Biomed. Res. 2015 6 309 315 10.7439/ijbr.v6i5.1994
L116: 9. Zhou B. 
L117:  Perel P. 
L118:  Mensah G.A. 
L119:  Ezzati M. 
L120:  Global epidemiology, health burden and effective interventions for elevated blood pressure and hypertension Nat. Rev. Cardiol. 2021 18 785 802 10.1038/s41569-021-00559-8 34050340
L121: 10. Yan Q. 
L122:  Gu Y. 
L123:  Li X. 
L124:  Yang W. 
L125:  Jia L. 
L126:  Chen C. 
L127:  Han X. 
L128:  Huang Y. 
L129:  Zhao L. 
L130:  Li P. 
L131:  
L132:  Alterations of the gut microbiome in hypertension Front. Cell. Infect. Microbiol. 2017 7 381 10.3389/fcimb.2017.00381 28884091
L133: 11. Khalil H. 
L134:  Zeltser R. 
L135:  Antihypertensive medications StatPearls StatPearls Publishing Treasure Island, FL, USA 2023 Available online:  https://www.ncbi.nlm.nih.gov/books/NBK554579/ (accessed on 4 November 2025)
L136: 12. Sobierajski T. 
L137:  Surma S. 
L138:  Romańczyk M. 
L139:  Łabuzek K. 
L140:  Filipiak K.J. 
L141:  Oparil S. 
L142:  What is or what is not a risk factor for arterial hypertension? Not Hamlet, but medical students answer that question Int. J. Environ. Res. Public Health 2022 19 8206 10.3390/ijerph19138206 35805864
L143: 13. Van der Sande N.G.C. 
L144:  Blankestijn P.J. 
L145:  Visseren F.L.J. 
L146:  Beeftink M.M. 
L147:  Voskuil M. 
L148:  Westerink J. 
L149:  Bots M.L. 
L150:  Spiering W. 
L151:  Prevalence of potential modifiable factors of hypertension in patients with difficult-to-control hypertension J. Hypertens. 2019 37 398 405 10.1097/HJH.0000000000001885 30074565
L152: 14. Alpsoy Ş. 
L153:  Exercise and hypertension Physical Exercise for Human Health 
L154:  Xiao J. 
L155:  Springer Singapore 2020 Volume 1228 167 179 10.1007/978-981-15-1792-1_1
L156: 15. World Health Organization 
L157:  Guidelines on Physical Activity and Sedentary Behaviour World Health Organization Geneva, Switzerland 2020 Available online:  https://www.who.int/publications/i/item/9789240015128 (accessed on 13 October 2022)
L158: 16. Albarrati A.M. 
L159:  Alghamdi M.S.M. 
L160:  Nazer R.I. 
L161:  Alkorashy M.M. 
L162:  Alshowier N. 
L163:  Gale N. 
L164:  Effectiveness of low to moderate physical exercise training on the level of low-density lipoproteins: A systematic review BioMed Res. Int. 2018 2018 5982980 10.1155/2018/5982980 30515408
L165: 17. Qi C. 
L166:  Song X. 
L167:  Wang H. 
L168:  Yan Y. 
L169:  Liu B. 
L170:  The role of exercise-induced myokines in promoting angiogenesis Front. Physiol. 2022 13 981577 10.3389/fphys.2022.981577 36091401
L171: 18. Mosteoru S. 
L172:  Gaiţă L. 
L173:  Gaiţă D. 
L174:  Sport as medicine for dyslipidemia (and other risk factors) Curr. Atheroscler. Rep. 2023 25 613 617 10.1007/s11883-023-01133-y 37548846
L175: 19. Amponsah-Offeh M. 
L176:  Diaba-Nuhoho P. 
L177:  Speier S. 
L178:  Morawietz H. 
L179:  Oxidative stress, antioxidants and hypertension Antioxidants 2023 12 281 10.3390/antiox12020281 36829839
L180: 20. Evans L.W. 
L181:  Omaye S.T. 
L182:  Use of saliva biomarkers to monitor efficacy of vitamin C in exercise-induced oxidative stress Antioxidants 2017 6 5 10.3390/antiox6010005 28085082
L183: 21. Mortensen A. 
L184:  Lykkesfeldt J. 
L185:  Does vitamin C enhance nitric oxide bioavailability in a tetrahydrobiopterin-dependent manner? In vitro, in vivo and clinical studies Nitric Oxide 2014 36 51 57 10.1016/j.niox.2013.12.001 24333161
L186: 22. Taddei S. 
L187:  Virdis A. 
L188:  Ghiadoni L. 
L189:  Magagna A. 
L190:  Salvetti A. 
L191:  Vitamin C improves endothelium-dependent vasodilation by restoring nitric oxide activity in essential hypertension Circulation 1998 97 2222 2229 10.1161/01.CIR.97.22.2222 9631871
L192: 23. Morelli M.B. 
L193:  Gambardella J. 
L194:  Castellanos V. 
L195:  Trimarco V. 
L196:  Santulli G. 
L197:  Vitamin C and cardiovascular disease: An update Antioxidants 2020 9 1227 10.3390/antiox9121227 33287462
L198: 24. Saravanakumar M. 
L199:  Raja B. 
L200:  Veratric acid, a phenolic acid, attenuates blood pressure and oxidative stress in L-NAME-induced hypertensive rats Eur. J. Pharmacol. 2011 671 87 94 10.1016/j.ejphar.2011.08.052 21937012
L201: 25. Li Y. 
L202:  Salih Ibrahim R.M. 
L203:  Chi H.L. 
L204:  Xiao T. 
L205:  Xia W.J. 
L206:  Li H.B. 
L207:  Kang Y.M. 
L208:  Altered gut microbiota is involved in the anti-hypertensive effects of vitamin C in spontaneously hypertensive rats Mol. Nutr. Food Res. 2021 65 2000885 10.1002/mnfr.202000885
L209: 26. Bedford T.G. 
L210:  Tipton C.M. 
L211:  Wilson N.C. 
L212:  Oppliger R.A. 
L213:  Gisolfi C.V. 
L214:  Maximum oxygen consumption of rats and its changes with various experimental procedures J. Appl. Physiol. 1979 47 1278 1283 10.1152/jappl.1979.47.6.1278 536299
L215: 27. Salim S. 
L216:  Sarraj N. 
L217:  Taneja M. 
L218:  Saha K. 
L219:  Tejada-Simon M.V. 
L220:  Chugh G. 
L221:  Moderate Treadmill Exercise Prevents Oxidative Stress-Induced Anxiety- Like Behavior in Rats Behav. Brain Res. 2010 208 545 552 10.1016/j.bbr.2009.12.039 20064565
L222: 28. Ni G.-X. 
L223:  Liu S.-Y. 
L224:  Lei L. 
L225:  Li Z. 
L226:  Zhou Y.-Z. 
L227:  Zhan L.-Q. 
L228:  Intensity-Dependent Effect of Treadmill Running on Knee Articular Cartilage in a Rat Model BioMed Res. Int. 2013 2013 172392 10.1155/2013/172392 24693534
L229: 29. Majeed K.A. 
L230:  ur Rehman H. 
L231:  Yousaf M.S. 
L232:  Zaneb H. 
L233:  Rabbani I. 
L234:  Tahir S.K. 
L235:  Rashid M.A. 
L236:  Sub-chronic exposure to low concentration of dibutyl phthalate affects anthropometric parameters and markers of obesity in rats Environ. Sci. Pollut. Res. 2017 24 25462 25467 10.1007/s11356-017-9952-y
L237: 30. Novelli E.L.B. 
L238:  Diniz Y.S. 
L239:  Galhardi C.M. 
L240:  Ebaid G.M.X. 
L241:  Rodrigues H.G. 
L242:  Mani F. 
L243:  Fernandes A.A.H. 
L244:  Cicogna A.C. 
L245:  Novelli Filho J.L.V.B. 
L246:  Anthropometrical parameters and markers of obesity in rats Lab. Anim. 2007 41 111 119 10.1258/002367707779399518 17234057
L247: 31. Friedewald W.T. 
L248:  Levy R.I. 
L249:  Fredrickson D.S. 
L250:  Estimation of the concentration of low-density lipoprotein cholesterol in plasma, without use of the preparative ultracentrifuge Clin. Chem. 1972 18 499 502 10.1093/clinchem/18.6.499 4337382
L251: 32. Jiang Y. 
L252:  Dai M. 
L253:  Nie W.-J. 
L254:  Yang X.-R. 
L255:  Zeng X.-C. 
L256:  Effects of the ethanol extract of black mulberry ( Morus nigra  L.) fruit on experimental atherosclerosis in rats J. Ethnopharmacol. 2017 200 228 235 10.1016/j.jep.2017.02.037 28242382
L257: 33. Shehzad S. 
L258:  Farooq Z. 
L259:  Tahir S.K. 
L260:  Masood M.I. 
L261:  Anjum S.M.M. 
L262:  Saeed A.A. 
L263:  Yousaf M.S. 
L264:  Majeed K.A. 
L265:  Rabbani I. 
L266:  Basharat S. 
L267:  
L268:  Neuro-protective and redox potential of troxerutin against cypermethrin-induced neurotoxicity and oxidative stress in mice Pol. J. Vet. Sci. 2024 27 289 299 10.24425/pjvs.2024.149362 39736067
L269: 34. Santisteban M.M. 
L270:  Qi Y. 
L271:  Zubcevic J. 
L272:  Kim S. 
L273:  Yang T. 
L274:  Shenoy V. 
L275:  Cole-Jeffrey C.T. 
L276:  Raizada M.K. 
L277:  Hypertension-linked pathophysiological alterations in the gut Circ. Res. 2016 120 312 323 10.1161/CIRCRESAHA.116.309006 27799253
L278: 35. Kolnes K.J. 
L279:  Petersen M.H. 
L280:  Lien-Iversen T. 
L281:  Højlund K. 
L282:  Jensen J. 
L283:  Effect of exercise training on fat loss—Energetic perspectives and the role of improved adipose tissue function and body fat distribution Front. Physiol. 2021 12 737709 10.3389/fphys.2021.737709 34630157
L284: 36. Zhang Y. 
L285:  Wang R. 
L286:  Liu T. 
L287:  Wang R. 
L288:  Exercise as a therapeutic strategy for obesity: Central and peripheral mechanisms Metabolites 2024 14 589 10.3390/metabo14110589 39590824
L289: 37. Movahed M.R. 
L290:  Lee J.Z. 
L291:  Lim W.Y. 
L292:  Hashemzadeh M. 
L293:  Hashemzadeh M. 
L294:  Strong independent association between obesity and essential hypertension Clin. Obes. 2016 6 189 195 10.1111/cob.12139 27166134
L295: 38. Stewart D.C. 
L296:  Rubiano A. 
L297:  Santisteban M.M. 
L298:  Shenoy V. 
L299:  Qi Y. 
L300:  Pepine C.J. 
L301:  Raizada M.K. 
L302:  Simmons C.S. 
L303:  Hypertension-linked mechanical changes of rat gut Acta Biomater. 2016 45 296 302 10.1016/j.actbio.2016.08.045 27567964
L304: 39. Konukoglu D. 
L305:  Uzun H. 
L306:  Hypertension: From Basic Research to Clinical Practice Advances in Experimental Medicine and Biology Springer Cham, Switzerland 2017 Volume 2 IX–631 10.1007/978-3-319-44251-8
L307: 40. Pietri P. 
L308:  Vyssoulis G. 
L309:  Vlachopoulos C. 
L310:  Zervoudaki A. 
L311:  Gialernios T. 
L312:  Aznaouridis K. 
L313:  Stefanadis C. 
L314:  Relationship between low-grade inflammation and arterial stiffness in patients with essential hypertension J. Hypertens. 2006 24 2231 2238 10.1097/01.hjh.0000249701.49854.21 17053545
L315: 41. Jaworska K. 
L316:  Huc T. 
L317:  Samborowska E. 
L318:  Dobrowolski L. 
L319:  Bielinska K. 
L320:  Gawlak M. 
L321:  Ufnal M. 
L322:  Hypertension in rats is associated with an increased permeability of the colon to TMA, a gut bacteria metabolite PLoS ONE 2017 12 e0189310 10.1371/journal.pone.0189310 29236735
L323: 42. Chen K. 
L324:  Zheng X. 
L325:  Feng M. 
L326:  Li D. 
L327:  Zhang H. 
L328:  Gut microbiota-dependent metabolite trimethylamine N-oxide contributes to cardiac dysfunction in western diet-induced obese mice Front. Physiol. 2017 8 139 10.3389/fphys.2017.00139 28377725
L329: 43. Sallam N. 
L330:  Laher I. 
L331:  Exercise modulates oxidative stress and inflammation in aging and cardiovascular diseases Oxid. Med. Cell. Longev. 2016 2016 7239639 10.1155/2016/7239639 26823952
L332: 44. Yun S.-H. 
L333:  Moon Y.-S. 
L334:  SoHn S.-H. 
L335:  Jang I.-S. 
L336:  Effects of cyclic heat stress or vitamin C supplementation during cyclic heat stress on HSP70, inflammatory cytokines, and the antioxidant defense system in Sprague Dawley rats Exp. Anim. 2012 61 543 553 10.1538/expanim.61.543 23095818
L337: 45. Gebrie A. 
L338:  Gnanasekaran N. 
L339:  Menon M. 
L340:  Sisay M. 
L341:  Zegeye A. 
L342:  Evaluation of lipid profiles and hematological parameters in hypertensive patients: Laboratory-based cross-sectional study SAGE Open Med. 2018 6 2050312118756663 10.1177/2050312118756663 29468066
L343: 46. Al-Muhana F. 
L344:  Larbi E. 
L345:  Al-Ali A. 
L346:  Al-Sultan A. 
L347:  Al-Ateeeq S. 
L348:  Soweilem L. 
L349:  Goa L. 
L350:  Bahnassy A. 
L351:  Al-Rubaish A. 
L352:  Abdulmohsen M. 
L353:  Haematological, lipid profile and other biochemical parameters in normal and hypertensive subjects among the population of the eastern province of Saudi Arabia East Afr. Med. J. 2006 83 44 48 10.4314/eamj.v83i1.9360 16642750
L354: 47. Chobanian A.V. 
L355:  Alexander R.W. 
L356:  Exacerbation of atherosclerosis by hypertension: Potential mechanisms and clinical implications Arch. Intern. Med. 1996 156 1952 1956 10.1001/archinte.1996.00440160064009 8823148
L357: 48. Brown D.W. 
L358:  Giles W.H. 
L359:  Croft J.B. 
L360:  White blood cell count: An independent predictor of coronary heart disease mortality among a national cohort J. Clin. Epidemiol. 2001 54 316 322 10.1016/S0895-4356(00)00296-1 11223329
L361: 49. Broudy V.C. 
L362:  Stem cell factor and hematopoiesis Blood 1997 90 1345 1384 10.1182/blood.V90.4.1345 9269751
L363: 50. Ntchapda F. 
L364:  Bonabe C. 
L365:  Atsamo A.D. 
L366:  Azambou D.R.K. 
L367:  Fouda Y.B. 
L368:  Djibrine S.I. 
L369:  Seke Etet P.F. 
L370:  Théophile D. 
L371:  Effect of aqueous extract of  Adansonia digitata  stem bark on the development of hypertension in L-NAME-induced hypertensive rat model Evid.-Based Complement. Altern. Med. 2020 2020 3678469 10.1155/2020/3678469
L372: 51. Cardoso A.M. 
L373:  Abdalla F.H. 
L374:  Bagatini M.D. 
L375:  Martins C.C. 
L376:  Zanini D. 
L377:  Schmatz R. 
L378:  Jaques J.A. 
L379:  Leal D.B.R. 
L380:  Morsch V.M. 
L381:  Schetinger M.R.C. 
L382:  Swimming training prevents alterations in ecto-NTPDase and adenosine deaminase activities in lymphocytes from N ω -nitro-L-arginine methyl ester hydrochloride-induced hypertension rats J. Hypertens. 2015 33 763 772 10.1097/HJH.0000000000000468 25915881
L383: 52. Ferguson M.A. 
L384:  Alderson N.L. 
L385:  Trost S.G. 
L386:  Essig D.A. 
L387:  Burke J.R. 
L388:  Durstine J.L. 
L389:  Effects of four different single exercise sessions on lipids, lipoproteins, and lipoprotein lipase J. Appl. Physiol. 1998 85 1169 1174 10.1152/jappl.1998.85.3.1169 9729596
L390: 53. Zhang J.Q. 
L391:  Smith B. 
L392:  Langdon M.M. 
L393:  Messimer H.L. 
L394:  Sun G.Y. 
L395:  Cox R.H. 
L396:  James-Kracke M. 
L397:  Thomas T.R. 
L398:  Changes in LPLα and reverse cholesterol transport variables during 24-h postexercise period Am. J. Physiol. Endocrinol. Metab. 2002 283 E267 E273 10.1152/ajpendo.00567.2001 12110531
L399: 54. Kazeminasab F. 
L400:  Marandi M. 
L401:  Ghaedi K. 
L402:  Esfarjani F. 
L403:  Moshtaghian J. 
L404:  Effects of a 4-week aerobic exercise on lipid profile and expression of  LXRα  in rat liver Cell J. 2016 19 45 49 10.22074/cellj.2016.4871 28367416
L405: 55. Wang Y. 
L406:  Shen L. 
L407:  Xu D. 
L408:  Aerobic exercise reduces triglycerides by targeting apolipoprotein C3 in patients with coronary heart disease Clin. Cardiol. 2018 41 1590 1596 10.1002/clc.23104
L409: 56. Tirandi A. 
L410:  Montecucco F. 
L411:  Liberale L. 
L412:  Physical activity to reduce PCSK9 levels Front. Cardiovasc. Med. 2022 9 986698 10.3389/fcvm.2022.988698 36093150
L413: 57. Wang Y. 
L414:  Shen L. 
L415:  Xu D. 
L416:  Effects of aerobic exercise on lipids and lipoproteins Lipids Health Dis. 2017 16 132 10.1186/s12944-017-0515-5 28679436
L417: 58. Li W. 
L418:  Park H. 
L419:  Guo E. 
L420:  Jo W. 
L421:  Sim K.M. 
L422:  Lee S.K. 
L423:  Aerobic exercise training inhibits neointimal formation via reduction of PCSK9 and LOX-1 in atherosclerosis Biomedicines 2020 8 92 10.3390/biomedicines8040092 32325897
L424: 59. Goldstein J.L. 
L425:  Brown M.S. 
L426:  The LDL receptor Arterioscler. Thromb. Vasc. Biol. 2009 29 431 438 10.1161/ATVBAHA.108.179564 19299327
L427: 60. Kodama S. 
L428:  Tanaka S. 
L429:  Saito K. 
L430:  Shu M. 
L431:  Sone Y. 
L432:  Onitake F. 
L433:  Suzuki E. 
L434:  Shimano H. 
L435:  Yamamoto S. 
L436:  Kondo K. 
L437:  
L438:  Effect of aerobic exercise training on serum levels of high-density lipoprotein cholesterol: A meta-analysis Arch. Intern. Med. 2007 167 999 1008 10.1001/archinte.167.10.999 17533202
L439: 61. McRae M.P. 
L440:  Vitamin C supplementation lowers serum low-density lipoprotein cholesterol and triglycerides: A meta-analysis of 13 randomized controlled trials J. Chiropr. Med. 2008 7 48 58 10.1016/j.jcme.2008.01.002 19674720
L441: 62. Sakuma N. 
L442:  Yoshikawa M. 
L443:  Hibino T. 
L444:  Sato T. 
L445:  Kamiya Y. 
L446:  Ohte N. 
L447:  Tamai N. 
L448:  Kunimatsu M. 
L449:  Kimura G. 
L450:  Inoue M. 
L451:  Ascorbic acid protects against peroxidative modification of low-density lipoprotein, maintaining its recognition by LDL receptors J. Nutr. Sci. Vitaminol. 2001 47 28 31 10.3177/jnsv.47.28 11349887
L452: 63. Montano C.E. 
L453:  Fernandez M.L. 
L454:  McNamara D.J. 
L455:  Regulation of apolipoprotein B–containing lipoproteins by vitamin C level and dietary fat saturation in guinea pigs Metabolism 1998 47 883 891 10.1016/S0026-0495(98)90131-7 9667240
L456: 64. Kumar S. 
L457:  Prahalathan P. 
L458:  Raja B. 
L459:  Syringic acid ameliorates  L -NAME-induced hypertension by reducing oxidative stress Naunyn-Schmiedeberg’s Arch. Pharmacol. 2012 385 1175 1184 10.1007/s00210-012-0802-7 23079793
L460: 65. Yuan S. 
L461:  Zhang Z.-W. 
L462:  Li Z.-L. 
L463:  Antacids’ side effect hyperuricaemia could be alleviated by long-term aerobic exercise via accelerating ATP turnover rate Biomed. Pharmacother. 2018 99 18 24 10.1016/j.biopha.2018.01.052 29324308
L464: 66. Lamina S. 
L465:  Okoye C.G. 
L466:  Effect of low intensity continuous training programme on serum uric acid in the non-pharmacological management of hypertension: A randomized controlled trial Niger. J. Med. 2010 19 77 86 10.4314/njm.v19i1.52485 20232761
L467: 67. Clauss M. 
L468:  Jensen J. 
L469:  Effect of exercise intensity, duration, and volume on protein oxidation during endurance exercise in humans: A systematic review with meta-analysis Scand. J. Med. Sci. Sports 2025 35 e70038 10.1111/sms.70038 40135445
L470: 68. He L. 
L471:  Fan C. 
L472:  Li G. 
L473:  The relationship between serum C-reactive protein and senile hypertension BMC Cardiovasc. Disord. 2022 22 500 10.1186/s12872-022-02948-4 36418968
L474: 69. Hage F. 
L475:  C-reactive protein and hypertension J. Hum. Hypertens. 2014 28 410 415 10.1038/jhh.2013.111 24226100
L476: 70. Fedewa M.V. 
L477:  Hathaway E.D. 
L478:  Ward-Ritacco C.L. 
L479:  Effect of exercise training on C-reactive protein: A systematic review and meta-analysis of randomised and non-randomised controlled trials Br. J. Sports Med. 2017 51 670 676 10.1136/bjsports-2016-095999 27445361
L480: 71. Algul S. 
L481:  Ugras S. 
L482:  Kara M. 
L483:  Comparative evaluation of MDA levels during aerobic exercise in young trained and sedentary male subjects East. J. Med. 2018 23 98 101 10.5505/ejm.2018.40469
L484: 72. Block G. 
L485:  Jensen C.D. 
L486:  Dalvi T.B. 
L487:  Norkus E.P. 
L488:  Hudes M. 
L489:  Crawford P.B. 
L490:  Holland N. 
L491:  Fung E.B. 
L492:  Schumacher L. 
L493:  Harmatz P. 
L494:  Vitamin C treatment reduces elevated C-reactive protein Free Radic. Biol. Med. 2009 46 70 77 10.1016/j.freeradbiomed.2008.09.030 18952164
L495: 73. Goldstein D.S. 
L496:  Ziegler M.G. 
L497:  Lake C.R. 
L498:  Plasma norepinephrine in essential hypertension Front. Clin. Neurosci. 1984 2 389 400
L499: 74. Hamer M. 
L500:  Steptoe A. 
L501:  Cortisol responses to mental stress and incident hypertension in healthy men and women J. Clin. Endocrinol. Metab. 2012 97 E29 E34 10.1210/jc.2011-2132 22031509
L502: 75. Cederqvist B. 
L503:  Wiklund N.P. 
L504:  Persson M.G. 
L505:  Gustafsson L.E. 
L506:  Modulation of neuroeffector transmission in the guinea pig pulmonary artery by endogenous nitric oxide Neurosci. Lett. 1991 127 67 69 10.1016/0304-3940(91)90896-2 1652715
L507: 76. Kiyonaga A. 
L508:  Arakawa K. 
L509:  Tanaka H. 
L510:  Shindo M. 
L511:  Blood pressure and hormonal responses to aerobic exercise Hypertension 1985 7 125 131 10.1161/01.HYP.7.1.125 2984115
L512: 77. Koga M. 
L513:  Ideishi M. 
L514:  Matsusaki M. 
L515:  Tashiro E. 
L516:  Kinoshita A. 
L517:  Ikeda M. 
L518:  Tanaka H. 
L519:  Shindo M. 
L520:  Arakawa K. 
L521:  Mild exercise decreases plasma endogenous digitalislike substance in hypertensive individuals Hypertension 1992 19 II231 II234 10.1161/01.HYP.19.2_Suppl.II231 1310482
L522: 78. Hill E.E. 
L523:  Zack E. 
L524:  Battaglini C. 
L525:  Viru M. 
L526:  Viru A. 
L527:  Hackney A.C. 
L528:  Exercise and circulating cortisol levels: The intensity threshold effect J. Endocrinol. Investig. 2008 31 587 591 10.1007/BF03345606 18787373
L529: 79. Diotaiuti P. 
L530:  Corrado S. 
L531:  Mancone S. 
L532:  Falese L. 
L533:  Resilience in the Endurance Runner: The Role of Self-Regulatory Modes and Basic Psychological Needs Front. Psychol. 2021 11 558287 10.3389/fpsyg.2020.558287 33488440
L534: 80. Peters E.M. 
L535:  Anderson R. 
L536:  Nieman D.C. 
L537:  Fickl H. 
L538:  Jogessar V. 
L539:  Vitamin C supplementation attenuates the increases in circulating cortisol, adrenaline and anti-inflammatory polypeptides following ultramarathon running Int. J. Sports Med. 2001 22 537 543 10.1055/s-2001-17610 11590482
L540: Acknowledgments
L541: The authors thank the laboratory staff of the Department of Physiology, UVAS Lahore, and Centre for animal Diagnostics (CADx), Lahore for their valuable assistance in animal care, experimental procedures and laboratory testing.
[26ms]

