L1: Effects of Separate Cognitive Training on Endurance Exercise Performance
L2: Journal of Functional Morphology and Kinesiology (2025)
L3: Neil Dallaway, Steven R. Bray, Kira L. Innes, Kathryn E. Andrusko, Christopher Ring
L4: 1 School of Sport, Exercise & Rehabilitation Sciences, University of Birmingham, Birmingham B15 2TT, UK
L5: 2 Department of Kinesiology, McMaster University, Hamilton, ON L8S 4L8, Canada
L6: Background:  Combined cognitive and physical training develops resilience to mental fatigue, reduces perceived effort, and improves endurance exercise performance when compared to physical training and no training. The isolated contribution of cognitive training toward endurance performance has yet to be determined. Accordingly, we examined the effects of separate cognitive training on endurance exercise performance.  Method:  Two studies employed a pre-test/training/post-test design, with participants randomly assigned to cognitive training or control groups. At pre-test and post-test, participants completed a rhythmic handgrip task (Study 1) or a graded exercise test on a cycle ergometer (Study 2). In Study 1, the cognitive training group completed 20 sessions (four 20 min sessions per week for five weeks) of cognitive training (incongruent Stroop and 2-back tasks), whereas the control group completed no training. In Study 2, the cognitive training group completed nine sessions (three 10 min sessions per week for three weeks) of cognitive training (incongruent Stroop, stop-signal and typing inhibition tasks), whereas the control group completed nine sessions of sham training (congruent Stroop, sham stop-signal and sham typing inhibition tasks). Endurance exercise performance was measured as force production (Study 1) and time to exhaustion (Study 2). Heart rate, exertion and fatigue were also measured.  Results:  Endurance performance, indexed by force production (Study 1) and time to exhaustion (Study 2), did not change from pre-test to post-test and did not differ between cognitive training and control groups. Similarly, ratings of perceived exertion and heart rate during the exercise tasks did not differ between cognitive training and control groups (Studies 1 and 2).  Conclusions:  Since separate cognitive training did not improve exercise endurance performance, combined training should be used to create a synergistic training stimulus for brain adaptation and performance enhancement.
L7: Article
L8: cognitive training; endurance exercise; training
L9: 1. Introduction
L10: Endurance, defined as the ability to sustain prolonged effort and resist fatigue, is important for athletes wishing to perform optimally in competitive sport. Accordingly, athletes and coaches employ training methods to increase effort and fatigue resilience and thereby enhance endurance performance. Mental fatigue, a low arousal negative valence psychobiological state induced by prolonged cognitive effort, has emerged as an important negative factor that can impair sport and exercise performance [ 1 , 2 , 3 , 4 ]. Based on the psychobiological model of exercise endurance, Marcora and colleagues [ 5 ] attribute this fatigue-related impairment in performance to a central mechanism (i.e., perceived effort) rather than peripheral mechanism (i.e., physiological homeostatic failure) favored by others [ 6 , 7 ]. Marcora and colleagues developed  Brain Endurance Training (BET) —a training method that combines cognitive and exercise tasks—to enable athletes to recalibrate perceived effort, develop resilience to mental fatigue, and improve endurance exercise performance [ 8 ]. Research studies confirm that BET improves sport and exercise performance [ 8 , 9 , 10 , 11 , 12 , 13 , 14 , 15 ]. Importantly, evidence shows that BET-related performance improvements are accompanied by changes in perception of effort (e.g., [ 15 ]), whereby a standard exercise intensity is perceived as being easier to perform after completing weeks of BET.
L11: Nonetheless, an important gap in our understanding of the effects of combined cognitive and physical training on endurance performance and associated psychobiological processes is the relative contribution of cognitive training and physical training to the training-related benefits, especially for performance. In other words, can athletes separately train their cognitive and physical abilities or do they need to train them together to create a greater stimulus to encourage neuroplasticity and thereby achieve synergistic benefits. This is important because, if proven effective, separate cognitive training could be used by athletes to fill gaps in their training programs that supplement or substitute their standard physical training regimes. This may be especially important when they are unable to physically train, which may happen because of injury, travel, and resource unavailability. To date, no published study has reported on the effects of separate cognitive training on endurance exercise performance in young athletes. The evidence provided by research in older adults and patient groups comparing the effects of separate and combined cognitive and physical training is mixed and inconclusive [ 16 , 17 ]. Accordingly, empirical research is needed to determine whether cognitive training alone can improve endurance exercise performance.
L12: Training one task can improve the ability to perform another task. Studies have provided evidence to support this general transfer of training, perhaps via adaptation to mental workload. One such study examined the effect of physical training on mental and physical performance [ 18 ]. At pre-test and post-test, participants performed a cognitive task (Stroop) and a subsequent exercise task (graded cycle ergometer test). The two-week training comprised a maximal endurance handgrip squeeze twice a day (intervention) or no activities (control). Exercise endurance, measured by cycling time to exhaustion, improved following handgrip training but not in the control group. Another study examined the effect of exercise training on time trial performance following a battery of cognitive tasks. The training comprised cycling (three 60 min submaximal sessions per week for five weeks) or no activity (control). Exercise endurance, measured by distance covered, improved following training but not in the control group, thereby suggesting that physical training improved tolerance to mental load [ 19 ]. These studies suggest that training in one domain may increase the ability (actual or perceived) to cope with psychobiological demands.
L13: The current research project examined the effects of cognitive training on handgrip (Study 1) and cycling (Study 2) endurance performance. Our study purposes were twofold. First, we investigated whether separate cognitive training improves endurance when compared to the control group. We hypothesized that cognitive training would improve endurance exercise performance when compared to the control group. Second, we explored changes in psychobiological responses as a function of training. We hypothesized that cognitive training would reduce fatigue and exertion (i.e., psychological factors) but would not change heart rate (i.e., physiological factor).
L14: 2. Method
L15: 2.1. Study 1
L16: 2.1.1. Participants
L17: Participants were 22 (15 females, 7 males) healthy undergraduate students aged 22.0 ± 2.0 years who received a GBP 20 voucher and course credit. They were randomly assigned to one of two groups: cognitive training ( n  = 14) or control ( n  = 8). Participants were asked to have a regular night’s sleep (>7 h) and abstain from exercise and alcohol consumption (24 h), caffeine (3 h), and food (1 h) before each session. Exclusion criteria included dominant hand injury, upper body strength training, and changes in habitual exercise during the study. The protocol was approved by our university ethics committee (University of Birmingham ethics committee, SPP 17102019-2 approved 7 November 2017). Participants gave written informed consent. Power calculations using GPower [ 20 ] indicated that with a sample size of 22 the study was powered at 80% to detect significant ( p  < 0.05) interaction effects (f = 0.31, η 2  = 0.09) corresponding to a small-to-medium effect size by analysis of variance [ 21 ].
L18: 2.1.2. Design
L19: The study adopted a pre-test/training/post-test design, with one between-participant factor (group: cognitive training, control) and two within-participant factors (test: pre-test, post-test; task: before 2-back, after 2-back). Cognitive training participants attended 22 sessions over seven weeks, comprising a pre-test (week 1), 20 training sessions (weeks 2–6), and a post-test (week 7). Control participants only attended the pre-test session at week 1 and post-test session at week 7.
L20: 2.1.3. Maximum Voluntary Contraction
L21: Participants squeezed a handgrip dynamometer as hard as possible [ 22 ]. The dynamometer [ 23 ] was held in their dominant hand with their arm flexed at 100 degrees. Each maximal contraction was followed by a 1 min rest and repeated three times. The highest peak force was their maximum voluntary contraction (MVC).
L22: 2.1.4. Exercise Task
L23: Participants completed a 5 min rhythmic handgrip task. They squeezed the dynamometer with their dominant hand once a second (1 Hz) cued by an audio metronome. They completed a 1 min familiarization task with visual performance feedback. A standardized script was read to participants before the task, at 150 s, and at 270 s, instructing them to “generate as much force as possible in the timeframe for a chance of winning a GBP 20 voucher”. Signals were measured via a Power 1401 (CED, Cambridge, UK) analog-to-digital converter (16-bit, sampling 2.5 kHz) and the output recorded using Spike-2 software (v6.06). Performance was determined by the average force in Newtons per second (N/s).
L24: 2.1.5. Cognitive Tasks
L25: The 2-back task [ 24 ] involves sustained attention and memory updating [ 25 ]. In this 20 min task, participants were shown a continuous series of random consonants and indicated if the current letter displayed was the same as (target) or different from (non-target) the one presented two letters earlier. The letters were displayed, once every 3 s for 500 ms. Participants used their non-dominant hand to press the number “1” key on a keyboard if the current letter displayed was the same as the letter two prior, and the number “2” key if it was different. The targets to non-target ratio was 2:1. Percentage of correct responses assessed task performance.
L26: The incongruent color word Stroop task involves sustained attention and response inhibition. In this 20 min task, participants were required to indicate the font color (red, yellow, green, blue) of a color word from two possible answers displayed in a black font at the bottom left and right corners of the display with either a left or right mouse click. Participants received verbal and written instructions prior to the training task. The Stroop test requires response inhibition and working memory. For all Stroop tasks, the stimulus was presented for 2500 ms or until a response was given, followed by a fixation cross for 500 ms. The sequence and increasing difficulty of the cognitive tasks were designed to mitigate any learning effects.
L27: The incongruent number Stroop task involves sustained attention and response inhibition. In this novel 5 min task, participants were required to indicate how many words were displayed from a list of number words (one, two, three, four) of the same type (e.g., two, two, two); the correct answer was the number of words in the list (e.g., three) whereas the incorrect answer was the number that the words represented (e.g., two). The two possible answers (e.g., two or three) were displayed in black font at the bottom left and right corners of the display, and participants responded with either a left (Z) or right (/) keyboard button press. They received verbal and written instructions prior to the task. Performance was measured by speed (reaction time, ms) and accuracy (% correct).
L28: 2.1.6. Training
L29: The cognitive training group completed 20 cognitive training sessions (4 sessions per week for 5 weeks) consisting of the 2-back task and color word incongruent Stroop task. In each session, cognitive training participants completed a 20 min 2-back task or incongruent Stroop task. They completed a 2-back task on sessions 1–4 (week 1), 9–12 (week 3), and 17–20 (week 5). To create progressive cognitive overload, the 2-back task’s letter refresh rate increased every four sessions across training: 3000 ms (sessions 1–4), 2500 ms (sessions 9–12), and 2000 ms (sessions 17–20). They completed an incongruent color word Stroop task on sessions 5–8 (week 2) and 13–16 (week 4). No task performance feedback was provided. The control group did not complete any training activities and acted as a passive control condition. All cognitive tasks, in both the testing and training sessions, were implemented using E-Studio 2.0 (Psychology Software Tools, Pittsburg, PA, USA).
L30: 2.1.7. Measures
L31: Ratings of perceived exertion (RPE) were obtained using an 11-point CR-10 scale [ 26 ], anchored with the descriptors “nothing at all” and “maximal”. The standard instructions for the scale [ 27 ] were read out to participants. Mental fatigue and mental exertion were rated on 11-point category ratio (CR-10) scales. The mental fatigue scale was anchored with the extreme descriptors “nothing at all” and “totally exhausted”. The mental exertion scale was anchored with the extreme descriptors “nothing at all” and “maximal mental exertion”. An electrocardiogram was recorded using surface electrodes in a chest configuration and amplifier (509, Morgan, Petersfield, UK). The R-wave was scored and used to compute RR intervals and heart rate (beats per minute).
L32: 2.1.8. Procedure
L33: In the pre-test and post-test sessions, participants completed the 5 min exercise task twice: before (first exercise task) and after (second exercise task) completing a 20 min 2-back cognitive task. In the post-test session, they also completed a 5 min novel incongruent number Stroop cognitive task after the second exercise task. This novel cognitive task was included in the post-test session in order to determine whether cognitive training with one battery of tasks improves performance on a different cognitive task (i.e., to assess the generalizability of training). Participants provided a rating of perceived exertion every 60 s of the exercise task, ratings of mental fatigue at baseline and immediately after each task, and ratings of mental exertion immediately after each task. In the five weeks between testing sessions, they completed cognitive tasks (cognitive training group) or rested (control group).
L34: 2.1.9. Statistical Analysis
L35: Mixed factorial ANOVAs were performed using SPSS 30 software on the measures collected during or after the exercise and cognitive tasks. Partial eta-squared (η p 2 ) was reported as a measure of effect size [ 21 ]. Significance was set at  p  < 0.05.
L36: 2.2. Study 2
L37: 2.2.1. Participants
L38: Participants were 22 (12 females, 10 males) healthy undergraduate students aged 18.8 ± 1.3 years who received a voucher for 20 Canadian dollars and course credit. The sample pool was stratified by sex and randomly assigned to one of two groups: cognitive training ( n  = 11) or control ( n  = 11). Participants were asked to eat similar meals and abstain from caffeine and sport supplements prior testing and training sessions. They were also asked to maintain their habitual exercise during the study. The protocol was approved by our university ethics committee (McMaster University ethics committee, MREB 2015-159 approved 1 December 2015). Participants gave written informed consent. GPower 3.1 software [ 20 ] indicated that the study was powered at 80% to detect significant interaction effects with small-to-medium effect sizes ( f  = 0.31,  η 2  = 0.09) by analysis of variance [ 21 ].
L39: 2.2.2. Design
L40: The study adopted a pre-test/training/post-test design, with one between-participant factor (group: cognitive training, control) and one within-participant factor (test: pre-test, post-test). Participants attended 12 sessions over 29 days, comprising a familiarization (day 1), pre-test (day 8), nine training sessions (days 9–28), and a post-test (day 29).
L41: 2.2.3. Exercise Task
L42: Participants completed a graded exercise test on a cycle ergometer (Lode, Corival 5.5, Groningen, The Netherlands). The resistance on the ergometer followed an upward ramp that was independent of cadence. The test began with a 2 min warm-up with 50 W resistance that was followed by a progressive increase in workload (+1 W every 3 s). Participants were provided continuous feedback about their cadence (revolutions per minute, rpm) throughout the task and were instructed to maintain cadence between 70 and 80 rpm and to continue pedaling for as long as possible. The test terminated when: cadence fell below 60 rpm for more than 5 s, cadence was less than 70 rpm for 30 s, or the participant stopped pedaling. When cadence dropped below 70 rpm, participants were reminded by the experimenter to “keep the rpm above 70”. No other instruction was given to participants. Participants were unaware of the time elapsed and the total workload throughout the protocol. Time to exhaustion in seconds assessed performance.
L43: 2.2.4. Cognitive Tasks
L44: The 10 min incongruent Stroop task required participants to say aloud the color of the font in which the word was presented, while ignoring the semantic meaning of the word (e.g., for the word “blue” displayed in green font, the participant would respond “green”). In all trials the font color mis-matched the text (e.g., the word “blue” was presented in green font). Presentation software (Version 18.1) was used to have the words appear one at a time on a 15” screen, with each word being displayed for 1200 ms in the center of the screen. This task draws on inhibitory control because participants were required to ignore the word and inhibit the instinctive reaction to read aloud the word to respond correctly.
L45: The 10 min stop-signal task comprised four blocks: one 10-trial practice block and three 30-trial experimental blocks. The task was presented on a 17” monitor. Each trial began with participants fixating on a white “+” in the middle of a black screen followed by either a white square or white circle. Participants were instructed to respond as quickly and as accurately as possible to whichever of the two stimuli appeared by pressing a button on the keyboard that corresponded with either of the answers, “z” and “/”, respectively. During 75% of the trials, the stimuli appeared in silence; in the other 25% of the trials, a stop-signal delay was presented as an auditory stimulus (beep). These stop-signal delay trials occurred randomly throughout the trials. Participants were instructed to inhibit their responses by not pressing either of the keys during stop-signal delay trials.
L46: The 10 min typing inhibition task provided participants with a passage from a novel, which they were asked to transcribe while omitting the two most common characters in the English language: “space” and “e”. Typing is a highly automatic task that, when altering habitual performance, requires response inhibition. Participants were instructed not to fix any mistakes. Additionally, participants transcribed the passage in white font to prevent visual feedback of what was being typed. The participants were instructed to transcribe as much of the passage as they could, and make as few errors as possible.
L47: The 10 min congruent Stroop task presented words with matched font colors (e.g., the word “blue” was presented in blue font) on a 15” screen, with each word displayed for 1200 ms. Participants were instructed to say aloud the color of the font in which the words were presented, while ignoring the semantic meaning of the word; however, in this case the semantic meaning and the font color were matched (e.g., for the word “blue” displayed in blue font, the participant would respond “blue”). The number of errors made were recorded.
L48: The 10 min sham stop-signal task, unlike the stop-signal task (see above), had no additional auditory stimulus and thus no “stop” requiring response inhibition. Participants were required to respond as quickly and as accurately as possible by pressing one of two keys on a keyboard depending on which stimulus was presented. Participants pressed “z” if they saw a white square and “/” if they saw a white circle. This version of the task does not require response inhibition as participants are not required to override the learned reaction.
L49: The 10 min sham typing inhibition task provided participants with the same passage as the typing inhibition task (see above) and they transcribed the text verbatim. Participants were instructed not to fix any mistakes. Additionally, participants transcribed the passage in white font to prevent visual feedback of what was being typed. The participants were instructed to transcribe as much of the passage as they could, and make as few errors as possible. This version of the typing inhibition task was thought to not require inhibition control because participants are not preventing themselves from typing in a habitual manner.
L50: 2.2.5. Training
L51: Both groups completed nine cognitive training sessions over three weeks (i.e., three sessions per week). In each session, they completed one of three 10 min tasks. Each task was completed during three separate training sessions. Cognitive training participants completed one of three 10 min cognitive tasks that required response inhibition: incongruent Stroop task, stop-signal task, or typing inhibition task (see above). Control participants completed one of three 10 min cognitive tasks that did not require response inhibition: congruent Stroop task, sham stop-signal task, or sham typing inhibition task (see above). No task performance feedback was provided.
L52: 2.2.6. Measures
L53: Ratings of perceived exertion (RPE) were obtained using a 15-point scale [ 26 ], anchored with the descriptors “6 = no exertion at all” and “20 = maximal exertion”. Mental exertion was rated using an 11-point category ratio (CR-10) scale, anchored with the descriptors “0 = nothing at all” and “10 = maximal mental exertion”. The standard instructions for the scale [ 27 ] were read to participants prior to the task. Heart rate (beats per minute) was measured using a chest sensor and watch (Polar Electro N2965 and S625X, Kempele, Finland).
L54: 2.2.7. Procedure
L55: In the pre-test and post-test sessions, participants completed the graded exercise test. Each participant provided a rating of perceived exertion, and their heart rate was recorded every 60 s of the exercise task. In each training session during the 3-week training intervention, they completed a 10 min cognitive task and provided ratings of mental exertion after each cognitive task (see above).
L56: 3. Results
L57: 3.1. Study 1
L58: 3.1.1. Testing
L59: A 2-group (cognitive training, control) by 2-sex (male, female) by 2-test (pre, post) by 2-task (first exercise task, second exercise task) ANOVA on force production during the exercise task ( Figure 1 A,B) did not reveal any group effects; notably, no group by test interaction,  F (1, 18) = 0.00,  p  = 1.00, η p 2  = 0.00, and no group by test by task interaction,  F (1, 18) = 2.95,  p  = 0.10, η p 2  = 0.14. The test effect was not significant,  F (1, 18) = 2.67,  p  = 0.12, η p 2  = 0.13; participants produced similar force during the first ( M  = 65.97 N/s) and second ( M  = 61.48 N/s) tests. The only significant effect was for task,  F (1, 18) = 17.94,  p  < 0.001, η p 2  = 0.50; participants produced less force during the second exercise task ( M  = 61.36 N/s) than the first exercise task ( M  = 66.09 N/s). A 2-group by 2-sex by 2-test ANOVA on the maximum voluntary contraction did not reveal any effect for group,  F (1, 18) = 0.20,  p  = 0.66, η p 2  = 0.01, ( M cognitive training  = 377 N,  M control  = 372 N), test,  F (1, 18) = 0.02,  p  = 0.89, η p 2  = 0.00, ( M pre-test  = 374 N,  M post-test  = 375 N), or group by test,  F (1, 18) = 0.14,  p  = 0.72, η p 2  = 0.01.
L60: A 2-group by 2-sex by 2-test by 2-task (first exercise task, second exercise task) ANOVA on the ratings of perceived exertion ( Figure 1 C,D) yielded no effects for group,  F (1, 18) = 1.37,  p  = 0.26, η p 2  = 0.07, group by test,  F (1, 18) = 1.87,  p  = 0.19, η p 2  = 0.09, or group by test by task,  F (1, 18) = 0.91,  p  = 0.35, η p 2  = 0.05. There was only a main effect for test,  F (1, 18) = 13.01,  p  = 0.002, η p 2  = 0.42, with perceived exertion lower in the post-test ( M post-test  = 4.21) than the pre-test ( M pre-test  = 5.28).
L61: A 2-group by 2-sex by 2-test by 2-task (first exercise task, second exercise task) ANOVA on heart rate yielded no main effects for group,  F (1, 13) = 3.43  p  = 0.10, η p 2  = 0.23, ( M cognitive training  = 78 bpm,  M control  = 84 bpm), test,  F (1, 13) = 1.56,  p  = 0.24, η p 2  = 0.12, ( M pre-test  = 83 bpm,  M post-test  = 80 bpm), and task,  F (1, 13) = 1.51,  p  = 0.25, η p 2  = 0.12, ( M first exercise task  = 82 bpm,  M second exercise task  = 80 bpm), as well as no interaction effects involving group.
L62: Mental fatigue was examined using a 2- group by 2-sex by 2-test by 4-task (baseline, first exercise task, 2-back task, second exercise task) ANOVA. The analysis yielded no effects for group,  F (1, 18) = 0.02,  p  = 0.89, η p 2  = 0.00, test,  F (1, 18) = 0.00,  p  = 98, η p 2  = 0.00, group by test,  F (1, 18) = 0.25,  p  = 0.63, η p 2  = 0.01, or group by test by task,  F (3, 16) = 0.03,  p  = 0.86, η p 2  = 0.00. There was a main effect for task,  F (3, 16) = 33.12,  p  < 0.001, η p 2  = 0.86, whereby mental fatigue at baseline ( M baseline  = 2.04) and after the first exercise task ( M first exercise task  = 2.09) were lower than after the 2-back task ( M 2-back task  = 4.80) and after the second exercise task ( M second exercise task  = 4.11).
L63: Mental exertion was examined using a 2-group by 2-sex by 2-test by 3-task (first exercise task, 2-back task, second exercise task) ANOVA. The analysis yielded no effects for group,  F (1, 18) = 0.01,  p  = 0.94, η p 2  = 0.00, test,  F (1, 18) = 0.66,  p  = 43, η p 2  = 0.04, group by test,  F (1, 18) = 3.48,  p  = 0.08, η p 2  = 0.16, or group by test by task,  F (2, 17) = 0.60,  p  = 0.56, η p 2  = 0.07. There was a main effect for task,  F (2, 17) = 36.19,  p  < 0.001, η p 2  = 0.81; mental exertion was greater for the 2-back task ( M 2-back  = 5.07) than the first ( M first exercise task  = 2.37) and second ( M second exercise task  = 3.20) exercise tasks. Perceived exertion was higher during the second exercise task compared to the first exercise task.
L64: 3.1.2. Training
L65: Performance on the 2-back task, indexed by the percent correct responses, was examined using a 2-group by 2-sex by 2-test ANOVA. This analysis did not reveal any effect for group,  F (1, 18) = 1.03,  p  = 0.33, η p 2  = 07, ( M cognitive training  = 94%,  M control  = 91%), test,  F (1, 18) = 3.07,  p  = 0.10, η p 2  = 0.19, ( M pre-test  = 91%,  M post-test  = 94%), or group by test,  F (1, 18) = 1.15,  p  = 0.30, η p 2  = 0.08. Performance on the number Stroop task (post-test session only) was examined using 2-group by 2-sex ANOVAs. These analyses yielded no group effects for percent correct performance,  F (1, 18) = 0.02,  p  = 0.89, η p 2  = 0.00, ( M cognitive training  = 88%,  M control  = 88%), or reaction time,  F (1, 18) = 1.45,  p  = 0.25, η p 2  = 0.07, ( M cognitive training  = 786 ms,  M control  = 921 ms).
L66: 3.2. Study 2
L67: 3.2.1. Testing
L68: A 2-group (cognitive training, control) by 2-sex (male, female) by 2-test (pre, post) ANOVA on time to exhaustion on the exercise task ( Figure 2 A) revealed no effects for group,  F (1, 18) = 1.18,  p  = 0.29, η p 2  = 0.06, test,  F (1, 18) = 0.14,  p  = 0.72, η p 2  = 0.01, or group by test,  F (1, 18) = 0.43,  p  = 0.52, η p 2  = 0.02. A 2-group by 2-sex by 2-test ANOVA on ratings of perceived exertion ( Figure 2 B) yielded no effects for group,  F (1, 18) = 1.36,  p  = 0.26, η p 2  = 0.07, test,  F (1, 18) = 0.61,  p  = 0.44, η p 2  = 0.03, and group by test,  F (1, 18) = 2.08,  p  = 0.17, η p 2  = 0.10. A 2-group by 2-sex by 2-test ANOVA on average heart rate ( Figure 2 C) yielded no effects for group,  F (1, 18) = 0.40,  p  = 0.54, η p 2  = 0.02, test,  F (1, 18) = 0.96,  p  = 0.34, η p 2  = 0.05, and group by test,  F (1, 18) = 1.79,  p  = 0.20, η p 2  = 0.09.
L69: 3.2.2. Training
L70: A series of 2-group by 2-sex ANOVA were conducted on average (across three sessions) performance during each of the three cognitive tasks. They yielded group effects for errors on the Stroop task,  F (1, 18) = 57.00,  p  < 0.001, η p 2  = 0.76, ( M cognitive training  = 44.20 ± 19.16,  M control  = 0.48 ± 0.86), reaction times on the stop-signal task,  F (1, 18) = 21.62,  p  < 0.001, η p 2  = 0.55, ( M cognitive training  = 595 ± 121 ms,  M control  = 416 ± 40 ms), and number of characters typed on the typing inhibition task,  F (1, 18) = 11.27,  p  < 0.003, η p 2  = 0.39, ( M cognitive training  = 1188 ± 163,  M control  = 1864 ± 648). Moreover, a 2-group by 2-sex ANOVA yielded a group main effect for group for averaged (across nine sessions) ratings of mental exertion,  F (1, 18) = 17.02,  p  < 0.003, η p 2  = 0.49, ( M cognitive training  = 5.23 ± 1.35,  M control  = 2.74 ± 1.47).
L71: 4. Discussion
L72: We investigated the effects of separate cognitive training on subsequent endurance exercise performance. Contrary to expectation, cognitive training alone did not improve exercise endurance when compared to the control groups for both handgrip (Study 1) and cycling (Study 2) tasks. Specifically, Study 1 found that force production when performing a rhythmic handgrip task fell by 5% following five weeks of cognitive training compared to a fall of 10% following no training control. Study 2 found that time to exhaustion while performing a graded exercise ergometer test lasted 1% longer following three weeks of cognitive training, compared to a 4% decrease following sham control training. Taken together, these findings suggest that cognitive training needs to be combined with exercise training to subsequently improve exercise endurance performance [ 8 , 16 , 17 ].
L73: It is worth noting that cognitive training changed perception and/or performance during the cognitive tasks. In Study 1, five weeks of cognitive training (compared to no training) was associated in the post-test session with decreased mental fatigue and exertion coupled with faster responses during the cognitive tasks, which notably imposed response inhibition (Stroop) or memory updating (2-back) executive function operations, compared to the no training control. Thus, training increased resilience and improved cognition. In Study 2, three weeks of cognitive training was associated with more mental fatigue in the training sessions, coupled with worse speed and accuracy during the cognitive tasks (Stroop, stop-signal, typing), all of which included response inhibition demands, compared to the control group. Thus, compared to sham training, active cognitive training was more cognitively demanding and more mentally fatiguing. These findings indicate that the cognitive task training interventions achieved their intended effects (i.e., to induce and build resilience to mental fatigue by repeatedly inducing a state of mental fatigue). It is also worth noting that, in line with past research, Study 1 also confirmed that performing a 20 min 2-back task increased mental fatigue, and moreover, impaired endurance performance on a subsequent exercise task during testing [ 10 , 11 ]. In other words, mental fatigue acutely impaired subsequent exercise, in accordance with the broader research literature on the fatigue–performance relationship [ 1 ].
L74: 4.1. Study Limitations and Future Directions
L75: The null study findings should be interpreted after considering potential methodological limitations. First, the sample sizes were relatively small. It is worth noting that they were broadly comparable with most previous combined training studies [ 8 , 9 , 10 , 11 , 12 , 13 , 14 , 15 ]. Moreover, the effect sizes for the group by test interaction effects for our measures of exercise endurance performance were none (Study 1, η p 2  = 0.00) and small (Study 2, η p 2  = 0.02), which argues against there being effects that merely required a few more participants to be detected. Second, training lasted five weeks (Study 1) and three weeks (Study 2) and comprised twenty 20 min sessions (Study 1) and nine 10 min sessions (Study 2). Accordingly, training over extended periods and/or for longer sessions may be necessary to uncover a beneficial effect of cognitive training on exercise performance. Research with larger samples and higher doses of cognitive training could assess the effects of cognitive training on physical performance. However, our findings argue that cognitive training  on its own  is not an effective training stimulus for developing endurance during exercise [ 16 , 17 ]. Evidence that combined cognitive and exercise training to improve endurance exercise performance [ 8 , 9 , 10 , 11 , 12 , 13 , 14 , 15 ] suggests that the mechanisms underlying the effects of BET on physical performance are related to central synergistic neuroplastic adaptations brought about by repeated exposure to “higher-than-normal” training stimuli associated with combining “normal” physical and cognitive training loads [ 10 , 11 ]. This interpretation aligns with contemporary principles of athletic training [ 28 ] as well as evidence that maximal physical performance is limited by central rather than peripheral mechanisms [ 29 , 30 ], see also [ 31 ].
L76: 4.2. Practical Applications
L77: Despite its questionable utility as a separate form of training to improve sport and exercise performance, cognitive training may serve other purposes, such as providing a safe training stimulus for athletes and exercisers who are unable to train physically due to injury or illness or situation. Given that cognitive training increases mental exertion and mental fatigue, repeated exposure to cognitive training might help maintain endurance exercise performance by preserving the status of the central nervous system that mediates experiences of perceived exertion that might otherwise deteriorate when physical training that normally stimulates those areas is not possible.
L78: 4.3. Conclusions
L79: The current studies, which examined the effects on performance from repeatedly completing mentally fatiguing cognitive tasks without being coupled with physical training, showed that separate cognitive training did not improve subsequent exercise endurance. Accordingly, athletes should employ combined cognitive plus physical training protocols to create a sufficiently large synergistic training stimulus for brain adaptation and performance enhancement.
L80: Figure 1 Mean ( SE ) force production during the first exercise task ( A ) and second exercise task ( B ) and the rating of perceived exertion for the first exercise task ( C ) and second exercise task ( D ) as a function of group (cognitive training, control) and test (pre, post) in Study 1.
L81: Figure 2 Mean ( SE ) time to exhaustion ( A ), rating of perceived exertion ( B ), and heart rate ( C ) for the exercise task as a function of group (cognitive training, control) and test (pre, post) in Study 2.
L82: 1. Brown D.M.Y. 
L83:  Graham J.D. 
L84:  Innes K.I. 
L85:  Harris S. 
L86:  Flemington A. 
L87:  Bray S.R. 
L88:  Effects of prior cognitive exertion on physical performance: A systematic review and meta-analysis Sports Med. 2020 50 497 529 10.1007/s40279-019-01204-8 31873926
L89: 2. Cutsem J. 
L90:  Van Marcora S. 
L91:  Pauw K. 
L92:  De Bailey S. 
L93:  Meeusen R. 
L94:  Roelands B. 
L95:  Van Cutsem J. 
L96:  Marcora S. 
L97:  De Pauw K. 
L98:  Bailey S. 
L99:  
L100:  The effects of mental fatigue on physical performance: A systematic review Sports Med. 2017 47 1569 1588 10.1007/s40279-016-0672-0 28044281
L101: 3. Giboin L.-S. 
L102:  Wolff W. 
L103:  The effect of ego depletion or mental fatigue on subsequent physical endurance performance: A meta-analysis Perform. Enhanc. Health 2019 7 100150 10.1016/j.peh.2019.100150
L104: 4. Pageaux B. 
L105:  Lepers R. 
L106:  The effects of mental fatigue on sport-related performance Prog. Brain Res. 2018 240 291 315 10.1016/bs.pbr.2018.10.004 30390836
L107: 5. Marcora S.M. 
L108:  Staiano W. 
L109:  Manning V. 
L110:  Mental fatigue impairs physical performance in humans J. Appl. Physiol. 2009 106 857 864 10.1152/japplphysiol.91324.2008 19131473
L111: 6. Tanaka M. 
L112:  Ishii A. 
L113:  Watanabe Y. 
L114:  Neural effect of mental fatigue on physical fatigue: A magnetoencephalography study Brain Res. 2014 1542 49 55 10.1016/j.brainres.2013.10.018 24505624
L115: 7. Tanaka M. 
L116:  Shigihara Y. 
L117:  Ishii A. 
L118:  Funakura M. 
L119:  Kanai E. 
L120:  Watanabe Y. 
L121:  Effect of mental fatigue on the central nervous system: An electroencephalography study Behav. Brain Funct. 2012 8 48 10.1186/1744-9081-8-48 22954020
L122: 8. Marcora S.M. 
L123:  Staiano W. 
L124:  Merlini M. 
L125:  Brain Training Improves Endurance Performance ECSS Amst. 2014 17 1 107 10.1111/j.1469-0691.2011.03557.x
L126: 9. Barzegarpoor H. 
L127:  Rajabi H. 
L128:  Button D. 
L129:  Fayazmilani R. 
L130:  The effect of simultaneous physical and brain endurance training on fatigue and exercise tolerance inactive people J. Pract. Stud. Biosci. Sport 2021 9 72 83 10.22077/jpsbs.2020.3110.1540
L131: 10. Dallaway N. 
L132:  Lucas S.J.E. 
L133:  Ring C. 
L134:  Concurrent brain endurance training improves endurance exercise performance J. Sci. Med. Sport 2021 24 405 411 10.1016/j.jsams.2020.10.008 33218873
L135: 11. Dallaway N. 
L136:  Lucas S. 
L137:  Marks J. 
L138:  Ring C. 
L139:  Prior brain endurance training improves endurance exercise performance Eur. J. Sport Sci. 2023 23 1269 1278 10.1080/17461391.2022.2153231 36475378
L140: 12. Dallaway N. 
L141:  Mortimer H. 
L142:  Gore A. 
L143:  Ring C. 
L144:  Brain endurance training improves dynamic calisthenic exercise and benefits novel exercise and cognitive performance: Evidence of performance enhancement and near transfer of training J. Strength Cond. Res. 2024 38 1704 1713 10.1519/JSC.0000000000004857 39016252
L145: 13. Díaz-García J. 
L146:  López-Gajardo M.Á. 
L147:  Parraca J.A. 
L148:  Batalha N. 
L149:  López-Rodríguez R. 
L150:  Ring C. 
L151:  Brain endurance training improves and maintains chest press and squat jump performance when fatigued J. Strength Cond. Res. 2024 38 1568 1575 10.1519/JSC.0000000000004847 39074222
L152: 14. Staiano W. 
L153:  Merlini M. 
L154:  Romagnoli M. 
L155:  Kirk U. 
L156:  Ring C. 
L157:  Marcora S. 
L158:  Brain endurance training improves physical, cognitive, and multitasking performance in professional football players Int. J. Sports Physiol. Perform. 2022 17 1732 1740 10.1123/ijspp.2022-0144 36370703
L159: 15. Staiano W. 
L160:  Marcora S. 
L161:  Romagnoli M. 
L162:  Kirk U. 
L163:  Ring C. 
L164:  Brain endurance training improves endurance and cognitive performance in road cyclists J. Sci. Med. Sport 2023 26 375 385 10.1016/j.jsams.2023.05.008 37301613
L165: 16. Yu X. 
L166:  Kamalden T.F.T. 
L167:  Dev R.D.O. 
L168:  Gasibat Q. 
L169:  Rani B. 
L170:  Dai Y. 
L171:  Bao L. 
L172:  Li J. 
L173:  Effects of combining physical and cognitive training on older adults’ physical performance and functional abilities: A systematic review Int. J. Kinesiol. Sports Sci. 2023 11 35 50 10.7575/aiac.ijkss.v.11n.2p.35
L174: 17. Yu D. 
L175:  Li X. 
L176:  He S. 
L177:  Zhu H. 
L178:  Lam F.M.H. 
L179:  Pang M.Y.C. 
L180:  The effect of dual-task training on cognitive ability, physical function, and dual-task performance in people with dementia or mild cognitive impairment: A systematic review and meta-analysis Clin. Rehabil. 2024 38 443 456 10.1177/02692155231216621 38009067
L181: 18. Bray S.R. 
L182:  Graham J.D. 
L183:  Saville P.D. 
L184:  Self-control training leads to enhanced cardiovascular exercise performance J. Sports Sci. 2015 33 534 543 10.1080/02640414.2014.949830 25278342
L185: 19. Filipas L. 
L186:  Martin K. 
L187:  Northey J.M. 
L188:  La Torre A. 
L189:  Keegan R. 
L190:  Rattray B. 
L191:  A 4-week endurance training program improves tolerance to mental exertion in untrained individuals J. Sci. Med. Sport 2020 23 1215 1219 10.1016/j.jsams.2020.04.020 32456979
L192: 20. Faul F. 
L193:  Erdfelder E. 
L194:  Lang A.-G. 
L195:  Buchner A. 
L196:  G*Power 3: A flexible statistical power analysis program for the social, behavioral, and biomedical sciences Behav. Res. Methods 2007 39 175 191 10.3758/BF03193146 17695343
L197: 21. Cohen J. 
L198:  Quantitative methods in psychology Psychol. Bull. 1992 112 155 159 10.1037/0033-2909.112.1.155 19565683
L199: 22. Cooke A. 
L200:  Kavussanu M. 
L201:  McIntyre D. 
L202:  Ring C. 
L203:  Effects of competition on endurance performance and the underlying psychological and physiological mechanisms Biol. Psychol. 2011 86 370 378 10.1016/j.biopsycho.2011.01.009 21295108
L204: 23. Radwin R.G. 
L205:  Masters G.P. 
L206:  Lupton F.W. 
L207:  A linear force-summing hand dynamometer independent of point of application Appl. Ergon. 1991 22 339 345 10.1016/0003-6870(91)90393-V 15676832
L208: 24. Braver Cohen J.D. 
L209:  Nystrom L. 
L210:  Jonides J. 
L211:  Smith E. 
L212:  Noll D.C. 
L213:  Braver T.S. 
L214:  Cohen J.D. 
L215:  Nystrom L.E. 
L216:  Jonides J. 
L217:  Smith E.E. 
L218:  
L219:  A parametric study of prefrontal cortex involvement in human working memory NeuroImage 1997 5 49 62 10.1006/nimg.1996.0247 9038284
L220: 25. Khaksari K. 
L221:  Condy E. 
L222:  Millerhagen J.B. 
L223:  Anderson A.A. 
L224:  Dashtestani H. 
L225:  Gandjbakhche A.H. 
L226:  Effects of performance and task duration on mental workload during working memory task Photonics 2019 6 94 10.3390/photonics6030094
L227: 26. Borg G. 
L228:  Psychophysical bases of perceived exertion Med. Sci. Sports Exerc. 1982 14 377 381 10.1249/00005768-198205000-00012 7154893
L229: 27. Borg G. 
L230:  Borg’s Perceived Exertion and Pain Scales Human Kinetics Champaign, IL, USA 1998
L231: 28. Kasper K. 
L232:  Sports training principles Curr. Sports Med. Rep. 2019 18 95 96 10.1249/JSR.0000000000000576 30969230
L233: 29. Marcora S.M. 
L234:  Do we really need a central governor to explain brain regulation of exercise performance? Eur. J. Appl. Physiol. 2008 104 929 931 10.1007/s00421-008-0818-3 18618133
L235: 30. Venhorst A. 
L236:  Micklewright D. 
L237:  Noakes T.D. 
L238:  Towards a three-dimensional framework of centrally regulated and goal-directed exercise behaviour: A narrative review Br. J. Sports Med. 2018 52 957 966 10.1136/bjsports-2016-096907 28835409
L239: 31. Martines F. 
L240:  Messina G. 
L241:  Patti A. 
L242:  Battaglia G. 
L243:  Bellafiore M. 
L244:  Messina A. 
L245:  Rizzo S. 
L246:  Salvag P. 
L247:  Sireci F. 
L248:  Train M. 
L249:  
L250:  Effects of tinnitus on postural control and stabilization: A pilot study Acta Medica Mediterr. 2015 31 907 912
[25ms]

