L1: The role of resistance training and creatine supplementation on oxidative stress, antioxidant defense, muscle strength, and quality of life in older adults
L2: Frontiers in Public Health (2023)
L3: Ehsan Amiri, Dariush Sheikholeslami-Vatani
L4: Department of Sport Sciences, University of Kurdistan ,  Sanandaj ,  Iran
L5: Background
L6: The aim of this study was to evaluate the effect of resistance training (RT) with creatine monohydrate supplementation (CS) on serum levels of  8-hydroxydeoxyguanosine  (8-OHdG), malondialdehyde (MDA), glutathione peroxidase (GPX), and total antioxidant capacity (TAC) in older adults.
L7: Objectives
L8: This study evaluated the effect of resistance training with creatine monohydrate supplementation on oxidative stress and antioxidant defense, muscle strength and quality of life in older adults.
L9: Methods
L10: We examined 45 non-athlete volunteer older men and women (mean, 68.1 ± 7.2  years old), were randomly selected and divided into three groups of 15: RT with creatine supplementation (RT + CS), RT with placebo (RT + P) and control group. RT protocol was performed for 10  weeks, three sessions per week. Creatine supplement was taken daily at a dose of 0.1 g/kg of body weight, while the placebo group consumed the same amount of starch. Fasting blood samples were taken before the start of program and at the end of the RT period.
L11: Results
L12: In the training groups, after 10  weeks of RT, a significant decrease in MDA and 8 - OHDG as well as a significant increase in serum levels of GPX and TAC were observed (in all cases,  p  =  0.001). In addition, creatinine levels were enhanced in the RT + CS ( p  =  0.014). Training intervention also improved quality of life and muscle strength in the experimental groups ( p  =  0.001), although muscle strength changes were more visible in the RT + CS group than in the RT + P group ( p  <  0/05).
L13: Conclusion
L14: Regular resistance training can be recommended as a very suitable non-pharmacological approach to strengthen the body’s antioxidant system, muscle strength and quality of life in older adults. There are no definite findings on the role of creatine on the antioxidant system and quality of life in older adults, but the use of this supplement in addition to RT can double the amount of strength gained from resistance training.
L15: Public Health; Original Research; Original Research
L16: creatine; antioxidant defense; aging; quality of life; muscular endurance
L17: Introduction
L18: The production of free radicals increases from the fourth decade of life onwards, and the amount of antioxidant enzymes such as superoxide dismutase (SOD) and glutathione peroxidase (GPX) decreases ( 1 ). Reactive oxygen species (ROS) lead to oxidative damage in lipid membranes and DNA through programmed cell death ( 2 ). Lipid peroxidation produces substances such as malondialdehyde (MDA) ( 3 ), and DNA damage is measured through  8-hydroxydeoxyguanosine  (8-OHdG) ( 4 ). One of the factors that plays an important role in the loss of an active lifestyle is the progressive reduction of muscle mass or sarcopenia ( 5 ). Muscle mass forms more than 50% of the body weight of young people, while this amount reaches approximately 25% in older adults ( 6 ).
L19: Cumulative damage to skeletal muscle and nerve cells in sarcopenia may result from oxidative stress. Sarcopenia could be caused by an increase of endogenous ROS formation in skeletal muscle but the source of ROS in sarcopenic muscle is still relatively unknown. However, an age-associated increase of ROS levels in muscle mass, as a consequence of an upregulation of NADPH oxidase 2 enzyme (NOX 2 ), has been reported ( 7 ). Moreover, a study by Sullivan-Gunn and Lewandowski ( 8 ) has highlighted the role of NOX 2  enzyme in a healthy mouse model of aging, suggesting that elevated levels of H 2 O 2  from NOX 2 , as well as the lack of antioxidant protection from catalase and glutathione peroxidase (GPX), carry out a key role in the onset of sarcopenia. The lack of SOD 1  also causes a reduction of skeletal muscle mass, impairment of neurotransmitter release, and neuronal degeneration in mice ( 9 ).
L20: Moreover, irrespective of the mechanism, oxidative stress causes the onset of many types of disease such as cardiovascular disease (CVD) and cancer ( 10 ,  11 ) as well as modulation of cancer treatment-related outcomes ( 12 ,  13 ). Excessive ROS levels have been linked to tumor initiation, growth and progression ( 14 ). As mentioned before, the production of ROS increases with age. Therefore, the possibility of getting diseases related to ROS increases in older adults. Therapeutic benefits of creatine supplementation (CS) in some diseases associated with oxidative stress have been confirmed ( 15 ,  16 ).
L21: In the body as a whole, creatine is synthesized in the kidney and in the liver ( 17 ). Specifically, the kidney accomplishes the first step of the synthesis, forming guanidinoacetic acid from arginine and glycine. Guanidinoacetic acid is then transported to the liver, where it is converted into creatine with the intervention of the methyl donor S-adenosyl-methionine ( 17 ). Creatine monohydrate is a common and popular supplement used by many athletes to improve strength, endurance and athletic performance ( 18 ). The antioxidant properties of creatine might be due to the presence of arginine, which disintegrates nitric oxide ( 19 ). The NO formed undergoes oxidative degradation to the stable inorganic nitrogen oxides, nitrite (NO 2 ), and nitrate (NO 3 ), which are detectable in plasma and urine ( 20 ).
L22: Resistance training (RT) has the beneficial effects of preventing the complications of aging and leads to improved health through a variety of mechanisms ( 21 ). RT has been shown to reduce MDA and hydrogen peroxidase, while boosting GPX and SOD activity ( 22 ). On the other hand, in aging, we face a phenomenon called anabolic resistance which reduces the response of muscles to RT ( 23 ).
L23: Long-term creatine supplementation along with moderate-intensity resistance and endurance training can probably reduce oxidative stress and increase the antioxidant defense system; however, in the short-term, creatine consumption and its effect on oxidative stress due to endurance exercise is not well known, although it seems that the short-term creatine ingestion possibly reduces oxidative stress due to intense resistance exercise. Considering the antioxidant effects of regular physical activity and creatine, it seems that the combined effect of physical activity and creatine consumption can reduce oxidative stress ( 12 ).
L24: Stefani et al. ( 24 ) noted that creatine consumption combined with resistance exercise could reduce oxidative stress (reduced lipoperoxidation in plasma, heart and liver, and gastrocnemius). Moreover, this supplement had positive effects on the SOD activity in all groups. Creatine consumption possibly have a synergistic effect with resistance training in modulating SOD activity in the heart ( 24 ). Additionally, Rahimi stated that consuming 20 g of creatine per day for 7 days reduces MDA and 8-hydroxy-20 -deoxyguanosine (8-OHdG) after resistance training. Additionally, the antioxidant effects of creatine may be related to its compounds (arginine, glycine and methionine) ( 25 ).
L25: Most studies on the effect of resistance training (RT) and creatine supplementation (CS) on oxidant/antioxidant equilibrium have focused on young people ( 25 ). To date, the effects of regular RT alone and with CS on various oxidative markers and antioxidant defense system in older adults have not been studied.
L26: Materials and methods
L27: Ethical considerations
L28: Before the start of the study, a meeting session was held to coordinate and explain the objectives of the project and to mention the possible risks and benefits for the participants. At the end of this session, consent forms for participation in the research were signed by the subjects. The research design was approved by the Ethics Committee of the University of Kurdistan (IR.UOK.REC.1399.010), and was also reviewed and approved at the Clinical Trial Registration Center (IRCT20201121049453N1).
L29: Participants and study design
L30: The current study was an experimental research with pre-test and post-test control group design. The statistical population of the present study consisted of older men and women (age: 61.5 ± 5.7 y; height: 165.9 ± 11.1 cm; weight: 75.6 ± 19.8 kg; BMI: 27.8 ± 1.6 kg/m 2 ) in Kermanshah city, Iran. After announcing the research call at parks and sport spaces of the city, 45 qualified people (with inclusion criteria) were randomly selected as subjects. Subjects were then randomly, in a double-blind design, assigned to three groups of 15: resistance training with creatine supplementation (RT + CS), resistance training with placebo (RT + P) and control group ( Table 1 ;  Figure 1 ).
L31: Table 1 Baseline characteristics of subjects according to study groups.
L32: Figure 1 Flowchart of the study.
L33: Inclusion and exclusion criteria
L34: People ranging in age from 60 to 70 years were considered. According to the information in the health questionnaire, they were in good health and did not take any medication. They also did not have a history of taking dietary supplements or regular exercise training 3 months prior to the start of the study. Exclusion criteria included any illness that required medical attention, the unwillingness of the subjects to continue cooperation, and having more than three absences in the training sessions ( Figure 1 ).
L35: Resistance training protocol
L36: Resistance training program was performed for 10 weeks, three sessions per week (1 day in between). Each workout lasted approximately 70 mins and consisted of three parts: warm-up (10 mins), specific resistance exercise program (50 mins), and cool-down (10 mins). Resistance movements included leg extension and leg curl machine, barbell bench press, lateral pulldown, barbell curl, overhead press, and triceps extension machine. Resistance movements were performed in three sets with 10 repetitions and an intensity of 75% of one repetition maximum (1-RM). Rest intervals between sets and between movements were 2 and 3 mins, respectively. To maintain training intensity, 1-RM test was measured once every 2 weeks in all movements and for all subjects. The one repetition maximum (1-RM) test was calculated based on the Brzycki equation ( 26 ).
L37: Creatine supplementation
L38: Creatine monohydrate supplementation consisted of 0.1 g/kg/d which was consumed daily in a single dose and dissolved in a glass of water immediately after the end of the exercise session by the subjects in the RT + CS group ( 27 ,  28 ). Supplementation on non-training days was consumed at the same hour (6 pm). The placebo group took maltodextrin in the same way as the supplementation group. The control group did not receive any intervention and participated only in pre-test and post-test evaluations.
L39: Sampling and data collection
L40: 48 hours before the start of the first training session and creatine supplementation as well as 48 hours after the end of the 10-week course of interventions, blood samples were taken at 8 am in the amount of 6 cc (after approximately 10 hrs of night fasting). The samples were then centrifuged at 3000 g for 10 mins and the extracted serums were frozen at −70°C until final assay.
L41: Malondialdehyde (MDA), glutathione peroxidase (GPX) and total antioxidant capacity (TAC) serum levels were determined using commercial kits (Human ELISA; ZellBio Company, Berlin, Deutschland) according to the manufacturer’s protocol with a lower detection limit of 0.1 μM, 5 U/ml, and 0.1 mM, respectively. The measurement of  8-hydroxydeoxyguanosine  (8OHdG) was performed by a commercial ELISA kit with a lower detection limit of 0.25 ng/ml (BT Lab, Shanghai, China).
L42: As previously mentioned, in order to measure the maximum muscle strength, the Brzycki equation was used ( 26 ). Quality of life was measured by the short-form 36 (SF-36) questionnaire ( 29 ). This questionnaire comprised of the following sections: physical component score (PCS), mental component score (MCS), physical functioning, role-physical, bodily pain, general health and mental health.
L43: In order to control the participants’ nutritional status, a 24-h dietary recall was taken 48 hrs before the start of both blood sampling steps. In this regard, the calorie intake was analyzed through nutrition software, and there was no significant difference in terms of calorie intake of the subjects in the three groups.
L44: Data analysis
L45: The Shapiro–Wilk test was used to examine the normal distribution of data. Analyses of variance (ANOVA) with repeated measure and Bonferroni post-hoc test were used to determine within-group (time effect), between-group (group effect) and time–group interactions. Data was analyzed with IBM SPSS software (version 23; IBM Corporation, Armonk, NY, United States), and the statistical significance level was set at  p  ≤ 0.05.
L46: Results
L47: There was no significant difference ( p  > 0.05) between the three groups regarding any of the research variables in the pre-test.
L48: There were significant main effect of time ( F  = 127.38,  p  = 0.001, and  F  = 468.47,  p  = 0.001) and group × time interaction ( F  = 21.98,  p  = 0.001, and  F  = 106.21, p = 0.001) respectively for malondialdehyde (MDA) and  8-hydroxydeoxyguanosine  (8-OHdG). These serum indices of oxidative damage were significantly reduced in both experimental groups (RT + CS and RT + P) after 10 weeks of RT (in all cases,  p  = 0.001) and there was no difference between the training groups ( p  > 0.05;  Figures 2A,B ).
L49: Figure 2 Changes in oxidative and antioxidant indices, as well as creatinine, BMI and quality of life in the older adults after 10-week of resistance training and creatine supplementation.  (A)  Malondialdehyde (MDA);  (B) 
L50:  8-hydroxydeoxyguanosine  (8-OHdG);  (C)  Glutathione peroxidase (GPX);  (D)  Total antioxidant capacity (TAC);  (E)  Body mass index (BMI);  (F)  Creatinine;  (G)  Quality of life. *Significant difference with the pre-test.  $ Significant difference with the control group.
L51: In relation to the glutathione peroxidase (GPX), there was a significant main effect of time ( F  = 155.32, p = 0.001), group × time interaction ( F  = 37.47,  p  = 0.001) and main effect of group ( F  = 5.39,  p  = 0.009). Serum concentrations of GPX was higher in both training groups (RT + CS and RT + P) compared with the control group in the post-test ( p  = 0.001 and  p  = 0.006, respectively). Indeed, in the post-test, the levels of this enzyme in the RT + CS was higher than the RT + P group ( p  = 0.004). GPX substantially increased in the RT + CS and RT + P groups after the 10-week intervention compared with the pre-test ( p  = 0.001, eta = 0.87 and  p  = 0.001, eta = 0.86;  Figure 2C ).
L52: In regards total antioxidant capacity (TAC), there was a significant main effect of time ( F  = 41.77,  p  = 0.001) and group × time interaction ( F  = 15.51,  p  = 0.001). This index of antioxidant capacity also had an interesting rise in both training groups after 10 weeks (in both cases,  p  = 0.001), while no significant difference was observed between the groups in the post-test ( p  > 0.05;  Figure 2D ).
L53: Regarding body mass index (BMI), there was a significant main effect of time ( F  = 3.68,  p  = 0.049) and group × time interaction ( F  = 23.93,  p  = 0.001). Intragroup changes showed that the body mass index decreased ( p  = 0.001) only in the RT + P group in comparison with the pre-test ( Figure 2E ).
L54: However, with regard to creatinine, the interaction of time and group was significant ( F  = 6.40,  p  = 0.004). Creatinine levels elevated only in the RT + CS group after 10 weeks of supplementation ( p  = 0.014). No significant difference was observed between the groups in the post-test ( p  > 0.05;  Figure 2F ).
L55: There was also a significant main effect of time ( F  = 1831.58,  p  = 0.001), group × time interaction ( F  = 441.69, p = 0.001) and main effect of group ( F  = 111.97,  p  = 0.001) for quality of life ( Figure 2G ). This index in the experimental groups (RT + CS and RT + P) improved after 10 weeks of intervention (in both groups,  p  = 0.001). Indeed, there was a difference between the groups in the post-test so much so that the quality-of-life index in the training groups was better than in the control group ( Table 2 ).
L56: Table 2 Changes in subjects’ quality of life and muscle strength following 10-week of resistance training and creatine supplementation.
L57: Changes in muscle strength in all seven resistance movements including leg extension and leg curl machine, barbell bench press, lateral pulldown, barbell curl, overhead press, and triceps extension machine indicated that the training groups (RT + CS and RT + P) had a sharp increase compared to the pre-test ( p  < 0.05) as well as compared to the control groups in the post-test ( p  < 0.05). In addition, the increase in muscle strength of the RT + CS group was greater than that of the RT + P group ( p  < 0.05;  Table 2 ).
L58: Discussion
L59: Findings of the present study showed that 10 weeks of RT reduced the oxidative damage indices in older adults by strengthening the antioxidant defense system. In fact, after 10 weeks of regular RT, MDA and  8-hydroxydeoxyguanosine  (8-OHdG) in the training groups decreased, while the amount of GPX and total antioxidant capacity (TAC) increased. An interesting result is that creatine supplementation did not have an incremental effect on reducing oxidative damage. However, the rate of increase in GPX enzyme in the supplement group was higher than the placebo group demonstrating the synergistic effect of creatine supplementation on the levels of this antioxidant enzyme.
L60: Alikhani and colleagues in line with the present study illustrated an improvement in MDA and TAC in older and younger people after 12 weeks of RT. ( 30 ) Consistent with the current findings, two other studies also confirmed the positive effects of regular exercise training on improving the activity of antioxidant enzymes such as catalase, superoxide dismutase and glutathione peroxidase in the older adults ( 31 ,  32 ). The effect of combined training (aerobic and resistance training) on DNA oxidative damage and antioxidant properties in middle-aged and older people was investigated by ( 33 ) which indicated the positive role of the above exercise program in improving antioxidant capacity and reducing 8-OHdG. Ghahramani Moghadam ’ s study also demonstrated a reduction in 8-OHdG levels in older women after 8 weeks of exercise training ( 34 ). In another study by Padilha, three sessions of RT per week (for 12-weeks) reduced oxidative stress indices in older women ( 35 ). In a research conducted by Koechlin, the effect of RT with an intensity of 40% of 1-RM with N-acetylcystein supplementation on the older adults with chronic obstructive pulmonary disease was evaluated and indicated that the TAC index did not change ( 36 ). It appears that the low intensity of the exercise program, the type of supplement used and also the illnesses of the subjects are the reasons for the contradiction in the findings of the above research with the results of the present study.
L61: Kinksly et al. examined the effect of cycling and creatine consumption on non-enzymatic indicators of antioxidant defense. The finding of the above study indicated that creatine had no effect on improving the antioxidant system ( 37 ). However, in a study conducted on young subjects stated that 7 days of creatine supplementation reduced MDA and 8-OHdG following acute RT. Candow et al. reported that creatine supplementation improved body composition and muscle strength in older adults without any adverse effects on the kidney ( 27 ). Canadow in another study illustrated that creatine supplementation had anti-sarcopenic effects and would improve bone mineral density ( 38 ). In addition, Deminice et al. stated that short-term creatine supplementation (for 7 days) had no effect on catalase and superoxide dismutase activity after an anaerobic test ( 39 ).
L62: According to the results of previous research, it seems that short-term use of creatine supplementation has no effect on strengthening the antioxidant system. Available findings are limited and relatively contradictory in regards the long-term effects of this supplement which makes the final conclusion difficult. As mentioned, in the present study, 10 weeks of creatine monohydrate supplementation doubled the activity of GPX enzyme, while no synergistic effect of this supplement on TAC were observed. Therefore, further research is needed to prove the possible effects of creatine on boosting the antioxidant system. Nevertheless, it has been found that regular RT can be a logical approach for reducing exercise training-induced oxidative damage by enhancing the antioxidant capacity of older adults.
L63: The finding of the present study regarding changes in muscle strength showed that after 10 weeks of RT and creatine supplementation, the average increase in muscle strength (mean of the seven muscle groups studied) in the training-placebo group was 35.9% and in the training-creatine group was equal to 57%. These findings generally indicate the positive effect of RT on increasing muscle strength in the older adults, and in particular the synergistic effects of creatine supplementation on elevating strength in these individuals. Moreover, the results of the current study demonstrated that there was a significant decrease in body mass index only in the training-placebo group. The present research finding have been confirmed by previous research on the effect of RT on upgrading muscle strength and body composition, as well as the dual role of creatine supplementation in improving muscle strength in older adults ( 27 ).
L64: The present results showed an improvement of 79.9% and 89.2% of quality of life index in the training-placebo and training-creatine groups, respectively.
L65: Limitations
L66: To our knowledge, the present study is the first study that examines the long-term effect of resistance training along with creatine supplementation on antioxidant indices in older adults. One of the limitation of the current study include the lake of measurement of nitric oxide metabolites. In addition, it is better to measure the level of muscle tissue at the same time as blood sampling in future studies to check the changes in oxidant/antioxidant indices more precisely.
L67: Conclusion
L68: Regular resistance training can be recommended as a very suitable non-pharmacological approach to strengthen the body’s antioxidant system, muscle strength and quality of life in older adults. There are no definite findings on the role of creatine on the antioxidant system and quality of life in older adults, but the use of this supplement in addition to RT can double the amount of strength gained from resistance training. From a clinical viewpoint, our findings indicated that these results can be obtained using a modest exercise prescription for an aging population.
L69: Data availability statement
L70: The raw data supporting the conclusions of this article will be made available by the authors, without undue reservation.
L71: Ethics statement
L72: The studies involving human participants were reviewed and approved by the research design was approved by the Ethics Committee of the University of Kurdistan (IR.UOK.REC.1399.010). The patients/participants provided their written informed consent to participate in this study.
L73: Author contributions
L74: EA: writing original draft of the manuscript. DS-V: methodology, editing the manuscript, and supervision. EA and DS-V: data analysis and interpretation. All authors contributed to the article and approved the submitted version.
L75: Conflict of interest
L76: The authors declare that the research was conducted in the absence of any commercial or financial relationships that could be construed as a potential conflict of interest.
L77: Publisher’s note
L78: All claims expressed in this article are solely those of the authors and do not necessarily represent those of their affiliated organizations, or those of the publisher, the editors and the reviewers. Any product that may be evaluated in this article, or claim that may be made by its manufacturer, is not guaranteed or endorsed by the publisher.
L79: 1. Radak Z Radák Z .  Free radicals in exercise and aging .  Hum Kine, Champaign, Illinois, USA  ( 2000 ).
L80: 2. Cooper C Vollaard N Choueiri T Wilson M .  Exercise, free radicals and oxidative stress .  Biochem Soc Trans . ( 2002 )  30 : 280 – 5 . PMID:  12023865
L81: 3. Meydani M Evans W Handelman G Biddle L Fielding R Meydani S .  Protective effect of vitamin E on exercise-induced oxidative damage in young and older adults .  Am J Phys Regul Integr Comp Phys . ( 1993 )  264 : R992 – 8 . doi:  10.1152/ajpregu.1993.264.5.R992
L82: 4. Bamman MM Hill VJ Adams GR Haddad F Wetzstein CJ Gower BA .  Gender differences in resistance-training-induced myofiber hypertrophy among older adults .  J Gerontol A Biol Sci Med Sci . ( 2003 )  58 : B108 – 16 . doi:  10.1093/gerona/58.2.B108 , PMID:  12586847
L83: 5. Fehrenbach E Northoff H .  Free radicals, exercise, apoptosis, and heat shock proteins .  Exerc Immunol Rev . ( 2001 )  7 : 66 – 89 . PMID:  11579749
L84: 6. Short KR Vittone JL Bigelow ML Proctor DN Nair KS .  Age and aerobic exercise training effects on whole body and muscle protein metabolism .  Am J Physiol Endocrinol Metab . ( 2004 )  286 : E92 – E101 . doi:  10.1152/ajpendo.00366.2003 14506079
L85: 7. Oudot A Martin C Busseuil D Vergely C Demaison L Rochette L .  NADPH oxidases are in part responsible for increased cardiovascular superoxide production during aging .  Free Radic Biol Med . ( 2006 )  40 : 2214 – 22 . doi:  10.1016/j.freeradbiomed.2006.02.020 , PMID:  16785035
L86: 8. Sullivan-Gunn MJ Lewandowski PA .  Elevated hydrogen peroxide and decreased catalase and glutathione peroxidase protection are associated with aging sarcopenia .  BMC Geriatr . ( 2013 )  13 : 1 – 9 . doi:  10.1186/1471-2318-13-104 23280140
L87: 9. Shi Y Ivannikov MV Walsh ME Liu Y Zhang Y Jaramillo CA .  The lack of CuZnSOD leads to impaired neurotransmitter release, neuromuscular junction destabilization and reduced muscle strength in mice .  PLoS One . ( 2014 )  9 : e100834 . doi:  10.1371/journal.pone.0100834 , PMID:  24971750
L88: 10. Basisty N Kale A Jeon OH Kuehnemann C Payne T Rao C .  A proteomic atlas of senescence-associated secretomes for aging biomarker development .  PLoS Biol . ( 2020 )  18 : e3000599 . doi:  10.1371/journal.pbio.3000599 , PMID:  31945054
L89: 11. Görlach A Bertram K Hudecova S Krizanova O .  Calcium and ROS: a mutual interplay .  Redox Biol . ( 2015 )  6 : 260 – 71 . doi:  10.1016/j.redox.2015.08.010 , PMID:  26296072
L90: 12. Khan S Zakariah M Rolfo C Robrecht L Palaniappan S .  Prediction of mycoplasma hominis proteins targeting in mitochondria and cytoplasm of host cells and their implication in prostate cancer etiology .  Oncotarget . ( 2017 )  8 : 30830 – 43 . doi:  10.18632/oncotarget.8306 , PMID:  27027344
L91: 13. Wang H Fedorov AA Fedorov EV Hunt DM Rodgers A Douglas HL .  An essential bifunctional enzyme in  Mycobacterium tuberculosis  for itaconate dissimilation and leucine catabolism .  Proc Natl Acad Sci . ( 2019 )  116 : 15907 – 13 . doi:  10.1073/pnas.1906606116 31320588
L92: 14. Ezzati M Friedman AB Kulkarni SC Murray CJL .  The reversal of fortunes: trends in county mortality and cross-county mortality disparities in the United States .  PLoS Med . ( 2008 )  5 : e66 . doi:  10.1371/journal.pmed.0050066 , PMID:  18433290
L93: 15. Quan Y Xin Y Tian G Zhou J Liu X .  Mitochondrial ROS-modulated mtDNA: a potential target for cardiac aging .  Oxidative Med Cell Longev . ( 2020 )  2020 : 1 – 11 . doi:  10.1155/2020/9423593 , PMID:  32308810
L94: 16. Schulz TJ Zarse K Voigt A Urban N Birringer M Ristow M .  Glucose restriction extends  Caenorhabditis elegans  life span by inducing mitochondrial respiration and increasing oxidative stress .  Cell Metab . ( 2007 )  6 : 280 – 93 . doi:  10.1016/j.cmet.2007.08.011 , PMID:  17908557
L95: 17. Wyss M Kaddurah-Daouk R .  Creatine and creatinine metabolism .  Physiol Rev . ( 2000 )  80 : 1107 – 213 . doi:  10.1152/physrev.2000.80.3.1107 10893433
L96: 18. Mills S Candow DG Forbes SC Neary JP Ormsbee MJ Antonio J .  Effects of creatine supplementation during resistance training sessions in physically active young adults .  Nutrition . ( 2020 )  12 : 1880 . doi:  10.3390/nu12061880
L97: 19. Reid MB .  Invited review: redox modulation of skeletal muscle contraction: what we know and what we don't .  J Appl Physiol . ( 2001 )  90 : 724 – 31 . doi:  10.1152/jappl.2001.90.2.724 , PMID:  11160074
L98: 20. Green LC Ruiz de Luzuriaga K Wagner DA Rand W Istfan N Young VR .  Nitrate biosynthesis in man .  Proc Natl Acad Sci . ( 1981 )  78 : 7764 – 8 . doi:  10.1073/pnas.78.12.7764 , PMID:  6950416
L99: 21. del Campo Cervantes JM Cervantes MHM Torres RM .  Effect of a resistance training program on sarcopenia and functionality of the older adults living in a nursing home .  J Nutr Health Aging . ( 2019 )  23 : 829 – 36 . doi:  10.1007/s12603-019-1261-3 31641732
L100: 22. Bloomer RJ Schilling BK Karlage RE Ledoux MS Pfeiffer RF Callegari J .  Effect of resistance training on blood oxidative stress in Parkinson disease .  Med Sci Sports Exerc . ( 2008 )  40 : 1385 – 9 . doi:  10.1249/MSS.0b013e31816f1550 , PMID:  18614956
L101: 23. Meng S-J Yu L-J .  Oxidative stress, molecular inflammation and sarcopenia .  Int J Mol Sci . ( 2010 )  11 : 1509 – 26 . doi:  10.3390/ijms11041509 , PMID:  20480032
L102: 24. Stefani GP Nunes RB Dornelles AZ Alves JP Piva MO Domenico MD .  Effects of creatine supplementation associated with resistance training on oxidative stress in different tissues of rats .  J Int Soc Sports Nutr . ( 2014 )  11 : 11 . doi:  10.1186/1550-2783-11-11 , PMID:  24655435
L103: 25. Rahimi R .  Creatine supplementation decreases oxidative DNA damage and lipid peroxidation induced by a single bout of resistance exercise .  J Strength Cond Res . ( 2011 )  25 : 3448 – 55 . doi:  10.1519/JSC.0b013e3182162f2b , PMID:  22080314
L104: 26. Brzycki M .  Strength testing—predicting a one-rep max from reps-to-fatigue .  JOPERD . ( 1993 )  64 : 88 – 90 . doi:  10.1080/07303084.1993.10606684
L105: 27. Candow DG Zello GA Ling B Farthing JP Chilibeck PD McLeod K .  Comparison of creatine supplementation before versus after supervised resistance training in healthy older adults .  Res Sports Med . ( 2014 )  22 : 61 – 74 . doi:  10.1080/15438627.2013.852088 , PMID:  24392772
L106: 28. Candow DG Forbes SC Vogt E .  Effect of pre-exercise and post-exercise creatine supplementation on bone mineral content and density in healthy aging adults .  Exp Gerontol . ( 2019 )  119 : 89 – 92 . doi:  10.1016/j.exger.2019.01.025 , PMID:  30707938
L107: 29. Ware JE Jr Sherbourne CD .  The MOS 36-item short-form health survey (SF-36): I. Conceptual framework and item selection .  Med Care . ( 1992 )  30 : 473 – 83 . doi:  10.1097/00005650-199206000-00002 , PMID:  1593914
L108: 30. Alikhani S Sheikholeslami-Vatani D .  Oxidative stress and anti-oxidant responses to regular resistance training in young and older adult women .  Geriatr Gerontol Int . ( 2019 )  19 : 419 – 22 . doi:  10.1111/ggi.13636 , PMID:  30811775
L109: 31. Bouzid MA Hammouda O Matran R Robin S Fabre C .  Low intensity aerobic exercise and oxidative stress markers in older adults .  JAPA . ( 2014 )  22 : 536 – 42 . doi:  10.1123/JAPA.2013-0037 , PMID:  24226272
L110: 32. Takahashi M Miyashita M Kawanishi N Park J-H Hayashida H Kim H-S .  Low-volume exercise training attenuates oxidative stress and neutrophils activation in older adults .  Eur J Appl Physiol . ( 2013 )  113 : 1117 – 26 . doi:  10.1007/s00421-012-2531-5 , PMID:  23108583
L111: 33. Soares JP Silva AM Oliveira MM Peixoto F Gaivão I Mota MP .  Effects of combined physical exercise training on DNA damage and repair capacity: role of oxidative stress changes .  Age . ( 2015 )  37 : 61 . doi:  10.1007/s11357-015-9799-4 , PMID:  26044257
L112: 34. Ghahremani Moghadam M Hejazi K .  Effects of eight weeks of aerobic exercise on markers of oxidative stress in elderly women .  Med Lab J . ( 2018 )  12 : 17 – 23 . doi:  10.29252/mlj.12.3.17
L113: 35. Padilha CS Ribeiro AS Fleck SJ Nascimento MA Pina FL Okino AM .  Effect of resistance training with different frequencies and detraining on muscular strength and oxidative stress biomarkers in older women .  Age . ( 2015 )  37 : 104 . doi:  10.1007/s11357-015-9841-6 , PMID:  26423425
L114: 36. Janssen I .  The epidemiology of sarcopenia .  Clin Geriatr Med . ( 2011 )  27 : 355 – 63 . doi:  10.1016/j.cger.2011.03.004 21824552
L115: 37. Kingsley MI Cunningham D Mason L Kilduff LP McEneny J .  Role of creatine supplementation on exercise-induced cardiovascular function and oxidative stress .  Oxidative Med Cell Longev . ( 2009 )  2 : 247 – 54 . doi:  10.4161/oxim.2.4.9415 , PMID:  20716911
L116: 38. Candow DG Forbes SC Chilibeck PD Cornish SM Antonio J Kreider RB .  Effectiveness of creatine supplementation on aging muscle and bone: focus on falls prevention and inflammation .  J Clin Med . ( 2019 )  8 : 488 . doi:  10.3390/jcm8040488 , PMID:  30978926
L117: 39. Deminice R Rosa FT Franco GS Jordao AA de Freitas EC .  Effects of creatine supplementation on oxidative stress and inflammatory markers after repeated-sprint exercise in humans .  Nutrition . ( 2013 )  29 : 1127 – 32 . doi:  10.1016/j.nut.2013.03.003 , PMID:  23800565
L118: We thank the University of Kurdistan for executive support in conducting this research.
[26ms]

