L1: Effects of vitamin E supplementation on some pregnancy health indices: a randomized clinical trial
L2: International Journal of General Medicine (2011)
L3: Parvin Bastani, Kobra Hamdi, Fatemeh Abasalizadeh, Nazli Navali
L4: Women’s Reproductive Health Research Center, Tabriz University of Medical Sciences, Tabriz, Iran
L5: Objective:
L6: Available evidence about the role of supplementary vitamin E in normal pregnancy is inadequate. This study assessed the potential benefit of vitamin E supplementation on some pregnancy health indices.
L7: Methods:
L8: A 1:2 weighted simple randomization technique was used to allocate 104 eligible pregnant women to receive vitamin E and 168 women (control) not to receive the drug. Treated women received capsules containing 400 IU vitamin E from week 14 of gestation to the end of the pregnancy.
L9: Results:
L10: Background variables including maternal age were found to be similarly distributed between the study groups. The rate of maternal and perinatal outcomes including Apgar score and birth weight did not differ significantly between groups. Preeclampsia occurred in 1% of treated women vs 1.78% of control women.
L11: Conclusion:
L12: Giving supplemental vitamin E from the second trimester of pregnancy did not appear to affect the risk of pregnancy outcomes and occurrence of preeclampsia.
L13: Original Research
L14: antioxidants; vitamin E; pregnancy; supplementation; preeclampsia
L15: Introduction
L16: Improving maternity outcomes has always been the focus of interest in reproductive health research and researchers have conducted many observational and interventional studies to assess factors or agents affecting pregnancy outcome. Among these are some neonatal outcomes such as Apgar score and birth weight. Preeclampsia has also been the focus of interest in such research. Preeclampsia is a common complication in human pregnancy and is a major source of perinatal morbidity and mortality worldwide. It has been shown recently that preeclampsia may even affect maternal health after pregnancy. 1
L17: The vital role of vitamin E in reproduction was first investigated 80 years ago. 2  Unlike many in vitro studies, promising evidence for the antioxidant properties of vitamin E related to specific outcomes is scarce. 3  The magic of antioxidants has provided a good motivation for researchers to study effects of antioxidants on pregnancy outcomes and also on preeclampsia. 4  Vitamin E has also gained some attention in this regard. Some studies have compared the serum concentrations of vitamin E in different conditions during pregnancy and some have investigated the role of supplementary vitamin E in improving pregnancy outcomes. However, a recent systematic review suggested that the available evidence is inadequate to conclude that vitamin E supplementation, either alone or in combination with other supplements, can be beneficial during pregnancy. 5
L18: The aim of this study was to assess the potential benefit of prophylactic antioxidant supplementation (vitamin E) on some pregnancy health indices.
L19: Materials and methods
L20: A randomized clinical trial was conducted from January 2007 to February 2008 at the Women’s Hospital of Tabriz University of Medical Sciences, Iran. Eligible women had singleton gestation with normal blood pressure both at the first measurement in pregnancy and repeated again at trial enrollment.
L21: Eligible women with a gestational age <14 weeks, who attended the maternity outpatient clinic of the Women’s Hospital for routine check-up, were randomly assigned to two groups. A 1:2 weighted simple randomization technique was used to allocate the patients to receive either vitamin E or not to receive the drug (control group). To assign patients to each group, an assignment list was produced using the random number generator  rand  function in Microsoft ®  Excel. Women in the vitamin E group received capsules containing 400 IU vitamin E (RRR-alpha-tocopherol acetate; Zahravi Pharmaceutical Company, Tabriz, Iran) from week 14 of gestation to delivery time. They were asked to swallow the capsules without crushing or chewing them.
L22: Women with any of the following were ineligible: known multiple pregnancies; specific contraindications to vitamin E therapy such as hemochromatosis or anticoagulant therapy; 4  a body mass index (BMI) <20 or >29; history of hypertension and proteinuria before conception or before 20 weeks of gestation.
L23: Gestational age was calculated based on the last menstrual period date and confirmed by ultrasonography in early pregnancy. The participant was seated for 5 minutes, and then the average of two consecutive measurements taken 3 minutes apart was recorded. Preeclampsia was diagnosed according to the following strict criteria: a systolic blood pressure of ≥140 mmHg, or a diastolic blood pressure of ≥90 mmHg, on two occasions at least 6 hours apart occurring after the 20th week of pregnancy in women with previously normal blood pressure, plus detectable urinary protein (≥1 + by dipstick or ≥0.3 g per 24 hours).
L24: SPSS statistical software package (v 16.0; SPSS Inc, Chicago, IL) was used to analyze data. Treatment group comparisons were summarized as differences in means or risk ratios and independent sample  t -tests and χ 2  or Fisher’s exact tests were applied. Values were expressed as percentage and mean ± SD.  P  values <0.05 were considered statistically significant.
L25: The protocol was approved by the ethics committee of Tabriz University of Medical Sciences, and informed consent was obtained from all the participants.
L26: Results
L27: Mean gestational age at recruitment was 12.2 weeks. There was no statistically significant difference in maternal BMI, maternal age, and nulliparity between the groups ( Table 1 ). In the vitamin E group, 0.96% of women were complicated by preeclampsia in comparison with 1.8% in the control group (blood pressure >140/90 mmHg and 24-hour urine protein >300 mg), with no statistically significant difference between the groups. The relative risk of preeclampsia was 0.54.
L28: Mean birth weight was 3187 ± 545.09 g in the treated group and 3203.41 ± 537.96 g in the control group ( P  = 0.8) ( Table 2 ). Mean Apgar score at both 1-minute and 5-minute measurements was higher in the vitamin E group than the control group. The difference was not statistically different in any of the cases, but the  P -value in 5-minute Apgar score was 0.09 vs 0.8 for 1-minute Apgar score. Term pregnancy was observed in 93% of vitamin E group compared with 90% of the control group.
L29: Discussion
L30: The possible positive effects of supplementary vitamin E during pregnancy have been studied previously by investigating changes in vitamin E levels in gestation or in normal vs problematic pregnancies. Oxidative stability of vitamin E levels was shown to increase in maternal blood during normal pregnancy. 6  Also it has been shown that in some situations, such as smoking during pregnancy, the need for vitamin E may increase. 7  In a study comparing abnormal and normal pregnancies, mean vitamin E levels rose from 12.9 μg/mL in early pregnancy to 22.5 μg/mL at term in normal pregnancies, but in pregnancies with fetal complications or maternal risks, levels were lower than in normal pregnancies at corresponding gestational age. 8  In an earlier study by Tamura et al on 289 pregnant women in Birmingham, AL, no significant association was found between vitamin E serum concentrations and pregnancy outcomes. 9
L31: An observational study showed that serum vitamin E level may be lower in pregnancies ending in a low-birth-weight delivery. 8  Interestingly, however, two studies found that birth weight is significantly lower among those receiving supplementary vitamin E than in those not receiving it. 10 , 11  We found that birth weight did not differ between those receiving vitamin E and those who did not. A meta-analysis of the few available clinical trials found that vitamin E supplementation did not affect birth weight. 5  Although the available evidence does not seem to clearly support any association between vitamin E and birth weight, considering the paucity of information, possible heterogeneity in the available studies, and statistical power limitations, further studies are needed to support stronger conclusions in this regard.
L32: Preeclampsia is another outcome of interest. A small study found that the concentrations of vitamin E was significantly lower in a preeclampsia group than in a normotensive group at 28 weeks’ gestation. 12  Another observational study found total antioxidant and vitamin C concentrations to be significantly lower in preeclamptic patients than in pregnant controls. 13  No significant difference in vitamin E concentration was found among four groups (normotensives, mild preeclamptics, severe preeclamptics, and healthy nonpregnant women), but the groups were not large enough to support a strong conclusion. Nevertheless, several similar clinical trials have also been conducted leading to some controversy in this regard, but most were not in favor of the effect in preventing preeclampsia. Our findings do not support the hypothesis that vitamin E (400 IU) supplements, given prophylactically in pregnancy, reduce the rate of preeclampsia: the rate of preeclampsia in the treated group was similar to that in the control group. However, our study lacks adequate statistical power to make a strong conclusion and any interpretation based on these findings should be made cautiously. Several other trials have examined the effectiveness of vitamins C and E in preventing preeclampsia, using the same doses of vitamin E as in our trial. Several studies have shown no significant benef its of administering antioxidants to pregnant women. 5 , 11 , 14  In contrast, Chappell et al found that treatment from early pregnancy (16 to 22 weeks) with a combination of 1000 mg vitamin C and 400 IU vitamin E daily in a high-risk population can significantly (17%) reduce preeclampsia rate. 15  However, the need to investigate the optimum dosing and timing of supplementary antioxidant administration has been discussed, since inappropriate antioxidant treatment in pregnant women may reduce placental cell proliferation and even lead to cell death. 16  In a multicenter randomized controlled trial, in which 2647 women were assigned to daily treatment (1 g vitamin C and 400 IU vitamin E) or placebo, vitamin C and E supplementation did not reduce the rate of preeclampsia or gestational hypertension, but increased the risk of fetal loss or perinatal death and preterm prelabor rupture of membranes. 17
L33: In all these studies, the combined effect of vitamin C and E has been assessed, while the present study evaluated the effect of vitamin E supplementation in isolation on preeclampsia. Vitamin E supplementation is not reported to be generally contraindicated in pregnancy. Although vitamin E has not been reported to have major detrimental effects on preterm neonates or pregnant women, lower birth weight in women receiving vitamin E has been reported. 10 , 15  However, vitamin E has been shown to have positive effects on both the mother and the neonate in some conditions. 18 , 19  Numbers of adverse perinatal outcomes were small in this study, but were similar in both groups.
L34: Consistent with most other published studies, our results also do not support the efficacy of supplementary vitamin E to improve pregnancy outcomes or prevent preeclampsia.
L35: Although our descriptive findings on the effect of vitamin E in preventing preeclampsia were in line with previous studies, lower statistical power should be considered as an explanation in the interpretation of the results. Biochemical assessments were not performed in this study, but randomization techniques likely assure the randomness of confounding in this study.
L36: 1. Carty DM Delles C Dominiczak AF Preeclampsia and future maternal health J Hypertens 2010 28 7 1349 1355 20467325
L37: 2. Evans HM Bishop KS On the existence of a hitherto unrecognized dietary factor essential for reproduction Science 1922 56 1458 650 651 17838496
L38: 3. Brigelius-Flohe R Vitamin E: the shrew waiting to be tamed Free Radic Biol Med 2009 46 5 543 554 19133328
L39: 4. Siddiqui IA Jaleel A Tamimi W Al Kadri HM Role of oxidative stress in the pathogenesis of preeclampsia Arch Gynecol Obstet 2010 282 5 469 474 20549510
L40: 5. Rumbold A Crowther CA Vitamin E supplementation in pregnancy Cochrane Database Syst Rev 2005 2 CD004069 15846695
L41: 6. De V Sr Dhont M Christophe AB Oxidative stability of low density lipoproteins and vitamin E levels increase in maternal blood during normal pregnancy Lipids 2001 36 4 361 366 11383686
L42: 7. Chelchowska M Laskowska-Klita T Leibschang J The effect of tobacco smoking during pregnancy on concentration of vitamin E in blood of mothers and their newborns in umbilical cord blood Ginekol Pol 2006 77 4 263 268 16875031
L43: 8. von MU Huch R Huch A Maternal and cord serum vitamin E levels in normal and abnormal pregnancy Int J Vitam Nutr Res 1994 64 1 26 32 8200744
L44: 9. Tamura T Goldenberg RL Johnston KE Cliver SP Hoffman HJ Serum concentrations of zinc, folate, vitamins A and E, and proteins, and their relationships to pregnancy outcome Acta Obstet Gynecol Scand Suppl 1997 165 63 70 9219460
L45: 10. Boskovic R Gargaun L Oren D Djulus J Koren G Pregnancy outcome following high doses of Vitamin E supplementation Reprod Toxicol 2005 20 1 85 88 15808790
L46: 11. Poston L Briley AL Seed PT Kelly FJ Shennan AH Vitamin C and vitamin E in pregnant women at risk for pre-eclampsia (VIP trial): randomised placebo-controlled trial Lancet 2006 367 9517 1145 1154 16616557
L47: 12. Jendryczko A Drozdz M Plasma retinol, beta-carotene and vitamin E levels in relation to the future risk of pre-eclampsia Zentralbl Gynakol 1989 111 16 1121 1123 2816155
L48: 13. Bowen RS Mars M Chuturgoon AA Dutton MF Moodley J The response of the dietary anti-oxidants vitamin E and vitamin C to oxidative stress in pre-eclampsia J Obstet Gynaecol 1998 18 1 9 13 15511992
L49: 14. Roberts JM Myatt L Spong CY Vitamins C and E to prevent complications of pregnancy-associated hypertension N Engl J Med 2010 362 14 1282 1291 20375405
L50: 15. Chappell LC Seed PT Briley AL Effect of antioxidants on the occurrence of pre-eclampsia in women at increased risk: a randomised trial Lancet 1999 354 9181 810 816 10485722
L51: 16. Beazley D Ahokas R Livingston J Griggs M Sibai BM Vitamin C and E supplementation in women at high risk for preeclampsia: a double-blind, placebo-controlled trial Am J Obstet Gynecol 2005 192 2 520 521 15695996
L52: 17. Xu H Perez-Cuevas R Xiong X An international trial of anti-oxidants in the prevention of preeclampsia (INTAPP) Am J Obstet Gynecol 2010 202 3 239 20207239
L53: 18. Devereux G Turner SW Craig LC Low maternal vitamin E intake during pregnancy is associated with asthma in 5-year-old children Am J Respir Crit Care Med 2006 174 5 499 507 16763215
L54: 19. Fruscella L Ciaglia EM Danti M Fiumara D Vitamin E in the treatment of pregnancy complicated by uterine myoma Minerva Ginecol 1997 49 4 175 179 9206770
L55: This investigation was supported by the research deputy of Tabriz University of Medical Sciences. We also thank Mrs Abbasnezhad, Mrs Delghoshamehr, and Mrs Pourshiri for their assistance in performing this study.
[20ms]

