L1: Effect of Antioxidant Vitamin Supplementation on Cardiovascular Outcomes: A Meta-Analysis of Randomized Controlled Trials
L2: PLoS ONE (2013)
L3: Yizhou Ye, Jing Li, Zhongxiang Yuan
L4: 1 
L5:  Department of Cardiovascular Surgery, Shanghai First People's Hospital, Shanghai Jiaotong University, Shanghai, China
L6: 2 
L7:  Department of Cardiology, Children's Hospital of Fudan University, Shanghai, China
L8: Universidad Peruana de Ciencias Aplicadas (UPC), Peru
L9: Background
L10: Antioxidant vitamin (vitamin E, beta-carotene, and vitamin C) are widely used for preventing major cardiovascular outcomes. However, the effect of antioxidant vitamin on cardiovascular events remains unclear.
L11: Methodology and Principal Findings
L12: We searched PubMed, EmBase, the Cochrane Central Register of Controlled Trials, and the proceedings of major conferences for relevant literature. Eligible studies were randomized controlled trials that reported on the effects of antioxidant vitamin on cardiovascular outcomes as compared to placebo. Outcomes analyzed were major cardiovascular events, myocardial infarction, stroke, cardiac death, total death, and any possible adverse events. We used the I 2  statistic to measure heterogeneity between trials and calculated risk estimates for cardiovascular outcomes with random-effect meta-analysis. Independent extraction was performed by two reviewers and consensus was reached. Of 293 identified studies, we included 15 trials reporting data on 188209 participants. These studies reported 12749 major cardiovascular events, 6699 myocardial infarction, 3749 strokes, 14122 total death, and 5980 cardiac deaths. Overall, antioxidant vitamin supplementation as compared to placebo had no effect on major cardiovascular events (RR, 1.00; 95%CI, 0.96–1.03), myocardial infarction (RR, 0.98; 95%CI, 0.92–1.04), stroke (RR, 0.99; 95%CI, 0.93–1.05), total death (RR, 1.03; 95%CI, 0.98–1.07), cardiac death (RR, 1.02; 95%CI, 0.97–1.07), revascularization (RR, 1.00; 95%CI, 0.95–1.05), total CHD (RR, 0.96; 95%CI, 0.87–1.05), angina (RR, 0.98; 95%CI, 0.90–1.07), and congestive heart failure (RR, 1.07; 95%CI, 0.96 to 1.19).
L13: Conclusion/Significance
L14: Antioxidant vitamin supplementation has no effect on the incidence of major cardiovascular events, myocardial infarction, stroke, total death, and cardiac death.
L15: Research Article; Medicine; Cardiovascular; Coronary Artery Disease; Myocardial Infarction; Pediatric Cardiology; Stroke; Valvular Disease; Clinical Research Design; Meta-Analyses; Systematic Reviews; Nutrition; Vitamins; Cardiovascular; Coronary Artery Disease; Myocardial Infarction; Pediatric Cardiology; Stroke; Valvular Disease; Coronary Artery Disease; Myocardial Infarction; Pediatric Cardiology; Stroke; Valvular Disease; Clinical Research Design; Meta-Analyses; Systematic Reviews; Meta-Analyses; Systematic Reviews; Nutrition; Vitamins; Vitamins
L16: Introduction
L17: Cardiovascular disease is the leading cause of premature morbidity and mortality worldwide for both men and women  [1] – [2] . Over the past few decades, many studies have shown that LDL-cholesterol may be rendered more atherogenic by oxidative modification that allows it to accumulate in the artery walls, and antioxidants have been shown to slow the progression of atherosclerosis  [3] – [5] . Therefore, it has been suggested that raised concentrations of antioxidant vitamin in the blood should be as a therapeutic approach to prevent cardiovascular disease  [6] – [8] . However, a raised concentrations of antioxidant vitamin in the blood has not consistently been shown to be beneficial  [8] – [9] .
L18: Antioxidant vitamins (vitamin E, beta-carotene, and vitamin C) are clearly effective at raising concentration of plasma antioxidant vitamin  [10] – [11] . Vitamin E and Beta-carotene could substantially prolong the resistance of LDL particles to oxidative damage, and have other potentially protective effects  [10] . Vitamin C is a major water-soluble antioxidant in the plasma, and it can help to regenerate oxidized vitamin E. Most randomized controlled trials evaluated the effects of combination of vitamins on the risk of major cardiovascular outcomes. However, their effects on cardiovascular outcomes remain unclear. In addition, previous trials  [9] ,  [12]  have shown that elevating the plasma antioxidant vitamin does not improve cardiovascular outcomes, previous meta-analysis  [13]  also failed to show the benefit of antioxidant vitamin supplementation for diverse populations. which makes interpretation of the results difficult for clinicians and has further restricted its application in clinical prevention.
L19: Recently, several large-scale randomized controlled trials investigating antioxidant vitamin supplementation have been completed  [9] ,  [12] ,  [14] ,  [15] . For a better understanding of the effect of antioxidant vitamin supplementation on cardiovascular outcomes, data from these recent trials need to be assessed to formulate a conclusion. We therefore did a systematic review and meta-analysis of pooled data from randomized controlled trials, which including the latest evidence of the association of antioxidant vitamin supplementation on the risk of cardiovascular outcomes and any possible adverse events.
L20: Methods
L21: Literature Search
L22: We gathered data from randomized controlled trials to assess the effect of antioxidant vitamin supplementation on the risk of cardiovascular outcomes. Trials reported in English were eligible for inclusion, regardless of publication status (published, unpublished, in press, or in progress). Relevant trials were identified with the following procedure:
L23: Selection Criteria
L24: The literature search was undertaken independently by 2 authors with a standardized approach. Any inconsistent between these 2 reviewers was settled by group discussion until a consensus was reached. We restricted our research based on randomized controlled trials, which contributed less confounding and bias than based on observational studies. All completed trials evaluating the effects of antioxidant vitamin on cardiovascular outcomes as compared to placebo, and providing at least 1 outcome as follows: major cardiovascular events, myocardial infarction, stroke, total death, or cardiac death.
L25: Data Collection and Quality Assessment
L26: Data abstraction and quality assessment were conducted independently by 2 reviewers using a standardized approach. Any discrepancy was adjudicated by a third reviewer after referring to the original articles, and then the primary author made the final decision. Extracted information included first author or study group’s name, the year of publication, the number of patients enrolled, mean age, percentage male, history of disease, intervention, the duration of follow-up, and outcome events. Disagreements regarding the data were settled by consensus between all authors. The quantitative 5-point Jadad score  [17]  was used to evaluate the quality of the inclusive trials based on randomization, concealment of the treatment allocation, blinding, completeness of follow-up and the use of intention-to-treat analysis.
L27: Statistical Analysis
L28: We allocated the results of each randomized controlled trial as dichotomous frequency data. Individual relative risks (RRs) and 95% confidence intervals (CIs) were calculated from event numbers extracted from each trial before data pooling. The overall relative risk (RR) with its 95% CIs of serious cardiovascular events and any possible adverse events were also calculated. Furthermore, we also conducted a subgroup analyses based on publication year, number of patients enrolled, mean age, sex, history of disease, the duration of follow-up, and Jadad score to assess the effect of antioxidant vitamin on cardiovascular outcomes in some specific population. The statistical estimates of effect were derived using a random-effect model with Mantel-Haenzel statistics  [18] – [19] . Heterogeneity of treatment effects among included trials was investigated visually by scatter plot analysis and statistically by the heterogeneity I 2  statistic  [20] – [21] . According to Cochrane criteria  [21] , I 2  statistic of 0%–40% indicates unimportant heterogeneity, 30%–60% indicates moderate heterogeneity, 50%–90% indicates substantial heterogeneity, and 75%–100% indicates considerable heterogeneity. P values were calculated by x 2  tests. We also evaluated the probability of publication bias with Egger’s test  [22]  and Begg-Mazumdar test  [23] . All the reported P values were two-sided and statistical significance was defined as a P value less than 0.05. All analyses were calculated using STATA software (version 10.0).
L29: Results
L30: Search Of The Published Literature
L31: We identified 293 articles from our initial electronic search, of which 234 were excluded during a preliminary review (title and abstract), we retrieved the full text of the remained 59 studies, and 29 study  [9] ,  [12] ,  [14] ,  [15] ,  [24] – [48]  providing fifteen database met the inclusion criteria ( Figure 1  and  Figure S1 
L32:  [16] ), which consisted of data of 188209 individuals.
L33: Figure 1 Flow diagram of the literature search and trial selection process.
L34: Characteristics Of The Included Studies
L35: Table 1  summarized the baseline characteristics of the included studies and their participants. Of these, seven trials  [15] ,  [29] ,  [41] ,  [42] ,  [44] ,  [47] ,  [48]  evaluated antioxidant vitamin supplementation in participants with high cardiovascular risk factors or previous cardiovascular disease, and the remaining eight trials reported individuals without high cardiovascular risk factors  [9] ,  [12] ,  [14] ,  [24] – [28] ,  [30] – [40] ,  [43] ,  [45] ,  [46] . The number of patients included in every study ranged from 80 to 39876, mean age of included trials for participants ranged from 49 to 66, and the follow-up for participants ranged from 1.4 to 12 years. Eight  [9] ,  [12] ,  [14] ,  [15] ,  [24] ,  [25] ,  [32] – [42] ,  [44]  of included trials evaluated combination of vitamins compared with placebo, and the remaining seven trials  [26] – [31] ,  [43] ,  [45] – [48]  evaluated single antioxidant vitamin compared with placebo. The outcomes shown major cardiovascular events were available in 12 trials, myocardial infarction in 12 trials, stroke in 10 trials, death from any course in 13 trials, cardiac death in 12 trials, revascularization in 4 trials, total coronary heart disease (CHD) in 2 trials, angina in 2 trials, and congestive heart failure in 3 trials. Jadad score was used to evaluate the quality of the included trials. Overall, two trial had a Jadad score of 5, seven scored 4, four scored 3, and remaining two scored 2.
L36: Table 1 Design and characteristic of trials included in our meta-analysis.
L37: Effects of Interventions
L38: Data for the effect of antioxidant vitamin supplementation on major cardiovascular events were available from 12 trials, which included 167051 individuals and reported 12749 serious vascular events.  Figure 2  shows the effect of antioxidant vitamin supplementation on major cardiovascular events when compared with placebo, we noted that antioxidant vitamin supplementation does not effect on major cardiovascular events (RR, 1.00; 95%CI, 0.96–1.03; P = 0.79, without evidence of heterogeneity of effect,  Figure 2 ).
L39: Figure 2 Effects of antioxidant vitamin supplementation on the risk of major cardiovascular events.
L40: Data for the effect of antioxidant vitamin supplementation on myocardial infarction were available from 12 trials, including 156312 individuals with 6699 myocardial infarction. Overall, we noted that antioxidant vitamin supplementation reduced the risk of myocardial infarction by 2%, but this difference was not associated with a clinically and statistically significant (RR, 0.98; 95%CI, 0.92–1.04; P = 0.54, with unimportant heterogeneity,  Figure 3 ). Although there was some evidence of heterogeneity across the trials included, a sensitivity analysis indicated that the results were not affected by sequential exclusion of any particular trial from all pooled analysis.
L41: Figure 3 Effects of antioxidant vitamin supplementation on the risk of myocardial infarction.
L42: Data for the effect of antioxidant vitamin supplementation on stroke were available from 10 trials, including 127039 individuals and 3749 events of stroke. Overall, the pooled RR showed a 1% reduction in event of stroke, and no evidence showed that antioxidant vitamin supplementation protected against stroke risk (RR, 0.99; 95%CI, 0.93–1.05; P = 0.65, without evidence of heterogeneity,  Figure 4 )
L43: Figure 4 Effects of antioxidant vitamin supplementation on the risk of stroke.
L44: Data for the effect of antioxidant vitamin supplementation on total death were available from 13 trials, including 160276 individuals and 14122 events of mortality. No effect of antioxidant vitamin supplementation on the risk of total death was observed (RR, 1.03; 95%CI, 0.98–1.07; P = 0.22, with unimportant heterogeneity,  Figure 5 ). Although heterogeneity was observed in the magnitude of the effect across the trials included, however, after sequential exclusion of each trial from all pooled analysis, the results were not affected by exclusion of any specific trial.
L45: Figure 5 Effects of antioxidant vitamin supplementation on the risk of total death.
L46: Data for the effect of antioxidant vitamin supplementation on cardiac death were available from 12 trials, including 147535 individuals and 5980 events of cardiac death. Overall, there was no evidence to show that antioxidant vitamin supplementation protected against cardiac death (RR, 1.02; 95%CI, 0.97–1.07; P = 0.50, without evidence of heterogeneity,  Figure 6 ).
L47: Figure 6 Effects of antioxidant vitamin supplementation on the risk of cardiac death.
L48: Four of the trials included 52969 individuals with 6526 revascularization events. No evidence indicated that antioxidant supplementation protected against revascularization risk (RR, 1.00; 95%CI, 0.95–1.05; P = 0.97, with unimportant heterogeneity,  Table 2 ).
L49: Table 2 Summary of the odds ratios of all toxicities outcomes assessed.
L50: Two trials reported data for the incidence of coronary heart disease, including 35442 individuals and 1906 events of coronary heart disease. Overall, reduction in the risk of coronary heart disease with antioxidant supplementation was not statistically significant (RR, 0.96; 95%CI, 0.87–1.05; P = 0.35, without evidence of heterogeneity,  Table 2 ).
L51: The risk of angina was reported in 2 trials, including 24182 individuals and 2893 events of angina. Overall, the pooled analysis showed no significant differences between antioxidant vitamin supplementation and placebo for angina (RR, 0.98; 95%CI, 0.90–1.07; P = 0.66, with moderate heterogeneity: 34% and P = 0.22,  Table 2 ).
L52: Of the 15 trials included in our study, only 3 provided data about congestive heart failure, which included 24548 individuals and 1811 events of congestive heart failure. Overall, there was no evidence to show that antioxidant vitamin supplementation could reduce the risk of congestive heart failure (RR, 1.07; 95%CI, 0.96 to 1.19; P = 0.21, with unimportant heterogeneity,  Table 2 ).
L53: Subgroup Analysis
L54: Subgroup analyses were conducted for major cardiovascular events, myocardial infarction, and stroke to evaluate the effect of antioxidant vitamin on cardiovascular outcomes in some specific population. However, no significant differences were detected between the effects of antioxidant vitamin supplementation on major cardiovascular events, myocardial infarction, and stroke based on pre-defined subset factors ( Table 3 ).
L55: Table 3 Subgroup analysis for the effect of antioxidant vitamin on major cardiovascular events, myocardial infarction, and stroke.
L56: Publication Bias
L57: We used Egger’s test  [22]  and Begg-Mazumdar test  [23]  to check for potential publication bias, which showed no evidence of publication for the outcomes of major cardiovascular events (P value for Egger’s test, 0.861; P value for Begg-Mazumdar test, 0.115), myocardial infarction (P value for Egger’s test, 0.194; P value for Begg-Mazumdar test, 0.193), stroke (P value for Egger’s test, 0.638; P value for Begg-Mazumdar test, 0.721), total death (P value for Egger’s test, 0.908; P value for Begg-Mazumdar test, 0.760), and cardiac death (P value for Egger’s test, 0.911; P value for Begg-Mazumdar test, 0.945).
L58: Discussion
L59: This large quantitative meta-analysis included 188209 individuals in fifteen trials with a broad range of baseline characteristics. The results of our study suggested that antioxidant vitamin supplementation does not effect on major cardiovascular events, myocardial infarction, stroke, total death, cardiac death, revascularization, coronary heart disease, angina, and congestive heart failure. Subgroup analyses also supported these conclusions.
L60: There were no significant differences between antioxidant vitamin supplementation and placebo in the relative risk for major cardiovascular outcomes. The reason for this absence difference could be that although LDL susceptibility to oxidative damage could led to atherosclerosis, but the impact of plasma antioxidant vitamin level on vascular events is not primarily related to the pathogenesis of major cardiovascular events, which is largely attributable to plaque formation and rupture. Furthermore, although several trials suggested that different source of antioxidant vitamin contributed a different role on cardiovascular events, however, neither form of antioxidant vitamin appears more or less to be associated with the observation that both antioxidant vitamin sources have similar antioxidant properties. In addition, we noted that antioxidant vitamin does not effects on revascularization, coronary heart disease, angina, and congestive heart failure, which could be that less trial provided the data of these information.
L61: According to the Women’s Health Study  [26] – [28] , vitamin E provided no overall benefit for major cardiovascular events, total mortality and cardiovascular mortality in healthy women. However, subgroup analysis was observation of a significant 7% reduction in myocardial infarction, and 5% reduction in stroke in patients aged at least 65 years. Furthermore, HOPE trial  [29]  enrolled individuals aged at least 55 years with cardiovascular risk factors supported that there were no overall effect of antioxidant vitamin on cardiovascular outcomes and no heterogeneity of results by age. Our study were inconsistent with these two trials, and providing the conclusion that antioxidant vitamin does not effect on cardiovascular outcomes when based on age (stratified 60 years old). Recently, the conclusions of randomized controlled trials by Sesso HD et al  [49]  was similar to our current meta-analysis, and also indicated that multivitamin supplementation did not reduce major cardiovascular events, myocardial infarction, stroke, and cardiac death after more than a decade of treatment and follow-up in US male physicians.
L62: A previous meta-analysis  [13]  has illustrated that the risk of cardiovascular outcomes is not significantly reduced using vitamin E supplementation compared with placebo. Additionally, beta-carotene led to a small but significant increase in total mortality and cardiac death. Another important review  [50]  concluded that no evidence to support antioxidant vitamin (beta-carotene, vitamin A, vitamin C, vitamin E, and selenium) supplements for primary or secondary prevention. This conclusion was similar to our current study. In addition, our study provided the additional vitamin C on cardiovascular outcomes. Furthermore, subgroup analyses were carried out based on important factors which could affected the effects of antioxidant vitamin on the risk of cardiovascular outcomes more detailed. In our study, subgroup analysis also supported that antioxidant vitamin supplementation had no effect on cardiovascular outcomes. Furthermore, the initial evidence for a correlation between antioxidant vitamin supplementation and cardiovascular outcomes was provided by observational studies  [51] ,  [52] , the possibility that these associations merely reflect the effects of other aspects of the diet or lifestyle on cardiovascular disease rates cannot be ruled out, which may led us overestimate the effect of this relationship. Our study is promising because we restricted to randomized controlled trials to meet our inclusion criteria and aimed to provide the best evidence for a causal relationship.
L63: The limitation of this study includes the inherent assumptions made for any meta-analysis, because the analysis uses pooled data either from published papers or provided by individual study authors, individual data and original data were not available, which prevented us doing more detailed relevant analysis and obtaining more comprehensive results. Furthermore, different follow-up times and therapy dose could also affected our conclusions about the association between antioxidant vitamin and major cardiovascular outcomes. Finally, antioxidant vitamin always be considered as combined supplementation, we could not conclude that some are harmful or some are beneficials, intrinsic effects on cardiovascular outcomes might be reduced or balanced by other vitamin or other things in the supplements. Therefore, we just gave a relative result by comparing antioxidant vitamin supplementation with placebo and provided a synthetic and comprehensive review.
L64: In conclusion, the findings of our study indicated that antioxidant vitamin supplementation had no significant effects on major cardiovascular events, myocardial infarction, stroke, total death, cardiac death, and any possible cardiac-related events. In future research, it is important to focus on healthy individuals for primary prevention of cardiovascular disease, and to combine other antioxidant vitamin to provide an optimal strategy. We suggest that the ongoing trials be improved in the following ways: the adverse effects in trials should be recorded and reported normatively, so that the side-effects of any treatment can be evaluated in future trials, the role of treatment duration and dosage should be investigated in more detail to explore optimal dose and duration of treatment.
L65: Supporting Information
L66: Table S1 PRISMA Checklist. 
L67:  (DOC)
L68: Figure S1 PRISMA Flowchart. 
L69:  (DOC)
L70: 1 Yusuf S ,  Reddy S ,  Ounpuu S ,  Anand S  ( 2001 )  Global burden of cardiovascular diseases, I: general considerations, the epidemiologic transition, risk factors, and impact of urbanization .  Circulation 
L71:  104 :  2746 – 2753 . 11723030
L72: 2 Williams GR ,  Jiang JG ,  Matchar DB ,  Samsa GP  ( 1999 )  Incidence and occurrence of total (first-ever and recurrent) stroke .  Stroke 
L73:  30 :  2523 – 8 . 10582972
L74: 3 Ames BN  ( 1983 )  Dietary carcinogens and anticarcinogens .  Science 
L75:  221 :  1256 – 1264 . 6351251
L76: 4 Frei B  ( 1994 )  Reactive oxygen species and antioxidant vitamins: mechanisms of action .  Am J Med 
L77:  97 :  5S – 13S . 8085584
L78: 5 Diplock AT  ( 1991 )  Antioxidant nutrients and disease prevention: an overview .  Am J Clin Nutr 
L79:  53 :  189S – 193S .
L80: 6 Stampfer MJ ,  Rimm B  ( 1995 )  Epidemiologic evidence for vitamin E in prevention of cardiovascular disease .  Am J Clin Nutr 
L81:  62 :  1365S – 1369S . 7495232
L82: 7 Kohlmeier L ,  Hastings SB  ( 1995 )  Epidemiologic evidence of a role of carotenoids in cardiovascular disease prevention .  Am J Clin Nutr 
L83:  62 :  1370S – 1376S . 7495233
L84: 8 Stampfer MJ ,  Rimm B  ( 1993 )  A review of the epidemiology of dietary antioxidants and risk of coronary heart disease .  Can J Cardiol 
L85:  l9 :  14B – 18B .
L86: 9 Women’s Antioxidant Cardiovascular Study Group  ( 2007 )  A Randomized Factorial Trial of Vitamins C and E and Beta Carotene in the Secondary Prevention of Cardiovascular Events in Women .  Arch Intern Med 
L87:  167(15) :  1610 – 1618 . 17698683
L88: 10 Steinberg D ,  workshop participants  ( 1992 )  Antioxidants in the prevention of human atherosclerosis .  Circulation 
L89:  85 :  2337 – 44 . 1591855
L90: 11 Steinberg D  ( 1991 )  Antioxidants and atherosclerosis: a current assessment .  Circulation 
L91:  84 :  1420 – 25 . 1884464
L92: 12 Y Song ,  NR Cook ,  CM Albert ,  MV Denburgh ,  JAE Manson  ( 2009 )  Effects of vitamins C and E and b-carotene on the risk of type 2 diabetes in women at high risk of cardiovascular disease: a randomized controlled trial .  Am J Clin Nutr 
L93:  90 :  429 – 37 . 19491386
L94: 13 Vivekananthan DP ,  Penn MS ,  Sapp SK ,  Hsu A ,  Topol EJ  ( 2003 )  Use of antioxidant vitamins for the prevention of cardiovascular disease: meta-analysis of randomised trials .  Lancet 
L95:  361 :  2017 – 23 . 12814711
L96: 14 The Physicians’ Health Study II Study Group  ( 2008 )  Vitamins E and C in the Prevention of Cardiovascular Disease in Men: The Physicians’ Health Study II Randomized Controlled Trial .  JAMA 
L97:  300(18) :  2123 – 2133 . 18997197
L98: 15 Critical Leg Ischaemia Prevention Study (CLIPS) Group  ( 2007 )  Prevention of serious vascular events by aspirin amongst patients with peripheral arterial disease: randomized, double-blind trial .  J Intern Med 
L99:  261 :  276 – 284 . 17305650
L100: 16 Moher D, Liberati A, Tetzlaff J, Altman DG, Grp P (2009) Preferred Reporting Items for Systematic Reviews and Meta-Analyses: The PRISMA Statement. Plos Medicine.  6 ..
L101: 17 Jadad AR ,  Moore RA ,  Carroll D ,  Jenkinson C ,  Reynolds DJ ,  et al  ( 1986 )  Assessing the quality of reports of randomized clinical trials: is blinding necessary? 
L102:  Control Clin Trials 
L103:  17 :  1 – 12 .
L104: 18 DerSimonian R ,  Laird N  ( 1986 )  Meta-analysis in clinical trials .  Control Clin Trials 1986 
L105:  7 :  177 – 88 .
L106: 19 Ades AE ,  Lu G ,  Higgins JP  ( 2005 )  The interpretation of random-effects metaanalysis in decision models .  Med Decis Making 
L107:  25 :  646 – 54 . 16282215
L108: 20 Higgins JPT ,  Thompson SG ,  Deeks JJ ,  Altman DG  ( 2003 )  Measuring inconsistency in meta-analyses .  BMJ 
L109:  327 :  557 – 60 . 12958120
L110: 21 Deeks JJ, Higgins JPT, Altman DG (2008) Analyzing data and undertaking meta-analyses. In: Higgins J, Green S, editors. Cochrane Handbook for Systematic Reviews of Interventions 5.0.1. Oxford, UK: The Cochrane Collaboration, chap 9.
L111: 22 Egger M ,  Davey Smith G ,  Schneider M ,  Minder C  ( 1997 )  Bias in meta-analysis detected by a simple, graphical test .  BMJ 
L112:  315 :  629 – 34 . 9310563
L113: 23 Begg CB ,  Mazumdar M  ( 1994 )  Operating characteristics of a rank correlation test for publication bias .  Biometrics 
L114:  50 :  1088 – 1101 . 7786990
L115: 24 The SU.VI.MAX Study Group  ( 2010 )  Incidence of cancers, ischemic cardiovascular diseases and mortality during 5-year follow-up after stopping antioxidant vitamins and minerals supplements: a postintervention follow-up in the SU.VI.MAX Study .  Int J Cancer 
L116:  127 :  1875 – 1881 . 20104528
L117: 25 The SU.VI.MAX Study Group  ( 2004 )  The SU.VI.MAX Study: A Randomized, Placebo-Controlled Trial of the Health Effects of Antioxidant Vitamins and Minerals .  Arch Intern Med 
L118:  164 :  2335 – 2342 . 15557412
L119: 26 The Women’s Health Study Group  ( 2005 )  Vitamin E in the Primary Prevention of Cardiovascular Disease and Cancer: The Women’s Health Study: A Randomized Controlled Trial .  JAMA 
L120:  294 :  56 – 65 . 15998891
L121: 27 The Women’s Health Study Group  ( 2006 )  Vitamin E and Risk of Type 2 Diabetes in the Women’s Health Study Randomized Controlled Trial .  Diabetes 
L122:  55 :  2856 – 2862 . 17003353
L123: 28 The Women’s Health Study Group  ( 1999 )  Beta-Carotene Supplementation and Incidence of Cancer and Cardiovascular Disease: the Women’s Health Study .  J Natl Cancer Inst 
L124:  91 :  2102 – 6 . 10601381
L125: 29 The HOPE ,  HOPE-TOO Trial Investigators  ( 2005 )  Effects of Long-term Vitamin E Supplementation on Cardiovascular Events and Cancer: A Randomized Controlled Trial .  JAMA 
L126:  293 :  1338 – 1347 . 15769967
L127: 30 The CARET Study Group  ( 2004 )  The Beta-Carotene and Retinol Efficacy Trial: Incidence of Lung Cancer and Cardiovascular Disease Mortality During 6-Year Follow-up After Stopping beta-Carotene and Retinol Supplements .  J Natl Cancer Inst 
L128:  96 :  1743 – 50 . 15572756
L129: 31 The CARET Study Group  ( 1996 )  Effects of a combination of beta carotene and vitamin A on lung cancer and cardiovascular disease .  N Engl J Med 
L130:  334 :  1150 – 5 . 8602180
L131: 32 The ATBC Cancer Prevention Study Group  ( 1998 )  Effect of Vitamin E and Beta Carotene on the Incidence of Primary Nonfatal Myocardial Infarction and Fatal Coronary Heart Disease .  Arch Intern Med 
L132:  158 :  668 – 675 . 9521232
L133: 33 The ATBC Cancer Prevention Study Group  ( 2004 )  Effect of a-tocopherol and b-carotene supplementation on coronary heart disease during the 6-year post-trial follow-up in the ATBC study .  Eur Heart J 
L134:  25 :  1171 – 1178 . 15231376
L135: 34 The ATBC Cancer Prevention Study Group  ( 1997 )  Randomised trial of a-tocopherol and b-carotene supplements on incidence of major coronary events in men with previous myocardial infarction .  Lancet 
L136:  349 :  1715 – 20 . 9193380
L137: 35 The ATBC Cancer Prevention Study Group  ( 2000 )  Vitamin E and Beta Carotene Supplementation in High Risk for Stroke. A Subgroup analysis of the alpha-tocopherol, beta-carotene cancer prevention study .  Arch Neurol 
L138:  57 :  1503 – 1509 . 11030804
L139: 36 The ATBC Cancer Prevention Study Group  ( 2000 )  Controlled Trial of a-Tocopherol and b-Carotene Supplements on Stroke Incidence and Mortality in Male Smokers .  Arterioscler Thromb Vasc Biol 
L140:  20 :  230 – 235 . 10634823
L141: 37 The ATBC Cancer Prevention Study Group  ( 1998 )  Effects of a-Tocopherol and b-Carotene supplements on symptoms, progression, and prognosis of angina pectoris .  Heart 
L142:  79 :  454 – 458 . 9659191
L143: 38 The ATBC Cancer Prevention Study Group  ( 1996 )  Intake of Dietary Fiber and Risk of Coronary Heart Disease in a Cohort of Finnish Men. The Alpha-Tocopherol, Beta-Carotene Cancer Prevention Study .  Circulation 
L144:  94(11) :  2720 – 7 . 8941095
L145: 39 The ATBC Cancer Prevention Study Group  ( 1994 )  The effect of vitamin E and beta carotene on the incidence of lung cancer and other cancers in male smokers .  N Engl J Med 
L146:  330 :  1029 – 35 . 8127329
L147: 40 The ATBC Cancer Prevention Study Group  ( 2010 )  Effect of alpha-tocopherol and beta-carotene supplementation on macrovascular complications and total mortality from diabetes: Results of the ATBC Study .  Annals of Medicines 
L148:  42 :  178 – 186 .
L149: 41 DD Waters ,  EL Alderman ,  J Hsia ,  BV Howard ,  FR Cobb ,  et al  ( 2002 )  Effects of hormone replacement therapy and antioxidant vitamin supplements on coronary atherosclerosis in postmenopausal women. A randomized controlled trial .  JAMA 
L150:  288 :  2432 – 2440 . 12435256
L151: 42 BG Brown ,  XQ Zhao ,  A Chait ,  LD Fisher ,  MC Cheung ,  et al  ( 2001 )  Simvastatin and niacin, antioxidant vitamins, or the combination for the prevention of coronary disease .  N Engl J Med 
L152:  345 :  1583 – 92 . 11757504
L153: 43 ER Greenberg ,  JA Baron ,  MR Karagas ,  TA Stukel ,  DW Nierenberg ,  et al  ( 1996 )  Mortality Associated With Low Plasma Concentration of Beta Carotene and the Effect of Oral Supplementation .  JAMA 
L154:  275 :  699 – 703 . 8594267
L155: 44 Heart Protection Study Collaborative Group  ( 2002 )  MRC/BHF Heart Protection Study of antioxidant vitamin supplementation in 20 536 high-risk individuals: a randomised placebo-controlled trial .  Lancet 
L156:  360 :  23 – 33 . 12114037
L157: 45 The PHS Study Group  ( 1996 )  Lack of effect of long-term supplementation with beta carotene on the incidence of malignant neoplasms and cardiovascular diserase .  N Engl J Med 
L158:  334 :  1145 – 9 . 8602179
L159: 46 The PHS Study Group  ( 1997 )  Hypertension and Borderline Isolated Systolic Hypertension Increase Risks of Cardiovascular Disease and Mortality in Male Physicians .  Circulation 
L160:  95(5) :  1132 – 7 . 9054841
L161: 47 The CHAOS Investigators  ( 1996 )  Randomised controlled trial of vitamin E in patients with coronary disease: Cambridge Heart Antioxidant Study (CHAOS) .  Lancet 
L162:  347 :  781 – 86 . 8622332
L163: 48 GISSI-Prevenzione Investigators  ( 1999 )  Dietary supplementation with n-3 polyunsaturated fatty acids and vitamin E after myocardial infarction: results of the GISSI-Prevenzione trial .  Lancet 
L164:  354 :  447 – 55 . 10465168
L165: 49 Sesso HD ,  Christen WG ,  Bubes V ,  Smith JP ,  MacFadyen J ,  et al  ( 2012 )  Multivitamins in the prevention of cardiovascular disease in men: the Physicians' Health Study II randomized controlled trial .  JAMA 
L166:  308 :  1751 – 60 . 23117775
L167: 50 Bjelakovic G ,  Nikolova D ,  Gluud LL ,  Simonetti RG ,  Gluud C  ( 2012 )  Antioxidant supplements for prevention of mortality in healthy participants and patients with various disease .  Cochrane Database Syst Rev 
L168:  3 :  CD007176 .
L169: 51 Rimm EB ,  Stampfer MJ ,  Ascherio A ,  Giovannucci E ,  Colditz GA ,  et al  ( 1993 )  Vitamin E consumption and the risk of coronary heart disease in men .  N Engl J Med 
L170:  328 :  1450 – 56 . 8479464
L171: 52 Stampfer MJ ,  Hennekens CH ,  Manson JE ,  Colditz GA ,  Rosner B ,  et al  ( 1993 )  Vitamin E consumption and the risk of coronary disease in women .  N Engl J Med 
L172:  328 :  1444 – 49 . 8479463
L173: # pone.0056803.s001
L174: | Section/topic | # | Checklist item | Reported on page # |
L175: | --- | --- | --- | --- |
L176: | TITLE | TITLE | TITLE |  |
L177: | Title | 1 | Identify the report as a systematic review, meta-analysis, or both. | 1 |
L178: | ABSTRACT | ABSTRACT | ABSTRACT |  |
L179: | Structured summary | 2 | Provide a structured summary including, as applicable: background; objectives; data sources; study eligibility criteria, participants, and interventions; study appraisal and synthesis methods; results; limitations; conclusions and implications of key findings; systematic review registration number. | 2-3 |
L180: | INTRODUCTION | INTRODUCTION | INTRODUCTION |  |
L181: | Rationale | 3 | Describe the rationale for the review in the context of what is already known. | 4 |
L182: | Objectives | 4 | Provide an explicit statement of questions being addressed with reference to participants, interventions, comparisons, outcomes, and study design (PICOS). | 4-5 |
L183: | METHODS | METHODS | METHODS |  |
L184: | Protocol and registration | 5 | Indicate if a review protocol exists, if and where it can be accessed (e.g., Web address), and, if available, provide registration information including registration number. |  |
L185: | Eligibility criteria | 6 | Specify study characteristics (e.g., PICOS, length of follow-up) and report characteristics (e.g., years considered, language, publication status) used as criteria for eligibility, giving rationale. | 5-6 |
L186: | Information sources | 7 | Describe all information sources (e.g., databases with dates of coverage, contact with study authors to identify additional studies) in the search and date last searched. | 5 |
L187: | Search | 8 | Present full electronic search strategy for at least one database, including any limits used, such that it could be repeated. | 5 |
L188: | Study selection | 9 | State the process for selecting studies (i.e., screening, eligibility, included in systematic review, and, if applicable, included in the meta-analysis). | 6 |
L189: | Data collection process | 10 | Describe method of data extraction from reports (e.g., piloted forms, independently, in duplicate) and any processes for obtaining and confirming data from investigators. | 6 |
L190: | Data items | 11 | List and define all variables for which data were sought (e.g., PICOS, funding sources) and any assumptions and simplifications made. | 6 |
L191: | Risk of bias in individual studies | 12 | Describe methods used for assessing risk of bias of individual studies (including specification of whether this was done at the study or outcome level), and how this information is to be used in any data synthesis. | 6 |
L192: | Summary measures | 13 | State the principal summary measures (e.g., risk ratio, difference in means). | 6-7 |
L193: | Synthesis of results | 14 | Describe the methods of handling data and combining results of studies, if done, including measures of consistency (e.g., I2) for each meta-analysis. | 6-7 |
L194: Page 1 of 2
L195: | Section/topic | # | Checklist item | Reported on page # |
L196: | --- | --- | --- | --- |
L197: | Risk of bias across studies | 15 | Specify any assessment of risk of bias that may affect the cumulative evidence (e.g., publication bias, selective reporting within studies). | 6-7 |
L198: | Additional analyses | 16 | Describe methods of additional analyses (e.g., sensitivity or subgroup analyses, meta-regression), if done, indicating which were pre-specified. | 7 |
L199: | RESULTS | RESULTS | RESULTS |  |
L200: | Study selection | 17 | Give numbers of studies screened, assessed for eligibility, and included in the review, with reasons for exclusions at each stage, ideally with a flow diagram. | 7 |
L201: | Study characteristics | 18 | For each study, present characteristics for which data were extracted (e.g., study size, PICOS, follow-up period) and provide the citations. | 7-8 |
L202: | Risk of bias within studies | 19 | Present data on risk of bias of each study and, if available, any outcome level assessment (see item 12). | 8 |
L203: | Results of individual studies | 20 | For all outcomes considered (benefits or harms), present, for each study: (a) simple summary data for each intervention group (b) effect estimates and confidence intervals, ideally with a forest plot. | 8-10 |
L204: | Synthesis of results | 21 | Present results of each meta-analysis done, including confidence intervals and measures of consistency. | 8-10 |
L205: | Risk of bias across studies | 22 | Present results of any assessment of risk of bias across studies (see Item 15). | 8-10 |
L206: | Additional analysis | 23 | Give results of additional analyses, if done (e.g., sensitivity or subgroup analyses, meta-regression [see Item 16]). | 10 |
L207: | DISCUSSION | DISCUSSION | DISCUSSION |  |
L208: | Summary of evidence | 24 | Summarize the main findings including the strength of evidence for each main outcome; consider their relevance to key groups (e.g., healthcare providers, users, and policy makers). | 11-13 |
L209: | Limitations | 25 | Discuss limitations at study and outcome level (e.g., risk of bias), and at review-level (e.g., incomplete retrieval of identified research, reporting bias). | 13 |
L210: | Conclusions | 26 | Provide a general interpretation of the results in the context of other evidence, and implications for future research. | 13-14 |
L211: | FUNDING | FUNDING | FUNDING |  |
L212: | Funding | 27 | Describe sources of funding for the systematic review and other support (e.g., supply of data); role of funders for the systematic review. |  |
L213: From:  Moher D, Liberati A, Tetzlaff J, Altman DG, The PRISMA Group (2009). Preferred Reporting Items for Systematic Reviews and Meta-Analyses: The PRISMA Statement. PLoS Med 6(6): e1000097. doi:10.1371/journal.pmed1000097
L214: For more information, visit: www.prisma-statement.org.
L215: Page 2 of 2
L216: # pone.0056803.s002
L217: PRISMA 2009 Flow Diagram
[24ms]

