L1: Controversies of antioxidant vitamins supplementation in exercise: ergogenic or ergolytic effects in humans?
L2: Journal of the International Society of Sports Nutrition (2014)
L3: Cainara Lins Draeger, Andréia Naves, Natália Marques, Ana Beatriz Baptistella, Renata Alves Carnauba, Valéria Paschoal, Humberto Nicastro
L4: 1 VP Research Institute, Rua Pedro Morganti, 103 – Vila Mariana, PO Box 04020-070, São Paulo, SP, Brazil
L5: The aim of this commentary was to discuss the last studies regarding the effect of antioxidant vitamins supplementation on oxidative stress in exercise in humans. The inclusion criteria encompassed published studies done in adult males and females between 2006 and 2013. The keywords used in the search engine were: endurance athlete, diet, oxidative stress, physical activity, diet, nutrition, antioxidant, antioxidant status, vitamin C, vitamin A, vitamin E, β-carotene and combinations. Twelve studies were identified and organized according to the methodology and results of supplementation: ergogenic, ergolytic, partial or no difference between groups. The results of these studies showed no effect on physiological parameters and activity of antioxidant enzymes (n = 07), better response of the placebo treatment (ergolytic effect; n = 02), partial results (n = 01) and ergogenic results of antioxidant supplementation (n = 02). It is concluded that supplementation with antioxidant vitamins has controversial effects to oxidative damage induced by endurance exercise. The discordances among the studies are presented and discussed.
L6: Commentary
L7: Endurance; Oxidative stress; Antioxidant; Athlete; Diet; Physical activity; Vitamin A; Vitamin C; Vitamin E and β-caroten
L8: Background
L9: Oxidative stress occurs when there is an imbalance in the human body homeostasis, i.e. the production of pro-oxidants becomes excessive and the cellular antioxidant mechanisms cannot neutralize these radicals. Excessive production of free radicals can be triggered by several endogenous and exogenous factors and, among these, exposure to radiation, excessive heat, inflammation, infection, trauma and exhaustive physical exercise can be considered strong exogenous triggers [ 1 ].
L10: The regular practice of exercise induces several adaptations in cardiovascular, skeletal muscle and respiratory systems providing positive results for the prevention and treatment of metabolic diseases [ 2 ]. However, despite the undeniable health benefits, exercise may increase mitochondrial formation of reactive oxygen species which may cause cellular damage [ 3 ]. When produced in excess, free radicals may promote cellular oxidation, damage in the DNA structure, aging and a variety of diseases [ 4 ], impair skeletal muscle function and pain and, thereby affecting exercise performance [ 5 ]. In an attempt to minimize the effects of oxidative stress during physical activity, many athletes and sports professionals are performing supplementation with antioxidant vitamins.
L11: However, recent studies raise the assumption that exercise alone could increase the oxidative capacity of skeletal muscle and potentiate the action of endogenous antioxidants, which is sufficient to counteract the negative effects of oxidative stress induced by the mechanical stimuli [ 3 , 6 - 8 ]. In view of this background, the aim of this commentary was to systematize the results of the last studies published regarding the effects of antioxidant vitamins intake on oxidative stress in exercise in humans.
L12: Results and discussion
L13: We included 12 studies published in the last years that addressed the supplementation of antioxidant vitamins in trained volunteers (n = 05; Table  1 ) and in volunteers submitted to endurance exercise (n = 07; Table  2 ).
L14: Table 1 Results of the studies with endurance trained volunteers supplemented with vitamins A, C, and E
L15: Table 2 Results of the studies with untrained volunteers submitted to endurance exercise and supplemented with vitamins C e E
L16: In general, it was observed that there are controversial results about antioxidant supplementation during high-intensity exercise. According to two studies evaluated [ 3 , 7 ], the placebo group presented significant better physical performance, fatigue resistance and antioxidant protection when compared to the supplemented groups. In contrast, Gauche et al. [ 9 ] and Louis et al. [ 12 ] evaluated the effects of vitamin and mineral supplementation on muscle activity of athletes and observed that dietary supplementation provided a slight advantage over the placebo group in maximum voluntary muscle contraction after high-intensity exercise. This small advantage in the supplemented group compared to the placebo group was sufficient for the authors to consider the antioxidant supplementation as an ergogenic aid. Regarding the other studies, no differences were found between the groups.
L17: Sample characteristics
L18: The subjects included in the studies presented different metabolic and body composition patterns. It is known that untrained subjects are more responsive to an exercise bout and, consequently, much more susceptible to suffer cellular damage from oxidative stress than trained individuals. For example, muscle damage caused by oxidative stress, in general, is more pronounced in untrained individuals [ 16 ].
L19: Another point to be considered is the sample size of the studies. It was observed that the number of individuals that comprise the groups used in the studies listed in Table  1  is smaller than those in Table  2 . This can be partially justified by the difficulty of recruiting athletes to be volunteers. Consequently, the statistical power and the effect size of such data can be compromised and should be carefully interpreted.
L20: Dietary control
L21: Parallel to vitamin supplementation, it was observed that several studies did not perform dietary control of the subjects [ 3 ] or performed an inadequate control [ 9 - 12 ] to assess the possible interference of diet on the outcome. The dietary control is quite important since some vitamins and minerals may compete in terms of absorption in the gastrointestinal tract. Thus, the absence or inadequate dietary control can be considered a bias of the published studies.
L22: Tauler et al. [ 6 ] and Yfanti et al. [ 5 , 14 ] performed dietary control through food records before and after the intervention. Gomez-Cabrera et al. [ 7 ] instructed the subjects to repeat the diet in the day before the exercise test in the pre- and post-supplementation periods. Only in the study of Bloomer et al. [ 13 ] dietary control was performed through food records. The variables analyzed were: total caloric value of the meals, amount of proteins, carbohydrates and lipids and of vitamins A, C and E. Even using a better dietary control than the other studies, the authors did not identify differences in the diet that could justify the results obtained.
L23: Controversies
L24: The differences between the results in the studies described can also be mainly attributed to the different methodologies, conveyed vitamin dosage, study length, sample size, differences in gender, age, and subjects characteristics (athletes and non-athletes). These differences make it difficult to draw conclusion about the advantages and disadvantages of antioxidant vitamins supplementation.
L25: So far, the results of the studies presented confirm that exercise is capable of increasing the oxidative capacity of skeletal muscle and potentiate the action of endogenous antioxidants [ 6 ]. Exercise increases the expression of reduced glutathione (GSH) and antioxidant enzymes (superoxide dismutase [SOD], and glutathione peroxidase [GSH-Px]), which appear to be sufficient to counteract the negative effects of exercise-induced oxidative stress [ 3 , 7 , 8 ]. In this context, the real need to use antioxidant vitamins supplements as ergogenic aids is questionable. The safest and effective alternative in attenuating exercise-induced oxidative stress could be a balanced diet based on foods with the recommended amounts of antioxidants in order to improve exercise performance.
L26: Conclusions
L27: The results obtained in the considered studies with antioxidant vitamins supplementation are contradictory. Some studies show that supplementation does not improve exercise performance but can impair it. Others show that supplementation provides a slight advantage over the placebo. Thus, although many athletes use antioxidant supplementation to improve their physical performance, there is no consistent evidence suggesting that supplementation reduces oxidative stress and ensures better results in exercise.
L28: Abbreviations
L29: DNA: Deoxyribonucleic acid; GSH: Reduced glutathione; GSH-Px: Glutathione peroxidase; SOD: Superoxide dismutase.
L30: Competing interests
L31: The authors declare that they have no competing interests.
L32: Authors’ contributions
L33: CLD participate in the manuscript design and wrote the first draft of the manuscript. AN, NM, ANB, RAC, and VP participated in the interpretation and preparation of the manuscript. HN participated in the manuscript design, interpretation and preparation of the manuscript. All the authors read and approved the final manuscript.
L34: Halliwell B The wanderings of a free radical Free Radic Biol Med 2009 46 531 542 10.1016/j.freeradbiomed.2008.11.008 19111608
L35: Chaput JP Klingenberg L Rosenkilde M Gilbert JA Tremblay A Sjodin A Physical activity plays an important role in body weight regulation J Obes 2011 2011 11
L36: Ristow M Zarse K Oberbach A Kloting N Birringer M Kiehntopf M Stumvoll M Kahn CR Bluher M Antioxidants prevent health-promoting effects of physical exercise in humans Proc Natl Acad Sci USA 2009 106 8665 8670 10.1073/pnas.0903485106 19433800
L37: Sahlin K Shabalina IG Mattsson CM Bakkman L Fernstrom M Rozhdestvenskaya Z Enqvist JK Nedergaard J Ekblom B Tonkonogi M Ultraendurance exercise increases the production of reactive oxygen species in isolated mitochondria from human skeletal muscle J Appl Physiol (1985) 2010 108 780 787 10.1152/japplphysiol.00966.2009 20110545
L38: Yfanti C Fischer CP Nielsen S Akerstrom T Nielsen AR Veskoukis AS Kouretas D Lykkesfeldt J Pilegaard H Pedersen BK Role of vitamin C and E supplementation on IL-6 in response to training J Appl Physiol (1985) 2012 112 990 1000 10.1152/japplphysiol.01027.2010 22207723
L39: Tauler P Aguilo A Gimeno I Fuentespina E Tur JA Pons A Response of blood cell antioxidant enzyme defences to antioxidant diet supplementation and to intense exercise Eur J Nutr 2006 45 187 195 10.1007/s00394-005-0582-7 16365696
L40: Gomez-Cabrera MC Domenech E Romagnoli M Arduini A Borras C Pallardo FV Sastre J Vina J Oral administration of vitamin C decreases muscle mitochondrial biogenesis and hampers training-induced adaptations in endurance performance Am J Clin Nutr 2008 87 142 149 18175748
L41: Nalbant O Toktas N Toraman NF Ogus C Aydin H Kacar C Ozkaya YG Vitamin E and aerobic exercise: effects on physical performance in older adults Aging Clin Exp Res 2009 21 111 121 10.1007/BF03325218 19448382
L42: Gauche E Lepers R Rabita G Leveque JM Bishop D Brisswalter J Hausswirth C Vitamin and mineral supplementation and neuromuscular recovery after a running race Med Sci Sports Exerc 2006 38 2110 2117 10.1249/01.mss.0000235351.01438.5a 17146317
L43: Nielsen HG Skjonsberg OH Lyberg T Effect of antioxidant supplementation on leucocyte expression of reactive oxygen species in athletes Scand J Clin Lab Invest 2008 68 526 533 10.1080/00365510701864602 19378423
L44: Patil SM Chaudhuri D Dhanakshirur GB Role of alpha-tocopherol in cardiopulmonary fitness in endurance athletes, cyclists Indian J Physiol Pharmacol 2009 53 375 379 20509332
L45: Louis J Hausswirth C Bieuzen F Brisswalter J Vitamin and mineral supplementation effect on muscular activity and cycling efficiency in master athletes Appl Physiol Nutr Metab 2010 35 251 260 10.1139/H10-014 20555368
L46: Bloomer RJ Falvo MJ Schilling BK Smith WA Prior exercise and antioxidant supplementation: effect on oxidative stress and muscle injury J Int Soc Sports Nutr 2007 4 9 10.1186/1550-2783-4-9 17915021
L47: Yfanti C Akerstrom T Nielsen S Nielsen AR Mounier R Mortensen OH Lykkesfeldt J Rose AJ Fischer CP Pedersen BK Antioxidant supplementation does not alter endurance training adaptation Med Sci Sports Exerc 2010 42 1388 1395 20019626
L48: Nakhostin-Roohi B Babaei P Rahmani-Nia F Bohlooli S Effect of vitamin C supplementation on lipid peroxidation, muscle damage and inflammation after 30-min exercise at 75% VO2max J Sports Med Phys Fitness 2008 48 217 224 18427418
L49: Lamprecht M Greilberger J Oettl K Analytical aspects of oxidatively modified substances in sports and exercises Nutrition 2004 20 728 730 10.1016/j.nut.2004.04.016 15212757
[23ms]

