L1: Does quercetin and vitamin C improve exercise performance, muscle damage, and body composition in male athletes?
L2: Journal of Research in Medical Sciences : The Official Journal of Isfahan University of Medical Sciences (2012)
L3: Gholamreza Askari, Reza Ghiasvand, Jahangir Karimian, Awat Feizi, Zamzam Paknahad, Gholamreza Sharifirad, Maryam Hajishafiei
L4: 1 Food Security Research Center, Isfahan, Iran
L5: 2 Faculty of Management and Medical Information, Isfahan, Iran
L6: 3 Faculty of Epidemiology and Biostatistics, Isfahan, Iran
L7: 4 Faculty of Health Promotion and Health Education, Isfahan University of Medical Sciences, Isfahan, Iran
L8: Background:
L9: Quercetin is a bioflavonoid occurs in many food items. Some previous studies on quercetin showed the inconsistent results on exercise performance and muscle damage in athletes. The aim of this study was to determine the effects of 8 weeks of quercetin supplementation on exercise performance and muscle damage indices in student athletes.
L10: Methods:
L11: This placebo-controlled, double-blind clinical trial was conducted on 60 male students for 8 weeks. The subjects were randomly assigned to one of the four groups: a) quercetin (500 mg/day quercetin + 200 mg/day placebo), b) quercetin+ vitamin C (500 mg/day quercetin + 200 mg/day vitamin C), vitamin C (500 mg/day placebo + 200 mg/day vitamin C), and placebo (500 mg/day placebo + 200 mg/day placebo). Time to exhaustion (TTE) for measuring performance, aspartate transaminase (AST), and creatine kinase (CK) for measuring muscle damage and body fat percent (BFP) were measured before and after intervention.
L12: Results:
L13: CK levels reduced in group 1 significantly (P=0.045) and BFP reduced in group 1, 3, and 4, significantly, too (P=0.018, P=0.013, and P=0.043, respectively). Whereas statistically significant changes between groups were not observed for TTE, AST, CK, and BFP after 8 weeks of intervention.
L14: Conclusions:
L15: Supplementation with quercetin and vitamin C for 8 weeks did not improve exercise performance but reduced muscle damage and body fat percent in healthy subjects.
L16: Original Article
L17: body composition; muscle damage; performance; Quercetin; vitamin C
L18: INTRODUCTION
L19: Quercetin is one of the most prominent natural bioactive flavonoids found in a wide variety of plant foods, including nuts, grapes, apples, berries, onions, kale, broccoli, and black tea.[ 1 ]
L20: Some studies have shown that quercetin supplementation results in enhancement in mitochondrial biogenesis and exercise performance, too.[ 2 – 5 ]
L21: In one study, exercise performance increased in male cyclists result from quercetin supplementation in comparison with placebo intake by 1.7%.[ 6 ] Also, in the Davis study, treadmill run time to exhaustion increased by 37% in sedentary mice that fed with quercetin (12.5 and 25 mg·kg -1 ) for 7 days.[ 4 ]
L22: Additionally, MacRae and Mefferd (2006) indicated that administration of quercetin (600 mg twice a day) for 6 weeks resulted in performance improvement in cyclists.[ 6 ]
L23: In contrast, in another study, no effect of quercetin supplementation (1000 mg·d -1 ) was observed on cycling time trial performance in elite cyclists.[ 7 ]
L24: Although, this bioflavonoid has been shown to have multiple physiological properties including anti-inflammatory,[ 8 – 10 ] antioxidative,[ 11 12 ] and gene regulatory[ 13 14 ] activities.
L25: Free radical generation is elevated during physical exercise in skeletal muscle, which has been indicated to increase fatigue and muscle damage.[ 15 ] However, supplementation with an antioxidant, including quercetin, may reduce oxidative stress, muscle damage, and exhaustion.[ 6 15 16 ]
L26: On the other hand, one study by “Quercegen Pharma Inc.” indicates that quercetin bioactive effects are increased by cosupplementation with vitamin C and niacin.[ 17 ]
L27: As per our knowledge, this is the first time that the effects of both quercetin and vitamin C on performance, muscle damage and body composition were carried out on human subjects.
L28: Therefore, the purpose of this study was to measure the influence of 8 weeks of quercetin supplementation (500 mg/day) with or without vitamin C (200 mg) on time to exhaustion (TTE), creatine kinase (CK), and aspartate transaminase (AST) levels, and body fat percent (BFP) in male athletes.
L29: METHODS
L30: Sixty male athletes volunteered for this investigation. These athletes were active, but not involved in professional sports. At first, all athletes were informed of all procedures of the study and signed an informed consent. None of the participants had consumed quercetin, or any other dietary supplements, for a minimum of 3 months before the initiation of the study. Athletes were asked to abstain from exhaustive exercise 24 h before trial initiation and to keep their current physical activity and dietary intakes. After pre-testing, the subjects were randomly assigned to one of the four groups: 1) quercetin+ vitamin C (500 mg/day quercetin + 200 mg/day vitamin C), 2) quercetin (500 mg/day quercetin + 200 mg/day placebo), 3) vitamin C (500 mg/day placebo + 200 mg/day vitamin C), and 4) placebo (500 mg/day placebo + 200 mg/day placebo). Quercetin and its placebo and on the other hand Vitamin C and its placebo were same in appearance, and ingested after meal for 42 days before post-testing. Fifty six subjects completed all experiments, and there were few complaints of gastro-intestinal side-effects of the supplements, for four subjects.
L31: This study was a randomized, placebo-controlled, double-blind clinical trial. Participants were supplemented orally for 8 weeks with quercetin (Solaray ® , USA, Inc), vitamin C (Razi, Iran, Inc), or placebo (Pharmacy Faculty, Isfahan University of Medical Sciences, Iran). The study was approved by the medical ethics committee of Isfahan University of Medical Sciences. Supplements were provided in capsules of 500 mg quercetin or tabs of 200 mg vitamin C and were administered each day after meals. Venous blood samples were obtained from all participants between 5:00 and 6:00 p.m., after intensive endurance exercising, at the baseline and after intervention. All measurements were done before the start of the supplementation (Pre) and after the intervention (Post). Prior to and following the intervention, participants performed a continuous graded exercise test (GXT) on a HP cosmos treadmill (Mercury, Germany), connected to a Gas Analyzor (Ganshorn, Germany) using Bruce protocol to determine time to exhaustion (TTE).
L32: Body fat percent was measured using a body composition analyzer (PlusAvis 333, Korea).
L33: Plasma samples were obtained for the determination of plasma AST and CK concentrations.
L34: AST and CK concentrations were determinate by ELISA method, according to the manufacturers’ protocol. These ELISA kits were obtained from Bender Medsystems GmbH (Vienna, Austria). Dietary analyses were performed using Nutritionist IV software. Statistical analyses were conducted using the Statistical Program for the Social Sciences (SPSS version 13, Inc., Chicago, IL) computer software package. The results are presented as mean± standard error. One-way multivariate analysis of covariance (MANCOVA) controlling for the pretest differences, followed by Dunnett's post-hoc comparison was used for multiple between group comparisons. Within group comparisons were done using paired samples t-test. Due to non-normality of the studied variables (positive skewed distribution), logarithmic transformation was done and homogeneity of covariance matrix has been tested via Box’M statistics. Analyses were performed with the SPSS version 16 (SPSS Inc, Chicago, IL) statistical package. Meanwhile the registration number of this clinical trial is IRCT201112055062N4.
L35: RESULTS
L36: General mean ± SD for all study sample for age (years), weight (kg) and body mass index (BMI, kg/m 2 ) was (21.0 ± 1.6), (67.5 ± 10.8) and (22.3 ± 3.3), respectively.
L37: Table 1  shows the mean±SD values of time to exhaustion (TTE), aspartate transaminase (AST), creatine kinase (CK), and body fat percent (BFP) for the pre- and post-supplementation.
L38: Table 1 The comparison of exercise performance and muscle damage indices between four groups
L39: We did not observe any significant changes in TTE and AST between groups and in four groups before and after supplementation. On the other hand, 8 weeks of supplementation demonstrated a significant decrease in plasma C.K. levels ( P = 0.045) only in “Quercetin+Vit C” group but significant changes were not observed in other treatments.
L40: However, BFP decreased significantly in “Quercetin+Vit C,” “Vit C,” and “placebo” groups ( P =0.018,  P =0.013, and  P =0.043, respectively) [ Table 2 ]. Although, BFP did not change significantly between groups after 8 weeks of intervention.
L41: Table 2 The comparison of body composition indices between four groups
L42: DISCUSSION
L43: Findings of our study showed that supplementation with quercetin and vitamin C did not improve the endurance exercise performance as measured by the TTE.
L44: In contrast to our study, Dumke  et al ., using a randomized, crossover trial, observed a small but significant improvement in exercise performance with 2-week of 1000 mg/day quercetin (2.9%) compared with placebo (−1.2%) administration on 26 untrained men.[ 7 ] One of the possible reasons may be using of different dosages of quercetin, in two study.
L45: One of the factors responsible for enhanced exercise performance followed by quercetin ingestion might be an augment in muscle mitochondrial biogenesis,[ 4 ] but the 8 weeks of intervention in our study perhaps was not enough for the needed mitochondrial changes.
L46: On the other hand, Davis  et al . (2009) showed that mice fed with a similar composition of formula with 12.5 and 25 mg/kg quercetin and Tang for seven consecutive days indicated increased cytochrome c and citrate synthase activity and endurance run time to exhaustion.[ 5 ]
L47: One possibility is that 8 weeks of administration may have been inadequate for the biological effects in humans in comparison with the changes seen in mice after 7 days.
L48: Quercetin is a natural polyphenolic flavonoid that is being studied for its various health benefits. These benefits have generally been ascribed to its antioxidative and anti-inflammatory activities[ 1 ] that may be beneficial for muscle damage reduction.
L49: Albeit, in our study supplementation with quercetin did not cause the reduction in muscle damage as measured by the plasma AST and CK concentrations. One of the possible mechanisms is that the glycon form of quercetin may be conjugated into several metabolites by the liver, after ingestion that maybe are less active.[ 18 ]
L50: However, in this study BFP were decreased after intervention. If mitochondrial biogenesis is stimulated by quercetin ingestion, so fat may be oxidized as a preferential fuel source, which may result in changes in fuel utilization and thus, decrease in body fat percent (BFP).[ 7 ] Nevertheless, another possible reason for BFP reduction may be physical activity enhancement in all groups.
L51: In summary, intake of quercetin with vitamin C, may not improve the exercise performance and muscle damage but can reduce the body fat percent, probably. Thus, future studies should emphasize longer periods of supplementation and larger doses that may increase quercetin's bioactive effects.
L52: The limitations of this study were the small sample size and different physical activity history of subjects and the strengths of this study were humane nature of samples and accurate follow up.
L53: 1 Kelly GS Quercetin. Monograph Altern Med Rev 2011 16 172 94 21649459
L54: 2 Nieman DC Williams AS Shanely RA Jin F McAnulty SR Triplett NT Quercetin's influence on exercise performance and muscle mitochondrial biogenesis Med Sci Sports Exerc 2010 42 338 45 19927026
L55: 3 Nieman DC Henson DA Maxwell KR Williams AS McAnulty SR Effects of quercetin and EGCG on mitochondrial biogenesis and immunity Med Sci Sports Exerc 2009 41 1467 75 19516153
L56: 4 Davis JM Murphy EA Carmichael MD Davis B Quercetin increases brain and muscle mitochondrial biogenesis and exercise tolerance Am J Physiol Regul Integr Comp Physiol 2009 296 R1071 7 19211721
L57: 5 Davis JM Carlstedt CJ Chen S Carmichael MD Murphy EA The dietary flavonoid quercetin increases VO(2max) and endurance capacity Int J Sport Nutr Exerc Metab 2010 20 56 62 20190352
L58: 6 MacRae HS Mefferd KM Dietary antioxidant supplementation combined with quercetin improves cycling time trial performance Int J Sport Nutr Exerc Metab 2006 16 405 19 17136942
L59: 7 Dumke CL Nieman DC Utter AC Rigby MD Quindry JC Triplett NT Quercetin's effect on cycling efficiency and substrate utilization Appl Physiol Nutr Metab 2009 34 993 1000 20029506
L60: 8 Al-Musayeib N Perveen S Fatima I Nasir M Hussain A Antioxidant, anti-glycation and anti-inflammatory activities of phenolic constituents from Cordia sinensis Molecules 2011 16 10214 26 22158590
L61: 9 Pfeuffer M Auinger A Bley U Kraus-Stojanowic I Laue C Winkler P Effect of quercetin on traits of the metabolic syndrome, endothelial function and inflammatory parameters in men with different APOE isoforms Nutr Metab Cardiovasc Dis 2011 [In press]
L62: 10 Mao YW Tseng HW Liang WL Chen IS Chen ST Lee MH Anti-Inflammatory and Free Radial Scavenging Activities of the Constituents Isolated from Machilus zuihoensis Molecules 2011 16 9451 66 22075574
L63: 11 Ishisaka A Ichikawa S Sakakibara H Piskula MK Nakamura T Kato Y Accumulation of orally administered quercetin in brain tissue and its antioxidative effects in rats Free Radic Biol Med 2011 51 1329 36 21741473
L64: 12 Ben Abdallah F Zribi N Ammar-Keskes L Antioxidative potential of Quercetin against hydrogen peroxide induced oxidative stress in spermatozoa in vitro Andrologia 2011 43 261 5 21486407
L65: 13 Xiao X Shi D Liu L Wang J Xie X Kang T Quercetin suppresses cyclooxygenase-2 expression and angiogenesis through inactivation of P300 signaling PLoS One 2011 6 e22934 21857970
L66: 14 Panicker SR Sreenivas P Babu MS Karunagaran D Kartha CC Quercetin attenuates Monocyte Chemoattractant Protein-1 gene expression in glucose primed aortic endothelial cells through NF-kappaB and AP-1 Pharmacol Res 2010 62 328 36 20542118
L67: 15 Reid MB Free radicals and muscle fatigue: Of ROS, canaries, and the IOC Free Radic Biol Med 2008 44 169 79 18191753
L68: 16 McAnulty SR McAnulty LS Nieman DC Quindry JC Hosick PA Hudson MH Chronic quercetin ingestion and exercise-induced oxidative damage and inflammation Appl Physiol Nutr Metab 2008 33 254 62 18347680
L69: 17 Lines TC Ono M FRS 1000, an extract of red onion peel, strongly inhibits phosphodiesterase 5A (PDE 5A) Phytomedicine 2006 13 236 9 16492525
L70: 18 Manach C Williamson G Morand C Scalbert A Rémésy C Bioavailability and bioefficacy of polyphenols in humans. I. Review of 97 bioavailability studies Am J Clin Nutr 2005 81 230S 242S 15640486
L71: ACKNOWLEDGMENTS
L72: The authors are grateful for the students of Isfahan Faculty of Nursing and Midwifery, who participated in this study.
[29ms]

