L1: Effects of Lactofermented Beetroot Juice Alone or with  N -nitroso- N -methylurea on Selected Metabolic Parameters, Composition of the Microbiota Adhering to the Gut Epithelium and Antioxidant Status of Rats
L2: Nutrients (2015)
L3: Elżbieta Klewicka, Zenon Zduńczyk, Jerzy Juśkiewicz, Robert Klewicki
L4: 1 Institute of Fermentation Technology and Microbiology, Faculty of Biotechnology and Food Sciences, Lodz University of Technology, 171/173 Wolczanska St., 90-924 Lodz, Poland
L5: 2 Division of Food Science, Institute of Animal Reproduction and Food Research PAS, 10 Tuwima St., 10-748 Olsztyn, Poland; E-Mails:  z.zdunczyk@pan.olsztyn.pl  (Z.Z);  j.juskiewicz@pan.olsztyn.pl  (J.J.)
L6: 3 Institute of Chemical Technology of Food, Faculty of Biotechnology and Food Sciences, Lodz University of Technology, 4/10 Stefanowskiego St. 90-924 Lodz, Poland; E-Mail:  robert.klewicki@p.lodz.pl
L7: An objective of this work was to assess the biological activity of beetroot juice (Chrobry variety,  Beta vulgaris  L. ssp.  vulgaris ), which was lactofermented by probiotic bacteria  Lactobacillus brevis  0944 and  Lactobacillus paracasei  0920. The oxidative status of blood serum, kidneys, and liver of rats consuming the fermented beetroot juice were determined. The experimental rats were divided into four groups on diet type: Basal diet, basal diet supplemented with fermented beetroot juice, basal diet and  N -nitroso- N -methylurea treatment, and basal diet supplemented with fermented beetroot juice and  N -nitroso- N -methylurea treatment. Mutagen  N -nitroso- N -methylurea, which was added to diet in order to induce aberrant oxidative and biochemical processes and disadvantageous changes in the count and metabolic activity of the gut epithelium microbiota. The nutritional  in vivo  study showed that supplementing the diet of the rats with the lactofermented beetroot juice reduced the level of ammonia by 17% in the group treated with  N -nitroso- N -methylurea. Furthermore, the positive modulation of the gut microflora and its metabolic activity was observed in groups of rats fed with the diet supplemented with the fermented beetroot juice. A concomitant decrease in the β-glucuronidase activity was a consequence of the gut epithelium microbiota modulation. The antioxidant capacity of blood serum aqueous fraction was increased by about 69% in the group of rats treated  N -nitroso- N -methylurea mixed with the fermented beetroot juice and  N -nitroso- N -methylurea  versus  to the  N -nitroso- N -methylurea treatment, whereas the antioxidant parameters of the blood serum lipid fraction, kidneys, and liver remained unchanged.
L8: Article
L9: beetroot juice; lactic acid fermentation; Lactobacillus; antioxidant status
L10: 1. Introduction
L11: Red beetroot is a vegetable, willingly consumed in Europe. Its roots can be eaten raw or used as a valuable raw material in food industry for production of dried of frozen preserves, drinking and concentrated juices, and natural pigments (betacyanins), which are used as food additives. Beetroots contain biologically active betalains: Betacyanins and betaxanthins. Betacyanins are red-violet pigments: betanin, isobetanin, neobetanin, betanidin, and isobetanidin, while betaxanthins (red pigments) are represented by vulgaxanthin I and vulgaxanthin II. Rich sources of betacyanins are such plants as beetroot ( Beta vulgaris  L. ssp.  vulgaris ), cactuses of genera  Hylocereus  and  Opuntia , and many flowering plant species of the family  Amaranthaceae  [ 1 , 2 ]. Beetroots are harvested seasonally and their biologically active, nutritious components may be lost during the storage. Therefore, processing methods providing maintenance of biologically active components and even their enrichment have been sought-after. Controlled lactic acid fermentation is one such method. The controlled lactic acid fermentation reduces concentrations of betanin and isobetanin and causes appearance of their aglycons—betanidin and isobetanidin [ 3 ].
L12: In this study we attempted to evaluate the biological activity of beetroot juice derived by the controlled lactic acid fermentation using probiotic bacteria  Lactobacillus brevis  0944 and  Lactobacillus paracasei  0920. The oxidative status of aqueous and lipid fractions of blood serum, kidneys and liver of rats fed the fermented beetroot juice was determined. Previous research of the Authors dealt with protective properties of a fermented beetroot juice against aberrant crypt foci as well as metabolic changes after introduction of 2-amino-1-methyl-6-phenyllimidazo[4,5- b ] pyridine (PHIP) biogenic amine into a diet. In the case of biogenic amines only products of metabolism or degradation are toxic, in contrast to  N -nitroso- N -methylurea (MNU) which does not need a metabolic activation (its action is immediate, which ensures quick and noticeable toxic effect). Thus, the novel element of the research is a description of changes in the ecosystem, as well as in the intestinal metabolism, which are induced by a factor not demanding a metabolic activation.
L13: 2. Experimental Section
L14: 2.1. Plant Material
L15: Beetroot juice (Chrobry variety,  Beta vulgaris  L. ssp.  vulgaris ) was used in this study. The juice was produced under laboratory conditions with the productivity of 0.8 L of juice from 1 kg of beetroots. The juice was pasteurized for 10 min at 80 °C [ 4 ].
L16: 2.2. Microorganisms and Lactic Fermentation
L17: Lactic acid bacteria were derived from the Collection of Industrial Microorganisms of the Institute of Fermentation Technology and Microbiology LOCK 105, Lodz University of Technology. A two strain inoculum, consisting of equal volumes of  Lactobacillus brevis  0944 and  Lactobacillus paracasei  0920 suspensions was used in the process of beetroot juice fermentation. The procedures of beetroot juice preparations and fermentation were thoroughly described by Klewicka  et al.  [ 5 ].
L18: 2.3. Animals, Chemicals and Diets
L19: Four groups of Wistar rats (8 males in each group) were fed with the basal diet developed by Reeves for 8 weeks [ 6 ]. The animal protocol used in this study was prepared in compliance with European guidelines for the care and use of laboratory animals and was approved by the Ethical Committee for Animal Experiments in the northern region of Poland (Olsztyn, Poland, permision No. 68/2012, 24-10-2012). Animal husbandry conditions were described in the publication [ 5 ]. The 1st control group (C) was given only the basal diet, the 2nd control group (CJ) was fed with the basal diet and 3 mL lactofermented beetroot juice (FBJ). The 3rd group (M) was fed with the basal diet and MNU (Sigma Aldrich, St. Louis, MO, USA). The 4th group (MJ) was fed with the basal diet supplemented with 3 mL FBJ and MNU each. The rats were given MNU (50 mg/kg) diluted in 1% citric acid (ph = 3) twice—on day 23 and 26. The animals were sacrificed by carbon dioxide asphyxiation 30 days after the first carcinogen dose.
L20: 2.4. Antioxidant Capacity of Blood Serum
L21: Antioxidant capacity of blood serum resulting from the presence of hydrophilic and lipophilic antioxidants was determined with a photochemiluminescence detection method using a Photochem (Analytik Jena AG, Jena, Germany). In the photochemiluminescence assay, the generation of free radicals was partially eliminated by the reaction with antioxidants present in serum samples, and the remaining radicals were quantified by luminescence generation. Ascorbate and Trolox calibration curves were used in order to evaluate hydrophilic and lipophilic antioxidants, respectively, and the results were expressed as μmol ascorbate (AA) or Trolox (T) equivalent per mL serum.
L22: The level of lipids peroxidation (TBARS) was determined according to Ohkawa  et al.  [ 7 ]. Samples (0.3 g) of selected tissues (liver and kidneys) were suspended in phosphate buffered saline (PBS) (pH 7.0) in a proportion of 1:10 and homogenized for 1 min. Then the homogenates were vortexed and their 0.5 mL aliquots were mixed with 2.5 mL aliquots of 10% trichloroacetic acid (TCA), incubated in a boiling water bath (at 100 °C) for 15 min, cooled down for 10 min, and centrifuged at 25,000×  g  for 15 min. Supernatant aliquots (1 mL) were mixed with 0.5 mL of 0.67% thiobarbituric acid (TBA), incubated in a boiling water bath for 15 min and cooled down for 10 min. Then their absorbance was measured at a wavelength of 532 nm. Results were expressed as malondialdehyde (MDA) concentration (µmol/100 g tissue). MDA concentration was calculated based on standard curve.
L23: 2.5. Enzymatic Analysis
L24: Mucosa from the second quarter of the small intestine was collected by scraping with glass slides on an iced glass plate. After homogenization with four parts of cold physiological saline (v/w) and centrifugation for 10 min (10,000×  g , 4 °C), the obtained supernatant was stored at −20 °C until analysis. The mucosal disaccharidase activity (sucrase, maltase, lactase) was assayed using a procedure adopted [ 8 ]. An aliquot of mucosal homogenate (0.1 mL) was incubated at 37 °C with 0.1 mL of substrate solution (0.056 M sucrose, maltose or lactose in 0.2 M phosphate buffer, pH 7.0). After 30 min incubation, 0.8 mL of cold distilled water was added and the enzymatic reaction was interrupted by the immersion of the test tube in boiling water for 2 min. The blank probe with the same composition was prepared and immersed in boiling water without prior incubation at 37 °C. The released glucose was determined using a glucose oxidase reagent (Alpha Diagnostics Ltd., Warsaw, Poland). The disaccharides activity was expressed as μmol of glucose liberated from the respective disaccharide per min per g of protein. The mucosal protein content was estimated using the Bradford method, with bovine serum albumin as a standard [ 9 ]. Activities of microbial enzymes: β-glucuronidase (EC 3.2.1.31), β-glucosidase (EC 3.2.1.21), α- and β-galactosidase (EC 3.2.1.22 and EC 3.2.1.23) were described by Klewicka  et al.  [ 4 ].
L25: 2.6. The Ammonia Content and pH of Intestinal Digesta
L26: Fresh cecal digesta were used for quantification of ammonia, which was extracted and trapped in a solution of boric acid and then determined by the direct titration with sulfuric acid [ 10 ]. The pH of the intestinal digesta was measured using a microelectrode and pH/ION meter (model 301; Hanna Instruments, Vila do Conde, Portugal).
L27: 2.7. Sample Preparation and Analysis by Fluorescent in Situ Hybridization (FISH)
L28: Immediately after sampling, distal colon sections of about 0.5 g were taken. In order to remove non-adhered bacteria, the samples were washed three times by pouring 20 mL of sterilized PBS (pH 7.2) (Sigma Aldrich, St. Louis, MO, USA). The procedures of the FISH method preparation and genus-specific probe were thoroughly described by Klewicka  et al.  [ 11 ].
L29: 2.8. Statistic Analysis
L30: The results of cecum parameters and antioxidant status of serum, liver and kidney of rats are expressed as the mean ± the standard error of the mean (SEM). A two-way analysis of variance (ANOVA) was used to determine the effects of diet (basal or mutagenic, D) and fermented juice (J) and the interaction between these two factors (D × J). If the analysis revealed a significant interaction ( p  ≤ 0.05), the differences among the treatment groups were then determined with Duncan’s  post hoc  test at  p  ≤ 0.05. The results of microorganisms adhering to intestinal epithelium and enzymatic analysis are expressed as the mean SEM. One-way analysis of variance (ANOVA) and the Bonferroni  post hoc  test ( p  ≤ 0.05) were applied to find differences between groups.
L31: 3. Results
L32: 3.1. Cecum Parameters
L33: Basic parameters of the cecum of experimental animals that were determined in this study are presented in  Table 1 . The relative cecal mass was virtually the same in all the groups and varied from 0.209 to 0.302 g/100 g body weight (BW). The mass of digesta in the control groups C and CJ was 1.025 and 1.014 g/100 g BW, respectively. It was slightly larger than that of the animals treated with the mutagen MNU (for group M of 0.985mg/g and for group MJ of 0.937 mg/g), however, the difference was not statistically significant. Two-way ANOVA showed that the concentration of ammonia in the cecal digesta was significantly reduced by the juice application.
L34: Table 1 Cecum parameters of rats were fed mutagen  N -nitroso- N -methylurea (MNU) and fermented beetroot juice.
L35: 3.2. Intestinal Enzymes Activity
L36: Activities of selected disaccharidases operating in the small intestinal mucosa (sucrase, maltase and lactase) and cecal glycolytic enzymes synthesized by the intestinal microbiota (β-glucuronidase, β-glucosidase, and α- and β-galactosidases) were presented in  Table 2 . The rats treated with MNU were characterized by a significantly lower sucrose and maltase activities as compared to the control dietary groups. Irrespective of the MNU treatment, the dietary application of the juice caused a statistical tendency towards decreased maltase activity in the small intestinal mucosa.
L37: Table 2 Enzyme activity contents of the small intestine and cecum of rats were fed mutagen MNU and fermented beetroot juice.
L38: Two-way ANOVA indicated that both the MNU treatment and the juice application caused a significant increase in the α-galactosidase activity, so the highest activity of this enzyme released into the cecal environment by the intestinal microbiota was observed in the MJ animals. The diet type × juice interaction was significant in the case of β-glucuronidase activity, as the juice application significantly reduced the activity of that enzyme in rats treated with MNU, and not in the control ones.
L39: 3.3. Microorganisms Adhering to Intestinal Epithelium
L40: Identification of microorganisms adhered to the gut epithelium by FISH method revealed the following groups:  Lactobacillus-Enterococcus  (probe Lab158),  Clostridium cocciodies  (Erec 484), enterobacteria (Enter 1432),  Bacteroides-Prevotella  (Bac 303), and  Bifidobacterium  (Bif 164), and enabled their enumeration (Eub 338). The most stable of these groups were bifidobacteria that almost equally colonized the gut epithelium of all the groups of experimental animals (their counts varied from 5.44 to 5.86 log 10 CFU/g) ( Table 3 ). The presence of the mutagen in the gastrointestinal tract of the animals did not affect the count of microorganisms adhered to the gut epithelium. The count of  Lactobacillus-Enterococcus  bacteria adhered to the intestinal epithelium in the control group of animals (C) equaled 7.02 log 10 CFU/g of wet intestinal tissue. In the rats fed with the basal diet and the lacto-fermented beetroot juice (CJ group), the count of  Lactobacillus-Enterococcus  bacteria was increased to 7.56 log 10 CFU/g. In the groups treated with the mutagen, (M) and (MJ), counts of  Lactobacillus-Enterococcus  bacteria, adhered to the gut epithelium, were reduced to 6.64 log 10 CFU/g and 6.63 log 10 CFU/g, respectively. Thus, the fermented beetroot juice stimulated the adherence of  Bacteroides-Prevotella  bacteria to the gut epithelium. Their counts were higher in the groups treated with the juice (CJ and MJ) than in the control groups C and M. In the CJ group, the number of  Bacteroides-Prevotella  bacteria adhered to the gut epithelium was 0.7 log 10 CFU/g higher than in the C group, while for the groups MJ and M the difference equaled 0.23 log 10 CFU/g. In the groups C and CJ, the level of adherence of enterobacteria to the intestinal epithelium was similar, 6.02 and 5.95 log 10 CFU/g, respectively. In the group of rats treated with MNU (M) the number of adhered enterobacteria was increased to 7.25 log 10 CFU/g, while in the MJ group it equaled 6.36 log 10 CFU/g. Changes in the count of  Clostridium cocciodies  were observed only in the CJ group (a decrease by 1.01 log 10 CFU/g compared to the control group C). The total counts of bacteria, determined using the probe Eub 338, were 7.47 and 7.19 log 10 CFU/g in the control groups C and CJ, respectively, while in the groups M and MJ they were lower, 6.71 and 6.76 log 10 CFU/g, respectively.
L41: 3.4. Antioxidant Status of Serum, Liver and Kidney of Rats
L42: A diet type by juice interaction was observed ( p  = 0.027) for hydrophilic antioxidants level in the serum ( Table 4 ). The MNU treatment caused a significant hydrophilic antioxidants decrease and the dietary application of fermented beetroot juice enhanced hydrophilic antioxidants level in the MJ rats to the values observed in the control untreated animals. The serum hydrophilic antioxidants in the C and CJ groups were the same. The experimental treatment of animals with MNU caused a significant decrease in the lipophilic antioxidants serum level. The dietary application of juice had no effect on serum lipophilic antioxidants, irrespective of the diet type. The relative mass of the kidneys tended to be increased ( p  = 0.078) in MNU treated rats.
L43: Table 3 The microorganisms which are able to adhere to the intestinal epithelium of rats fed with mutagen MNU and fermented beetroot juice in log 10 CFU·g −1  (SEM).
L44: Table 4 Antioxidant status of serum, liver and kidney of rats fed with alkylating agents (mutagen) MNU and fermented beetroot juice.
L45: 4. Discussion
L46: This study focused on the impact of the lactofermented beetroot juice consumption on enzymatic and microbiological parameters of intestines of experimental animals. Additionally, the antioxidant parameters of blood serum and organs involved in the detoxication of organisms (kidneys and liver) were determined. The harmful factor used in the study was the mutagen MNU, which does not need any metabolic activation to act as a mutagen. The fresh and lactofermented beetroot juices are characterized by the high anti-carcinogenic and anti-mutagenic potentials [ 5 , 12 , 13 ]. The dominating betacyanins of the lactofermented beetroot juice are betanidin and betanin, while the fresh juice does not contain betanidin and the dominating compound is betanin [ 3 ]. Betanidin is the betalain with the highest antiradical activity described, due to the connection of the aromatic resonance system present in the indoline substructure to betalamic acid and to the presence of two hydroxyl groups [ 14 ]. The present study revealed an increase in the antioxidant capacity of the aqueous fraction of blood serum in these groups of rats, which were administered the lactofermented beetroot juice. The action of betanin is known to be limited only to the lipid phase, while betanidin displays the antioxidant activity both in the hydrophilic and lipophilic fractions [ 15 ]. Biological activity and bioavailability of betalains depend on environmental factors inside the gastrointestinal tract of humans and other animals. The knowledge of absorption of betacyanins in human organism is scarce. It is known that betalains from fruits of cactuses are gradually degraded in the human alimentary tract. Their amounts are decreased by 24%–29% in the stomach, by 20%–26% in the small intestine, and by 20%–29% in the large intestine [ 16 ]. Only betanin was identified in their blood serum. The large intestine digesta (sampled from the distal part) of the experimental rats given the lactofermented beetroot juice contained 39 ± 12.8 µg/g cecal digesta of betacyanin (around 1.6% of the original dose). High-performance liquid chromatography (HPLC) analysis of betacyanins extracted from the cecal digesta revealed mainly betanidins and isobetanidins, and minor amounts of betanin, which may imply that betanin was either completely or partly absorbed, or was degraded by enzymes of the gut epithelium or enzymes synthesized by the intestinal microbiota [ 17 ].
L47: The normalizing effect of lactofermented beetroot juice on the cecal ecosystem was indicated by the lowest ammonia concentration in the digesta. The control (C) and mutagen (M) treatments gave rise to the highest concentration of ammonia in the cecum. In the corresponding groups, treated with the lacto-fermented beetroot juice, a decrease in the concentration of ammonia, of 20% (CJ) and 17% (MJ) was noticed. A decrease in amount of ammonia is important because this compound is harmful to cells of the gut epithelium. High ammonia concentrations in the intestine may stimulate the development of such diseases as liver encefalopathy and tumorigenesis [ 18 , 19 ]. One of the promoters of aberrant processes in cells of gut epithelium (formation of tumors) is the disadvantageous system of intestinal microbiota and its metabolic activity. Previous investigations of Klewicka  et al.  [ 4 ] showed that consumption of the lactofermented beetroot juice, containing live bacteria of the genus  Lactobacillus , caused modulation of intestinal biocenosis and reduced formation of aberrant krypt foci (ACF), induced by MNU. Changes in the biocenosis of cecal digesta mainly consisted of a decrease in the count of  Enterobacteriaceae  family bacteria [ 4 ]. Variation in counts of bacteria adhered to the gut epithelium was observed in this study. In the groups of rats treated with the lactofermented beetroot juice, the counts of  Bacteroides-Prevotella  bacteria were increased and stabilized while the counts of  Clostridium coccoides  and enterobacteria were decreased. The study of Wrzosek  et al.  [ 20 ] revealed that commensal bacteria can influence goblet cells and mucin composition in the gut, providing new information about the relation among mucus, bacteria and intestinal homeostasis.  Bacteroides thetaiotaomicron  enhances goblet cell differentiation leading to an increase of goblet cell number and mucin gene expression in the colon of gnotobiotic rats. The presence of  B. thetaiotaomicron  also affects the composition of mucin O-glycans, with relative decreases in sulfated and neutral oligosaccharides in favor of sialylated oligosaccharides.  B. thetaiotaomicron , therefore, appears to provoke modifications in the secretory lineage compared to Germ Free (GF) rats, favoring mucus production and they put the hypothesis that this is possibly for its own benefit. In the CJ group an increase in the count of  Lactobacillus-Enterococcus  bacteria was observed (by 0.54 log 10 CFU·g −1 ). The presence of mutagen in the animal diet (MJ group) caused a decrease in counts of the above-mentioned bacteria by 0.93 log 10 CFU·g −1 . This reduction may be a result of detoxifying abilities of  Lactobacillus  sp. It is known that lactic acid bacteria are able to adsorb some toxic substances (for example:  p -cresol, heterocyclic aromatic amines and ochratoxin A) to their cell wall [ 21 , 22 , 23 ]. Thus, the drop in the count of  Lactobacillus-Enterococcus  bacteria may be an after-effect of interaction between mutagen and bacterial cells. As a result, there was a decrease in the ability of the bacterium to adhere to the intestine epithelium. This phenomenon should be considered as positive in view of possible detoxification of intestine environment performed by  Lactobacillus  bacterium.
L48: A decrease in β-glucuronidase activity in groups of rats fed with the lacto-fermented beetroot juice is an advantageous and desirable phenomenon. Most efficient producers of this enzyme are bacteria of genera:  Bacteroides ,  Enterococcus ,  Clostridium , and  Eubacterium , as well as  E. coli  [ 24 ]. However, β-glucuronidase is also synthesized by cells of animal tissues. Human β-glucuronidase is mainly found in the lysosomes and microsomes of normal tissues, with plasma levels of enzyme quite low. Moreover, human β-glucuronidase is optimally active at a lower pH, around 5.5, while the optimum pH for activity of β-glucuronidase from  E. coli  is around 7.0–7.4 [ 25 ]. The pH of intestinal digesta of experimental rats varied from 6.70 to 6.94. The probiotic  Lactobacillus  bacteria from the lactofermented beetroot juice neither stimulated fermentation processes in the intestinal digesta nor decreased their pH. However, the adherence of bacteria exhibiting the high β-glucuronidase activity (enterobacteria and  Clostridium coccoides ) to the gut epithelium was reduced.
L49: The lactofermented beetroot juice containing live bacteria of the genus  Lactobacillus  is a product combines the biological activity of betacyanins, involved in limitation of oxidative processes in the organism, and activity of live bacteria modulating the composition and metabolic activity of intestinal microbiota. Health benefits caused by consumption of the lactofermented beetroot juice are diverse and consist of reducing oxidation processes in the organism and advantageous modulation of intestinal ecosystem and its enzymatic activities.
L50: 5. Conclusions
L51: The lactofermented beetroot juice containing live bacteria of the genus  Lactobacillus  may be considered of functional foods. This product combines the biological activity of betacyanins, involved in limitation of oxidative processes in the organism, and activity of live bacteria modulating the composition and metabolic activity of intestinal microbiota.
L52: 1. Herbach K.M. Stintzing F.C. Carle R. 
L53:  Thermal degradation of betacyanins in juices from purple pitaya [ Hylocereus polrhizus  (Weber) Britton & Rose] monitored by high-performance liquid chromatography-tandem mass spectrometric analyses 
L54:  Eur. Food Res. Technol. 
L55:  2004 
L56:  219 
L57:  377 
L58:  385
L59: 2. Stintzing F.C. Schieber A. Carle R. 
L60:  Evaluation of colour properties and chemical quality parameters of cactus juices 
L61:  Eur. Food Res. Technol. 
L62:  2003 
L63:  216 
L64:  303 
L65:  311
L66: 3. Czyżowska A. Klewicka E. Libudzisz Z. 
L67:  The influence the lactic acid fermentation process of red beet juice on the stability of biologically active colorants 
L68:  Eur. Food Res. Technol. 
L69:  2006 
L70:  223 
L71:  110 
L72:  116 
L73:  10.1007/s00217-005-0159-y
L74: 4. Klewicka E. Zduńczyk Z. Juśkiewicz J. 
L75:  Effect of lactobacillus fermented beetroot juice on composition and activity of cecal microflora of rats 
L76:  Eur. Food Res. Technol. 
L77:  2009 
L78:  229 
L79:  153 
L80:  157 
L81:  10.1007/s00217-009-1036-x
L82: 5. Klewicka E. Nowak A. Zduńczyk Z. Cukrowska B. Błasiak J. 
L83:  Protective effect of lactofermented beetroot juice against aberrant crypt foci formation and genotoxicity of fecal water in rats 
L84:  Exp. Toxicol. Pathol. 
L85:  2012 
L86:  64 
L87:  599 
L88:  604 
L89:  10.1016/j.etp.2010.12.001 
L90:  21185162
L91: 6. Reeves P.G. 
L92:  Components of the AIN-93 diets as improvements in the AIN-76A 
L93:  J. Nutr. 
L94:  1997 
L95:  127 
L96:  S838 
L97:  S841
L98: 7. Ohkawa H. Ohishi N. Yagi K. 
L99:  Assay for lipid peroxides in animal tissue by thiobarbituric acid reaction 
L100:  Anal. Biochem. 
L101:  1979 
L102:  95 
L103:  351 
L104:  358 
L105:  10.1016/0003-2697(79)90738-3 
L106:  36810
L107: 8. Dahlqvist A. 
L108:  Method for assay of intestinal disaccharidases 
L109:  Anal. Biochem. 
L110:  1964 
L111:  7 
L112:  18 
L113:  25 
L114:  10.1016/0003-2697(64)90115-0 
L115:  14106916
L116: 9. Juśkiewicz J. Zduńczyk Z. 
L117:  Lactulose-induced diarrhoea in rats: Effects on caecal development and activities of microbial enzymes 
L118:  Comp. Biochem. Physiol. Part A Mol. Integr. Physiol. 
L119:  2002 
L120:  133 
L121:  411 
L122:  417 
L123:  10.1016/S1095-6433(02)00185-X
L124: 10. Hofirek B. Hass D. 
L125:  Comparative studies of ruminal fluid collected by oral tube or puncture of the caudorental ruminal sac 
L126:  Acta Vet. Brno. 
L127:  2001 
L128:  70 
L129:  27 
L130:  33 
L131:  10.2754/avb200170010027
L132: 11. Klewicka E. Nowak A. Zduńczyk Z. Juśkiewicz J. Cukrowska B. 
L133:  Protective effect of lactofermented red beetroot juice against aberrant crypt foci formation, genotoxicity of fecal water and oxidative stress induced by 2-amino- l -methyl-6-phenylimidazo[4,5- b ] pyridine in rats model 
L134:  Environ. Toxicol. Pharmacol. 
L135:  2012 
L136:  31 
L137:  895 
L138:  904 
L139:  10.1016/j.etap.2012.08.009 
L140:  22995401
L141: 12. Kapadia G.J. Azuine M.A. Sridhar R. Okuda Y. Tsuruta A. Ichiishi E. Mukainake T. Takasaki M. Konoshima T. Nishino H. 
L142:  Chemoprevention of DMBA-induced UV-B promoted, NOR 1-induced TPA promoted skin carcinogenesis, and DEN-induced phenobarbital promoted liver tumors in mice by extract of beetroot 
L143:  Pharmacol. Res. 
L144:  2003 
L145:  47 
L146:  141 
L147:  148 
L148:  10.1016/S1043-6618(02)00285-2 
L149:  12543062
L150: 13. Sreekanth D. Arunasree M.K. Roy K.R. Reddy T.C. Reddanna P. 
L151:  Betanin a betacyanin pigment purified from fruits of  Opuntia ficus -indica induces apoptosis in human chronic leukemia cell line K562 
L152:  Phytomedicine 
L153:  2007 
L154:  14 
L155:  739 
L156:  46 
L157:  10.1016/j.phymed.2007.03.017 
L158:  17482444
L159: 14. Gandia-Herrero F. Escribano J. Garcia-Carmona F. 
L160:  Structural implications on color, fluorescence, and activity in betalains 
L161:  Planta 
L162:  2010 
L163:  232 
L164:  449 
L165:  460 
L166:  10.1007/s00425-010-1191-0 
L167:  20467875
L168: 15. Tesoriere L. Butera D. d’Arpa D. di Guadio F. Allegra M. Gentile C. Livera M.A. 
L169:  Increased resistance to oxidation of betalain-enriched human low density lipoproteins 
L170:  Free Radic. Res. 
L171:  2003 
L172:  37 
L173:  689 
L174:  696 
L175:  10.1080/1071576031000097490 
L176:  12868496
L177: 16. Reynoso R.C. Giner T.V. Gonzalez de Mejia E. 
L178:  Safety of filtrate of fermented garambullo fruit: Biotransformation and toxicity studies 
L179:  Food Chem. Toxicol. 
L180:  1999 
L181:  37 
L182:  825 
L183:  830 
L184:  10.1016/S0278-6915(99)00070-8 
L185:  10506005
L186: 17. Klewicka E. 
L187:  Betacyanins-bioavailability and biological activity 
L188:  Żywnosć. Nauka. Technologia. Jakość 
L189:  2012 
L190:  2 
L191:  5 
L192:  21 
L193:  10.15193/zntj/2012/81/005-021
L194: 18. Lin H.C. Visek W.J. 
L195:  Large intestinal pH and ammonium in rats: Dietary fat and protein interaction 
L196:  J. Nutr. 
L197:  1991 
L198:  121 
L199:  832 
L200:  843 
L201:  2033468
L202: 19. Katayama K. 
L203:  Ammonia metabolism and hepatic encephalopathy 
L204:  Hepatol. Res. 
L205:  2004 
L206:  30 
L207:  S73 
L208:  S80 
L209:  10.1016/j.hepres.2004.08.013 
L210:  15607143
L211: 20. Wrzosek L. Miquel S. Noordine M.L. Bouet S. CHevalier-Curt M.J. Robert V. Philippe C. Bridonneau C. Cherbuy C. Robbe-Masselot C. 
L212:  Bacteroides thetaiotaomicron  and  Faecalibacterium prausnitzii  influence the production of mucus glycans and the development of goblet cells in the colonic epithelium of a gnotobiotic model rodent 
L213:  BMC Biol. 
L214:  2013 
L215:  11 
L216:  61 
L217:  74 
L218:  10.1186/1741-7007-11-61 
L219:  23692866
L220: 21. Nowak A. Libudzisz Z. 
L221:  Ability of intestinal lactic bacteria to bind or/and metabolise phenol and  p -cresol 
L222:  Ann. Microbiol. 
L223:  2007 
L224:  57 
L225:  329 
L226:  335 
L227:  10.1007/BF03175068
L228: 22. Nowak A. Libudzisz Z. 
L229:  Ability of probiotic  Lactobacillus casei  DN 114001 to bind or/and metabolise heterocyclic aromatic amines  in vitro 
L230:  Eur. J. Nutr. 
L231:  2009 
L232:  48 
L233:  419 
L234:  427 
L235:  10.1007/s00394-009-0030-1 
L236:  19448966
L237: 23. Piotrowska M. 
L238:  The Adsorption of Ochratoxin A by  Lactobacillus  Species 
L239:  Toxins 
L240:  2014 
L241:  6 
L242:  2826 
L243:  2839 
L244:  10.3390/toxins6092826 
L245:  25247265
L246: 24. Wollowski I. Rechkemmer G. Pool-Zobel B.L. 
L247:  Protective role of probiotics and prebiotics in colon cancer 
L248:  Am. J. Clin. Nutr. 
L249:  2001 
L250:  73S 
L251:  451S 
L252:  455S 
L253:  11157356
L254: 25. Zenser T.V. Lakshmi V.M. Davis B.B. 
L255:  Human and  Escherichia coli  β-glucuronidase hydrolysis of glucuronide conjugates of benzidine and 4-aminobiphenyl, and their hydroxy metabolites 
L256:  Drug Metab. Dispos. 
L257:  1999 
L258:  27 
L259:  1064 
L260:  1067 
L261:  10460807
L262: Acknowledgments
L263: This work was supported by the grant number N N312 356934 from the Polish Ministry of Science and Higher Education.
[26ms]

