L1: Antioxidants to Supplement or Not to Supplement That Is the Question
L2: Antioxidants (2012)
L3: Stanley Omaye, Nabil Elsayed
L4: 1 Department of Agriculture, Nutrition and Veterinary Sciences, University of Nevada, 1664 North Virginia Street, Reno, NV 89557, USA
L5: 2 SUNY Down State Medical Center, Brooklyn, NY 11203, USA
L6: Editorial
L7: 1. Sies H. 
L8:  Oxidative stress: Introductory remarks 
L9:  Oxidative Stress 
L10:  Academic Press 
L11:  London, UK 
L12:  1985 
L13:  1 
L14:  8
L15: 2. Elsayed N.M. 
L16:  Protection from air pollution injury by dietary vitamin E 
L17:  Lipid Soluble Antioxidants: Biochemistry and Clinical Applications 
L18:  Ong A.S.H. Packer L. 
L19:  Birkhauser Verlag 
L20:  Basel, Switzerland 
L21:  1992 
L22:  622 
L23:  631
L24: 3. Elasyed N.M. Gorbunov N.V. 
L25:  Interplay between high energy impulse noise (blast) and antioxidants in the lung 
L26:  Toxicology 
L27:  2003 
L28:  189 
L29:  63 
L30:  67 
L31:  10.1016/S0300-483X(03)00153-7 
L32:  12821283
L33: 4. Kim J.Y. Park J.Y. Kang H.J. Kim O.Y. Lee J.H. 
L34:  Beneficial effects of Korean red ginseng on lymphocyte DNA damage, antioxidant enzyme activity, and LDL oxidation in healthy participants: A randomized, double-blind, placebo-controlled trial 
L35:  Nutr. J. 
L36:  2012 
L37:  10.1186/1475-2891-11-47
L38: 5. Takata Y. Kristal A.R. Santella R.M. King I.B. Duggan D.J. Lampe J.W. Rayman M.P. Blount P.L. Reid B.J. Vaughan T.L. Peters U. 
L39:  Selenium, selenoenzymes, oxidative stress and risk of neoplastic progression from Barrett’s esophagus: Results from biomarkers and genetic variants 
L40:  PLoS One 
L41:  2012 
L42:  7 
L43:  e38612 
L44:  22715394
L45: 6. Gifkins D. Olson S.H. Paddock L. King M. Demissie K. Lu S.E. Kong A.N. Rodriguez-Rodriguez L. Bandera E.V. 
L46:  Total and individual antioxidant intake and risk of epithelial ovarian cancer 
L47:  BMC Cancer 
L48:  2012 
L49:  10.1186/1471-2407-12-211
L50: 7. Kamińnska J. Sobiak J. Głyda M. Duda G. Nogala-Kałucka M. Siger A. Chrzanowska M. 
L51:  Effect of clinical condition and mycophenolate mofetil on plasma retinol, α-tocopherol and β-carotene in renal transplant recipients 
L52:  Arch. Med. Sci. 
L53:  2012 
L54:  8 
L55:  256 
L56:  262 
L57:  22661998
L58: 8. Sridulyakul P. Wongeak-In N. Patumraj S. 
L59:  Correlations between endothelial functions and ROS detection in diabetic microvascular wall: Early and late ascorbic acid supplementation 
L60:  Int. J. Vasc. Med. 
L61:  2012 
L62:  2012 
L63:  709695:1 
L64:  709695:9 
L65:  22690337
L66: 9. Sun Y. Ma A. Li Y. Han X. Wang Q. Liang H. 
L67:  Vitamin E supplementation protects erythrocyte membranes from oxidative stress in healthy Chinese middle-aged and elderly people 
L68:  Nutr. Res. 
L69:  2012 
L70:  32 
L71:  328 
L72:  334 
L73:  10.1016/j.nutres.2012.03.012 
L74:  22652371
L75: 10. Sesso H.D. Buring J.E. Christen W.G. Kurth T. Belanger C. MacFadyen J. Bubes V. Manson J.E. Glynn R.J. Gaziano J.M. 
L76:  Vitamins E and C in the prevention of cardiovascular disease in men: The Physicians’ Health Study II randomized controlled trial 
L77:  JAMA 
L78:  2008 
L79:  300 
L80:  2123 
L81:  2133 
L82:  10.1001/jama.2008.600 
L83:  18997197
L84: 11. Gaziano J.M. Glynn R.J. Christen W.G. Kurth T. Belanger C. MacFadyen J. Bubes V. Manson J.E. Sesso H.D. Buring J.E. 
L85:  Vitamins E and C in the prevention of prostate and total cancer in men: The Physicians’ Health Study II randomized controlled trial 
L86:  JAMA 
L87:  2009 
L88:  301 
L89:  52 
L90:  62 
L91:  19066368
L92: 12. Pandey K.B. Rizvi S.I. 
L93:  Plant polyphenols as dietary antioxidants in human health and disease 
L94:  Oxid. Med. Cell. Longev. 
L95:  2009 
L96:  2 
L97:  270 
L98:  278 
L99:  10.4161/oxim.2.5.9498 
L100:  20716914
L101: 13. Longo-Mbenza B. Muaka M.M. Mokondjimobe E. Ndembe D.K. Mona D.T. Buassabu-Bu-Tsumbu B. 
L102:  Oxidative stress-elevated high gamma glutamyl transferase levels, and aging, intake of tropical food plants, migration and visual disability in Central Africans 
L103:  Int. J. Ophthalmol. 
L104:  2012 
L105:  5 
L106:  493 
L107:  498 
L108:  22937512
L109: 14. Nikolaidis M.G. Kerksick C.M. Lamprecht M. McAnulty S.R. 
L110:  Does vitamin C and E supplementation impair the favorable adaptations of regular exercise? 
L111:  Oxid. Med. Cell. Longev. 
L112:  2012 
L113:  2012 
L114:  707941:1 
L115:  707941:11 
L116:  22928084
[36ms]

