L1: Enhanced Human Neutrophil Vitamin C Status, Chemotaxis and Oxidant Generation Following Dietary Supplementation with Vitamin C-Rich  SunGold  Kiwifruit
L2: Nutrients (2015)
L3: Stephanie M. Bozonet, Anitra C. Carr, Juliet M. Pullar, Margreet C. M. Vissers
L4: Centre for Free Radical Research, Department of Pathology, University of Otago, Christchurch, PO Box 4345, Christchurch 8140, New Zealand; E-Mails:  anitra.carr@otago.ac.nz  (A.C.C.);  juliet.pullar@otago.ac.nz  (J.M.P.);  margreet.vissers@otago.ac.nz  (M.C.M.V.)
L5: Neutrophils are the body’s primary defenders against invading pathogens. These cells migrate to loci of infection where they engulf micro-organisms and subject them to an array of reactive oxygen species and antimicrobial proteins to effect killing. Spent neutrophils subsequently undergo apoptosis and are cleared by macrophages, thereby resolving the inflammatory episode. Neutrophils contain high concentrations of vitamin C (ascorbate) and this is thought to be essential for their function. This may be one mechanism whereby vitamin C enhances immune function. The aim of our study was to assess the effect of dietary supplementation with vitamin C-rich  SunGold  kiwifruit on four important functions of neutrophils: chemotaxis, oxidant generation, extracellular trap formation, and apoptosis. Fourteen young men (aged 18–30 years) with suboptimal plasma vitamin C status (<50 μmol/L) were supplemented for four weeks with two  SunGold  kiwifruit/day. Plasma vitamin C status was monitored weekly and neutrophil vitamin C levels were assessed at baseline and post-intervention. Neutrophil function assays were carried out on cells isolated at baseline and post-intervention. Plasma vitamin C levels increased to >70 μmol/L ( p  < 0.001) within one week of supplementation and there was a significant increase in neutrophil vitamin C status following four weeks’ intervention ( p  = 0.016). We observed a significant 20% increase in neutrophil chemotaxis post-intervention ( p  = 0.041) and also a comparable increase in oxidant generation ( p  = 0.031). Supplementation did not affect neutrophil extracellular trap formation or spontaneous apoptosis. Our data indicate that supplementation with vitamin C-rich kiwifruit is associated with improvement of important neutrophil functions, which would be expected to translate into enhanced immunity.
L6: Article
L7: neutrophil; vitamin C; ascorbate; chemotaxis; oxidants; NETs; apoptosis
L8: 1. Introduction
L9: Vitamin C (ascorbate) is made by plants and most animals, but humans have lost this ability due to mutation of the gene encoding  l -gulono-γ-lactone oxidase, the final enzyme in the biosynthetic pathway [ 1 ]. Thus, vitamin C is an essential micronutrient for humans and must be obtained on a daily basis, through the diet, in order to prevent hypovitaminosis C and the life-threatening deficiency disease scurvy. Plasma levels of vitamin C reflect dietary intake and typically vary between 20 and 80 μmol/L [ 2 ], however, active uptake by circulating leukocytes and tissues results in intracellular concentrations that are 10–100 fold higher than plasma [ 3 ]. Neutrophils accumulate vitamin C via the sodium-dependent vitamin C transporter 2 (SVCT2) [ 4 ] and have intracellular levels of 1–2 mM [ 5 ]. However, during their oxidative burst, when neutrophils produce highly reactive oxidants to combat invading pathogens, they increase their intracellular concentration of vitamin C through the non-specific uptake of the oxidised form, (dehydroascorbate, DHA) via the glucose transporters [ 5 , 6 ]. DHA is then reduced to ascorbate intracellularly, to give levels of up to 10–20 mM following stimulation. It is generally believed that the accumulation of such high vitamin C concentrations indicates an essential function within these cells, although these functions remain unidentified.
L10: Neutrophils are one of the first cellular responders to inflammatory challenge. Their primary function is to destroy invading microorganisms and thereby prevent systemic infection. They phagocytose microorganisms and subject them to an array of killing mechanisms, both non-oxidative and oxidative [ 7 ]. Because vitamin C is a potent antioxidant [ 8 ], it is generally thought that its presence in neutrophils protects them from products of the oxidative burst [ 9 ]. However, other potentially relevant immune activities of vitamin C are possible, such as negative regulation of the transcription factor hypoxia-inducible factor 1 (HIF-1) [ 10 ]. There is evidence from  in vitro , animal and human intervention studies supporting a role for vitamin C in the functioning of neutrophils [ 11 , 12 , 13 , 14 , 15 , 16 , 17 , 18 ]. In scorbutic guinea pigs, vitamin C deficiency has been associated with decreased neutrophil oxidative burst and bactericidal activity [ 13 , 14 , 15 ]. Human studies in individuals with genetic defects in neutrophil function have shown decreases in infectious episodes following vitamin C supplementation, as well as possible improvements in the bactericidal activity of their neutrophils [ 16 , 17 , 18 ]. The effect of normal dietary intakes of vitamin C on neutrophil functions in healthy individuals has been underexplored.
L11: In addition to phagocytosis, neutrophils have recently been shown to effect extracellular killing through the formation of neutrophil extracellular traps (NETs) [ 19 ], a structural DNA framework dotted with microbicidal neutrophil granule proteins and histones [ 19 ]. The entire assembly is ejected from the cell and can capture and kill microbes. The production of NETs is a form of cell death which is distinct from apoptosis and necrosis [ 20 ]. Expulsion of the NET occurs during plasma membrane rupture, so microbial killing takes place after the neutrophil itself is dead. Vitamin C has recently been shown to be a regulator of NET formation in a model of experimental sepsis [ 11 ].
L12: Neutrophils usually die within hours of activation, and this can occur by various mechanisms [ 21 , 22 ]. Neutrophils that have completed phagocytosis and microbial killing undergo phagocytosis-induced cell death, a process similar to apoptosis but which lacks caspase activation [ 23 , 24 ]. They are engulfed by macrophages and removed in a way that prevents the release of damaging cytotoxic cell contents and microbial debris [ 25 ]. Unstimulated neutrophils are similarly cleared, undergoing classical apoptosis; their average lifespan is 1–2 days, and roughly 10 10 –10 11  cells are disposed of daily [ 26 ]. We have previously demonstrated in an animal model that vitamin C deficiency prevents the apoptosis and clearance of neutrophils, resulting instead in necrotic cell death [ 12 ]. In the current study, we have supplemented a cohort of young adult males with vitamin C-rich  SunGold  kiwifruit and investigated the effect on neutrophil vitamin C status, and four key functions of these cells: chemotaxis, oxidant generation, NET production and apoptosis.
L13: 2. Study Protocols
L14: 2.1. Participants
L15: All procedures involving human participants were approved by the New Zealand Health and Disability Ethics Committee (#13/STH/105/AM01). The study was registered with the Australian New Zealand Clinical Trials Registry (ACTRN12613000989741).
L16: Participants were recruited from local tertiary institutions and from our previous vitamin C study databases. Sample size analysis using neutrophil data from our previous vitamin C bioavailability study [ 27 ] indicated that, at 90% power and alpha = 0.05, 14 participants would be required (with allowance for 20% withdrawal) in order to detect an effect size of 1.3. A screening interview was carried out with a total of 35 individuals to ascertain eligibility: inclusion criteria (all required for inclusion) included male aged 18–35 years, non-smoker, plasma vitamin C levels <50 μmol/L, and residing in Christchurch for the duration of the study; exclusion criteria (only one required for exclusion) included taking prescription medication (within past three months), allergy/intolerance to kiwifruit, recent smoker (within previous year), taking vitamin C supplements (within past three months), high fruit/juice & vegetable consumption (≥5 servings/day), excessive alcohol consumption (>21 standard drinks/week), diabetes mellitus, bleeding disorders, fainting due to fear of needles. Anthropometric measurements were performed to determine BMI and a fasting venous blood sample was taken to determine plasma vitamin C levels ( Table 1 ). Fourteen volunteers with plasma vitamin C levels <50 μmol/L were enrolled in the study. They provided written informed consent.
L17: Table 1 Characteristics of individuals enrolled for the study. Data represent mean ± SD.
L18: 2.2. Study Design
L19: Participants with a low baseline vitamin C status were required for this study. Therefore, a lead-in phase was included to allow participants to eliminate juice and high vitamin C foods such as citrus and kiwifruit from their diet, and this regime was maintained for the duration of the study. We have previously shown this to be an effective method for reducing baseline vitamin C levels prior to beginning intervention [ 27 ]. Enrolled participants provided weekly fasting blood (4 mL) to monitor plasma vitamin C levels. At week 4, following the lead-in period, extra blood (30 mL) was drawn and neutrophils were isolated for the “baseline” measurements. The participants were provided with Zespri  SunGold  kiwifruit each week for the following four weeks and were asked to consume 2/day. At week 8, the extra blood collection was repeated for the “post-intervention” measures ( Figure 1 ).
L20: Figure 1 Study design; a three-week lead-in phase to stabilise vitamin C intake (*), was followed by a four-week intervention with two  SunGold  kiwifruit/day (**). Plasma vitamin C levels (P) were monitored weekly and neutrophils (N) were collected at baseline and post-intervention; these were analysed for vitamin C content and neutrophil functional studies were carried out.
L21: 2.3. Intervention
L22: Gold kiwifruit ( Actinidia chinensis var SunGold ) were provided by Zespri International Ltd. (Tauranga, New Zealand (NZ)) and were stored at ≤4 °C. The vitamin C content of the fruit was measured by high-performance liquid chromatography (HPLC). Analysis indicated that the fruit contained 162 ± 8 mg vitamin C per 100 g fruit ( n  = 5). During the intervention period, participants consumed two kiwifruit/day, without the skin, for four weeks. The actual amount of vitamin C consumed from two peeled kiwifruit was estimated to be ~259 mg ( i.e. , ~78% of 103 ± 4 g fruit).
L23: 2.4. Materials
L24: Vacutainer tubes were obtained from Becton Dickinson (Auckland, NZ) and heparin was acquired through the Christchurch Hospital Pharmacy. Cell culture reagents (RPMI 1640 medium, foetal bovine serum (FBS), penicillin and streptomycin), Sytox Green™ and the Apotarget Annexin V-FITC/propidium iodide (PI) kit were supplied by Life Technologies (Auckland, NZ). Ficoll-Hypaque was purchased from Global Sciences (Auckland, NZ) and Calcein AM was from In Vitro Technologies (Auckland, NZ). All other reagents (dextran, glucose, calcium chloride, magnesium chloride, perchloric acid (PCA), diethylenetriaminepentaacetic acid (DTPA) cytochrome  c , phorbol 12-myristate 13-acetate (PMA), catalase and formyl-methionyl-leucyl-phenylalanine (fMPL) were from Sigma-Aldrich (Auckland, NZ).
L25: 2.5. Blood and Plasma Collection
L26: Venous blood was collected into 4 mL K 3 -EDTA vacutainer tubes and kept on ice. Samples were centrifuged at 4 °C and the plasma collected and kept on ice for processing prior to vitamin C analysis. For neutrophil isolations, venous blood (30 mL) was collected into tubes containing heparin (15 USP units/mL blood) and kept at room temperature throughout the neutrophil isolation process.
L27: 2.6. Neutrophil Isolation
L28: Neutrophils were prepared from whole blood using Ficoll-Hypaque, dextran sedimentation and hypotonic erythrocyte lysis as described previously [ 28 ]. Isolated neutrophils were counted using a haemocytometer and resuspended in Hank’s buffered saline solution (HBSS; 1 mg/mL glucose, 1 mM calcium chloride, 500 μM magnesium chloride in phosphate buffered saline) and maintained at room temperature.
L29: 2.7. Vitamin C Analysis
L30: Plasma was mixed with an equal volume of 0.54 M PCA containing the metal chelator DTPA (100 μM), on ice, then pelleted to remove protein. Supernatants were stored at −80 °C prior to analysis by HPLC with electrochemical detection as described previously [ 29 ]. Neutrophils (5 × 10 6  cells, in duplicate) were resuspended in PBS and lysed in an equal volume of 0.54 M PCA/DTPA solution on ice then pelleted to remove protein and the supernatants stored at −80 °C until HPLC analysis.
L31: 2.8. Chemotaxis Assay
L32: The rate of neutrophil chemotaxis was measured using a method described by Kuijpers  et al  [ 30 ]. RPMI 1640 culture medium (225 μL/well), with or without chemoattractant fMLP (100 nM) was added to the wells of a 96-well Fluoroblok™ microtitre plate (Becton Dickinson, Auckland, NZ)). Neutrophils were labelled with Calcein AM (1 μM) in PBS containing glucose (5 mM) for 30 min at 37 °C. They were then washed, resuspended at 1 × 10 6 /mL, and 50 μL was delivered to each insert (0.3 μm pore size). Directed cell migration into the lower chamber was fluorescently monitored at 37 °C (excitation 485 nm, emission 535 nm) over a 40 min period and the maximum rate calculated as a fold increase over the basal level.
L33: 2.9. Superoxide Production
L34: The rate of superoxide generation by activated neutrophils was measured indirectly as a function of cytochrome  c  reduction [ 31 ]. Neutrophils (0.5 × 10 6  cells) were stimulated with PMA (100 ng/mL) in the presence of catalase (200 μg/mL) and cytochrome  c  (40 μmol/L) and the change in absorbance at 550 nm was recorded over 10 min at 37 °C. The concentration of superoxide was calculated as μmol superoxide min −1  per 10 6  cells (extinction coefficient; 21.1 × 10 3  M −1 cm −1 ).
L35: 2.10. Neutrophil Extracellular Trap Production
L36: NET production was determined using a plate assay method described by Parker  et al  [ 32 ]. Neutrophils (0.5 × 10 6 /mL) were resuspended in RPMI 1640 medium, without phenol red, containing 2% FBS and aliquoted into a black 96-well tissue culture plate (six replicates). Cells were incubated in the presence or absence of PMA (20 nM) for 4 h at 37 °C with 5% CO 2 . After 4 h, cells were stained with Sytox Green™ according to the manufacturer’s instructions and the fluorescence measured (excitation 485 nm, emission 520 nm) using a Varioskan™ plate reader (Thermo Scientific, North Shore City, NZ). The amount of NET production was calculated as the difference in fluorescence between stimulated and unstimulated cells at 4 h.
L37: 2.11. Apoptosis Assay
L38: Neutrophils were resuspended at 1 × 10 6 /mL in RPMI 1640 medium containing 25 U/mL penicillin and 25 μg/mL streptomycin and incubated at 37 °C in a 5% CO 2  atmosphere. At 0 h and 24 h, samples (1 × 10 6  cells) were washed and resuspended in buffer containing Annexin V-FITC (as a marker of apoptosis) and PI (as an indicator of necrosis) according to the manufacturer’s instructions. The fluorescence of 10,000 cells was analysed by flow cytometry (Cytomics FC 500 Flow Cytometry system, Beckman Coulter Inc., North Shore City, NZ).
L39: 2.12. Statistical Analysis
L40: Data are presented as mean ± SEM, unless stated otherwise, and analysis of paired data was done using two-tailed Student’s  t -test with significance determined as  p  < 0.05 (Sigma Plot v11.0, Systat Software Inc., San Jose, CA, USA).
L41: 3. Results
L42: 3.1. Plasma & Neutrophil Vitamin C Levels
L43: Plasma vitamin C levels were monitored weekly and rose to saturation (79 ± 3 μmol/L) after one week of supplementation with two kiwifruit/day. Mean levels remained above 70 μmol/L for the duration of the study. Neutrophil vitamin C levels were measured at baseline (week 4) and after the four-week supplementation interval (week 8). We observed a significant increase in neutrophil vitamin C levels ( Table 2 ).
L44: Table 2 Vitamin C content of plasma and neutrophils at baseline and following intervention.
L45: 3.2. Neutrophil Chemotaxis
L46: In this study, we used fMLP as a physiologically relevant neutrophil chemoattractant [ 33 ]. We monitored the rate of directed neutrophil migration (chemotaxis) and calculated the maximum initial rate over 10 minutes. This revealed a statistically significant 20% increase in the rate of chemotaxis following the kiwifruit intervention ( p  = 0.041,  Figure 2 A). Supplementation had no effect on control (non-stimulated) neutrophil migration ( p  = 0.500).
L47: Figure 2 Neutrophil chemotaxis ( A ) and superoxide generation ( B ) at baseline and post-intervention. Data represent mean ± SEM ( n  = 12 and 11), * =  p  < 0.05.
L48: 3.3. Neutrophil Superoxide Production
L49: Measurement of superoxide production is a useful gauge of the potential microbicidal activity of neutrophils [ 7 ]. The phorbol ester PMA was used as an optimal stimulant of the superoxide-generating capacity of the cells. Our data showed a 23% increase in superoxide production post-intervention ( p  = 0.031,  Figure 2 B). The neutrophil sample from one individual was withdrawn from the analysis as flow cytometry analysis revealed an unusually high proportion of lymphocytes. Unlike neutrophils, lymphocytes do not produce superoxide, and this would affect the estimate of neutrophil oxidant production. The results suggest a possible role for vitamin C in enhancing the neutrophil oxidative burst.
L50: 3.4. NET Production
L51: We measured the extent of NET production in neutrophils from baseline and post-intervention samples using a DNA-specific fluorescent probe, Sytox Green, after incubation in the presence or absence of a stimulant (PMA). We did not observe any effect of kiwifruit supplementation on NET production ( Table 3 ).
L52: 3.5. Neutrophil Apoptosis
L53: We investigated the effect of the kiwifruit intervention on neutrophil apoptosis by measuring the extent of spontaneous apoptosis at 24 h in unstimulated neutrophils, using flow cytometry with an antibody specific to phosphatidylserine exposed on the cell surface. We did not see any effect of supplementation on neutrophil apoptosis levels ( Table 3 ).
L54: Table 3 Neutrophil extracellular trap (NET) production and spontaneous apoptosis (at 24 h) at baseline and following intervention.
L55: 4. Discussion
L56: Mature peripheral blood neutrophils are primarily responsible for defence against microbial infection and they have the key functions of migration to the site of infection (chemotaxis) and the phagocytosis and killing of microorganisms. Neutrophil clearance is achieved following apoptosis or pathogen-induced cell death, the latter being important for the resolution of inflammation. Neutrophils typically contain high (mM) concentrations of vitamin C, suggesting a critical role for the vitamin in some or all of these functions [ 34 ]. In support of this premise, intracellular levels of vitamin C increased by up to 30-fold, mainly through DHA uptake, during bacterial phagocytosis [ 5 ]. The traditional belief is that the vitamin C is present at these high concentrations to protect neutrophils from products of the oxidative burst, however, increasing evidence points to other functions [ 11 , 12 ]. The purpose of the current study was therefore to carry out functional studies with human neutrophils to determine the effect of vitamin C supplementation on neutrophil chemotaxis, oxidant production, extracellular trap formation and apoptosis in healthy individuals. We showed that a number of important functional parameters were affected in cells following supplementation of sub-optimal participants with a dietary intake of vitamin C known to provide optimal plasma and leukocyte levels [ 29 ].
L57: In this study, we saw a statistically significant increase in both plasma and neutrophil vitamin C levels following intervention with two kiwifruit/day, as we have shown previously [ 35 ]. Although the uptake of vitamin C into neutrophils was less than we previously observed, likely due to higher baseline levels, we nevertheless saw effects of the intervention on neutrophil function. There was a statistically significant increase in chemotaxis. The first, and arguably most important, function of neutrophils is to locate, and migrate to, sites of infection. Neutrophils are attracted to sites of inflammation by cytokines that are released from activated immune and endothelial cells, resulting in binding and transmigration of the neutrophils across the endothelium [ 36 ]. Once in the tissues, neutrophils follow a chemotactic gradient of molecules emanating from the site of infection. Our findings indicate that kiwifruit supplementation of individuals with low vitamin C status may improve their neutrophil function by increasing their ability to respond to chemotactic stimuli. Two early studies carried out with normal volunteers and with cases of chronic granulomatous disease showed enhanced neutrophil chemotaxis following supplementation with high dose synthetic vitamin C [ 18 , 37 ].
L58: To kill microbes neutrophils trigger an oxidative burst within the phagosome, generating reactive oxidants such as superoxide, hydrogen peroxide, hypochlorous acid and chloramines, that are highly reactive and largely responsible for microbicidal activity [ 7 ].  In vitro  studies have shown enhanced superoxide generation by isolated neutrophils incubated with vitamin C and stimulated with either PMA or fMLP [ 38 , 39 ]. In our intervention study, we observed increased superoxide production following supplementation of the study participants, and this would likely translate into enhanced microbial killing [ 40 ]. Others have observed decreased bacterial killing by neutrophils from scorbutic guinea pigs [ 13 , 14 ] and enhanced bacterial killing in individuals with compromised oxidant production following supplementation with vitamin C [ 17 , 18 ]. Although some early studies have shown enhanced hexose monophosphate shunt activity following supplementation with vitamin C [ 17 , 18 ], the mechanism(s) by which vitamin C enhances superoxide production are uncertain and could include effects on expression of the different oxidase subunits, or post-translational modifications of these subunits.
L59: NETs perform in a similar way to phagosomes in that they subject captured pathogens to high, localised concentrations of killing agents. They are abundant at inflammatory sites [ 41 ] and are released during the death of neutrophils by NETosis, which is followed by clearance of the neutrophils by macrophages [ 42 ]. It is of interest to note that NETosis is dependent on oxidant generation [ 20 ]. A recent  Gulo  knockout mouse study showed that vitamin C was a negative regulator of NET formation in experimental sepsis, and that it protected against tissue injury caused by excessive NETosis [ 11 ]. Formation of NETs is an active process and a recent study has suggested it may be dependent on the transcription factor HIF-1 [ 43 ]. Since vitamin C is a cofactor for the hydroxylases that regulate HIF-1α protein levels and DNA binding [ 44 ], this suggests a potential mechanism by which vitamin C could regulate NET generation. We have previously shown that vitamin C-deficient neutrophils from the  Gulo  knockout mouse have elevated HIF-1 activation, but this was only determined with complete deficiency [ 12 ]. In the current study, with only a modest increase in neutrophil vitamin C content, we did not observe any effect of supplementation on NET production.
L60: Apoptosis is characterised by nuclear condensation and DNA fragmentation, extensive membrane blebbing, caspase activation and the exposure of phosphatidylserine on the outer cell surface [ 24 , 45 ]. Macrophages have phosphatidylserine receptors with which they identify apoptotic cells for clearance. Our previous work with the  Gulo  knockout mouse model showed that vitamin C was essential for neutrophil apoptosis; complete deficiency inhibited apoptosis and also prevented the uptake of neutrophils by macrophages  in vitro , resulting in necrotic cell death which, in an  in vivo  setting, could have devastating effects on the tissues [ 12 ]. The decreased apoptosis observed in vitamin C deficient neutrophils was associated with up-regulation of HIF-1. HIF-1 drives the transcription of many genes involved in the control of metabolism, cellular stress response and cell survival [ 46 ]. Recent studies have shown the potential involvement of HIF-1 in neutrophil and other immune cell function [ 47 , 48 ] and work in HIF-1 phagocytic cell knockout animals has shown possible involvement of HIF-1 in bacterial killing by neutrophils [ 47 ]. In our current study, we did not observe any effect of supplementation on spontaneous neutrophil apoptosis.
L61: There are several possible explanations for our findings of an effect of vitamin C supplementation on chemotaxis and oxidant production, but not on NET generation or apoptosis. Firstly, the vitamin C requirements of different neutrophil functions may vary. Chemotaxis occurs at an early stage, before the oxidative burst, and would thus rely on existing intracellular stores of vitamin C. Therefore, increasing the basal intracellular concentration of vitamin C, as we did with the kiwifruit supplementation, may increase the chemotactic ability of the cell. Similarly, superoxide is produced during the oxidative burst, a process which coincides with the uptake of large quantities of DHA into the neutrophil [ 5 ]. Any requirement for vitamin C in the initiation of this process must therefore rely on existing intracellular vitamin C stores and the increase in superoxide generation that we observed  ex vivo  following intervention indicates that this is likely. It is notable that the positive effects we observed were evident in processes triggered prior to the generation of large quantities of oxidants. It is therefore possible that downstream functions, such as NET production and apoptosis, may have an increased requirement for vitamin C, which is usually met by the import of DHA during phagocytosis and its subsequent intracellular reduction to vitamin C. However, in our experimental system, this could not occur because the neutrophils were incubated in cell culture medium which lacks vitamin C. As a result, the cells would be unable to take up additional vitamin C and any beneficial  in vivo  effects of the intervention would not be evident. The amount of vitamin C required to support optimal apoptosis is not yet known as our previous study used completely vitamin C deficient neutrophils [ 12 ].
L62: We and others have previously shown that unstimulated neutrophils become saturated at relatively low dietary intakes of vitamin C (~100 mg/day) [ 2 , 35 ]. Although we did see a statistically significant increase in neutrophil vitamin C levels following intervention, it is possible that our study cohort were not sufficiently depleted at baseline to impair neutrophil apoptotic function enough to observe an effect following supplementation. Our earlier  Gulo  knockout mouse study, in which we were able to obtain vitamin C depleted neutrophils, indicates that vitamin C is critical for neutrophil apoptosis and clearance from sites of inflammation  in vivo  [ 12 ]. The effect of vitamin C supplementation on the apoptosis of activated neutrophils, which is dependent on products of the oxidative burst, has not yet been assessed.
L63: Kiwifruit are an outstanding source of vitamin C, however, they also contain reasonable levels of other important micronutrients, such as Vitamins E, B and K, carotenoids and the minerals copper and magnesium [ 49 ]. These micronutrients could potentially influence neutrophil function, either individually or in concert with vitamin C [ 50 ]. In a previous kiwifruit intervention study we assessed the intake and circulating and tissue levels, of vitamins C and E and carotenoids, and found that, other than a small increase in vitamin E intake, vitamin C was the only micronutrient that increased dramatically following supplementation with kiwifruit; no increase of carotenoid intake or tissue levels was observed [ 51 ]. Kiwifruit also contain numerous different bioflavonoids, particularly in their skins [ 52 ], which could potentially influence neutrophil function [ 53 ]. However, the skins were not consumed by our study participants, and the  in vivo  bioavailability of many bioflavonoids is limited [ 54 ], thus diminishing potential effects on neutrophil function. Therefore, it is likely that the observed effects of kiwifruit consumption on neutrophil function in our study are predominantly due to the high vitamin C content of the fruit.
L64: 5. Conclusions
L65: Overall, our study showed that supplementation with vitamin C-rich  SunGold  Kiwifruit is associated with a significant increase in neutrophil vitamin C status and the important anti-microbial functions of chemotaxis and oxidant production. We saw no effect of supplementation on NET generation or apoptosis; these functions may rely on the continuous presence of vitamin C, which would be observed  in vivo , but not under cell culture assay conditions. Alternatively, it is possible that in the current study, the neutrophils had adequate vitamin C levels at baseline for these functions. This suggests that more in-depth investigations into the effect of vitamin C on neutrophil function are warranted, particularly in individuals with depleted vitamin C status, such as critically ill patients [ 55 , 56 ].
L66: 1. Nishikimi M. Fukuyama R. Minoshima S. Shimizu N. Yagi K. 
L67:  Cloning and chromosomal mapping of the human nonfunctional gene for  l -gulono-gamma-lactone oxidase, the enzyme for  l -ascorbic acid biosynthesis missing in man 
L68:  J. Biol. Chem. 
L69:  1994 
L70:  269 
L71:  13685 
L72:  13688 
L73:  8175804
L74: 2. Levine M. Conry-Cantilena C. Wang Y. Welch R.W. Washko P.W. Dhariwal K.R. Park J.B. Lazarev A. Graumlich J.F. King J. 
L75:  Vitamin C pharmacokinetics in healthy volunteers: Evidence for a recommended dietary allowance 
L76:  Proc. Natl. Acad. Sci. USA 
L77:  1996 
L78:  93 
L79:  3704 
L80:  3709 
L81:  10.1073/pnas.93.8.3704 
L82:  8623000
L83: 3. Michels A.J. Hagen T.M. Frei B. 
L84:  Human Genetic Variation Influences Vitamin C Homeostasis by Altering Vitamin C Transport and Antioxidant Enzyme Function 
L85:  Annu. Rev. Nutr. 
L86:  2013 
L87:  33 
L88:  45 
L89:  70 
L90:  10.1146/annurev-nutr-071812-161246 
L91:  23642198
L92: 4. Corpe C.P. Lee J.H. Kwon O. Eck P. Narayanan J. Kirk K.L. Levine M. 
L93:  6-Bromo-6-deoxy- l -ascorbic acid: An ascorbate analog specific for Na + -dependent vitamin C transporter but not glucose transporter pathways 
L94:  J. Biol. Chem. 
L95:  2005 
L96:  280 
L97:  5211 
L98:  5220 
L99:  10.1074/jbc.M412925200 
L100:  15590689
L101: 5. Washko P.W. Wang Y. Levine M. 
L102:  Ascorbic acid recycling in human neutrophils 
L103:  J. Biol. Chem. 
L104:  1993 
L105:  268 
L106:  15531 
L107:  15535 
L108:  8340380
L109: 6. Winterbourn C.C. Vissers M.C. 
L110:  Changes in ascorbate levels on stimulation of human neutrophils 
L111:  Biochim. Biophys. Acta 
L112:  1983 
L113:  763 
L114:  175 
L115:  179 
L116:  10.1016/0167-4889(83)90041-1 
L117:  6615889
L118: 7. Hampton M.B. Kettle A.J. Winterbourn C.C. 
L119:  Inside the neutrophil phagosome: Oxidants, myeloperoxidase, and bacterial killing 
L120:  Blood 
L121:  1998 
L122:  92 
L123:  3007 
L124:  3017 
L125:  9787133
L126: 8. Buettner G.R. 
L127:  The pecking order of free radicals and antioxidants: Lipid peroxidation, alpha-tocopherol, and ascorbate 
L128:  Arch. Biochem. Biophys. 
L129:  1993 
L130:  300 
L131:  535 
L132:  543 
L133:  10.1006/abbi.1993.1074 
L134:  8434935
L135: 9. Parker A. Cuddihy S.L. Son T.G. Vissers M.C. Winterbourn C.C. 
L136:  Roles of superoxide and myeloperoxidase in ascorbate oxidation in stimulated neutrophils and H 2 O 2 -treated HL60 cells 
L137:  Free Radic. Biol. Med. 
L138:  2011 
L139:  51 
L140:  1399 
L141:  405 
L142:  10.1016/j.freeradbiomed.2011.06.029 
L143:  21791243
L144: 10. Vissers M.C. Gunningham S.P. Morrison M.J. Dachs G.U. Currie M.J. 
L145:  Modulation of hypoxia-inducible factor-1 alpha in cultured primary cells by intracellular ascorbate 
L146:  Free Radic. Biol. Med. 
L147:  2007 
L148:  42 
L149:  765 
L150:  772 
L151:  10.1016/j.freeradbiomed.2006.11.023 
L152:  17320759
L153: 11. Mohammed B.M. Fisher B.J. Kraskauskas D. Farkas D. Brophy D.F. Fowler A.A. 3rd Natarajan R. 
L154:  Vitamin C: A novel regulator of neutrophil extracellular trap formation 
L155:  Nutrients 
L156:  2013 
L157:  5 
L158:  3131 
L159:  3150 
L160:  10.3390/nu5083131 
L161:  23939536
L162: 12. Vissers M.C. Wilkie R.P. 
L163:  Ascorbate deficiency results in impaired neutrophil apoptosis and clearance and is associated with up-regulation of hypoxia-inducible factor 1alpha 
L164:  J. Leukoc. Biol. 
L165:  2007 
L166:  81 
L167:  1236 
L168:  1244 
L169:  10.1189/jlb.0806541 
L170:  17264304
L171: 13. Goldschmidt M.C. 
L172:  Reduced bactericidal activity in neutrophils from scorbutic animals and the effect of ascorbic acid on these target bacteria  in vivo  and  in vitro 
L173:  Am. J. Clin. Nutr. 
L174:  1991 
L175:  54 
L176:  1214S 
L177:  1220S 
L178:  1962573
L179: 14. Shilotri P.G. 
L180:  Glycolytic, hexose monophosphate shunt and bactericidal activities of leukocytes in ascorbic acid deficient guinea pigs 
L181:  J. Nutr. 
L182:  1977 
L183:  107 
L184:  1507 
L185:  1512 
L186:  328832
L187: 15. Shilotri P.G. 
L188:  Phagocytosis and leukocyte enzymes in ascorbic acid deficient guinea pigs 
L189:  J. Nutr. 
L190:  1977 
L191:  107 
L192:  1513 
L193:  1516 
L194:  196059
L195: 16. Weening R.S. Schoorel E.P. Roos D. van Schaik M.L. Voetman A.A. Bot A.A. Batenburg-Plenter A.M. Willems C. Zeijlemaker W.P. Astaldi A. 
L196:  Effect of ascorbate on abnormal neutrophil, platelet and lymphocytic function in a patient with the Chediak-Higashi syndrome 
L197:  Blood 
L198:  1981 
L199:  57 
L200:  856 
L201:  865 
L202:  6260267
L203: 17. Patrone F. Dallegri F. Bonvini E. Minervini F. Sacchetti C. 
L204:  Effects of ascorbic acid on neutrophil function. Studies on normal and chronic granulomatous disease neutrophils 
L205:  Acta Vitaminol. Enzymol. 
L206:  1982 
L207:  4 
L208:  163 
L209:  168 
L210:  7124564
L211: 18. Anderson R. 
L212:  Assessment of oral ascorbate in three children with chronic granulomatous disease and defective neutrophil motility over a 2-year period 
L213:  Clin. Exp. Immunol. 
L214:  1981 
L215:  43 
L216:  180 
L217:  188 
L218:  6265123
L219: 19. Brinkmann V. Reichard U. Goosmann C. Fauler B. Uhlemann Y. Weiss D.S. Weinrauch Y. Zychlinsky A. 
L220:  Neutrophil extracellular traps kill bacteria 
L221:  Science 
L222:  2004 
L223:  303 
L224:  1532 
L225:  1535 
L226:  10.1126/science.1092385 
L227:  15001782
L228: 20. Fuchs T.A. Abed U. Goosmann C. Hurwitz R. Schulze I. Wahn V. Weinrauch Y. Brinkmann V. Zychlinsky A. 
L229:  Novel cell death program leads to neutrophil extracellular traps 
L230:  J. Cell Biol. 
L231:  2007 
L232:  176 
L233:  231 
L234:  241 
L235:  10.1083/jcb.200606027 
L236:  17210947
L237: 21. Kennedy A.D. DeLeo F.R. 
L238:  Neutrophil apoptosis and the resolution of infection 
L239:  Immunol. Res. 
L240:  2009 
L241:  43 
L242:  25 
L243:  61 
L244:  10.1007/s12026-008-8049-6 
L245:  19066741
L246: 22. McCracken J.M. Allen L.A. 
L247:  Regulation of human neutrophil apoptosis and lifespan in health and disease 
L248:  J. Cell Death 
L249:  2014 
L250:  7 
L251:  15 
L252:  23 
L253:  25278783
L254: 23. Kobayashi S.D. Braughton K.R. Whitney A.R. Voyich J.M. Schwan T.G. Musser J.M. DeLeo F.R. 
L255:  Bacterial pathogens modulate an apoptosis differentiation program in human neutrophils 
L256:  Proc. Natl. Acad. Sci. USA 
L257:  2003 
L258:  100 
L259:  10948 
L260:  10953 
L261:  10.1073/pnas.1833375100 
L262:  12960399
L263: 24. Wilkie R.P. Vissers M.C. Dragunow M. Hampton M.B. 
L264:  A functional NADPH oxidase prevents caspase involvement in the clearance of phagocytic neutrophils 
L265:  Infect. Immun. 
L266:  2007 
L267:  75 
L268:  3256 
L269:  3263 
L270:  10.1128/IAI.01984-06 
L271:  17438039
L272: 25. Kurosaka K. Takahashi M. Watanabe N. Kobayashi Y. 
L273:  Silent cleanup of very early apoptotic cells by macrophages 
L274:  J. Immunol. 
L275:  2003 
L276:  171 
L277:  4672 
L278:  4679 
L279:  10.4049/jimmunol.171.9.4672 
L280:  14568942
L281: 26. Boggs D.R. 
L282:  The kinetics of neutrophilic leukocytes in health and in disease 
L283:  Semin. Hematol. 
L284:  1967 
L285:  4 
L286:  359 
L287:  386 
L288:  4864987
L289: 27. Carr A.C. Bozonet S.M. Pullar J.M. Simcock J.W. Vissers M.C. 
L290:  A randomised steady-state bioavailability study of synthetic and natural (kiwifruit-derived) vitamin C 
L291:  Nutrients 
L292:  2013 
L293:  5 
L294:  3684 
L295:  3695 
L296:  10.3390/nu5093684 
L297:  24067392
L298: 28. Boyum A. 
L299:  Isolation of mononuclear cells and granulocytes from human blood. Isolation of monuclear cells by one centrifugation, and of granulocytes by combining centrifugation and sedimentation at 1 g 
L300:  Scand. J. Clin. Lab. Invest. Suppl. 
L301:  1968 
L302:  97 
L303:  77 
L304:  89 
L305:  4179068
L306: 29. Carr A.C. Pullar J.M. Moran S. Vissers M.C.M. 
L307:  Bioavailability of vitamin C from kiwifruit in non-smoking males: Determination of “healthy” and “optimal” intakes 
L308:  J. Nutr. Sci. 
L309:  2012 
L310:  1 
L311:  1 
L312:  9 
L313:  10.1017/jns.2012.15
L314: 30. Kuijpers T.W. Maianski N.A. Tool A.T. Smit G.P. Rake J.P. Roos D. Visser G. 
L315:  Apoptotic neutrophils in the circulation of patients with glycogen storage disease type 1b (GSD1b) 
L316:  Blood 
L317:  2003 
L318:  101 
L319:  5021 
L320:  5024 
L321:  10.1182/blood-2002-10-3128 
L322:  12576310
L323: 31. Vissers M.C. Day W.A. Winterbourn C.C. 
L324:  Neutrophils adherent to a nonphagocytosable surface (glomerular basement membrane) produce oxidants only at the site of attachment 
L325:  Blood 
L326:  1985 
L327:  66 
L328:  161 
L329:  166 
L330:  2988666
L331: 32. Parker H. Albrett A.M. Kettle A.J. Winterbourn C.C. 
L332:  Myeloperoxidase associated with neutrophil extracellular traps is active and mediates bacterial killing in the presence of hydrogen peroxide 
L333:  J. Leukoc. Biol. 
L334:  2012 
L335:  91 
L336:  369 
L337:  376 
L338:  10.1189/jlb.0711387 
L339:  22131345
L340: 33. Wolach B. van der Laan L.J. Maianski N.A. Tool A.T. van Bruggen R. Roos D. Kuijpers T.W. 
L341:  Growth factors G-CSF and GM-CSF differentially preserve chemotaxis of neutrophils aging  in vitro 
L342:  Exp. Hematol. 
L343:  2007 
L344:  35 
L345:  541 
L346:  550 
L347:  10.1016/j.exphem.2006.12.008 
L348:  17379064
L349: 34. Washko P. Rotrosen D. Levine M. 
L350:  Ascorbic acid transport and accumulation in human neutrophils 
L351:  J. Biol. Chem. 
L352:  1989 
L353:  264 
L354:  18996 
L355:  19002 
L356:  2681206
L357: 35. Carr A.C. Bozonet S.M. Pullar J.M. Simcock J.W. Vissers M.C. 
L358:  Human skeletal muscle ascorbate is highly responsive to changes in vitamin C intake and plasma concentrations 
L359:  Am. J. Clin. Nutr. 
L360:  2013 
L361:  97 
L362:  800 
L363:  807 
L364:  10.3945/ajcn.112.053207 
L365:  23446899
L366: 36. Kolaczkowska E. Kubes P. 
L367:  Neutrophil recruitment and function in health and inflammation 
L368:  Nat. Rev. Immunol. 
L369:  2013 
L370:  13 
L371:  159 
L372:  175 
L373:  10.1038/nri3399 
L374:  23435331
L375: 37. Anderson R. 
L376:  Ascorbate-mediated stimulation of neutrophil motility and lymphocyte transformation by inhibition of the peroxidase/H2O2/halide system  in vitro  and  in vivo 
L377:  Am. J. Clin. Nutr. 
L378:  1981 
L379:  34 
L380:  1906 
L381:  1911 
L382:  7282616
L383: 38. Carr A.C. Frei B. 
L384:  Human neutrophils oxidize low-density lipoprotein by a hypochlorous acid-dependent mechanism: The role of vitamin C 
L385:  Biol. Chem. 
L386:  2002 
L387:  383 
L388:  627 
L389:  636 
L390:  10.1515/BC.2002.065 
L391:  12033452
L392: 39. Sharma P. Raghavan S.A. Saini R. Dikshit M. 
L393:  Ascorbate-mediated enhancement of reactive oxygen species generation from polymorphonuclear leukocytes: Modulatory effect of nitric oxide 
L394:  J. Leukoc. Biol. 
L395:  2004 
L396:  75 
L397:  1070 
L398:  1078 
L399:  10.1189/jlb.0903415 
L400:  15039465
L401: 40. Winterbourn C.C. Vissers M.C. Kettle A.J. 
L402:  Myeloperoxidase 
L403:  Curr. Opin. Hematol. 
L404:  2000 
L405:  7 
L406:  53 
L407:  58 
L408:  10.1097/00062752-200001000-00010 
L409:  10608505
L410: 41. Zawrotniak M. Rapala-Kozik M. 
L411:  Neutrophil extracellular traps (NETs)-formation and implications 
L412:  Acta Biochim. Pol. 
L413:  2013 
L414:  60 
L415:  277 
L416:  284 
L417:  23819131
L418: 42. Farrera C. Fadeel B. 
L419:  Macrophage clearance of neutrophil extracellular traps is a silent process 
L420:  J. Immunol. 
L421:  2013 
L422:  191 
L423:  2647 
L424:  2656 
L425:  10.4049/jimmunol.1300436 
L426:  23904163
L427: 43. McInturff A.M. Cody M.J. Elliott E.A. Glenn J.W. Rowley J.W. Rondina M.T. Yost C.C. 
L428:  Mammalian target of rapamycin regulates neutrophil extracellular trap formation via induction of hypoxia-inducible factor 1 alpha 
L429:  Blood 
L430:  2012 
L431:  120 
L432:  3118 
L433:  3125 
L434:  10.1182/blood-2012-01-405993 
L435:  22919032
L436: 44. Du J. Cullen J.J. Buettner G.R. 
L437:  Ascorbic acid: Chemistry, biology and the treatment of cancer 
L438:  Biochim. Biophys. Acta 
L439:  2012 
L440:  1826 
L441:  443 
L442:  457 
L443:  22728050
L444: 45. Fadeel B. Ahlin A. Henter J.I. Orrenius S. Hampton M.B. 
L445:  Involvement of caspases in neutrophil apoptosis: Regulation by reactive oxygen species 
L446:  Blood 
L447:  1998 
L448:  92 
L449:  4808 
L450:  4818 
L451:  9845548
L452: 46. Ratcliffe P.J. 
L453:  Oxygen sensing and hypoxia signalling pathways in animals: The implications of physiology for cancer 
L454:  J. Physiol. 
L455:  2013 
L456:  591 
L457:  2027 
L458:  2042 
L459:  10.1113/jphysiol.2013.251470 
L460:  23401619
L461: 47. Peyssonnaux C. Datta V. Cramer T. Doedens A. Theodorakis E.A. Gallo R.L. Hurtado-Ziola N. Nizet V. Johnson R.S. 
L462:  HIF-1alpha expression regulates the bactericidal capacity of phagocytes 
L463:  J. Clin. Invest. 
L464:  2005 
L465:  115 
L466:  1806 
L467:  1815 
L468:  10.1172/JCI23865 
L469:  16007254
L470: 48. Elks P.M. van Eeden F.J. Dixon G. Wang X. Reyes-Aldasoro C.C. Ingham P.W. Whyte M.K. Walmsley S.R. Renshaw S.A. 
L471:  Activation of hypoxia-inducible factor-1alpha (HIF-1alpha) delays inflammation resolution by reducing neutrophil apoptosis and reverse migration in a zebrafish inflammation model 
L472:  Blood 
L473:  2011 
L474:  118 
L475:  712 
L476:  722 
L477:  10.1182/blood-2010-12-324186 
L478:  21555741
L479: 49. Institute for Plant & Food Research Ltd 
L480:  The Concise New Zealand Food Composition Tables 
L481:  8th ed. 
L482:  Institute for Plant & Food Research Ltd. 
L483:  Palmerston North, New Zealand 
L484:  2009
L485: 50. Tanaka K. Hashimoto T. Tokumaru S. Iguchi H. Kojo S. 
L486:  Interactions between vitamin C and vitamin E are observed in tissues of inherently scorbutic rats 
L487:  J. Nutr. 
L488:  1997 
L489:  127 
L490:  2060 
L491:  2064 
L492:  9311965
L493: 51. Carr A.C. Bozonet S.M. Pullar J.M. Vissers M.C. 
L494:  Mood improvement in young adult males following supplementation with gold kiwifruit, a high vitamin C food 
L495:  J. Nutr. Sci. 
L496:  2013 
L497:  2 
L498:  1 
L499:  8 
L500:  10.1017/jns.2012.20
L501: 52. Fiorentino A. D’Abrosca B. Pacifico S. Mastellone C. Scognamiglio M. Monaco P. 
L502:  Identification and assessment of antioxidant capacity of phytochemicals from kiwi fruits 
L503:  J. Agric. Food Chem. 
L504:  2009 
L505:  57 
L506:  4148 
L507:  4155 
L508:  10.1021/jf900210z 
L509:  19358604
L510: 53. Middleton E. Jr. 
L511:  Effect of plant flavonoids on immune and inflammatory cell function 
L512:  Adv. Exp. Med. Biol. 
L513:  1998 
L514:  439 
L515:  175 
L516:  182 
L517:  9781303
L518: 54. Lotito S.B. Frei B. 
L519:  Consumption of flavonoid-rich foods and increased plasma antioxidant capacity in humans: Cause, consequence, or epiphenomenon? 
L520:  Free Radic. Biol. Med. 
L521:  2006 
L522:  41 
L523:  1727 
L524:  1746 
L525:  10.1016/j.freeradbiomed.2006.04.033 
L526:  17157175
L527: 55. Evans-Olders R. Eintracht S. Hoffer L.J. 
L528:  Metabolic origin of hypovitaminosis C in acutely hospitalized patients 
L529:  Nutrition 
L530:  2010 
L531:  26 
L532:  1070 
L533:  1074 
L534:  10.1016/j.nut.2009.08.015 
L535:  20018480
L536: 56. Fowler A.A. III Syed A.A. Knowlson S. Sculthorpe R. Farthing D. DeWilde C. Farthing C.A. Larus T.L. Martin E. Brophy D.F. 
L537:  Phase I safety trial of intravenous ascorbic acid in patients with severe sepsis 
L538:  J. Transl. Med. 
L539:  2014 
L540:  12 
L541:  32 
L542:  10.1186/1479-5876-12-32 
L543:  24484547
L544: Acknowledgments
L545: We are grateful to the young men who participated in this study. We acknowledge Jo Kepple for the use of Primorus Clinical Trials Unit and Lynley Drummond for consultation on study design.
[30ms]

