L1: High Baseline Vitamin C Levels Do Not Prevent a Positive Outcome of a Lifestyle Intervention
L2: Diabetes Care (2010)
L3: Matthias Blüher, Michael Stumvoll, C. Ronald Kahn, Michael Ristow
L4: 1 Department of Medicine, University of Leipzig, Leipzig, Germany;
L5: 2 Research Division, Joslin Diabetes Center, Harvard Medical School, Boston, Massachusetts;
L6: 3 Department of Human Nutrition, Institute of Nutrition, University of Jena, Jena, Germany;
L7: 4 German Institute of Human Nutrition, Potsdam-Rehbrücke, Germany.
L8: Online Letters: Comments and Responses
L9: 1 Thamer C Machicao F Stefan N Fritsche A Häring H-U : 
L10:  High baseline vitamin C levels do not prevent a positive outcome of a lifestyle intervention (Letter) . 
L11:  Diabetes Care 
L12:  2009 ;
L13:  32 :
L14:  e112 
L15:  DOI:  10.2337/dc09-0965 19717817
L16: 2 Ristow M Zarse K Oberbach A Klöting N Birringer M Kiehntopf M Stumvoll M Kahn CR Blüher M : 
L17:  Antioxidants prevent health-promoting effects of physical exercise in humans . 
L18:  Proc Natl Acad Sci U S A 
L19:  2009 ;
L20:  106 :
L21:  8665 –
L22:  8670 19433800
L23: 3 Khaw KT Wareham N Bingham S Welch A Luben R Day N : 
L24:  Combined impact of health behaviours and mortality in men and women: the EPIC-Norfolk prospective population study . 
L25:  PLoS Med 
L26:  2008 ;
L27:  5 :
L28:  e12 18184033
L29: 4 Czernichow S Vergnaud AC Galan P Arnaud J Favier A Faure H Huxley R Hercberg S Ahluwalia N : 
L30:  Effects of long-term antioxidant supplementation and association of serum antioxidant concentrations with risk of metabolic syndrome in adults . 
L31:  Am J Clin Nutr 
L32:  2009 ;
L33:  90 :
L34:  329 –
L35:  335 19491388
L36: 5 Sargeant LA Khaw KT Bingham S Day NE Luben RN Oakes S Welch A Wareham NJ : 
L37:  Fruit and vegetable intake and population glycosylated haemoglobin levels: the EPIC-Norfolk Study . 
L38:  Eur J Clin Nutr 
L39:  2001 ;
L40:  55 :
L41:  342 –
L42:  348 11378807
L43: Acknowledgments
L44: No potential conflicts of interest relevant to this article were reported.
[27ms]

