L1: Vitamin E function and requirements in relation to PUFA
L2: The British Journal of Nutrition (2015)
L3: Daniel Raederstorff, Adrian Wyss, Philip C. Calder, Peter Weber, Manfred Eggersdorfer
L4: 1 DSM Nutritional Products ,  Basel CH-4002 ,  Switzerland
L5: 2 Human Development and Health Academic Unit , Faculty of Medicine,  University of Southampton ,  Southampton SO16 6YD ,  UK
L6: Vitamin E ( α -tocopherol) is recognised as a key essential lipophilic antioxidant in humans protecting lipoproteins, PUFA, cellular and intra-cellular membranes from damage. The aim of this review was to evaluate the relevant published data about vitamin E requirements in relation to dietary PUFA intake. Evidence in animals and humans indicates a minimal basal requirement of 4–5 mg/d of RRR- α -tocopherol when the diet is very low in PUFA. The vitamin E requirement will increase with an increase in PUFA consumption and with the degree of unsaturation of the PUFA in the diet. The vitamin E requirement related to dietary linoleic acid, which is globally the major dietary PUFA in humans, was calculated to be 0·4–0·6 mg of RRR- α -tocopherol/g of linoleic acid. Animal studies show that for fatty acids with a higher degree of unsaturation, the vitamin E requirement increases almost linearly with the degree of unsaturation of the PUFA in the relative ratios of 0·3, 2, 3, 4, 5 and 6 for mono-, di-, tri-, tetra-, penta- and hexaenoic fatty acids, respectively. Assuming a typical intake of dietary PUFA, a vitamin E requirement ranging from 12 to 20 mg of RRR- α -tocopherol/d can be calculated. A number of guidelines recommend to increase PUFA intake as they have well-established health benefits. It will be prudent to assure an adequate vitamin E intake to match the increased PUFA intake, especially as vitamin E intake is already below recommendations in many populations worldwide.
L7: Review Article
L8: Vitamin E; α -Tocopherol; PUFA; Requirements; Recommendations
L9: Vitamin E
L10: Molecular structure and function of vitamin E
L11: Vitamin E has eight isoforms; it can be categorised into tocopherol isoforms, which have a saturated side chain on the chromanol ring, and into tocotrienol isoforms, which have an unsaturated side chain. Each of these types is further categorised as  α -,  β -,  γ - or  δ -forms, which are defined by the number and the location of the methyl groups on the chromanol ring. The 6-hydroxy group of the chromanol ring is the active site for scavenging radicals, whereas the side chain does not affect the reactivity towards free radicals. Thus, all the isoforms of vitamin E have some antioxidant activity. However, other factors play a key role in determining whether a molecule has  in vivo  bioactivity; RRR- α -tocopherol has the highest  in vivo  bioactivity of all vitamin E isomers. It is bound by a specific transport protein – the  α -tocopherol transfer protein ( α -TTP). Thereby, it is protected within the cell and does not undergo rapid degradation processes like other vitamin E isoforms. Furthermore,  α -TTP enables binding to the ABCA1 transporter and the secretion of RRR- α -tocopherol from hepatocytes to the periphery.
L12: RRR- α -tocopherol is the only isoform of vitamin E that is essential for humans and it is considered the most important lipophilic antioxidant  in vivo , in humans in particular, metabolising peroxyl radicals ( 
L13:  
L14:  3 
L15:  
L16:  ) . The eight vitamin E forms are all absorbed by humans but their degradation rate and retention time in the body differs widely, which directly impact their relative biopotency ( 
L17:  
L18:  6 
L19:  
L20:  , 
L21:  
L22:  7 
L23:  
L24:  ) . The bioactivity of the tocopherol and tocotrienol forms has been reviewed previously ( 
L25:  
L26:  8 
L27:  
L28:  , 
L29:  
L30:  9 
L31:  
L32:  ) . In short, the vitamin E forms are discriminated by the liver and only  α -tocopherol is preferentially accumulated in the cellular membranes of tissues, whereas the other isoforms are rapidly metabolised and excreted in a similar manner as other xenobiotics ( 
L33:  
L34:  6 
L35:  
L36:  , 
L37:  
L38:  9 
L39:  
L40:  ) .  γ -Tocopherol is the other vitamin E form that is present in significant amounts in the human diet as it is contained in a number of widely consumed vegetable oils ( 
L41:  
L42:  9 
L43:  
L44:  ) .  γ -Tocopherol is slightly less efficient than  α -tocopherol as a scavenger of oxygen radicals, but it is an efficient scavenger of reactive nitrogen species due to the unsubstituted 5-position on the chromanol ring ( 
L45:  
L46:  9 
L47:  
L48:  – 
L49:  
L50:  11 
L51:  
L52:  ) . However,  γ -tocopherol is efficiently metabolised by cytochrome P450 enzymes. This may be the reason why even after intake of high doses of  γ -tocopherol, its plasma concentration rarely exceeds 10 % of that of  α -tocopherol, and much less is found in tissues ( 
L53:  
L54:  9 
L55:  
L56:  , 
L57:  
L58:  12 
L59:  
L60:  – 
L61:  
L62:  18 
L63:  
L64:  ) .  α -Tocotrienol has been shown to have higher or similar antioxidant capacity in  in vitro  model systems than  α -tocopherol, depending on the assays used ( 
L65:  
L66:  19 
L67:  
L68:  – 
L69:  
L70:  22 
L71:  
L72:  ) . However, tocotrienols are present only in very low amounts in the human diet as relevant amounts are only found in palm oil, rice bran, oats and barley ( 
L73:  
L74:  9 
L75:  
L76:  , 
L77:  
L78:  23 
L79:  
L80:  ) . Moreover, the tocotrienols are more rapidly metabolised than the corresponding tocopherol forms and levels of tocotrienols in cell membranes are very low ( 
L81:  
L82:  13 
L83:  
L84:  , 
L85:  
L86:  14 
L87:  
L88:  , 
L89:  
L90:  17 
L91:  
L92:  , 
L93:  
L94:  18 
L95:  
L96:  ) . In the brain, which is very rich in highly unsaturated fatty acids,  α -tocopherol represents 99·8 % of the vitamin E content and no tocotrienols are detected ( 
L97:  
L98:  18 
L99:  
L100:  ) . Thus, the higher activity of  α -tocopherol as an essential nutrient  in vivo  is related partially to its dietary intake and partially to its selective retention time in the body relative to the other vitamin E isoforms ( 
L101:  
L102:  9 
L103:  
L104:  ) . Therefore, we will not discuss in detail the activity of vitamin E isoforms other than  α -tocopherol, and we will use the term vitamin E to refer to  α -tocopherol in the remainder of this article.
L105: Due to its structure and physical–chemical properties, vitamin E is one of the key antioxidants found in nature. After reaction with peroxyl radicals, an  α -tocopheroxyl radical is formed. Due to the stability of the  α -tocopheroxyl radical, it is unable to react further and the chain of oxidation events is broken. The chromanol ring is essential for the antioxidant power and the stability of the tocopheroxyl radical ( 
L106:  
L107:  24 
L108:  
L109:  , 
L110:  
L111:  25 
L112:  
L113:  ) .
L114: Vitamin E is the key essential lipophilic (fat-soluble) antioxidant located in human cell membranes protecting them from oxidative damage. The essential role of vitamin E in the human antioxidant defence system has been re-evaluated by the European Food Safety Authority expert panel, which concluded that the scientific evidence indicates that ‘Vitamin E contributes to the protection of cell constituents from oxidative damage’ ( 
L115:  
L116:  26 
L117:  
L118:  ) .  In vivo  and  in vitro  studies have shown that vitamin E functions as a chain-breaking antioxidant acting to protect unsaturated lipids from peroxidation by scavenging peroxyl radicals ( 
L119:  
L120:  27 
L121:  
L122:  ) . Animals and humans with a low vitamin E status are sensitive to muscle, neurological and embryogenesis problems that have been related to the protective effects of vitamin E against damage to PUFA in cell membranes and confirms its role as an essential nutrient ( 
L123:  
L124:  7 
L125:  
L126:  , 
L127:  
L128:  28 
L129:  
L130:  – 
L131:  
L132:  30 
L133:  
L134:  ) . A recent study in pregnant women observed that the rate of miscarriages was significantly increased in women having a low concentration of  α -tocopherol (<12 µmol/l) in plasma ( 
L135:  
L136:  31 
L137:  
L138:  ) . These findings are in line with the numerous animal studies showing an essential role of  α -tocopherol in embryonic development and clearly indicate the importance of an adequate intake of vitamin E in women of childbearing age. Clinical studies using pharmacological doses of vitamin E yielded conflicting results on the effects of vitamin E on CVD and optimal dosage and combination with other antioxidants still need to be determined ( 
L139:  
L140:  32 
L141:  
L142:  – 
L143:  
L144:  35 
L145:  
L146:  ) . However, epidemiological studies suggest a beneficial association between plasma vitamin E concentrations and CHD risk in individuals with an intake of vitamin E in the nutritional physiological range and a plasma  α -tocopherol level >20 µmol/l with an optimum plasma level of about 30 µmol/l ( 
L147:  
L148:  36 
L149:  
L150:  – 
L151:  
L152:  39 
L153:  
L154:  ) .
L155: Interactions between vitamin E and PUFA
L156: The incorporation of vitamin E into the membrane leads to stabilisation, and thus to a decrease in membrane fluidity. Only  α -tocopherol, and not  β -,  γ - or δ-tocopherol, seems to have this effect. It was hypothesised for many years that  α -tocopherol accumulates in lipid rafts where it stabilises the domain together with cholesterol. In recent years, a different theory was published ( 
L157:  
L158:  40 
L159:  
L160:  )  and supported by studies in model membranes; vitamin E accumulates in DHA-rich, rather unstructured domains, where it exerts its main functions: stabilisation of the membrane and protection of DHA from oxidative damage.  α -Tocopherol may, therefore, have a similar function as cholesterol in raft domains and may stabilise the PUFA-rich non-raft domains. In this way, the functional and structural roles of  α -tocopherol would be combined in the same membrane area.
L161: Fig. 1. α -Tocopherol localisation in a membrane lipid bilayer.
L162: Atkinson  et al . ( 
L163:  
L164:  40 
L165:  
L166:  )  undertook a series of biophysical experiments to describe the position of  2 H-labelled  α -tocopherol in the cell membrane. They concluded that the  α -tocopherol molecule stands upright in the membrane bilayer ( Fig. 1 ). The non- α -tocopherol isoforms can also be incorporated into cellular membranes. Studies in lipid model membranes indicate that the localisation of the various vitamin E forms in the membranes can slightly differ and they might alter the membrane behaviour differently due to their structural differences ( 
L167:  
L168:  20 
L169:  
L170:  , 
L171:  
L172:  41 
L173:  
L174:  ) . However, as mentioned previously, all non- α -tocopherol isoforms are rapidly metabolised and excreted and only  α -tocopherol is present in significant amounts in cell membranes. Moreover, the biophysical studies assessing the localisation and the behaviour of vitamin E in membrane models have been carried out mainly with  α -tocopherol ( 
L175:  
L176:  41 
L177:  
L178:  ) . The label at the chromanol ring is placed in the neighbourhood of the phospholipid glycerol backbone. The second label at the C9' of the side chain is located in the centre of the membrane, where the label can be found in various positions. This points to the  cis -conformations rather than the extended all- trans -isomer. This localisation in the membrane suggests that the  α -tocopherol antioxidant activity occurs at the membrane surface ( 
L179:  
L180:  42 
L181:  
L182:  ) . This location of vitamin E in the membrane would also allow vitamin C, which is placed at the hydrophilic/hydrophobic interphase, to interact with the  α -tocopheroxyl radical and to bring it to the energetic ground state. This is the mechanism by which vitamin E is regenerated and is ready to interact with the next peroxyl radical ( 
L183:  
L184:  7 
L185:  
L186:  ) . Thus, both lipophilicity and membrane localisation of vitamin E explain its antioxidant activity. Fig. 1. 
L187:  α -Tocopherol localisation in a membrane lipid bilayer.
L188: The presence of vitamin E is of key importance in cellular membranes rich in highly unsaturated fatty acids such as DHA and arachidonic acid (AA), which are found in high concentrations in the brain, the retina and some other locations. Thus, in  α -TTP-null mice fed a vitamin E-deficient diet, retinal structure is altered and lipid peroxidation is enhanced, whereas the concentration of DHA, the most abundant PUFA in the retina, is decreased ( 
L189:  
L190:  43 
L191:  
L192:  ) . In zebrafish, a model organism for lipid metabolism, vitamin E deficiency led to a decrease in the content of highly unsaturated fatty acids ( 
L193:  
L194:  44 
L195:  
L196:  ) , perhaps because of their consumption by peroxidative processes. The incorporation of  α -tocopherol into membranes may be especially critical in early life, as DHA is required for optimal visual and brain development. Zebrafish embryos deficient in vitamin E develop morphologic abnormalities and have increased mortality, which is in line with a key role for vitamin E in fetal development ( 
L197:  
L198:  45 
L199:  
L200:  ) . In a recent study, Lebold  et al. 
L201:  ( 
L202:  
L203:  46 
L204:  
L205:  )  showed that in zebrafish embryos  α -tocopherol deficiency induced a decrease in DHA and AA concentrations during embryogenesis. In the adult zebrafish model, low brain  α -tocopherol levels were associated with the depletion of DHA-containing phospholipids ( 
L206:  
L207:  47 
L208:  
L209:  ) . Those studies support the role of vitamin E in protecting PUFA in membranes in order to maintain optimal cellular function.
L210: New function of vitamin E in the membrane
L211: Cellular membranes, especially those in muscle cells, are under constant physical stress. It has been elegantly demonstrated  in vitro  and in excised mouse muscle that  α -tocopherol improves muscle membrane repair and rescues myocytes from necrosis ( 
L212:  
L213:  48 
L214:  
L215:  ) . A recent study in rats showed that the plasma membrane repair capacity is impaired in skeletal muscle fibres when the animals are deprived of vitamin E ( 
L216:  
L217:  49 
L218:  
L219:  ) . Thus, in myocyte plasma membranes, the presence of vitamin E promoted membrane repair. This is evidence that suggests a new function for  α -tocopherol in membrane repair. The molecular basis of this effect is not clear yet, but it could be that the prevention of lipid peroxidation is involved. Membrane repair mechanisms involve many membrane fusion events. These processes might be much faster and more efficient in an antioxidant environment. Further, it was demonstrated in the same study that repair incompetent cells – that is, HeLa cells – could be rescued from laser-induced membrane damage by addition of  α -tocopherol to the medium. These new findings may have an impact on future approaches against muscle pain – that is, concomitant after statin use – or support therapies for muscle injuries.
L220: PUFA
L221: PUFA are involved in a wide range of processes that are related to physical and mental health. For example,  n -3 PUFA play a role in cardiovascular health through multiple effects on the cardiovascular system, particularly on blood lipid concentrations, blood pressure and heart function ( 
L222:  
L223:  50 
L224:  
L225:  ) . Recent studies, systemic reviews and meta-analysis have yielded conflicting results with regard to the effect of  n -3 PUFA on CVD. Some meta-analyses showed little or no effect of  n -3 PUFA on cardiovascular events or cardiac death ( 
L226:  
L227:  51 
L228:  
L229:  – 
L230:  
L231:  53 
L232:  
L233:  ) , while others showed a benefit ( 
L234:  
L235:  54 
L236:  
L237:  – 
L238:  
L239:  56 
L240:  
L241:  ) . The reasons for these inconsistencies have been discussed in several studies ( 
L242:  
L243:  57 
L244:  
L245:  – 
L246:  
L247:  61 
L248:  
L249:  ) . It is to be noted that in most studies the background dietary intake of  n -3 PUFA and the  n -3 PUFA status at baseline were not taken into consideration. The outcome of meta-analyses investigating the same or a similar question can vary due to differences in methodology and the criteria used to select the relevant clinical studies for inclusion. Moreover, the selected studies are often very heterogeneous differing in sample size, design, population characteristics, type and dose of supplements used, end points measured and duration of the study, which may contribute to inconclusive and conflicting results. Thus, the results of such meta-analyses must be interpreted critically and have to be considered with caution. Overall, the risk benefit balance is still in favour of a benefit of  n -3 PUFA ( 
L250:  
L251:  60 
L252:  
L253:  , 
L254:  
L255:  61 
L256:  
L257:  ) . Moreover, population studies still consistently show that a low  n -3 PUFA (EPA and DHA) status is associated with an increased risk of CVD and cardiac death ( 
L258:  
L259:  50 
L260:  
L261:  , 
L262:  
L263:  57 
L264:  
L265:  , 
L266:  
L267:  62 
L268:  
L269:  ) . Finally, a number of cardiac societies, scientific and governmental organisations recommend the intake of  n -3 PUFA for heart health ( 
L270:  
L271:  63 
L272:  
L273:  – 
L274:  
L275:  67 
L276:  
L277:  ) . Collectively, the data from epidemiological studies and clinical interventions still indicate that diets high in  n -3 PUFA (EPA and DHA) reduce the risk of cardiovascular morbidity and mortality.
L278: It has been suggested that adults with cardiac problems might benefit from  n -3 PUFA, as they prevent atrial fibrillation recurrence and increase left ventricle systolic function and functional capacity ( 
L279:  
L280:  68 
L281:  
L282:  , 
L283:  
L284:  69 
L285:  
L286:  ) . A dose-dependent benefit of  n -3 PUFA, whereby a higher dose was more beneficial, was demonstrated in a small trial on patients with chronic heart failure ( 
L287:  
L288:  70 
L289:  
L290:  ) . A systematic review showed that  n -3 PUFA derived from oily fish were beneficial for patients with rheumatoid arthritis ( 
L291:  
L292:  71 
L293:  
L294:  ) . PUFA intake during pregnancy is important for fetal development and long-term development of children ( 
L295:  
L296:  72 
L297:  
L298:  ) . Furthermore, maternal  n -3 PUFA intake during pregnancy may decrease the risk of allergies ( 
L299:  
L300:  73 
L301:  
L302:  )  and improve bone health ( 
L303:  
L304:  74 
L305:  
L306:  )  in early childhood. The involvement of  n -3 and  n -6 PUFA in mental health, particularly depressive moods, remains unclear but is of interest. A recent systematic review concluded that, although evidence is scarce,  n -3 PUFA might be beneficial for those with diagnosed depression, whereas it has not been shown to be beneficial for those without diagnosed depressive illness ( 
L307:  
L308:  75 
L309:  
L310:  ) .
L311: Finally, it is important to consider that the  n -6: n -3 PUFA ratio is important, as a high ratio has been associated with higher risk of some diseases. For example, a high  n -6: n -3 PUFA ratio has been associated with an increased risk of prostate cancer ( 
L312:  
L313:  76 
L314:  
L315:  ) . A review article by Patterson  et al. 
L316:  ( 
L317:  
L318:  77 
L319:  
L320:  )  also implicated an association between high  n -6: n -3 PUFA ratios and increases in chronic inflammatory disease, CVD, obesity, inflammatory bowel disease, rheumatoid arthritis and Alzheimer’s disease. All these reported health benefits of  n -3 PUFA have resulted in guidelines and recommendations to increase daily  n -3 PUFA intakes.
L321: Optimal balance between vitamin E and PUFA
L322: Animal studies
L323: Harris & Embree ( 
L324:  
L325:  78 
L326:  
L327:  )  reviewed a number of animal experiments, in which the animals were fed diets containing various vitamin E:PUFA ratios, which induced vitamin E deficiency or relieved it. Based on their analyses, which also included data on fat and  α -tocopherol content in various food groups, they concluded that a vitamin E:PUFA ratio of 0·6 mg RRR- α -tocopherol for each gram of PUFA is necessary to protect against vitamin E deficiency. Following an experimental study in monkeys, Bieri & Poukka Evarts ( 
L328:  
L329:  79 
L330:  
L331:  )  estimated that the minimum requirement was slightly >0·36 mg RRR- α -tocopherol/g of linoleic acid consumed and that 0·72 mg RRR- α -tocopherol/g of linoleic acid was nutritionally adequate.
L332: The relationship between vitamin E requirements and the degree of unsaturation of PUFA was evaluated in young rats fed various fats with a constant total unsaturation but differing in the type of unsaturated fatty acid ( 
L333:  
L334:  80 
L335:  
L336:  ) . The time of onset of creatinuria was measured. The authors concluded that the relative quantities of  α -tocopherol required to protect one mole of mono-, di-, tri-, tetra-, penta- and hexaenoic fatty acids were to be approximately in the ratios of 0·3:2:3:4:5:6, respectively. The findings are consistent with the  in vitro  susceptibility of unsaturated fatty acids to oxidative damage ( 
L337:  
L338:  80 
L339:  
L340:  ) .
L341: The Elgin project (1953–1967)
L342: Vitamin E:PUFA ratios derived from animal studies might not be necessarily directly applicable for humans. The Elgin project, conducted between 1953 and 1967, was pivotal to evaluate the vitamin E requirement of humans through a long-term dietary study ( 
L343:  
L344:  81 
L345:  
L346:  – 
L347:  
L348:  84 
L349:  
L350:  ) . The adequacy of vitamin E intake was evaluated in the project by following plasma  α -tocopherol levels over time. The susceptibility of erythrocytes to  in vitro  peroxide-induced haemolysis was considered a sign of vitamin E deficiency.
L351: Three groups of men received different diets during the long-term follow-up. The first group received a basal diet consisting of 9204·8 kJ (2200 kcal), 47 g protein and 60 g fat, which was low in vitamin E (3–4 mg) and PUFA (9 g) each day. The second group received the same basal diet, low in vitamin E and PUFA, but supplemented with 15 mg/d of RRR- α -tocopherol. The third group was a control group that received a standard hospital diet  ad libitum . The main fat component of the basal diet was 30 g/d of stripped lard, which was replaced by 30 g/d of stripped maize oil after 30 months to increase the dietary PUFA intake, which was increased to 60 g/d of maize oil another 9 months later to further increase the amount of PUFA.
L352: The hospital diet providing 8–12 mg/d of  α -tocopherol and 4–7 g/d of PUFA was considered as being on the borderline of adequacy over the 13 years of observation based on the plasma  α -tocopherol levels and the data from the erythrocyte haemolysis test ( 
L353:  
L354:  83 
L355:  
L356:  ) .
L357: The plasma  α -tocopherol levels of the subjects in the basal diet group gradually decreased to around 12 µmol/l during the first 20 months. Moreover, the percentage of erythrocyte haemolysis was increased to levels above 20 % when the plasma  α -tocopherol levels fell below 16 µmol/l after 7 months. These data show that a daily intake of 3–4 mg of  α -tocopherol is inadequate ( 
L358:  
L359:  81 
L360:  
L361:  ) . Depleted subjects, who had been on the basal diet for 54 months, were given an  α -tocopherol supplement of 15 mg/d for 138 d. However, this was insufficient to bring the plasma  α -tocopherol levels and the erythrocyte haemolysis test back to baseline levels. Subjects receiving a supplement of 15 mg/d  α -tocopherol in addition to the basal diet maintained a plasma  α -tocopherol level around 23 µmol/l in the first 30 months of the study. The increase up to 60 g/d maize oil at 39 months lowered the plasma  α -tocopherol levels, and a supplementation of 15 mg/d  α -tocopherol proved insufficient to counteract this decrease. Therefore, the  α -tocopherol supplement was increased to 30 mg/d ( 
L362:  
L363:  82 
L364:  
L365:  ) . Withdrawal of the  α -tocopherol supplement led to an immediate drop in plasma  α -tocopherol levels and a progressive increase in the erythrocyte haemolysis test. Finally, the  α -tocopherol requirement in the absence of dietary PUFA was assessed by feeding subjects 60 g/d of beef tallow (a saturated fat) for 5 years. The diet provided about 2·4 g of PUFA and 3 mg of  α -tocopherol daily. Plasma  α -tocopherol levels decreased, whereas the sensitivity of erythrocytes to haemolysis increased. These data indicated that a minimal intake of 4–5 mg/d of  α -tocopherol was needed in the basal state, even in the absence of dietary PUFA.
L366: Collectively, the data from the Elgin project suggest that individuals ingesting large amounts of linoleic acid (>30 g/d) require more than 30 mg/d of  α -tocopherol, whereas 10 mg/d of  α -tocopherol may be bordering on inadequacy in individuals ingesting about 4–7 g/d of linoleic acid ( 
L367:  
L368:  83 
L369:  
L370:  ) . It was proposed that the  α -tocopherol requirements in humans range from 10 to 30 mg/d depending on the amount of PUFA in the diet and the tissues ( 
L371:  
L372:  83 
L373:  
L374:  ) .
L375: Horwitt ( 
L376:  
L377:  83 
L378:  
L379:  )  proposed a calculation to quantify the vitamin E requirement in humans. This calculation was based on the sum of a basal minimum of 4 mg/d of  α -tocopherol for normal cellular synthesis and retention of PUFA in membranes to which a factor was added that depended on the percentage of dietary PUFA and the grams of PUFA consumed: In another analysis, the vitamin E requirement in relation to PUFA was estimated as the sum of a basal requirement of 5 mg/d  α -tocopherol to which 0·5 mg  α -tocopherol for each gram of PUFA is to be added ( 
L380:  
L381:  84 
L382:  
L383:  ) : Based on the evaluation of the human data from the Elgin project, the minimum vitamin E:PUFA ratio to avoid the development of vitamin E deficiency symptoms is between 0·5 and 0·8 mg  α -tocopherol/g of PUFA ( 
L384:  
L385:  78 
L386:  
L387:  , 
L388:  
L389:  85 
L390:  
L391:  ) . However, the validity of the erythrocyte haemolysis test to define the vitamin E requirement in relation to PUFA intake, which was used as an early sign of vitamin E deficiency, has been questioned ( 
L392:  
L393:  85 
L394:  
L395:  ) . Therefore, basing vitamin E:PUFA ratio only on data from the Elgin project may not be appropriate.
L396: Other human studies
L397: Using data from the Second National Health and Nutrition Examination Survey, Murphy  et al.  concluded that the dietary vitamin E:PUFA ratio decreased with increased PUFA intake from 0·94 for individuals with diets low in PUFA (<5 g/d) to 0·44 for individuals with PUFA intakes >25 g/d. Earlier studies reported a ratio of 0·43 based on the analysis of composite meals ( 
L398:  
L399:  86 
L400:  
L401:  )  and of 0·52 based on an experimental diet providing an adequate intake of vitamin E ( 
L402:  
L403:  87 
L404:  
L405:  ) . A ratio of 0·4 has been found sufficient to maintain plasma vitamin E levels in growing children in another study ( 
L406:  
L407:  88 
L408:  
L409:  ) . Similarly, Witting & Lee ( 
L410:  
L411:  89 
L412:  
L413:  )  reported that a ratio of approximately 0·4 mg RRR- α -tocopherol/g of linoleic acid was sufficient in young women, following a 9-month study period. The above-mentioned human studies have mainly focused on the relationship between vitamin E and intake of linoleic acid, the major PUFA in western diets. However, only a few studies have evaluated the relation and interactions between vitamin E intake and the consumption of highly unsaturated fatty acids such as EPA and DHA in humans. In several studies, the effect of an increased intake of  n -3 PUFA from fish on vitamin E status and lipid peroxidation was investigated with inconsistent results. In a few studies, the increase in lipid peroxidation induced by a high intake of  n -3 PUFA could not be prevented by an increased intake of vitamin E ( 
L414:  
L415:  90 
L416:  
L417:  , 
L418:  
L419:  91 
L420:  
L421:  ) . However, in other studies, the rise in lipid peroxidation after the intake of  n -3 PUFA could be overcome by a higher intake of vitamin E ( 
L422:  
L423:  92 
L424:  
L425:  – 
L426:  
L427:  94 
L428:  
L429:  ) . The different findings may be due to difference in the methodologies used to measure the oxidative stress markers or interactions with other dietary factors. Moreover, those studies that used pharmacological doses of both  n -3 PUFA and vitamin E are difficult to extrapolate to the general population. Recently, an epidemiological study investigating the association between PUFA intake and C-reactive protein (CRP) concentration found potential interactions with vitamin E intake ( 
L430:  
L431:  95 
L432:  
L433:  ) . However, these interactions were only significant for EPA and DPA, which are present in low amounts in tissues, whereas no significant interactions were found for the major  n -6 and  n -3 PUFA found in cell membranes such as linoleic acid, AA and DHA. Thus, it seems unlikely that this interaction is related to the PUFA-protective role of vitamin E in cellular membranes. Moreover, the associations found in this study need to be confirmed by additional studies. In some studies, vitamin E treatment has been suggested to decrease CRP levels in humans ( 
L434:  
L435:  96 
L436:  
L437:  ) . Therefore, it may be that with an adequate intake of vitamin E no additional improvement may actually be observed by an increase in the PUFA intake. Interestingly, a low and moderate intake of DHA (200, 400 mg/d) in humans reduced oxidative stress and increased plasma and platelet vitamin E levels, whereas a high intake of DHA increased oxidative stress ( 
L438:  
L439:  97 
L440:  
L441:  , 
L442:  
L443:  98 
L444:  
L445:  ) . The conflicting results obtained in previous studies clearly indicate that additional studies are needed, probably using novel methodology to measure the interactions between vitamin E and  n -3 PUFA, in order to further clarify the relationship and interactions between vitamin E intake and the consumption of highly unsaturated fatty acids.
L446: Estimating vitamin E:PUFA requirements
L447: The estimated optimal vitamin E:PUFA ratio seems to be relatively consistent across studies. Taking these studies together suggests an estimated additional vitamin E requirement ranging from 0·4 to 0·6 mg RRR- α -tocopherol/g of PUFA in the diet for a diet with a typical content of PUFA, mainly as linoleic acid. A ratio of 0·5 mg RRR- α -tocopherol/g of PUFA in the middle of this range may reasonably be used to calculate the vitamin E requirement. Thus, considering a basal requirement of at least 4 mg RRR- α -tocopherol as suggested by the human data from the Elgin project, the following formula can be used to calculate the vitamin E requirement: vitamin E requirement=4+(0·5× amount of PUFA in the diet in grams). However, the vitamin E requirement also depends on the degree of unsaturation of PUFA in the diet ( 
L448:  
L449:  80 
L450:  
L451:  ) , and most of the studies described so far have considered linoleic acid as the main dietary PUFA. Therefore, Muggli ( 
L452:  
L453:  99 
L454:  
L455:  )  proposed to estimate the dietary vitamin E requirement by taking the relative vitamin E requirement for individual PUFA into account. The vitamin E demand for individual PUFA found in the human diet can then be calculated based on the vitamin E:linoleic acid ratio (milli grams  α -tocopherol per gram of linoleic acid) extrapolated from human studies and the relative vitamin E requirement for individual PUFA (0·3:2:3:4:5:6 for, respectively, mono-, di-, tri-, tetra-, penta- and hexaenoic fatty acids) extrapolated from animal data.  Table 1  shows the vitamin E requirement for individual PUFA using a vitamin E:linoleic acid ratio of 0·5 mg  α -TE/g of linoleic acid in the diet. Table 1 Vitamin E requirements for different unsaturated fatty acids found in human diets Number of double bonds Fatty acid Vitamin E requirement (mg/g fatty acid) 1 Oleic acid 0·075 2 Linoleic acid 0·5 3 
L456:  α -Linolenic acid 0·75 4 Arachidonic acid 1·0 5 EPA 1·25 6 DHA 1·5
L457: It should be noted that the studies that estimated the additional requirement of vitamin E in relation to dietary PUFA were conducted with diets that were very rich in PUFA or containing linoleic acid almost exclusively. Thus, the reported ratio of vitamin E:PUFA of 0·4–0·6 mg RRR- α -tocopherol/g of PUFA from these studies may not be relevant for ratios with other PUFA with more than two double bonds. Consequently, considering a basal requirement of 4 mg of RRR- α -tocopherol, the following formula could be used to calculate the vitamin E requirement, in which Mn is the amount of dietary PUFA with  n  double bonds in grams: M1 to M6 are expressed in gram of the respective unsaturated fatty acids.
L458: Furthermore, in order to quantify the vitamin E requirement, one needs to estimate the typical intake range for PUFA with different degree of unsaturation ( Table 2 ). The PUFA intake range indicated in  Table 2  was estimated from reviews providing a global perspective on dietary fatty acid intake ( 
L459:  
L460:  100 
L461:  
L462:  – 
L463:  
L464:  102 
L465:  
L466:  ) . The recent worldwide analysis of dietary fats and oils consumption from Micha  et al. 
L467:  ( 
L468:  
L469:  101 
L470:  
L471:  )  indicates that there are large variations across regions and countries in the consumption of fats and oils, and therefore of fatty acids including PUFA. The mean global  n -6 PUFA (mainly linoleic acid) intake was 5·9 % energy ranging from 2·5 to 8·5 % energy across regions. The typical linoleic acid intake in a western population would range from about 12 to about 21 g/d, considering an energy intake ranging from 7531·2 to 13 455 kJ/d (1800 to 3250 kcal/d). The worldwide mean plant  n -3 PUFA (mainly  α -linolenic acid) intake was 1371 mg/d with a 10-fold variation from 302 to 3205 mg/d across regions. The worldwide ‘seafood’  n -3 PUFA (mainly EPA and DHA) intake was 163 mg/d, ranging widely from <50 to >700 mg/d between regions. Table 2 Estimated vitamin E requirement for typical ranges of unsaturated fatty acid intake in western diets Unsaturated fatty acid Typical intake range (g/d) Vitamin E requirement (mg/g fatty acid) Oleic acid 20–30 1·5–2·3 Linoleic acid 12–21 6·0–10·5 
L472:  α -Linolenic acid 1·1–2·6 0·8–2·0 Arachidonic acid 0·1–0·3 0·1–0·3 EPA+DHA 0·1–0·5 0·1–0·7 Vitamin E requirement related to unsaturated fatty acid intake 8·5–15·7 mg/d Total vitamin E requirement 12·5–20 mg/d * 
L473:  * The estimation is based on the vitamin E requirement related to unsaturated fatty acid intake plus a basal requirement of 4 mg of RRR- α -tocopherol/d.
L474: Vitamin E recommendations
L475: It is recommended that a baseline  α -tocopherol requirement be estimated to which an additional vitamin E intake to compensate for dietary PUFA intake can be added in order to obtain the correct balance of dietary fatty acids with vitamin E. This baseline vitamin E requirement would allow for adequate synthesis and selective storage of PUFA in cell and tissue lipids, even with very low-PUFA diets. However, the optimal vitamin E requirement also depends on the amount and degree of unsaturation of PUFA in the diet. Increased dietary intake of PUFA has been shown to decrease vitamin E levels in plasma and tissues in both animals and humans. Moreover, high intake of PUFA with concomitant very low intake of vitamin E may lead to symptoms of vitamin E deficiency such as creatinuria, erythrocyte fragility and increased lipid peroxidation. However, it has been difficult to determine the precise vitamin E requirements in humans, as there are apparently no clear deficiency diseases. Furthermore, very long-term follow-up is needed to deplete the body stores of vitamin E to investigate any long-term deleterious consequences, which are often difficult to diagnose at an early stage. However, at present, it would not be feasible to conduct such long-term follow-up or depletion studies, such as the Elgin project, due to ethical considerations.
L476: Institute of Medicine and DACH recommendations
L477: In 2000, the IoM ( 
L478:  
L479:  3 
L480:  
L481:  )  published dietary reference intakes for vitamin E, based on previously reported research findings. The report suggested that there was no scientific basis to assume any difference in vitamin E requirements between men and women, or that ageing impairs vitamin E absorption or secretion. Therefore, no distinction was made between sexes or adult age categories in the IoM recommendations.
L482: In the same year, the DACH reference values ( 
L483:  
L484:  4 
L485:  
L486:  )  were published for Germany, Austria and Switzerland, using similar methodology as the IoM, but based on relevant German, Austrian and Swiss data. In contrast to the IoM reference values, the DACH values distinguish between sexes and adult age categories. Reference values from the IoM and DACH reports are shown in  Table 3 . Table 3 Estimated daily vitamin E intake (mg) as reported in the Institute of Medicine (IoM) and DACH recommendations Age range Estimated daily intake based on EAR according to IoM Estimated daily intake according to DACH * 
L487:  0–3 months – 3 0–6 months 4 † 
L488:  – 4–12 months – 4 7–12 months 5 † 
L489:  – 1–3 years 5 Male: 6, female: 5 4–6 years – 8 4–8 years 6 – 7–9 years – Male: 10, female: 9 9–13 years 9 – 10–12 years – Male: 13, female: 11 13–14 years – Male: 14, female: 12 14–18 years 12 – 15–18 years – Male: 15, female: 12 >19 years 12 – 19–24 years – Male: 15, female: 12 25–50 years – Male: 14, female: 12 51–64 years – Male: 13, female: 12 >65 years – Male: 12, female: 11 Pregnant women 12 13 Lactating women 16 17 EAR, estimated average requirement; DACH, Germany, Austria, Switzerland. * Estimated intake based on adequate intake in a diet principally consisting of human milk. † Equivalent to EAR.
L490: Both reference value sets distinguish between pregnant and lactating women. The IoM found no evidence to believe that pregnant women require an increased vitamin E intake, compared with non-pregnant women of the same age, whereas the DACH values are slightly increased for pregnant women. Both reference sets suggest an increased vitamin E intake for lactating women, to account for the estimated 4 mg/d of vitamin E secreted via human milk.
L491: Although there are only slight differences between the IoM and DACH reference values, they used two different methodological approaches to propose these recommendations for dietary vitamin E intake. The IoM based their recommendation mainly on the prevention of deficiency symptoms, using the sensitivity of erythrocytes to haemolysis as a sign of deficiency. The available human data indicate that individuals with a plasma concentration of at least 12 µmol/l of  α -tocopherol have a low per cent of erythrocyte haemolysis. It is of interest to note that this plasma level of vitamin E is in line with the recent findings, indicating an increased risk of miscarriage in women with a plasma vitamin E concentrations <12 µmol/l ( 
L492:  
L493:  31 
L494:  
L495:  ) . A plasma  α -tocopherol level of 12 µmol/l was estimated to correspond to an intake of about 12 mg/d. Thus, the estimated average requirement (EAR) for vitamin E was set to 12 mg/d of  α -tocopherol to prevent erythrocyte haemolysis. A RDA of 15 mg/d of  α -tocopherol for both men and women was calculated from the EAR plus twice the CV (10 %) to take into account the individual needs.
L496: The DACH recommendations considered the dietary PUFA intake to estimate the vitamin E requirement by taking into account a basal vitamin E requirement plus an additional requirement based on the dietary intake of PUFA. To calculate the vitamin E requirement, they used a basal vitamin E requirement of 4 mg/d and a ratio of 0·4 mg of  α -tocopherol/g of dietary linoleic acid and the ratios between vitamin E and dietary PUFA with different degree of unsaturation proposed by Witting & Horwitt ( 
L497:  
L498:  80 
L499:  
L500:  , 
L501:  
L502:  83 
L503:  
L504:  , 
L505:  
L506:  89 
L507:  
L508:  ) . The dietary vitamin E requirements for adult women and men were estimated to be respectively 12 and 15 mg/d based on a typical dietary intake of PUFA, which differ between women and men due to difference in energy intake. This is in line with the approach we have used in this review to estimate the requirement for vitamin E in relation to dietary PUFA. It is interesting to note that, despite using two different methods, both approaches lead to reference values that fall within the 10–30 mg/d range as suggested in a previous study.
L509: Several publications and reviews have discussed the quantification of the physiological requirement of vitamin E as a function of PUFA intake ( 
L510:  
L511:  85 
L512:  
L513:  , 
L514:  
L515:  86 
L516:  
L517:  , 
L518:  
L519:  99 
L520:  
L521:  , 
L522:  
L523:  103 
L524:  
L525:  , 
L526:  
L527:  104 
L528:  
L529:  ) . The authors suggested various ratios of vitamin E to PUFA expressed as milligram tocopherol per gram to calculate the additional vitamin E requirement as a function of the amount of PUFA in the diet. Moreover, the data indicate that based on animal and human studies an attempt to quantify the vitamin E requirement should take two factors into account: (1) the minimum requirement to allow for basal metabolism, cellular synthesis and PUFA retention, even in low-PUFA diets, and (2) the additional vitamin E required to protect and metabolise dietary PUFA.
L530: Considerations for future recommendations
L531: From  Table 3  and previously published studies, it becomes evident that recommendations for vitamin E and PUFA intake are developed and reported in various ways. The main differences are the categories and methods that are used to estimate vitamin E requirements. IoM did not distinguish between sexes, whereas DACH did. Furthermore, both reports used different age categories, which was likely the result of the age categories provided in the referenced studies. In order to allow for better comparison across studies and reports, we would like to suggest that future studies report their recommendations using standardised age categories when possible. In addition, we suggest the inclusion of an aggregate reference value for males and females combined. Finally, we recommend a standardised method for estimating vitamin E requirements.
L532: Conclusions
L533: The main function of vitamin E is to protect lipids from oxidative damage, and a number of studies show that its requirement is related to the dietary intake of PUFA. Thus, to quantify the vitamin E requirement, a basal vitamin E requirement plus an additional vitamin E requirement for dietary PUFA is often considered. A precise vitamin E:PUFA ratio may not be applicable to all types of diet and health status. Therefore, there has been no consensus on the exact vitamin E:PUFA ratio to determine the vitamin requirement. However, the published human data for a diet with an average content of PUFA and containing mainly linoleic acid as the PUFA indicate that the additional vitamin E requirement ranges from 0·4 to 0·6 mg RRR- α -tocopherol/g of PUFA in the diet. We used a ratio of 0·5 mg RRR- α -tocopherol/g of linoleic acid in the diet and also considered the degree of unsaturation of the dietary fatty acids to evaluate the vitamin E required. Thus, using the proposed equation, the estimated requirement for vitamin E varied from 12 to 20 mg/d for a typical range of dietary PUFA intake. Although more research is needed to precisely define the vitamin E requirement in humans, it is important in view of the critical interactions for health between vitamin E and PUFA to ensure an adequate intake of vitamin E in humans, particularly when the dietary PUFA intake is increased.
L534: 1. Birben E ,  Sahiner UM ,  Sackesen C ,  et al  ( 2012 )  Oxidative stress and antioxidant defense .  World Allergy Organ J 
L535:  5 ,  9 – 19 . 23268465
L536: 2. Niki E  ( 2014 )  Role of vitamin E as a lipid-soluble peroxyl radical scavenger: in vitro and in vivo evidence .  Free Radic Biol Med 
L537:  66 ,  3 – 12 . 23557727
L538: 3. Food and Nutrition Board IoM  ( 2000 )  Dietary Reference Intake for Vitamin C, Vitamin E, Selenium, and Carotenoids .  Washington, DC :  National Academies Press .
L539: 4. DACH DGfE, Österreichische gesellschaft für Ernährung, Schweizerische Gesellschaft für Ernährungsforschung, Schweizerische Vereinigung für Ernährung  ( 2000 )  Referenzwerte für die Nährstoffzufuhr .  Frankfurt am Main :  DACH DGfE, Österreichische gesellschaft für Ernährung, Schweizerische Gesellschaft für Ernährungsforschung, Schweizerische Vereinigung für Ernährung .
L540: 5. Troesch B ,  Hoeft B ,  McBurney M ,  et al  ( 2012 )  Dietary surveys indicate vitamin intakes below recommendations are common in representative Western countries .  Br J Nutr 
L541:  108 ,  692 – 698 . 22691229
L542: 6. Traber MG  &  Atkinson J  ( 2007 )  Vitamin E, antioxidant and nothing more .  Free Radic Biol Med 
L543:  43 ,  4 – 15 . 17561088
L544: 7. Traber MG  &  Stevens JF  ( 2011 )  Vitamins C and E: beneficial effects from a mechanistic perspective .  Free Radic Biol Med 
L545:  51 ,  1000 – 1013 . 21664268
L546: 8. Pfluger P ,  Kluth D ,  Landes N ,  et al  ( 2004 )  Vitamin E: underestimated as an antioxidant .  Redox Rep 
L547:  9 ,  249 – 254 . 15606977
L548: 9. Brigelius-Flohe R  ( 2006 )  Bioactivity of vitamin E .  Nutr Res Rev 
L549:  19 ,  174 – 186 . 19079884
L550: 10. Cooney RV ,  Franke AA ,  Harwood PJ ,  et al  ( 1993 )  Gamma-tocopherol detoxification of nitrogen dioxide: superiority to alpha-tocopherol .  Proc Natl Acad Sci USA 
L551:  90 ,  1771 – 1775 . 8446589
L552: 11. Dillard CJ ,  Gavino VC  &  Tappel AL  ( 1983 )  Relative antioxidant effectiveness of alpha-tocopherol and gamma-tocopherol in iron-loaded rats .  J Nutr 
L553:  113 ,  2266 – 2273 . 6631545
L554: 12. Grebenstein N ,  Schumacher M ,  Graeve L ,  et al  ( 2014 )  α-Tocopherol transfer protein is not required for the discrimination against γ-tocopherol in vivo but protects it from side-chain degradation in vitro .  Mol Nutr Food Res 
L555:  58 ,  1052 – 1060 . 24420818
L556: 13. Sontag TJ  &  Parker RS  ( 2007 )  Influence of major structural features of tocopherols and tocotrienols on their omega-oxidation by tocopherol-omega-hydroxylase .  J Lipid Res 
L557:  48 ,  1090 – 1098 . 17284776
L558: 14. Parker RS ,  Sontag TJ ,  Swanson JE ,  et al  ( 2004 )  Discovery, characterization, and significance of the cytochrome P450 omega-hydroxylase pathway of vitamin E catabolism .  Ann NY Acad Sci 
L559:  1031 ,  13 – 21 . 15753130
L560: 15. Sontag TJ  &  Parker RS  ( 2002 )  Cytochrome P450 omega-hydroxylase pathway of tocopherol catabolism. Novel mechanism of regulation of vitamin E status .  J Biol Chem 
L561:  277 ,  25290 – 25296 . 11997390
L562: 16. Swanson JE ,  Ben RN ,  Burton GW ,  et al  ( 1999 )  Urinary excretion of 2,7, 8-trimethyl-2-(beta-carboxyethyl)-6-hydroxychroman is a major route of elimination of gamma-tocopherol in humans .  J Lipid Res 
L563:  40 ,  665 – 671 . 10191290
L564: 17. Kramer JK ,  Fouchard RC  &  Kallury KM  ( 1999 )  Determination of vitamin E forms in tissues and diets by high-performance liquid chromatography using normal-phase diol column .  Methods Enzymol 
L565:  299 ,  318 – 329 . 9916211
L566: 18. Podda M ,  Weber C ,  Traber MG ,  et al  ( 1996 )  Simultaneous determination of tissue tocopherols, tocotrienols, ubiquinols, and ubiquinones .  J Lipid Res 
L567:  37 ,  893 – 901 . 8732789
L568: 19. Serbinova EA  &  Packer L  ( 1994 )  Antioxidant properties of alpha-tocopherol and alpha-tocotrienol .  Methods Enzymol 
L569:  234 ,  354 – 366 . 7808307
L570: 20. Suzuki YJ ,  Tsuchiya M ,  Wassall SR ,  et al  ( 1993 )  Structural and dynamic membrane properties of alpha-tocopherol and alpha-tocotrienol: implication to the molecular mechanism of their antioxidant potency .  Biochemistry 
L571:  32 ,  10692 – 10699 . 8399214
L572: 21. Yoshida Y ,  Niki E  &  Noguchi N  ( 2003 )  Comparative study on the action of tocopherols and tocotrienols as antioxidant: chemical and physical effects .  Chem Phys Lipids 
L573:  123 ,  63 – 75 . 12637165
L574: 22. Muller L ,  Theile K  &  Bohm V  ( 2010 )  In vitro antioxidant activity of tocopherols and tocotrienols and comparison of vitamin E concentration and lipophilic antioxidant capacity in human plasma .  Mol Nutr Food Res 
L575:  54 ,  731 – 742 . 20333724
L576: 23. Sookwong P ,  Nakagawa K ,  Yamaguchi Y ,  et al  ( 2010 )  Tocotrienol distribution in foods: estimation of daily tocotrienol intake of Japanese population .  J Agric Food Chem 
L577:  58 ,  3350 – 3355 . 20158257
L578: 24. Burton GW ,  Joyce A  &  Ingold KU  ( 1982 )  First proof that vitamin E is major lipid-soluble, chain-breaking antioxidant in human blood plasma .  Lancet 
L579:  ii ,  327 . 6124736
L580: 25. Burton GW  ( 1994 )  Vitamin E: molecular and biological function .  Proc Nutr Soc 
L581:  53 ,  251 – 262 . 7972139
L582: 26. EFSA Panel on Dietetic Products NaAN  ( 2010 )  Scientific opinion on the substantiation of health claims related to vitamin E and protection of DNA, proteins and lipids from oxidative damage .  EFSA J 
L583:  8 ,  1816 .
L584: 27. Burton GW  &  Ingold KU  ( 1989 )  Vitamin E as an in vitro and in vivo antioxidant .  Ann NY Acad Sci 
L585:  570 ,  7 – 22 . 2698111
L586: 28. Traber MG  ( 2014 )  Vitamin E inadequacy in humans: causes and consequences .  Adv Nutr 
L587:  5 ,  503 – 514 . 25469382
L588: 29. Sokol RJ  ( 1988 )  Vitamin E deficiency and neurologic disease .  Annu Rev Nutr 
L589:  8 ,  351 – 373 . 3060170
L590: 30. Gohil K ,  Vasu VT  &  Cross CE  ( 2010 )  Dietary alpha-tocopherol and neuromuscular health: search for optimal dose and molecular mechanisms continues! 
L591:  Mol Nutr Food Res 
L592:  54 ,  693 – 709 . 20187127
L593: 31. Shamim AA ,  Schulze K ,  Merrill RD ,  et al  ( 2015 )  First-trimester plasma tocopherols are associated with risk of miscarriage in rural Bangladesh .  Am J Clin Nutr 
L594:  101 ,  294 – 301 . 25646326
L595: 32. Bjelakovic G ,  Nikolova D  &  Gluud C  ( 2013 )  Meta-regression analyses, meta-analyses, and trial sequential analyses of the effects of supplementation with beta-carotene, vitamin A, and vitamin E singly or in different combinations on all-cause mortality: do we have evidence for lack of harm? 
L596:  PLOS ONE 
L597:  8 ,  e74558 . 24040282
L598: 33. Curtis AJ ,  Bullen M ,  Piccenna L ,  et al  ( 2014 )  Vitamin E supplementation and mortality in healthy people: a meta-analysis of randomised controlled trials .  Cardiovasc Drugs Ther 
L599:  28 ,  563 – 573 . 25398301
L600: 34. Jiang S ,  Pan Z ,  Li H ,  et al  ( 2014 )  Meta-analysis: low-dose intake of vitamin E combined with other vitamins or minerals may decrease all-cause mortality .  J Nutr Sci Vitaminol (Tokyo) 
L601:  60 ,  194 – 205 . 25078376
L602: 35. Loffredo L ,  Perri L ,  Di Castelnuovo A ,  et al  ( 2015 )  Supplementation with vitamin E alone is associated with reduced myocardial infarction: a meta-analysis .  Nutr Metab Cardiovasc Dis 
L603:  25 ,  354 – 363 . 25779938
L604: 36. Gey KF ,  Puska P ,  Jordan P ,  et al  ( 1991 )  Inverse correlation between plasma vitamin E and mortality from ischemic heart disease in cross-cultural epidemiology .  Am J Clin Nutr 
L605:  53 ,  326s – 334s . 1985406
L606: 37. Gey KF  ( 1993 )  Prospects for the prevention of free radical disease, regarding cancer and cardiovascular disease .  Br Med Bull 
L607:  49 ,  679 – 699 . 8221032
L608: 38. Knekt P ,  Ritz J ,  Pereira MA ,  et al  ( 2004 )  Antioxidant vitamins and coronary heart disease risk: a pooled analysis of 9 cohorts .  Am J Clin Nutr 
L609:  80 ,  1508 – 1520 . 15585762
L610: 39. Peter S ,  Moser U ,  Pilz S ,  et al  ( 2013 )  The challenge of setting appropriate intake recommendations for vitamin E: considerations on status and functionality to define nutrient requirements .  Int J Vitam Nutr Res 
L611:  83 ,  129 – 136 . 24491886
L612: 40. Atkinson J ,  Harroun T ,  Wassall SR ,  et al  ( 2010 )  The location and behavior of alpha-tocopherol in membranes .  Mol Nutr Food Res 
L613:  54 ,  641 – 651 . 20166146
L614: 41. Atkinson J ,  Epand RF  &  Epand RM  ( 2008 )  Tocopherols and tocotrienols in membranes: a critical review .  Free Radic Biol Med 
L615:  44 ,  739 – 764 . 18160049
L616: 42. Marquardt D ,  Williams JA ,  Kucerka N ,  et al  ( 2013 )  Tocopherol activity correlates with its location in a membrane: a new perspective on the antioxidant vitamin E .  J Am Chem Soc 
L617:  135 ,  7523 – 7533 . 23581571
L618: 43. Tanito M ,  Yoshida Y ,  Kaidzu S ,  et al  ( 2007 )  Acceleration of age-related changes in the retina in alpha-tocopherol transfer protein null mice fed a vitamin E-deficient diet .  Invest Ophthalmol Vis Sci 
L619:  48 ,  396 – 404 . 17197560
L620: 44. Lebold KM ,  Jump DB ,  Miller GW ,  et al  ( 2011 )  Vitamin E deficiency decreases long-chain PUFA in zebrafish ( Danio rerio ) .  J Nutr 
L621:  141 ,  2113 – 2118 . 22013196
L622: 45. Miller GW ,  Labut EM ,  Lebold KM ,  et al  ( 2012 )  Zebrafish ( Danio rerio ) fed vitamin E-deficient diets produce embryos with increased morphologic abnormalities and mortality .  J Nutr Biochem 
L623:  23 ,  478 – 486 . 21684137
L624: 46. Lebold KM ,  Kirkwood JS ,  Taylor AW ,  et al  ( 2014 )  Novel liquid chromatography-mass spectrometry method shows that vitamin E deficiency depletes arachidonic and docosahexaenoic acids in zebrafish ( Danio rerio ) embryos .  Redox Biol 
L625:  2 ,  105 – 113 . 24416717
L626: 47. Choi J ,  Leonard SW ,  Kasper K ,  et al  ( 2015 )  Novel function of vitamin E in regulation of zebrafish ( Danio rerio ) brain lysophospholipids discovered using lipidomics .  J Lipid Res 
L627:  56 ,  1182 – 1190 . 25855633
L628: 48. Howard AC ,  McNeil AK  &  McNeil PL  ( 2011 )  Promotion of plasma membrane repair by vitamin E .  Nat Commun 
L629:  2 , article number  597 . 22186893
L630: 49. Labazi M ,  McNeil AK ,  Kurtz T ,  et al  ( 2015 )  The antioxidant requirement for plasma membrane repair in skeletal muscle .  Free Radic Biol Med 
L631:  84 ,  246 – 253 . 25843658
L632: 50. Mozaffarian D  &  Wu JH  ( 2011 )  Omega-3 fatty acids and cardiovascular disease: effects on risk factors, molecular pathways, and clinical events .  J Am Coll Cardiol 
L633:  58 ,  2047 – 2067 . 22051327
L634: 51. Kwak SM ,  Myung SK ,  Lee YJ ,  et al  ( 2012 )  Efficacy of omega-3 fatty acid supplements (eicosapentaenoic acid and docosahexaenoic acid) in the secondary prevention of cardiovascular disease: a meta-analysis of randomized, double-blind, placebo-controlled trials .  Arch Intern Med 
L635:  172 ,  686 – 694 . 22493407
L636: 52. Kotwal S ,  Jun M ,  Sullivan D ,  et al  ( 2012 )  Omega 3 fatty acids and cardiovascular outcomes: systematic review and meta-analysis .  Circ Cardiovasc Qual Outcomes 
L637:  5 ,  808 – 818 . 23110790
L638: 53. Rizos EC ,  Ntzani EE ,  Bika E ,  et al  ( 2012 )  Association between omega-3 fatty acid supplementation and risk of major cardiovascular disease events: a systematic review and meta-analysis .  JAMA 
L639:  308 ,  1024 – 1033 . 22968891
L640: 54. Delgado-Lista J ,  Perez-Martinez P ,  Lopez-Miranda J ,  et al  ( 2012 )  Long chain omega-3 fatty acids and cardiovascular disease: a systematic review .  Br J Nutr 
L641:  107 ,  Suppl. 2 ,  S201 – S213 . 22591894
L642: 55. Wen YT ,  Dai JH  &  Gao Q  ( 2014 )  Effects of Omega-3 fatty acid on major cardiovascular events and mortality in patients with coronary heart disease: a meta-analysis of randomized controlled trials .  Nutr Metab Cardiovasc Dis 
L643:  24 ,  470 – 475 . 24472636
L644: 56. Miller PE ,  Van Elswyk M  &  Alexander DD  ( 2014 )  Long-chain omega-3 fatty acids eicosapentaenoic acid and docosahexaenoic acid and blood pressure: a meta-analysis of randomized controlled trials .  Am J Hypertens 
L645:  27 ,  885 – 896 . 24610882
L646: 57. von Schacky C  ( 2015 )  Omega-3 fatty acids in cardiovascular disease--an uphill battle .  Prostaglandins Leukot Essent Fatty Acids 
L647:  92 ,  41 – 47 . 24935800
L648: 58. Calder PC  ( 2014 )  Very long chain omega-3 ( n -3) fatty acids and human health .  Eur J Lipid Sci Technol 
L649:  116 ,  1280 – 1300 .
L650: 59. DiNicolantonio JJ ,  Niazi AK ,  McCarty MF ,  et al  ( 2014 )  Omega-3s and cardiovascular health .  Ochsner J 
L651:  14 ,  399 – 412 . 25249807
L652: 60. Mori TA  ( 2014 )  Dietary  n -3 PUFA and CVD: a review of the evidence .  Proc Nutr Soc 
L653:  73 ,  57 – 64 . 24119287
L654: 61. Harris WS  ( 2013 )  Are  n -3 fatty acids still cardioprotective? 
L655:  Curr Opin Clin Nutr Metab Care 
L656:  16 ,  141 – 149 . 23196817
L657: 62. Skeaff CM  &  Miller J  ( 2009 )  Dietary fat and coronary heart disease: summary of evidence from prospective cohort and randomised controlled trials .  Ann Nutr Metab 
L658:  55 ,  173 – 201 . 19752542
L659: 63. Smith SC Jr ,  Benjamin EJ ,  Bonow RO ,  et al  ( 2011 )  AHA/ACCF secondary prevention and risk reduction therapy for patients with coronary and other atherosclerotic vascular disease: 2011 update: a guideline from the American Heart Association and American College of Cardiology Foundation .  Circulation 
L660:  124 ,  2458 – 2473 . 22052934
L661: 64. Perk J ,  De Backer G ,  Gohlke H ,  et al  ( 2012 )  European Guidelines on cardiovascular disease prevention in clinical practice (version 2012). The fifth Joint Task Force of the European Society of Cardiology and Other Societies on Cardiovascular Disease Prevention in Clinical Practice (constituted by representatives of nine societies and by invited experts) .  Atherosclerosis 
L662:  223 ,  1 – 68 . 22698795
L663: 65. Miller M ,  Stone NJ ,  Ballantyne C ,  et al  ( 2011 )  Triglycerides and cardiovascular disease: a scientific statement from the American Heart Association .  Circulation 
L664:  123 ,  2292 – 2333 . 21502576
L665: 66. Kris-Etherton PM  &  Innis S ,  American Dietician Association 
L666:  et al  ( 2007 )  Position of the American Dietetic Association and Dietitians of Canada: dietary fatty acids .  J Am Diet Assoc 
L667:  107 ,  1599 – 1611 . 17936958
L668: 67. EFSA Panel on Dietetic Products Nutrition and Allergies (NDA)  ( 2010 )  Scientific opinion on dietary reference values for fats, including saturated fatty acids, polyunsaturated fatty acids, monounsaturated fatty acids, trans fatty acids, and cholesterol .  EFSA J 
L669:  8 (3),  1461 .
L670: 68. Nodari S ,  Triggiani M ,  Campia U ,  et al  ( 2011 )  
L671:  n -3 Polyunsaturated fatty acids in the prevention of atrial fibrillation recurrences after electrical cardioversion: a prospective, randomized study .  Circulation 
L672:  124 ,  1100 – 1106 . 21844082
L673: 69. Nodari S ,  Triggiani M ,  Manerba A ,  et al  ( 2011 )  Effects of supplementation with polyunsaturated fatty acids in patients with heart failure .  Intern Emerg Med 
L674:  6 ,  37 – 44 . 22009611
L675: 70. Moertl D ,  Hammer A ,  Steiner S ,  et al  ( 2011 )  Dose-dependent effects of omega-3-polyunsaturated fatty acids on systolic left ventricular function, endothelial function, and markers of inflammation in chronic heart failure of nonischemic origin: a double-blind, placebo-controlled, 3-arm study .  Am Heart J 
L676:  161 ,  915.e911–919 . 21570522
L677: 71. Miles EA  &  Calder PC  ( 2012 )  Influence of marine  n -3 polyunsaturated fatty acids on immune function and a systematic review of their effects on clinical outcomes in rheumatoid arthritis .  Br J Nutr 
L678:  107 ,  Suppl. 2 ,  S171 – S184 . 22591891
L679: 72. Koletzko B ,  Cetin I  &  Brenna JT  ( 2007 )  Dietary fat intakes for pregnant and lactating women .  Br J Nutr 
L680:  98 ,  873 – 877 . 17688705
L681: 73. Palmer DJ ,  Sullivan T ,  Gold MS ,  et al  ( 2012 )  Effect of  n -3 long chain polyunsaturated fatty acid supplementation in pregnancy on infants’ allergies in first year of life: randomised controlled trial .  BMJ 
L682:  344 ,  e184 . 22294737
L683: 74. Harvey N ,  Dhanwal D ,  Robinson S ,  et al  ( 2012 )  Does maternal long chain polyunsaturated fatty acid status in pregnancy influence the bone health of children? The Southampton Women’s Survey .  Osteoporos Int 
L684:  23 ,  2359 – 2367 . 22159749
L685: 75. Appleton KM ,  Rogers PJ  &  Ness AR  ( 2010 )  Updated systematic review and meta-analysis of the effects of  n -3 long-chain polyunsaturated fatty acids on depressed mood .  Am J Clin Nutr 
L686:  91 ,  757 – 770 . 20130098
L687: 76. Williams CD ,  Whitley BM ,  Hoyo C ,  et al  ( 2011 )  A high ratio of dietary  n -6/ n -3 polyunsaturated fatty acids is associated with increased risk of prostate cancer .  Nutr Res 
L688:  31 ,  1 – 8 . 21310299
L689: 77. Patterson E ,  Wall R ,  Fitzgerald GF ,  et al  ( 2012 )  Health implications of high dietary omega-6 polyunsaturated fatty acids .  J Nutr Metab 
L690:  2012 ,  539426 . 22570770
L691: 78. Harris PL  &  Embree ND  ( 1963 )  Quantitative consideration of the effect of polyunsaturated fatty acid content of the diet upon the requirements for vitamin E .  Am J Clin Nutr 
L692:  13 ,  385 – 392 . 14101400
L693: 79. Bieri JG  &  Poukka Evarts RH  ( 1972 )  Vitamin E nutrition in the Rhesus monkey .  Proc Soc Exp Biol Med 
L694:  140 ,  1162 – 1165 . 4626935
L695: 80. Witting LA  &  Horwitt MK  ( 1964 )  Effect of degree of fatty acid unsaturation in tocopherol deficiency-induced creatinuria .  J Nutr 
L696:  82 ,  19 – 33 . 14110936
L697: 81. Horwitt MK ,  Harvey CC ,  Duncan GD ,  et al  ( 1956 )  Effects of limited tocopherol intake in man with relationships to erythrocyte hemolysis and lipid oxidations .  Am J Clin Nutr 
L698:  4 ,  408 – 419 . 13339713
L699: 82. Horwitt MK  ( 1960 )  Vitamin E and lipid metabolism in man .  Am J Clin Nutr 
L700:  8 ,  451 – 461 . 14403270
L701: 83. Horwitt MK  ( 1974 )  Status of human requirements for vitamin E .  Am J Clin Nutr 
L702:  27 ,  1182 – 1193 . 4425250
L703: 84. Horwitt MK  ( 1986 )  Interpretations of requirements for thiamin, riboflavin, niacin-tryptophan, and vitamin E plus comments on balance studies and vitamin B-6 .  Am J Clin Nutr 
L704:  44 ,  973 – 985 . 3788844
L705: 85. Valk EE  &  Hornstra G  ( 2000 )  Relationship between vitamin E requirement and polyunsaturated fatty acid intake in man: a review .  Int J Vitam Nutr Res 
L706:  70 ,  31 – 42 . 10804454
L707: 86. Bieri JG  &  Evarts RP  ( 1973 )  Tocopherols and fatty acids in American diets. The recommended allowance for vitamin E .  J Am Diet Assoc 
L708:  62 ,  147 – 151 . 4686916
L709: 87. Dayton S ,  Hashimoto S ,  Rosenblum D ,  et al  ( 1965 )  Vitamin E status of humans during prolonged feeding of unsaturated fats .  J Lab Clin Med 
L710:  65 ,  739 – 747 . 14281370
L711: 88. Lewis JS  &  Alfin-Slater R  ( 1969 )  An E/PUFA ratio of 0.4 maintains normal plasma tocopherol levels in growing children .  Fed Proc 
L712:  28 ,  758 .
L713: 89. Witting LA  &  Lee L  ( 1975 )  Dietary levels of vitamin E and polyunsaturated fatty acids and plasma vitamin E .  Am J Clin Nutr 
L714:  28 ,  571 – 576 . 1130316
L715: 90. Allard JP ,  Kurian R ,  Aghdassi E ,  et al  ( 1997 )  Lipid peroxidation during  n -3 fatty acid and vitamin E supplementation in humans .  Lipids 
L716:  32 ,  535 – 541 . 9168460
L717: 91. Brown JE  &  Wahle KW  ( 1990 )  Effect of fish-oil and vitamin E supplementation on lipid peroxidation and whole-blood aggregation in man .  Clin Chim Acta 
L718:  193 ,  147 – 156 . 2282693
L719: 92. Wander RC ,  Du SH ,  Ketchum SO 
L720:  et al  ( 1996 )  Effects of interaction of RRR-alpha-tocopheryl acetate and fish oil on low-density-lipoprotein oxidation in postmenopausal women with and without hormone-replacement therapy .  Am J Clin Nutr 
L721:  63 ,  184 – 193 . 8561059
L722: 93. Haglund O ,  Luostarinen R ,  Wallin R ,  et al  ( 1991 )  The effects of fish oil on triglycerides, cholesterol, fibrinogen and malondialdehyde in humans supplemented with vitamin E .  J Nutr 
L723:  121 ,  165 – 169 . 1995786
L724: 94. Nair PP ,  Judd JT ,  Berlin E ,  et al  ( 1993 )  Dietary fish oil-induced changes in the distribution of alpha-tocopherol, retinol, and beta-carotene in plasma, red blood cells, and platelets: modulation by vitamin E .  Am J Clin Nutr 
L725:  58 ,  98 – 102 . 8317397
L726: 95. Julia C ,  Touvier M ,  Meunier N ,  et al  ( 2013 )  Intakes of PUFAs were inversely associated with plasma C-reactive protein 12 years later in a middle-aged population with vitamin E intake as an effect modifier .  J Nutr 
L727:  143 ,  1760 – 1766 . 24027184
L728: 96. Saboori S ,  Shab-Bidar S ,  Speakman JR ,  et al  ( 2015 )  Effect of vitamin E supplementation on serum C-reactive protein level: a meta-analysis of randomized controlled trials .  Eur J Clin Nutr 
L729:  69 ,  867 – 873 . 25669317
L730: 97. Guillot N ,  Caillet E ,  Laville M ,  et al  ( 2009 )  Increasing intakes of the long-chain omega-3 docosahexaenoic acid: effects on platelet functions and redox status in healthy men .  FASEB J 
L731:  23 ,  2909 – 2916 . 19443612
L732: 98. Vericel E ,  Colas R ,  Calzada C ,  et al  ( 2015 )  Moderate oral supplementation with docosahexaenoic acid improves platelet function and oxidative stress in type 2 diabetic patients .  Thromb Haemost 
L733:  114 ,  283 – 296 .
L734: 99. Muggli R  ( 1994 )  Physiological requirements of vitamin E as a function of the amount and type of polyunsaturated fatty acid .  World Rev Nutr Diet 
L735:  75 ,  166 – 168 . 7871821
L736: 100. Elmadfa I  &  Kornsteiner M  ( 2009 )  Dietary fat intake--a global perspective .  Ann Nutr Metab 
L737:  54 ,  Suppl. 1 ,  8 – 14 . 19641345
L738: 101. Micha R ,  Khatibzadeh S ,  Shi P ,  et al  ( 2014 )  Global, regional, and national consumption levels of dietary fats and oils in 1990 and 2010: a systematic analysis including 266 country-specific nutrition surveys .  BMJ 
L739:  348 ,  g2272 . 24736206
L740: 102. Linseisen J ,  Schulze MB ,  Saadatian-Elahi M ,  et al  ( 2003 )  Quantity and quality of dietary fat, carbohydrate, and fiber intake in the German EPIC cohorts .  Ann Nutr Metab 
L741:  47 ,  37 – 46 . 12624486
L742: 103. Witting LA  ( 1974 )  Vitamin E--polyunsaturated lipid relationship in diet and tissues .  Am J Clin Nutr 
L743:  27 ,  952 – 959 . 4416877
L744: 104. Witting LA  ( 1972 )  Recommended dietary allowance for vitamin E .  Am J Clin Nutr 
L745:  25 ,  257 – 261 . 4622193
L746: Acknowledgements
L747: All authors contributed equally to the conception of the manuscript. D. R. drafted the manuscript. All authors gave their input and approved the final version of the manuscript.
L748: D. R., A. W., P. W. and M. E. are employees of DSM Nutritional Products Ltd, a producer of vitamin E and PUFA. P. C. C. serves on the Scientific Advisory Board of DSM.
[27ms]

