L1: Efficacy of Vitamin and Antioxidant Supplements in Prevention of Esophageal Cancer: Meta-analysis of Randomized Controlled Trials
L2: Journal of Cancer Prevention (2013)
L3: Seung-Kwon Myung, Hyo Jin Yang
L4: 1 Department of Family Medicine, Hospital, National Cancer Center
L5: 2 Cancer Information & Education Branch, National Cancer Control Institute, National Cancer Center
L6: 3 Center for Cancer Prevention and Detection, Hospital, National Cancer Center, Goyang, Korea
L7: Background:
L8: Observational epidemiological studies have shown that higher intakes of vitamins or antioxidants were inversely associated with the risk of esophageal cancer. However, randomized controlled trials (RCTs) have reported no preventive efficacy of vitamin or antioxidant supplements on esophageal cancer. This meta-analysis aimed to investigate the efficacy of vitamin and antioxidant supplements in the prevention of esophageal cancer as reported by RCTs.
L9: Methods:
L10: We searched PubMed, EMBASE, and the Cochrane Library in May 2013. Two authors independently reviewed and selected eligible articles based on predetermined selection criteria.
L11: Results:
L12: Of 171 articles searched from three databases and relevant bibliographies, 10 RCTs were included in the final analyses. In a fixed-effect meta-analysis of 10 trials, there was no efficacy of vitamin and antioxidant supplements in the prevention of esophageal cancer (relative risk [RR], 1.04; 95% confidence interval [CI], 0.86–1.25; I 2 =0.0%). Also, subgroup meta-analyses showed that vitamin and antioxidant supplements had no preventive efficacy on esophageal cancer both in the high risk (RR, 1.04; 95% CI, 0.85–1.28; n=4) and non-high risk (RR, 1.01; 95% CI, 0.65–1.56; n=6) groups for esophageal cancer. Further, subgroup meta-analyses revealed no preventive efficacy on esophageal cancer by type of methodological quality and type of vitamin and antioxidant supplements.
L13: Conclusions:
L14: Unlike observational epidemiological studies, this meta-analysis of RCTs suggests that there is no clinical evidence to support the efficacy of vitamin and antioxidant supplements in the prevention of esophageal cancer.
L15: Original Article
L16: Vitamin supplements; Antioxidant supplements; Esophageal cancer; Randomized controlled trials; Meta-analysis
L17: INTRODUCTION
L18: According to GLOBOCAN 2008 published by the International Agency for Research on Cancer, esophageal cancer is the eighth most common cancer, with 3.8% of all cancer cases, and the sixth leading cause of death from cancer, with 5.4% of all cancer deaths worldwide estimated in 2008. 1  Along with genetic causes, lifestyle and environmental factors are considered to be important in the development of esophageal cancer. 2  Among lifestyle factors, fruits and vegetables are rich in vitamins or antioxidants, which may have anticarcinogenic activities by various mechanisms removing free radicals and inhibiting the formation of N-nitroso compounds. 2 – 4
L19: Previous epidemiological studies have investigated the association between the risk of esophageal cancer and the intake of fruits and vegetables rich in vitamins and antioxidants, and those findings are mixed. In 2006, a meta-analysis of 10 epidemiological studies (1 cohort and 9 case-control studies) suggested that higher consumption of vitamin C and beta-carotene was significantly associated with a decreased risk of esophageal adenocarcinoma with odds ratios of 0.49 and 0.46, respectively. 5
L20: In the meantime, several randomized controlled trials (RCTs) 6 – 15  have reported the association between vitamin or antioxidant supplements and the risk of esophageal cancer. However, no RCTs have suggested that there was any preventive efficacy of vitamin or antioxidant supplements on esophageal cancer. Further, there has been no quantitative meta-analysis of RCTs on this issue reported so far.
L21: The purpose of this study was to examine the quantitative preventive efficacy of vitamin and antioxidant supplements on esophageal cancer by using a meta-analysis of RCTs by type of vitamin or antioxidant supplements, methodological quality, and high risk or non-high risk groups for esophageal cancer.
L22: MATERIALS AND METHODS
L23: Data search
L24: We searched PubMed, EMBASE, and the Cochrane Library in May 2013, by using keywords related to vitamin and antioxidant supplements and esophageal cancer in RCTs. Also, the bibliographies of relevant articles were searched in order to locate additional studies. We used the following keywords for the literature search: “vitamin,” “antioxidant,” “beta-carotene,” or “selenium; and “esophageal cancer.”
L25: Selection criteria
L26: We included RCTs that reported the preventive efficacy of vitamin or antioxidant supplements on esophageal cancer. The main outcome measure was cancer incidence.
L27: Selection of relevant trials
L28: Two evaluators (Dr. Myung SK, Dr. Yang HJ) independently screened all the studies searched from the three databases. We tried to contact the authors of the articles with insufficient data. From the trials included in the final analysis, we extracted the following data: study name, journal, country, duration of supplement treatment and follow-up period (years), population (project name), supplement interventions, relative risk (RR) with 95% confidence intervals (CI), and number of cancer/number of participants in each intervention group.
L29: Main and subgroup analyses
L30: We examined the efficacy of vitamin and antioxidant supplements administered singly or in combination with other vitamin or antioxidant supplements on esophageal cancer, compared with placebo administration in all 10 trials. Also, we evaluated those efficacy by type of vitamin or antioxidant supplements, methodological quality, and high risk or non-high risk groups for esophageal cancer.
L31: Assessment of methodological quality
L32: We also evaluated the methodological quality of the trials by using the Jadad scale. 16  This 5-point scale consists of randomization (2 points), double-blind (2 points), and follow-up (dropouts and withdrawals; 1 point) in the report of a RCT. A trial with the score of 2 or less was considered as having low-quality, and the one with the score of 3 to 5 was considered as having high-quality.
L33: Statistical analyses
L34: The pooled RR with 95% CI was calculated on the basis of both the fixed- and random-effects models; the Mantel-Haenszel method was used in the fixed-effects model, and the DerSimonian and Laird method was used in the random-effects model. We estimated heterogeneity (between-studies variability) using the Higgins I 2  statistic, which measures the percentage of total variation across studies due to heterogeneity rather than chance. 17 , 18  I 2  was calculated as follows:
L35:  I 2 = 100 × ( Q - df ) / Q , where Q is Cochran’s heterogeneity statistic and df is the degrees of freedom corresponding to it. Cochran’s Q statistic was calculated as follows:
L36:  Q = Σ ( θ i - θ p ) 2 W i , where  θ i is the RR of each ith trial,  θ p is the pooled RR of all the trials, and wi is the inverse variance of each ith trial as a weight. Negative values of I 2  are set at zero so that I 2  ranges between 0% (no observed heterogeneity) and 100% (maximal heterogeneity). We considered an I 2  value greater than 50% as indicating substantial heterogeneity. When there was no substantial heterogeneity, we reported the pooled estimate calculated based on the fixed-effects model. When there was substantial heterogeneity, we reported the pooled estimate calculated based on the random-effects model.
L37: We estimated publication bias by using Begg’s funnel plot and Egger’s test. When the P-value was less than 0.05 by Egger’s test, the presence of a publication bias was considered. We used the Stata SE version 10.0 software package (StataCorp, College Station, Texas, USA) for statistical analysis.
L38: RESULTS
L39: Selection of trials
L40: A total of 171 articles were retrieved after searching three databases and relevant bibliographies ( Fig. 1 ). After excluding duplicated articles and reviewing articles based on those title and abstracts, we reviewed 24 articles with those full texts and then included 10 trials in the final analysis. We excluded 14 articles because of identical populations (n=7), insufficient data (n=4), and studies not relevant to our subject (n=3).
L41: General characteristics of trials
L42: A total of 126,828 subjects with the 70,959 vitamin and antioxidant supplement and 55,869 placebo groups from 10 RCTs. As shown in  Table 1 , the selected trials were published from 1985 through 2007, spanning 22 years. The countries in which the studies were performed were as follows: US (n=3), China (n=3), Finland (n=1), Canada (n=1), UK (n=1), and France (n=1). The periods of treatment and follow-up ranges between 2 and 10.1 years. All trials used placebos as a control group. The types of vitamin and antioxidant supplements were vitamin A, vitamin B2, Vitamin C, vitamin E, beta-carotene, and selenium.
L43: Efficacy of vitamin or antioxidant supplements in all 10 trials
L44: In a fixed-effects model meta-analysis of all 22 trials, there was no efficacy of vitamin and antioxidant supplements in the prevention of esophageal cancer (RR, 1.04; 95% CI, 0.86–1.25; I 2 =0.0%) ( Fig. 2 ). There was no evidence of publication bias in the selected studies (Egger’s test, P for bias=0.913; The Begg’s funnel plot was symmetrical) ( Fig. 3 ).
L45: Methodological quality of trials
L46: Table 2  shows the methodological quality of trials based on the Jadad scale. Eight trials received 4 or higher points and were classified as having a high quality, whereas two trials received 3 points and were classified as having a low quality.
L47: Subgroup meta-analyses by type of supplements
L48: In the subgroup meta-analyses by type of supplements based on the fixed-effect model, none of the antioxidant supplements had any significant preventive efficacy in the prevention of esophageal cancer: vitamin A (RR, 1.06; 95% CI, 0.86–1.30; n=3), vitamin B2 (RR, 1.33; 95% CI, 0.30–5.91; n=1), vitamin C (RR, 1.00; RR, 0.81–1.24: n=3), vitamin E (RR, 1.00; 95% CI, 0.81–1.22; n=6), folate (RR, 0.41; 95% CI, 0.02–9.76), beta-carotene (RR, 1.05; 95% CI, 0.87–1.27; n=7), and selenium (RR, 0.94; 95% CI, 0.74–1.18; n=3) ( Table 3 ).
L49: Subgroup meta-analyses by type of quality and risk group
L50: The subgroup meta-analyses by type of quality showed no preventive efficacy of vitamin and antioxidant supplements on esophageal cancer for both high quality (RR, 1.06; 95% CI, 0.87–1.28; n=8) and low quality (RR, 0.70; 95% CI, 0.31–1.61; n=2) trials. Similarly, no preventive efficacy was found in both high risk (RR, 1.04; 95% CI, 0.85–1.28; n=4) and non-high risk (RR, 1.01; 95% CI, 0.65–1.568; n=6) groups for esophageal cancer.
L51: DISCUSSION
L52: The current meta-analysis of RCTs found that there was no efficacy of vitamin and antioxidant supplements in the prevention of esophageal cancer. Further, subgroup analyses by type of supplements, methodological quality, and risk group for esophageal cancer revealed no preventive efficacy of those supplements.
L53: Our findings were inconsistent with those of previously published epidemiological studies and a meta-analysis of epidemiological studies, which had reported that people with the highest levels of antioxidant intake such as vitamin C or beta-carotene had an about 50% lower risk compared to those with lower levels of intake. 5
L54: There are several possible explanations for the inconsistent findings between observational epidemiological studies and RCTs. First, retrospective case-control studies are susceptible to recall and selection biases. 18  Esophageal cancer patients might recall wrongly their consumption of fruit and vegetables rich in vitamin and antioxidants. Even though they had have adequate intakes of fruit and vegetables long before their diagnosis of esophageal cancer, they might think incorrectly that they had consumed less foods because they had dyspepsia and loss of appetite due to cancer right before that diagnosis. Also, selection bias might affect the results because cases or controls are not representative of the population. Second, there are differences in functions and components between natural vitamin or antioxidants and synthetic ones. For example, synthetic alpha-tocopherol (all-rac-alpha-tocopherol), which is composed of equal amounts of the 8 different stereoisomers of alpha-tocopherol, is different from its natural form (RRR-alpha-tocopherol). 19  Also, the human body absorbs and excretes natural and synthetic vitamin E differently, and those biological activities are different. 19 , 20  As for beta-carotene, experimental studies reported that beta-carotene might play a potential protective role against cancer initiation. 21  However, it may act as a prooxidant in the presence of chronic oxidative stress such as smoking; this may induce the oxidation of beta-carotene and DNA oxidative damage and finally lead to lung cancer. 18 , 22
L55: Third, eliminating reactive oxygen species by antioxidant supplementation might interfere with several essential defensive mechanisms like apoptosis and detoxification and unexpectedly increase mortality. 23  Last, antioxidant supplements might have interdependency and show those efficacy only when given in combination. 24
L56: There are several limitations in our study. First, we were unable to include several recent RCTs 25 , 26  because data for esophageal cancer were not reported. Second, the statistical power of the current meta-analysis is very low because the incidence of esophageal cancer is very low, compared with other types of common cancers. Further lager RCTs are needed to confirm our findings. Last, we were unable to apply our findings to healthy populations. Of 10 trials, only two trials involved general healthy populations, while the remaining trials involved a history of certain diseases or high risk populations for esophageal cancer.
L57: In summary, unlike observational epidemiological studies, the current meta-analysis of RCTs found that there is no clinical evidence to support the efficacy of vitamin and antioxidant supplements in the prevention of esophageal cancer.
L58: Fig. 1. Flow diagram for identification of relevant studies.
L59: Fig. 2. Efficacy of vitamin and antioxidant supplements in prevention of esophageal cancer by a fixed-effect model meta-analysis of randomized controlled trials. RR, relative risk; CI, confidence interval; NIT, the nutrition intervention trial; NPC, the nutritional prevention of cancer study; HPS, the heart protection study; CARET, the beta-carotene and retinol efficacy trial; SUVIMAX, the supplemenatation en vitamines et mine-raux antioxydants; WHS, the women’s health study; ATBC, the alpha-tocopherol beta-carotene cancer prevention study.
L60: Fig. 3. Funnel plots and egger’s test for identifying publication bias (P=.913) in a meta-analysis of trials (n=9). RR, relative risk; SE, standard error.
L61: 1. Ferlay J Shin HR Bray F Forman D Mathers C Parkin DM Estimates of worldwide burden of cancer in 2008: GLOBOCAN 2008 Int J Cancer 2010 127 2893 917 21351269
L62: 2. Kubo A Corley DA Jensen CD Kaur R Dietary factors and the risks of oesophageal adenocarcinoma and Barrett’s oesophagus Nutr Res Rev 2010 23 230 46 20624335
L63: 3. Steinmetz KA Potter JD Vegetables, fruit, and cancer. II. Mechanisms Cancer Causes Control 1991 2 427 42 1764568
L64: 4. Mirvish SS Wallcave L Eagen M Shubik P Ascorbate-nitrite reaction: possible means of blocking the formation of carcinogenic N-nitroso compounds Science 1972 177 65 8 5041776
L65: 5. Kubo A Corley DA Meta-analysis of antioxidant intake and the risk of esophageal and gastric cardia adenocarcinoma Am J Gastroenterol 2007 102 2323 30 17581269
L66: 6. Munoz N Wahrendorf J Bang LJ Crespi M Thurnham DI Day NE No effect of riboflavine, retinol, and zinc on prevalence of precancerous lesions of oesophagus. Randomised double-blind intervention study in high-risk population of China Lancet 1985 2 111 4 2862315
L67: 7. Li JY Taylor PR Li B Dawsey S Wang GQ Ershow AG Nutrition intervention trials in Linxian, China: multiple vitamin/mineral supplementation, cancer incidence, and disease-specific mortality among adults with esophageal dysplasia J Natl Cancer Inst 1993 85 1492 8 8360932
L68: 8. Clark LC Combs GF Jr Turnbull BW Slate EH Chalker DK Chow J Effects of selenium supplementation for cancer prevention in patients with carcinoma of the skin. A randomized controlled trial. Nutritional Prevention of Cancer Study Group JAMA 1996 276 1957 63 8971064
L69: 9. Heart Protection Study Collaborative Group MRC/BHF Heart Protection Study of antioxidant vitamin supplementation in 20,536 high-risk individuals: a randomised placebo-controlled trial Lancet 2002 360 23 33 12114037
L70: 10. Zhu S Mason J Shi Y Hu Y Li R Wahg M The effect of folic acid on the development of stomach and other gastrointestinal cancers Chin Med J (Engl) 2003 116 15 9 12667380
L71: 11. Goodman GE Thornquist MD Balmes J Cullen MR Meyskens FL Jr Omenn GS The Beta-Carotene and Retinol Efficacy Trial: incidence of lung cancer and cardiovascular disease mortality during 6-year follow-up after stopping beta-carotene and retinol supplements J Natl Cancer Inst 2004 96 1743 50 15572756
L72: 12. Hercberg S Galan P Preziosi P Bertrais S Mennen L Malvy D The SU.VI.MAX Study: a randomized, placebo-controlled trial of the health effects of antioxidant vitamins and minerals Arch Intern Med 2004 164 2335 42 15557412
L73: 13. Bairati I Meyer F Gelinas M Fortin A Nabid A Brochet F A randomized trial of antioxidant vitamins to prevent second primary cancers in head and neck cancer patients J Natl Cancer Inst 2005 97 481 8 15812073
L74: 14. Lee IM Cook NR Gaziano JM Gordon D Ridker PM Manson JE Vitamin E in the primary prevention of cardiovascular disease and cancer: the Women’s Health Study: a randomized controlled trial JAMA 2005 294 56 65 15998891
L75: 15. Wright ME Virtamo J Hartman AM Pietinen P Edwards BK Taylor PR Effects of alpha-tocopherol and beta-carotene supplementation on upper aerodigestive tract cancers in a large, randomized controlled trial Cancer 2007 109 891 8 17265529
L76: 16. Jadad AR Moore RA Carroll D Jenkinson C Reynolds DJ Gavaghan DJ Assessing the quality of reports of randomized clinical trials: is blinding necessary? Control Clin Trials 1996 17 1 12 8721797
L77: 17. Higgins JP Thompson SG Quantifying heterogeneity in a meta-analysis Stat Med 2002 21 1539 58 12111919
L78: 18. Myung SK Kim Y Ju W Choi HJ Bae WK Effects of antioxidant supplements on cancer prevention: meta-analysis of randomized controlled trials Ann Oncol 2010 21 166 79 19622597
L79: 19. Kiyose C Muramatsu R Kameyama Y Ueda T Igarashi O Biodiscrimination of alpha-tocopherol stereoisomers in humans after oral administration Am J Clin Nutr 1997 65 785 9 9062530
L80: 20. Burton GW Traber MG Acuff RV Walters DN Kayden H Hughes L Human plasma and tissue alpha-tocopherol concentrations in response to supplementation with deuterated natural and synthetic vitamin E Am J Clin Nutr 1998 67 669 84 9537614
L81: 21. De Flora S Bagnasco M Vainio H Modulation of genotoxic and related effects by carotenoids and vitamin A in experimental models: mechanistic issues Mutagenesis 1999 14 153 72 10229917
L82: 22. Mayne ST Handelman GJ Beecher G Beta-Carotene and lung cancer promotion in heavy smokers--a plausible relationship? J Natl Cancer Inst 1996 88 1513 5 8901847
L83: 23. Bjelakovic G Nikolova D Gluud LL Simonetti RG Gluud C Mortality in randomized trials of antioxidant supplements for primary and secondary prevention: systematic review and meta-analysis JAMA 2007 297 842 57 17327526
L84: 24. Hercberg S Galan P Preziosi P Alfarez MJ Vazquez C The potential role of antioxidant vitamins in preventing cardiovascular diseases and cancers Nutrition 1998 14 513 20 9646292
L85: 25. Lin J Cook NR Albert C Zaharris E Gaziano JM Van Denburgh M Vitamins C and E and beta carotene supplementation and cancer risk: a randomized controlled trial J Natl Cancer Inst 2009 101 14 23 19116389
L86: 26. Gaziano JM Glynn RJ Christen WG Kurth T Belanger C MacFadyen J Vitamins E and C in the prevention of prostate and total cancer in men: the Physicians’ Health Study II randomized controlled trial JAMA 2009 301 52 62 19066368
L87: Seung-Kwon Myung is responsible for the initial plan, study design, data screening, data selection, data interpretation, statistical analysis, manuscript drafting, and for conducting the study.
L88: Hyo Jin Yang is responsible for data screening and data selection. SK Myung is the guarantor for this paper and has full responsibility for this study.
[23ms]

