L1: Vitamin C Supplementation Slightly Improves Physical Activity Levels and Reduces Cold Incidence in Men with Marginal Vitamin C Status: A Randomized Controlled Trial
L2: Nutrients (2014)
L3: Carol S. Johnston, Gillean M. Barkyoumb, Sara S. Schumacher
L4: 1 School of Nutrition and Health Promotion, Arizona State University, 500 N. 3rd St., Phoenix, AZ 85004, USA
L5: 2 Isagenix ®  International LLC, 2225 S. Price Rd., Chandler, AZ 85286, USA; E-Mail:  gillean.barkyoumb@isagenixcorp.com
L6: 3 Cancer Treatment Centers of America ® , 14200 W. Celebrate Life Way, Goodyear, AZ 85338, USA; E-Mail:  sara.schumacher@ctca-hope.com
L7: The early indications of vitamin C deficiency are unremarkable (fatigue, malaise, depression) and may manifest as a reduced desire to be physically active; moreover, hypovitaminosis C may be associated with increased cold duration and severity. This study examined the impact of vitamin C on physical activity and respiratory tract infections during the peak of the cold season. Healthy non-smoking adult men (18–35 years; BMI < 34 kg/m 2 ; plasma vitamin C < 45 µmol/L) received either 1000 mg of vitamin C daily ( n  = 15) or placebo ( n  = 13) in a randomized, double-blind, eight-week trial. All participants completed the Wisconsin Upper Respiratory Symptom Survey-21 daily and the Godin Leisure-Time Exercise Questionnaire weekly. In the final two weeks of the trial, the physical activity score rose modestly for the vitamin C group  vs.  placebo after adjusting for baseline values: +39.6% (95% CI [−4.5,83.7];  p  = 0.10). The number of participants reporting cold episodes was 7 and 11 for the vitamin C and placebo groups respectively during the eight-week trial (RR = 0.55; 95% CI [0.33,0.94];  p  = 0.04) and cold duration was reduced 59% in the vitamin C  versus  placebo groups (−3.2 days; 95% CI [−7.0,0.6];  p  = 0.06). These data suggest measurable health advantages associated with vitamin C supplementation in a population with adequate-to-low vitamin C status.
L8: Article
L9: vitamin C; physical activity; cold symptoms
L10: 1. Introduction
L11: Vitamin C status of American adults is adequate with mean plasma concentrations ranging from 49 to 58 µmol/L for men and women, respectively [ 1 , 2 ]. However, 22% of U.S. adults are believed to have below adequate vitamin C status (plasma concentrations < 28 µmol/L), and about 6% of the adult population is classified as vitamin C deficient (<11 µmol/L) [ 2 , 3 ]. Non-supplementing men (20–49 years) are particularly at risk of poor vitamin C status [ 2 ]. While overt scurvy is reported occasionally in medical literature, poor vitamin C status is commonly undiagnosed since the early symptoms are nonspecific and unremarkable (e.g., fatigue, malaise, depression, and irritability) [ 4 ]. The fatigue and weakness of early scurvy have been attributed to defective carnitine production and the resultant reduction in fat oxidation [ 5 , 6 , 7 ]. Furthermore, vitamin C is a cosubstrate for dopamine-β-monooxygenase, which converts the neurotransmitter dopamine to norepinephrine [ 8 ]. The results of deficient neurotransmitter conversions may contribute to the depression and mood swings characteristic of early scurvy.
L12: These feelings of fatigue and malaise may manifest as a reduced desire to be physically active. Early reports associated preclinical vitamin C deficiency with fatigue and aversion to exercise [ 9 , 10 , 11 ]. More recently, Pincemail  et al.  [ 12 ] evaluated nearly 900 healthy Belgian adults (40–60 years) and noted a 9% higher plasma vitamin C concentration in active individuals (those reporting physical activity two to three times a week)  versus  their inactive counterparts. However, there is little causal experimental evidence demonstrating an influence of vitamin C supplementation on daily physical activity.
L13: Vitamin C may also reduce cold duration and severity [ 13 ]; however, this association continues to be highly debated. The reduction in cold duration has been linked to immune system enhancement by vitamin C [ 14 ]; whereas, the reduction in cold severity may be explained by the antihistamine property of vitamin C [ 15 ]. The 2013 Cochrane Review on vitamin C for the treatment of the common cold, encompassing twenty-nine trials with 11,306 research participants, did not observe a benefit of vitamin C supplementation on the incidence of colds in the general population, but a clear benefit of vitamin C supplementation for reducing the incidence of colds for individuals at times of extreme physical stress was noted (RR 0.48; 95% CI 0.35 to 0.64) [ 16 ].
L14: The use of validated measures for assessing physical activity and respiratory tract symptoms is lacking in much of the published research on vitamin C supplementation and health outcomes. Furthermore, contradictions in the published research regarding benefits of vitamin C supplementation on common cold incidence and severity may be attributed in part to the vitamin C nutriture of the research participants at study entry [ 13 ]. The objective of this study was to determine the impact of vitamin C supplementation (1000 mg daily for eight weeks) on both physical activity levels and symptoms of upper respiratory tract infections in young men with marginal vitamin C status during the peak of the cold season (January to April). Validated measures, the Godin-Leisure Time Exercise Questionnaire and the Wisconsin Upper Respiratory Symptom Survey, were used to track change in physical activity and cold symptoms over the course of the trial.
L15: 2. Experimental Section
L16: 2.1. Participants
L17: Healthy, nonsmoking men ( n  = 43; 18–35 years; BMI < 34 kg/m 2 ) who did not engage in exercise training for competitive sports or use prescription medications were recruited from a large college campus in the Southwestern United States. Those regularly taking supplements or consuming foods fortified with over 60 mg vitamin C per serving were excluded. Qualifying volunteers provided written informed consent, and a postprandial venous blood sample (no food or drink with the exception of water for at least 5 h) was collected for vitamin C analysis. Individuals with plasma vitamin C concentrations less than 45 µmol/L were eligible to participate in the randomized study. These men ( n  = 30) were paired by age, BMI, and plasma vitamin C concentration and randomly assigned by a coin toss to the vitamin C group or the placebo group. The study was approved by the Institutional Review Board at Arizona State University and incorporates theses research conducted by Masters Students at Arizona State University [ 17 , 18 ]. This trial was not registered at an International Committee of Medical Journal Editors registry.
L18: 2.2. Study Design
L19: This randomized, double-blind, placebo-controlled study followed a parallel arm design and lasted eight weeks. Participants were instructed to restrict all juice or fruit-flavored drinks during the study period, and to ingest two capsules daily in a divided dose (morning and evening). Vitamin C capsules (500 mg vitamin C per capsule, Twinlab C-500 CAPS, American Fork, UT, USA) were identical in appearance to the placebo capsules that contained white flour. All capsules were packaged in re-sealable storage bags. The randomization was conducted by the lead investigator who did not have contact with participants or conduct data entry or blood analyses. Participants were provided a booklet at the start of the study that contained the Wisconsin Upper Respiratory Symptom Survey-21, the Godin Leisure-Time Exercise Questionnaire, and a short food frequency measure. Participants completed the symptom survey daily, and the exercise and food frequency measures were completed weekly. The booklets contained materials to cover a 4-week time frame. At study week 4, participants received a second booklet to complete during study weeks 5–8. Diet quality was assessed at baseline and week 8 using the Rapid Eating and Activity Assessment for Patients tool. Fasting venous blood samples were collected at study weeks 4 and 8 for vitamin C and histamine analyses. Body and fat mass were measured using a calibrated bioelectric impedance scale (TBF-300A Body Composition Analyzer, Tanita Corporation of America, Inc., Arlington Heights, IL, USA), and height was measured using a mechanical stadiometer. The study was conducted January through April 2011, and data were unblinded once blood analyses and data entry were complete.
L20: 2.3. Survey Measures
L21: The Wisconsin Upper Respiratory Symptom Survey-21 is a validated measure to assess the symptoms and impact of acute upper respiratory tract infections (presumed to be the common cold) [ 19 ]. Cold symptom severity (10 questions) and the impact of cold symptoms on daily living (9 questions) were assessed daily on a 7-point scale from “very mildly” to “severely”. Question scores were summed for each category to calculate the total symptom severity score and the total “impact of cold on daily living” score. For this research, a cold episode was defined as a daily score of 5 or greater for the symptom severity category, indicating either (1) the presence of five different “very mild” cold symptoms; (2) the presence of several different cold symptoms, some mild and some more moderate in severity; or (3) the presence of a single cold symptom at least moderate in severity. The duration of a cold was based on a daily score of 5 or greater on consecutive days. When two episodes of sickness were separated by one to three days when reported scores were <5, the episode was considered to be a single cold. Since some participants reported cold episodes on the first few days of the study, only cold episodes initiating after the 5th day of the study were counted. Cold duration (days), cold severity score (daily average), and the “impact of cold on daily living” score (daily average) were calculated for the reported cold episodes.
L22: Leisure-time physical activity levels were assessed using the Godin-Leisure Time Exercise Questionnaire that was designed to estimate the energy cost of activities, or metabolic equivalents (METS) [ 20 ]. This physical activity questionnaire is considered highly reliable and has been validated with objective measures of physical activity such as accelerometers and heart rate monitors [ 20 , 21 , 22 ]. The times per week that mild, moderate, or strenuous exercise were engaged were multiplied by 3, 5, and 9 METS respectively and summed to estimate total METS (kcal·kg −1 ·week −1 ). For reporting purposes, scores for METS were averaged every two weeks during the trial.
L23: The Rapid Eating and Activity Assessment for Patients (REAPS) tool was designed to rapidly assess diets according to the U.S. Dietary Guidelines [ 23 ]. The REAPS demonstrated strong agreement with the Block Semi Quantitative Food Frequency Questionnaire for fruits, vegetables, milk, and fat consumption [ 24 ]. The food frequency measure was composed of 10 fruit, vegetable, and fortified food categories that represent the common sources of dietary vitamin C. Portion size and weekly serving frequency were recorded and used to estimate daily dietary vitamin C intake.
L24: 2.4. Biosample Analyses
L25: A plasma aliquot was immediately mixed with equal volumes of ice-cold 10% trichloroacetic acid, centrifuged at 3500×  g  for 20 min at 0 °C, and the supernatant stored at −80 °C until analysis for vitamin C using the 2,4-dinitrophenylhydrazine colorimetric method [ 25 ] with inter-analyses coefficients of variation averaging <2.8%. This analysis highly correlates with HPLC methodology when fasting blood samples are used [ 26 ]. For histamine analysis, plasma was treated with an acylation reagent, and the acylated histamine was quantified using a commercial enzyme immunoassay kit (ALPCO Immunoassays, Salem, NH, USA).
L26: 2.5. Statistical Analysis
L27: Values are expressed as the mean ± SD, and all data analyses were conducted using PASW Statistics 19.0 (Predictive Analytics SoftWare Statistics package, IBM, 2009). Based on pilot data, a sample of 15 participants per group provided 75% power to detect an 11 µmol/L difference in plasma vitamin C. Differences between means were examined using the nonparametric Mann-Whitney  U  test. Average change in outcome measures, 95% CI, and partial eta squared effect size (η2partial) were calculated using Univariate Analyses. Effect size describes the magnitude of the difference between variables and are interpreted as small (<0.02), medium (0.13) and large (>0.26). Pearson correlation was used to examine relationships between variables, and the rate ratio (RR) is reported for cold outcomes in the vitamin C supplemented group in comparison to the control group. For all analyses, significance was set at  p  ≤ 0.05.
L28: 3. Results
L29: Participants were apparently healthy men. Plasma vitamin C concentrations were below adequate (<28 µmol/L) for 14 of 30 participants, and two participants were vitamin C deficient (plasma vitamin C < 11 µmol/L). Participants were paired by age, BMI and plasma vitamin C concentration and randomly assigned to the vitamin C ( n  = 15) or placebo ( n  = 15) groups. One participant randomized to the placebo group was non-compliant with the capsule protocol and removed from the trial after several weeks. An additional participant (also from the placebo group) reported a severe cold that lasted for the first 24 days of the trial, and his data were not entered into the analyses leaving 15 participants in the vitamin C group and 13 participants in the placebo group. Participants did not report any side effects with capsule ingestion. Baseline characteristics did not vary between groups for those participants who completed the trial with the exception of physical activity level ( Table 1 ). At baseline vitamin C concentrations were inversely correlated with body weight ( r  = −0.597;  p  = 0.002), BMI ( r  = −0.523;  p  = 0.004), and body fat percentage ( r  = −0.623;  p  < 0.001). Aside from correlations between the adiposity measures, no other significant correlations were noted among baseline characteristics.
L30: Table 1 Baseline characteristics by group *.
L31: Fasting plasma vitamin C concentrations were raised significantly for the vitamin C group  versus  the placebo group at week 4 (41.3 ± 10.9  versus  30.8 ± 11.4 µmol/L;  p  = 0.02) and at week 8 (42.1 ± 10.4  versus  33.9 ± 10.9 µmol/L;  p  = 0.05). Diet quality did not change significantly between groups at week 8 (REAPS scores, 32.0 ± 3.4 and 30.5 ± 4.7 for the vitamin C and placebo groups respectively); furthermore, dietary vitamin C did not differ significantly between groups during the trial (average weekly intake, 93 ± 36 and 103 ± 53 mg/day for the vitamin C and placebo groups respectively).
L32: Physical activity increased slightly in the vitamin C group compared to the placebo group in the first four weeks of the trial (+6.2% to +7.5%;  p  ≥ 0.7); however, at weeks 5–6 and weeks 7–8, physical activity increase more markedly in the vitamin C  versus  placebo groups (+21.2%, 95% CI [−23.7, 66.1],  p  = 0.3 and +39.6%, 95% CI [−4.5, 83.7],  p  = 0.10, respectively) ( Table 2 ).
L33: Table 2 The energy cost of activities, or metabolic equivalents (METS; kcal·kg −1 ·week −1 ) in participants ingesting vitamin C (1000 mg) or placebo daily for eight weeks. The data are averaged at two-week intervals and presented as the mean value; the percent increase from baseline with 95% CI; and the treatment effect *.
L34: The number of participants reporting cold episodes was 7 and 11 for the vitamin C supplemented  versus  placebo groups respectively during the eight-week trial (RR = 0.55, 95% CI [0.33, 0.94],  p  = 0.04) ( Table 3 ). The total number of reported colds was 12 and 17 for the vitamin C  versus  placebo groups (RR = 0.66, 95% CI [0.28, 1.55],  p  = 0.11). Cold duration was reduced 59% in the vitamin C  versus  placebo groups (−3.2 days, 95% CI [−7.0, 0.6];  p  = 0.06). Cold severity scores and “impact of cold on daily living” scores did not differ between groups ( Table 2 ). The overall mean symptom severity score of participants was not related to the average change in weekly METS during the 8-week trial.
L35: Table 3 Cold outcomes in participants ingesting 1000 mg vitamin C  versus  placebo daily for eight weeks *.
L36: Histamine concentrations did not correlate significantly with plasma vitamin C concentrations at week 8 of the study ( r  = −0.246,  p  = 0.207), and histamine concentrations were not impacted by eight weeks of vitamin C supplementation (0.667 ± 0.628 and 0.356 ± 0.2427 ng/mL at baseline  versus  0.639 ± 0.277 and 0.431 ± 0.298 ng/mL at week 8 for the vitamin C and placebo groups respectively;  p  = 0.8 for eight-week change by group). However, histamine concentrations at week 8 were significantly correlated to the average daily cold severity score ( r  = 0.653,  p  = 0.003). Vitamin C concentrations at week 4 and at week 8 were also correlated to the average daily cold severity score ( r  = −0.711,  p  = 0.001 and  r  = −0.618,  p  = 0.006, respectively).
L37: 4. Discussion
L38: These data demonstrate a measureable benefit of vitamin C supplementation for reducing cold episodes in young men with low to average vitamin C status. In addition, the data suggest a modest benefit of vitamin C supplementation for enhancing weekly activity levels in young men. Several large, cross-sectional investigations support a link between vitamin C status and physical activity and corroborate early reports that associated preclinical vitamin C deficiency with fatigue and aversion to exercise [ 9 , 10 , 11 , 27 ]. However, there is little causal experimental evidence demonstrating the influence of vitamin C supplementation on daily physical activity. Placebo-controlled intervention studies have documented increased work efficiency during exercise [ 7 ] and reduced perception of effort during exercise [ 28 ] in vitamin C supplementing untrained adults—characteristics that could possibly inspire physical activity. The role of vitamin C in promoting physical activity may relate to its antioxidant properties since oxidative stress is related to fatigue [ 29 , 30 ]. Vitamin C also possesses neuroprotective properties and influences the brain’s oxidative fuel supply [ 31 ], processes that may influence a sense of wellbeing.
L39: The marked reduction in cold incidence and cold duration in young men ingesting vitamin C supplements adds to a large, and controversial, literature on vitamin C and prevention of the common cold. In 1975 Chalmers reviewed eight trials and concluded that there was no benefit of vitamin C supplementation for reducing the incidence or severity of colds [ 32 ]; however, critics reanalyzed these data and concluded that, although the incidence of colds was not impacted, vitamin C supplementation did significantly reduce the duration of colds by 21% [ 33 ]. Recent systematic reviews on vitamin C and the common cold agree that although the incidence of infections does not appear to be impacted by vitamin C, vitamin C supplementation is associated with reduced severity and duration of colds [ 34 , 35 ]. The most recent Cochrane review on vitamin C and colds examined 29 placebo-controlled trials that supplemented at least 200 mg vitamin C daily and concluded that vitamin C did not reduce the incidence of colds in the general population; however, in stressed populations, such as marathon runners and soldiers, cold incidence was reduced 52% [ 16 ]. Furthermore, the review showed that the duration of colds was shortened significantly, 8% and 14% for adults and children respectively. Based on the evidence to date, it may be that only populations with low vitamin C status, or those experiencing extreme physical exertion or cold stress, may experience anti-cold benefits of supplemental vitamin C.
L40: A specific anti-cold mechanism of vitamin C has not been elucidated but may relate to immune-enhancement orchestrated by vitamin C such as improved natural killer cell activities [ 36 ] or improved lymphocyte proliferation or chemotaxis [ 37 , 38 ]. Although cold duration was impacted by vitamin C supplementation in the present trial, vitamin C did not reduce cold symptom severity as has been reported in the systematic reviews. Both the antioxidant and antihistamine properties of vitamin C have been implicated in cold symptom relief since oxidative stress and histamine contribute to cold severity [ 39 , 40 ]. Interestingly, histamine and vitamin C concentrations were correlated with cold symptom severity during the eight-week trial; however, vitamin C supplementation did not alter circulating histamine levels in this sample.
L41: This study is limited by the small sample size. Although participants were screened for purposeful exercise and participation in competitive sports, routine physical activity levels did differ significantly between groups at baseline limiting the interpretation of the physical activity outcome data. A common cold episode was arbitrarily defined in this report, and these data may not be easily compared between reports. By design, this study was conducted in winter months and included only men with low-to-adequate vitamin C status; hence, generalizability of these results can only be extended to similar populations and season.
L42: 5. Conclusions
L43: These data suggest that measurable health advantages are associated with vitamin C supplementation in men with adequate-to-low vitamin C status. This simple dietary strategy to promote physical activity and physical health merits further research and the consideration of health practitioners.
L44: 1. Pfeiffer C.M. Sternberg M.R. Schleicher R.L. Rybak M.E. 
L45:  Dietary supplement use and smoking are important correlates of biomarkers of water-soluble vitamin status after adjusting for sociodemographic and lifestyle variables in a representative sample of U.S. adults 
L46:  J. Nutr. 
L47:  2013 
L48:  143 
L49:  957S 
L50:  965S 
L51:  10.3945/jn.112.173021 
L52:  23576641
L53: 2. Schleicher R.L. Carroll M.D. Ford E.S. Lacher D.A. 
L54:  Serum vitamin C and the prevalence of vitamin C deficiency in the United States: 2003–2004 National Health and Nutrition Examination Survey (NHANES) 
L55:  Am. J. Clin. Nutr. 
L56:  2009 
L57:  90 
L58:  1252 
L59:  1263 
L60:  10.3945/ajcn.2008.27016 
L61:  19675106
L62: 3. Pfeiffer C.M. Sternberg M.R. Schleicher R.L. Haynes B.M. Rybak M.E. Pirkle J.L. 
L63:  The CDC’s Second National Report on Biochemical Indicators of Diet and Nutrition in the U.S. Population is a valuable tool for researchers and policy makers 
L64:  J. Nutr. 
L65:  2013 
L66:  143 
L67:  938S 
L68:  947S 
L69:  23596164
L70: 4. Ben-Zvi G.T. Tidman M.J. 
L71:  Be vigilant for scurvy in high-risk groups 
L72:  Practitioner 
L73:  2012 
L74:  256 
L75:  23 
L76:  25 
L77:  23214273
L78: 5. Hughes R.E. Hurley R.J. Jones E. 
L79:  Dietary ascorbic acid and muscle carnitine (beta-OH-gamma-(trimethylamino) butyric acid) in guinea-pigs 
L80:  Br. J. Nutr. 
L81:  1980 
L82:  43 
L83:  385 
L84:  387 
L85:  10.1079/BJN19800102 
L86:  7378344
L87: 6. Ha T.Y. Otsuka M. Arakawa N. 
L88:  Ascorbate indirectly stimulates fatty acid utilization in primary cultured guinea pig hepatocytes by enhancing carnitine synthesis 
L89:  J. Nutr. 
L90:  1994 
L91:  124 
L92:  732 
L93:  737 
L94:  8169666
L95: 7. Johnston C.S. Corte C. Swan P.D. 
L96:  Marginal vitamin C status is associated with reduced fat oxidation during submaximal exercise in young adults 
L97:  Nutr. Metab. (Lond.) 
L98:  2006 
L99:  3 
L100:  35 
L101:  10.1186/1743-7075-3-35 
L102:  16945143
L103: 8. Wimalasena K. Wimalasena D.S. 
L104:  The reduction of membrane-bound dopamine beta-monooxygenase in resealed chromaffin granule ghosts. Is intragranular ascorbic acid a mediator for extragranular reducing equivalents? 
L105:  J. Biol. Chem. 
L106:  1995 
L107:  270 
L108:  27516 
L109:  27524 
L110:  10.1074/jbc.270.46.27516 
L111:  7499210
L112: 9. Crandon J.H. Lund C.G. Dill D.B. 
L113:  Experimental human scurvy 
L114:  N. Engl. J. Med. 
L115:  1940 
L116:  223 
L117:  353 
L118:  369 
L119:  10.1056/NEJM194009052231001
L120: 10. Hodges R.E. Baker E.M. Hood J. Sauberlich H.E. March S.C. 
L121:  Experimental scurvy in man 
L122:  Am. J. Clin. Nutr. 
L123:  1969 
L124:  22 
L125:  535 
L126:  548 
L127:  4977512
L128: 11. Cheraskin E. Ringsdorf W.M. Medford F.H. 
L129:  Daily vitamin C consumption and fatigability 
L130:  J. Am. Geriatr. Soc. 
L131:  1976 
L132:  24 
L133:  136 
L134:  137 
L135:  765389
L136: 12. Pincemail J. Vanbelle S. Degrune F. Cheramy-Bien J.P. Charlier C. Chapelle J.P. Giet D. Collette G. Albert A. Defraigne J.O. 
L137:  Lifestyle behaviours and plasma vitamin C and β-carotene levels from the ELAN population (Liège, Belgium) 
L138:  J. Nutr. Metab. 
L139:  2011 
L140:  2011 
L141:  494370 
L142:  10.1155/2011/494370 
L143:  21437178
L144: 13. Hemilä H. 
L145:  Vitamin C intake and susceptibility to the common cold 
L146:  Br. J. Nutr. 
L147:  1997 
L148:  77 
L149:  59 
L150:  72 
L151:  10.1017/S0007114500002889 
L152:  9059230
L153: 14. Wintergerst E.S. Maggini S. Hornig D.H. 
L154:  Immune-enhancing role of vitamin C and zinc and effect on clinical conditions 
L155:  Ann. Nutr. Metab. 
L156:  2006 
L157:  50 
L158:  85 
L159:  94 
L160:  16373990
L161: 15. Uchida K. Mitsui M. Kawakishi S. 
L162:  Monooxygenation of  N -acetylhistamine mediated by  l -ascorbate 
L163:  Biochim. Biophys. Acta 
L164:  1989 
L165:  99 
L166:  377 
L167:  379 
L168:  10.1016/0304-4165(89)90131-1 
L169:  2719978
L170: 16. Hemilä H. Chalker E. 
L171:  Vitamin C for preventing and treating the common cold 
L172:  Cochrane Database Syst. Rev. 
L173:  2013 
L174:  1 
L175:  CD000980 
L176:  10.1002/14651858.CD000980.pub4 
L177:  23440782
L178: 17. Schumacher S. 
L179:  Plasma Vitamin C Supplementation and Physical Activity in Young Men 
L180:  Master’s thesis 
L181:  Arizona State University 
L182:  Tempe, USA 
L183:  August 2011
L184: 18. Osterday G. 
L185:  Vitamin C and Treating the Common Cold 
L186:  Master’s thesis 
L187:  Arizona State University 
L188:  Tempe, USA 
L189:  July 2011
L190: 19. Barrett B. Brown R.L. Mundt M.P. Thomas G.R. Barlow S.K. Highstrom A.D. Bahrainian M. 
L191:  Validation of a short form Wisconsin Upper Respiratory Symptom Survey (WURSS-21) 
L192:  Health Qual. Life Outcomes 
L193:  2009 
L194:  7 
L195:  76 
L196:  10.1186/1477-7525-7-76 
L197:  19674476
L198: 20. Godin G. Shephard R.J. 
L199:  A simple method to assess exercise behavior in the community 
L200:  Can. J. Appl. Sport Sci. 
L201:  1985 
L202:  10 
L203:  141 
L204:  146 
L205:  4053261
L206: 21. Sallis J.F. Buono M.J. Roby J.J. Micale F.G. Nelson J.A. 
L207:  Seven-day recall and other physical activity self-reports in children and adolescents 
L208:  Med. Sci. Sports Exerc. 
L209:  1993 
L210:  25 
L211:  99 
L212:  108 
L213:  10.1249/00005768-199301000-00014 
L214:  8423762
L215: 22. Miller D.J. Freedson P.S. Kline G.M. 
L216:  Comparison of activity levels using the Caltrac accelerometer and five questionnaires 
L217:  Med. Sci. Sports Exerc. 
L218:  1994 
L219:  26 
L220:  376 
L221:  382 
L222:  8183104
L223: 23. Gans K.M. Ross E. Barner C.W. Wylie-Rosett J. McMurray J. Eaton C. 
L224:  REAP and WAVE: New tools to rapidly assess/discuss nutrition with patients 
L225:  J. Nutr. 
L226:  2003 
L227:  133 
L228:  556S 
L229:  562S 
L230:  12566502
L231: 24. Gans K.M. Risica P.M. Wylie-Rosett J. Ross E.M. Strolla L.O. McMurray J. Eaton C.B. 
L232:  Development and evaluation of the nutrition component of the Rapid Eating and Activity Assessment for Patients (REAP): A new tool for primary care providers 
L233:  J. Nutr. Educ. Behav. 
L234:  2006 
L235:  38 
L236:  286 
L237:  292 
L238:  10.1016/j.jneb.2005.12.002 
L239:  16966049
L240: 25. Omaye S.T. Turnbull J.D. Sauberlich H.E. 
L241:  Selected methods for the determination of ascorbic acid in animal cells, tissues, and fluids 
L242:  Methods Enzymol. 
L243:  1979 
L244:  62 
L245:  3 
L246:  11 
L247:  10.1016/0076-6879(79)62181-X 
L248:  440112
L249: 26. Sauberlich H.E. Kretsch M.J. Taylor P.C. Johnson H.L. Skala J.H. 
L250:  Ascorbic acid and erythorbic acid metabolism in nonpregnant women 
L251:  Am. J. Clin. Nutr. 
L252:  1989 
L253:  50 
L254:  1039 
L255:  1049 
L256:  2816788
L257: 27. Ottevaere C. Huybrechts I. Béghin L. Cuenca-Garcia M. de Bourdeaudhuij I. Gottrand F. Hagströmer M. Kafatos A. Le Donne C. Moreno L.A. 
L258:  Relationship between self-reported dietary intake and physical activity levels among adolescents: The HELENA study 
L259:  Int. J. Behav. Nutr. Phys. Act. 
L260:  2011 
L261:  8 
L262:  8 
L263:  10.1186/1479-5868-8-8 
L264:  21294914
L265: 28. Huck C.J. Johnston C.S. Beezhold B.L. Swan P.D. 
L266:  Vitamin C status and perception of effort during exercise in obese adults adhering to a calorie-reduced diet 
L267:  Nutrition 
L268:  2013 
L269:  29 
L270:  42 
L271:  45 
L272:  10.1016/j.nut.2012.01.021 
L273:  22677357
L274: 29. Norheim K.B. Jonsson G. Omdal R. 
L275:  Biological mechanisms of chronic fatigue 
L276:  Rheumatology (Oxf.) 
L277:  2011 
L278:  50 
L279:  1009 
L280:  1018 
L281:  10.1093/rheumatology/keq454
L282: 30. Van Zuiden M. Kavelaars A. Amarouchi K. Maas M. Vermetten E. Geuze E. Heijnen C.J. 
L283:  IL-1β reactivity and the development of severe fatigue after military deployment: A longitudinal study 
L284:  J. Neuroinflammation 
L285:  2012 
L286:  9 
L287:  205 
L288:  10.1186/1742-2094-9-205 
L289:  22908999
L290: 31. Castro M.A. Beltrán F.A. Brauchi S. Concha I.I. 
L291:  A metabolic switch in brain: Glucose and lactate metabolism modulation by ascorbic acid 
L292:  J. Neurochem. 
L293:  2009 
L294:  110 
L295:  423 
L296:  440 
L297:  10.1111/j.1471-4159.2009.06151.x 
L298:  19457103
L299: 32. Chalmers T.C. 
L300:  Effects of ascorbic acid on the common cold. An evaluation of the evidence 
L301:  Am. J. Med. 
L302:  1975 
L303:  58 
L304:  532 
L305:  536 
L306:  10.1016/0002-9343(75)90127-8 
L307:  1092164
L308: 33. Hemilä H. Herman Z.S. 
L309:  Vitamin C and the common cold: A retrospective analysis of Chalmers’ review 
L310:  J. Am. Coll. Nutr. 
L311:  1995 
L312:  14 
L313:  116 
L314:  123 
L315:  10.1080/07315724.1995.10718483 
L316:  7790685
L317: 34. Nahas R. Balla A. 
L318:  Complementary and alternative medicine for prevention and treatment of the common cold 
L319:  Can. Fam. Physician 
L320:  2011 
L321:  57 
L322:  31 
L323:  36 
L324:  21322286
L325: 35. Heimer K.A. Hart A.M. Martin L.G. Rubio-Wallace S. 
L326:  Examining the evidence for the use of vitamin C in the prophylaxis and treatment of the common cold 
L327:  J. Am. Acad. Nurse Pract. 
L328:  2009 
L329:  21 
L330:  295 
L331:  300 
L332:  10.1111/j.1745-7599.2009.00409.x 
L333:  19432914
L334: 36. Heuser G. Vojdani A. 
L335:  Enhancement of natural killer cell activity and T and B cell function by buffered vitamin C in patients exposed to toxic chemicals: The role of protein kinase-C 
L336:  Immunopharmacol. Immunotoxicol. 
L337:  1997 
L338:  19 
L339:  291 
L340:  312 
L341:  10.3109/08923979709046977 
L342:  9248859
L343: 37. Boxer L.A. Vanderbilt B. Bonsib S. Jersild R. Yang H.H. Baehner R.L. 
L344:  Enhancement of chemotactic response and microtubule assembly in human leukocytes by ascorbic acid 
L345:  J. Cell Physiol. 
L346:  1979 
L347:  100 
L348:  119 
L349:  126 
L350:  10.1002/jcp.1041000112 
L351:  468916
L352: 38. Anderson R. Oosthuizen R. Maritz R. Theron A. van Rensburg A.J. 
L353:  The effects of increasing weekly doses of ascorbate on certain cellular and humoral immune functions in normal volunteers 
L354:  Am. J. Clin. Nutr. 
L355:  1980 
L356:  33 
L357:  71 
L358:  76 
L359:  7355784
L360: 39. Garofalo R.P. Kolli D Casola A. 
L361:  Respiratory syncytial virus infection: Mechanisms of redox control and novel therapeutic opportunities 
L362:  Antioxid. Redox Signal. 
L363:  2013 
L364:  18 
L365:  186 
L366:  217 
L367:  22799599
L368: 40. Johnston C.S. 
L369:  The antihistamine action of ascorbic acid 
L370:  Subcell Biochem. 
L371:  1996 
L372:  25 
L373:  189 
L374:  213 
L375:  10.1007/978-1-4613-0325-1_10 
L376:  8821975
L377: Acknowledgments
L378: The authors thank Ginger Hook, Registered Nurse, for technical assistance.
[26ms]

