L1: Can supplementation with vitamin C and E alter physiological adaptations to strength training?
L2: BMC Sports Science, Medicine and Rehabilitation (2014)
L3: Gøran Paulsen, Kristoffer T Cumming, Håvard Hamarsland, Elisabet Børsheim, Sveinung Berntsen, Truls Raastad
L4: 1 Department of Physical Performance, Norwegian School of Sport Sciences, Oslo, Norway
L5: 2 Norwegian Olympic Sport Center, Oslo, Norway
L6: 3 University of Arkansas for Medical Sciences, Arkansas Children’s Nutrition Center, Arkansas Children’s Hospital Research Institute, Little Rock, Arkansas, USA
L7: 4 Department of Public Health, Sport and Nutrition, Faculty of Health and Sport Sciences, University of Agder, Kristiansand, Norway
L8: Background
L9: Antioxidant supplementation has recently been demonstrated to be a double-edged sword, because small to moderate doses of exogenous antioxidants are essential or beneficial, while high doses may have adverse effects. The adverse effects can be manifested in attenuated effects of exercise and training, as the antioxidants may shut down some redox-sensitive signaling in the exercised muscle fibers. However, conditions such as age may potentially modulate the need for antioxidant intake. Therefore, this paper describes experiments for testing the hypothesis that high dosages of vitamin C (1000 mg/day) and E (235 mg/day) have negative effects on adaptation to resistance exercise and training in young volunteers, but positive effects in older men.
L10: Methods/design
L11: We recruited a total of 73 volunteers. The participants were randomly assigned to receiving either vitamin C and E supplementation or a placebo. The study design was double-blinded, and the participants followed an intensive training program for 10–12 weeks. Tests and measurements aimed at assessing changes in physical performance (maximal strength) and physiological characteristics (muscle mass), as well as biochemical and cellular systems and structures (e.g., cell signaling and morphology).
L12: Discussion
L13: Dietary supplements, such as vitamin C and E, are used by many people, especially athletes. The users often believe that high dosages of supplements improve health (resistance to illness and disease) and physical performance. These assumptions are, however, generally not supported in the scientific literature. On the contrary, some studies have indicated that high dosages of antioxidant supplements have negative effects on exercise-induced adaptation processes. Since this issue concerns many people and few randomized controlled trials have been conducted in humans, further studies are highly warranted.
L14: Trial registration
L15: ACTRN12614000065695
L16: Study Protocol
L17: Protocol paper; Antioxidants; Muscle mass; Muscle strength; 1 repetition maximum
L18: Background
L19: Exercise and training have indisputably demonstrated impressive potential in inducing physiological adaptations in both the cardiovascular and muscular systems [ 1 - 4 ]. Nonetheless, researchers still strive to elucidate the most efficient ways to exercise for certain adaptations, such as increased strength and endurance. A prerequisite for optimal effects of training is adequate nutrition, and indeed, the intake of certain types and amounts of macro- and micro-nutrients may modulate the effects of training [ 5 ]. Whey protein and creatine supplementation are two examples [ 6 , 7 ]. Antioxidants constitute a central group of micro-nutrients. Several studies have been conducted to explore their effects on health, physical performance, exercise and training [ 8 - 13 ]. The human body definitely requires a variety of antioxidants, but an unanswered question is whether it is beneficial or not to supplement the diet with isolated, highly concentrated antioxidant products, such as vitamin C and E pills [ 10 , 14 ].
L20: Supplementation with different types of antioxidants has been variably shown to have positive effects, no effect, and even negative effects on training adaptation [ 10 , 15 - 17 ]. Because intensive exercise generates stress in the working muscles [ 16 ], it seems logical that antioxidant supplementation could beneficially reduce this stress. On the other hand, it has become clear that cellular stress, which includes increased production of free radicals and oxidative stress, in fact works as a signal to induce important adaptions in muscle cells, including mitochondrial biogenesis and myofiber hypertrophy [ 13 , 18 ]. Thus, if the cells are exposed to high levels of antioxidants this signaling may be blunted or blocked, which in turn may inhibit physiological adaptations. In line with this, Makanae et al. [ 19 ] recently reported that high dosages of vitamin C attenuated hypertrophy of overloaded plantaris muscles in rats. The diminished muscle growth appeared to be related to reduced overload-induced phosphorylation of p70S6K. Similar human studies are currently lacking, but Morales-Alamo et al. [ 20 ] have recently reported that an antioxidant mix (vitamin C, E and alpha-lipoic acid) blunted the activation of Ca 2+ /calmodulin-dependent protein kinase II (CaMKII) and AMP-activated protein kinase after maximal sprint exercise. Such signaling could be important for initiating training adaptation, and could explain the abolished training effects observed in anaerobic training combined with antioxidant supplementation (Q-10; [ 21 ]).
L21: Hitherto, most investigations on antioxidant supplementation and training in humans have focused on endurance training (for reviews, see [ 10 , 15 , 22 ]). Only three human training studies have applied a high-force, resistance mode of exercise; i.e., traditional strength training [ 23 , 24 ] and eccentric exercise [ 25 ]. In a study by Theodorou et al. [ 25 ], no effects of vitamin C and E supplementation (1000 mg and 400 IU, respectively) were found on either recovery after eccentric exercise or adaptation to 4 weeks of eccentric training. Chuin et al. [ 24 ] supplemented elderly women (Vitamin C: 1000 mg/d, vitamin E: 600 IU/d) who concomitantly participated in strength training or control groups. The authors only reported results on bone mineral content (BMC), which allegedly was preserved better with C and E vitamin supplementation, but there was no interaction between training and supplementation. Bobeuf et al. [ 23 ] observed that vitamin C (1000 mg/d) and E (400 IU/d) supplementation affected neither body composition nor strength gain in elderly participants. Notably, Bobeuf et al. found no clear muscle gain in the placebo group, which means that the antioxidant effect on muscle growth is uncertain.
L22: The effect of antioxidant supplementation and exercise in elderly individuals is indeed elusive. However, Ryan et al. [ 26 ] observed that vitamin C and E supplementation improved concentric work capacity in old rats, but not young rats. This suggests that antioxidant supplementation could exert different effects in young and aged muscles; possibly because of low levels of inflammation and augmented oxidative stress levels in aged muscles [ 27 , 28 ]. Consequently, aged muscles seem more likely to respond positively to antioxidant supplementation [ 29 ].
L23: In the present study, we aimed to investigate the effects of antioxidant supplementation, in the form of vitamin C and E supplementation, recruiting both young (20–40 years) and elderly (60–80 years) volunteers. The effects of both a training period (10–12 weeks) and an acute exercise session with recovery were examined. Biochemical analyses of blood and muscle were combined with physiological measurements and performance tests.
L24: Based on the notion that antioxidants blunt exercise-induced redox sensitive signaling in young, healthy muscles, but reduce unfavorable oxidative stress in aging muscles, we hypothesized that vitamin C (1000 mg/day) and E (235 mg/day) supplementation would:
L25: (1) inhibit the adaptation to strength training in young, healthy men and women; and (2) augment the adaptation to strength training in healthy, elderly men (60–80 years). Moreover, we hypothesized that “hypertrophic” cell signaling and protein synthetic rate would be blunted in the hours after a single session of strength training in young persons, and, thus, reflect the long-term effects.
L26: Methods
L27: This study comprises three experiments and involves the potential interference of antioxidant supplementation in exercise-induced responses and adaptations to strength training in young and elderly participants.
L28: Participants
L29: A total of 73 participants were recruited to the study (Figure  1 ).
L30: Figure 1 Flow chart of recruited and allocated participants.
L31: The young participants (20–45 years of age), both males and females, were healthy and did not use any form of supplements or medications, except contraceptives for women (menstrual cycle was not controlled for). They were all accustomed to strength training (recreationally trained), exercising 1–4 times per week. We excluded volunteers who did more than four strength training sessions per week to avoid including highly trained individuals, who are expected to show little or no progress over 10 weeks of training [ 4 ].
L32: The older participants were males aged between 60–80 years. They were healthy, although some medications to treat mildly elevated cholesterol and blood pressure, migraine, and the use of mild antidepressants were accepted. The older participants were not engaged in strength training when they entered the study.
L33: Interested volunteers who already used some kind of supplements, such as vitamins, were allowed to join the study if they immediately stopped using the supplements and went through a wash-out period of at least two weeks.
L34: The young participants filled out a standard health form (developed at the Norwegian School of Sport Sciences), concerning health status and risk factors (smoking etc.). If a participant had a potential health issue, he or she was examined and cleared for training by a medical doctor before entering the study.
L35: All elderly participants underwent a medical examination before entering the study, including blood pressure assessment, rest and work echocardiogram, as well as vascular ultrasound scans of the carotid arteries and aorta.
L36: All participants signed a written informed consent. The study was approved by the South East Regional Committee for Medical and Health Research Ethics in Norway, and was performed in accordance with the Helsinki Declaration.
L37: Designs
L38: The study defined two training/exercise and antioxidant supplementation interventions:
L39: 1. Strength training and vitamin C and E supplementation with young participants
L40: 2. Strength training and vitamin C and E supplementation with elderly participantsTests and assessments were conducted before, during, and after the training periods (10–12 weeks). One to three familiarization sessions were conducted before the strength tests (see description below; Figure  2 ).
L41: Figure 2 Timeline for the experiment with young (upper line) and elderly participants (lower line).  DXA: Dual-energy X-ray absorptiometry, MRI: Magnetic resonance imaging, MVC: Maximal voluntary contraction (isometric), 1RM: 1 repetition maximum, USI: ultrasound imaging, VO2: oxygen uptake (work economy).
L42: Baseline tests were conducted before group allocation so that the volunteers could be randomly assigned to receive a supplement or placebo, stratified for sex (for the young participants) and muscle strength (1 repetition maximum, 1RM). Research Randomizer ( http://www.randomizer.org/ ) was applied to perform the randomization procedure. The experiments with young and elderly volunteers were performed separately at two different institutions.
L43: Both experiments (young and elderly volunteers) were carried out in a double blinded fashion. The scientists responsible for the administration of the supplements were not involved in the tests and assessments.
L44: The main outcome of the experiments with both the young and the elderly participants was a change in muscle mass, measured by dual-energy X-ray absorptiometry (DXA; see power calculations under “Statistics”). For assessing local muscle growth, magnetic resonance imaging (MRI) and/or ultrasound were applied. Bio-impedance measurement of body composition was used auxiliary to DXA and to provide midway measurements.
L45: Secondary outcomes were measurements of muscle strength, measured by 1RM and isometric tests (maximal voluntary contraction; MVC), as well as analyses of tissue samples (young participants only). The tissue samples were used for analyses of endogenous antioxidant systems (e.g., glutathione peroxidase).
L46: Additionally, blood samples were collected from all participants before, midway and after the intervention periods for analyses of endogenous and exogenous (vitamin C and E) antioxidant levels. Work economy during level/uphill walking was measured in the elderly participants only.
L47: Assessments of nutrient intake and level of physical activity were undertaken in order to control for potential confounding factors.
L48: Acute experiment
L49: After 4–6 weeks of training, an “acute” experiment, in the form of a single exercise session, was conducted with a randomly selected subgroup of the young participants (Figure  1 ).During the experiment MVC tests were conducted before and in the hours after the exercise session, for assessment of recovery of muscle function. Muscle and blood samples were obtained before and after the exercise session. Supplements were ingested ~3 hours before and immediately after exercise. Figure  3  displays the layout of the experiment.
L50: Figure 3 Timeline for the acute experiment with young participants.
L51: The rationale for the acute experiment was to elucidate the acute cellular processes (signaling for hypertrophy), and potential correlations with long-term adaptations (increase in muscle mass).
L52: The main outcome in the acute experiment was changes in the fractional synthetic rate of mixed muscle protein (protein synthesis).
L53: Secondary outcomes were recovery of muscle function and assessments of the phosphorylation state of protein kinases (e.g., p70S6K) involved in “hypertrophic” intracellular signaling.
L54: Supplementation
L55: Vitamin C and E supplementation
L56: The vitamin C and E and placebo pills were produced under Good Manufacturing Practice (GMP) requirements at Petefa AB (Västra Frölunda, Sweden). Each vitamin pill contained 250 mg of ascorbic acid and 58.5 mg DL-alpha-tocopherol acetate (all-rac-alpha-tocopheryl acetate); in addition to cellulose, di/tri-calsium phosphate and magnesium stearate. Similar-looking placebo pills contained the same ingredients, except for the vitamins, and were produced by the same manufacturer. The pills were analyzed by a commercial company, Vitas (Oslo, Norway) ~2 years after production, with no sign of degradation of the vitamins (per pill: vitamin C: 255 ± 7 mg, vitamin E: 62 ± 2 mg). The experiments were conducted within this time period. No traces of the vitamins were found in the placebo pills.
L57: The participants ingested two pills (totaling 500 mg of vitamin C and 117.5 mg vitamin E) 1–3 hours before every training session and two pills within the hour after training. On non-training days the participants ingested two pills in the morning and two pills in the evening. The intake of pills was confirmed in a training diary (see below). Thus, the daily dosage was 1000 mg of vitamin C and 235 mg vitamin E.
L58: We divided the intake in two equal dosages to increase the bioavailability of the vitamins [ 30 , 31 ]. Moreover, due to the pharmacokinetics of the water-soluble vitamin C [ 32 ], the timing of the intakes was chosen to ensure that the blood levels of the antioxidants were high during exercise and in the first hours of recovery, when oxidative stress is suggested to be at its highest [ 16 ].
L59: The participants were given pills for two weeks at a time, and exchanged the empty pill bottle for a new bottle every other week. The investigator who administrated the supplements did not take part in any of the tests or measurements, meaning that all tests were done blinded to group affiliation.
L60: Nutrition
L61: Nutrition restrictions
L62: Participants were asked not to take any form of nutritional supplement apart from those given in the study. They were asked to drink no more than two glasses of juice and four cups of coffee or tea per day. Juices especially rich in antioxidants, such as grape juice, were to be avoided.
L63: Standardized nutrient intake in the acute experiment
L64: In preparation for the acute experiment, the participants ingested the supplements, C and E vitamin or placebo, followed by a standardized breakfast: 3 g oatmeal per kg body weight boiled in water with 10 g sugar, 2 hours before meeting in the laboratory.
L65: Nutrition registration
L66: The young participants completed a four-day weighed food registration dietary assessment [ 33 ] at the start and at the end of the training period. The participants used a digital food weighing scale (Vera 67002; Soehnle-Waagen GmbH & Co, Murrhardt, Germany; precision 1 g). The dietary registrations were analyzed using a nutrient analysis program (Mat på data 4.1; LKH, Oslo, Norway). We aimed to keep the participants in energy balance (or in slight positive balance), and to keep the intake of micro- and macro-nutrients, excluding the supplements, within the recommended ranges for Norway ( http://www.helsedirektoratet.no ).
L67: Elderly participants registered their food intake using a four-day pre-coded food diary [ 34 ]. Diet recordings were performed during the same days as the activity recordings (see below). Daily intake of energy was computed using the food database and software system (KBS, version 4.9.) developed at the Department of Nutrition, University of Oslo, Norway.
L68: A skilled nutritionist educated the participants in the given nutrient restrictions and in the diet registration prior to registration.
L69: Training diary
L70: The participants filled out a training diary. On training days they recorded details about the training (exercises, kg lifted, etc.), as well as their subjective perception of effort during the sessions (Borgs scale [ 35 ]), and confirmed intake of pills. On non-training days they confirmed intake of pills and recorded muscle soreness, and if present, any symptoms of injuries/illness/sickness. Soreness and symptoms of injuries/illness/sickness were rated on a scale from 0–10, where 0 is no soreness/symptoms and 10 is extreme soreness and severe symptoms.
L71: The training diary for the young participants was electronically available to the researchers during the training period, while the training diary for elderly participants was registered manually on paper and controlled during each exercise session.
L72: Training regimes
L73: Young participants
L74: The young participants followed a “classical” strength training program with heavy loads (6-11RM) and with short rest periods (1–1.5 min) for four sessions per week (Table  1 ). Exercises for all major muscle groups were included in a 4-split exercise routine (two upper body and two lower body sessions per week; Table  1 ). Variation in exercises for the different muscle groups was intended to enhance the exercise stimuli and reduce the risk of injuries. The main goal was to stimulate both increase in maximal strength and muscle growth.
L75: Table 1 The training program for young participants
L76: The young volunteers were supervised during the first sessions, and thereafter they had the opportunity to continue supervised training. However, most participants trained unsupervised after the initial supervision. This seemed acceptable, as most of the participants were familiar with strength training and the specific exercises before entering the study. Furthermore, as the recruitment period lasted for about 4 weeks, the volunteers stopped their current training routine and started to follow a simple whole body workout program with 3 sessions per week (8–12 repetitions with approximately 15RM loads), including the main exercises in the intervention program, until pre-testing and group randomization. Thus, this run-in period allowed the participants to become accustomed to the exercises used in the intervention period.
L77: Acute experiment
L78: The exercise sessions consisted of four 10RM sets of leg press and knee-extension, with 1 min rest between sets and 3 min rest between exercises. The participants were verbally encouraged to execute each set to failure. If necessary, manual assistance was given so that the participants were able to complete the final repetition in each set.
L79: Elderly participants
L80: The elderly participants followed a daily undulating (non-linear periodized) training program, with three sessions per week (Table  2 ). The total training volume increased during the first 10 weeks, but was reduced during the two last weeks (tapering). The elderly volunteers were unfamiliar with strength training, and all sessions were supervised by an investigator. As for the young, exercises for all major muscle groups were selected (Table  2 ), and the main aim was to increase maximal strength and muscle mass.
L81: Table 2 The training program for elderly participants
L82: Tests and measurements
L83: Maximal strength testing of young participants
L84: Maximal strength was assessed by 1 repetition maximum (1RM) tests and a maximal isometric voluntary contraction (MVC).
L85: 1RM was tested in knee-extension, knee-flexion, biceps curl and elbow extension. Each leg and arm was tested separately (unilateral tests). After a general warm-up (5 min walking or bicycling), a specific warm-up/preparation procedure was performed for each exercise, using loads corresponding to 50%, 70%, 80% and 90% of expected 1RM – conducting 10, 6, 3, and 1 repetitions, respectively. The loads were individually adjusted so the participants did not fatigue their muscles. Optimally, 2–5 attempts were used to establish 1RM. The loads could be adjusted in steps as low as 3%. The left and right leg/arm was tested interchangeably, so that each muscle rested for approximately 2 minutes between attempts. The range of motion was strictly controlled. The coefficient of variation (CV) of these assessments was <5%.
L86: MVC was tested for the knee-extensors. The participants were fixed in a chair with belts over chest and hips, and an angle of 90° in the knee and hip joints. During the unilateral test the participants pressed maximally with their shank against the lever-arm of the apparatus, which was attached to a force-transducer (HBM U2AC2, Darmstadt, Germany). The participants got three 5-seconds attempts to reach MVC; 1 minute rest was given between attempts.
L87: Maximal strength tests in elderly participants
L88: 1RM was tested in a similar manner as for the young participants (see above). 1RM was assessed in scott-curl (elbow flexors), leg press and knee-extension.
L89: Assessments of changes in muscle mass
L90: Dual-energy X-ray absorptiometry, DXA
L91: Body composition was measured by DXA (young participants: Hologic Discovery, Waltham, MA, USA; elderly participants: GE-Lunar Prodigy, Madison, WI, USA). Participants were scanned from head to toe in a supine position, providing values for bone mineral content, lean mass, and fat mass. The CV of these assessments was <2%.
L92: Bio-impedance
L93: In addition to the body composition measurements by DXA, a bio-impedance apparatus was used (Inbody 720, Biospace Co., Ltd., Seoul, Korea). The apparatus has been found valid (compared with DXA) for estimating fat mass and lean mass in men and women [ 36 ]. Bio-impedance was used on both young and elderly participants.
L94: Magnetic resonance imaging (MRI)
L95: MRI was only conducted on young participants. Transverse section images were captured of the dominant arm and both thighs (GE Signa 1.5 Tesla Echospeed, GE Medical Systems, Madison, Wisconsin, USA), before and after the intervention period. Thigh muscles: Joint gaps were used for reference points and nine images (5 mm) were captured with a 35.5 mm inter-image distance. Upper arm muscles: The os humerus of each participant was sectioned in nine evenly distributed images (5 mm). The images (DICOM) were analyzed using OsiriX 3.9.3 (Pixmeo, Bernex, Switzerland), giving the cross-sectional area of individual muscles. The CV of these assessments was <2%.
L96: Ultrasound imaging
L97: In young participants, the muscle thickness and fascicle angle of m. vastus lateralis was assessed with a 50-mm linear probe (5–12 MHz) connected to a Philips HD11 XE ultrasound apparatus (Royal Philips Electronics, Amsterdam, Netherlands). In elderly participants, the muscle thickness of m. rectus femoris, m. vastus lateralis, and arm flexors (m. brachialis and m. biceps brachii) was assessed using a LogicScan 128 ultrasound apparatus (CEXT-1Z kit, Telemed Ltd., Vilnius, Lithuania) using a 60-mm probe. Fascicle angle was measured only in m. vastus lateralis. Image J software (National Institutes of Health, USA) was utilized to analyze the ultrasound images. The CV of these assessments was <5%.
L98: Work economy measurements of elderly participants
L99: Work economy, determined as body mass adjusted oxygen consumption, was measured while walking on a treadmill (Woodway, Weil am Rhein, Germany), at 5 km/h at three different inclinations: 0%, 4% and 8%; 5 min at each inclination. Finger-stick capillary blood samples were collected and analyzed immediately for lactate concentration using a portable lactate analyzer (Lactate Pro, LT-1710, Arkay KDK, Kyoto, Japan) after finishing each inclination. Heart rate (RS800CX, Polar Electro KY, Kempele, Finland) was recorded continuously. Minute ventilation and respiratory exchange ratio (RER) were recorded continuously during each inclination using an Oxycon Pro (Jaeger BeNeLux, Breda, Netherlands). Equipment calibration was conducted before each test period.
L100: Physical activity level of elderly participants
L101: Habitual physical activity was measured only in the elderly participants, and was measured with a SenseWear™ Pro3 Armband (BodyMedia Inc., Pittsburgh, PA, USA). The recording of physical activity started on a Saturday and included two weekdays and two weekend days. The monitor was worn on the right upper-arm at the midpoint between the acromion and olecranon processes as described previously [ 37 ]. Energy expenditure was computed at 1-minute intervals. Cut-off points defining moderate to very vigorous intensity were 3 metabolic equivalents (METs). Data from the monitor was downloaded and analyzed with software developed by the manufacturer (SenseWear Professional Research Software Version 6.1, BodyMedia Inc., Pittsburgh, PA, USA).
L102: Muscle tissue sampling and analyses
L103: In young participants, a biopsy was sampled from the right leg before and after the 10 week training period (Figure  2 ). The participants who also took part in the acute experiment had four biopsies taken from the left leg (two biopsies before and two after the exercise session; Figure  3 ). Thus, each participant underwent no more than six biopsies.
L104: Biopsies were taken from the mid-portion of m. vastus lateralis. The insertions for repeated biopsies were always located approximately 3 cm proximal to the previous insertion. The procedure was conducted under local anesthesia (Xylocain adrenalin, 10 mg/ml + 5 μg/ml, AstraZeneca, London, UK). Approximately 200 mg (2–3 × 50–150 mg) of muscle tissue was obtained with a modified Bergström technique. Biopsy samples intended for homogenization were quickly washed in physiological saline and fat, connective tissue, and blood were discarded, before being weighed and quickly frozen in isopentane cooled on dry ice. Muscle biopsies for immunohistochemistry were mounted in a Tissue-Tek compound (Cat#4583, Sakura Finetek, Torrance, CA, USA) and quickly frozen in isopentane cooled on liquid nitrogen. Tissue intended for mRNA analyses were placed in RNAlater (Cat#AM7020, Ambion, Life technologies, Carlsbad, CA, USA). All muscle samples were stored at −80°C for later analyses.
L105: For immunohistochemistry, cross-sections were cut in a cryostat microtome (CM3050, Leica Biosystems GmbH, Wetzlar, Germany), and the samples were stained for dystrophin, SC71 (fiber type II) and CD56/NCAM for analyses of mean fiber area, fiber type distribution and satellite cells; DAPI was used to mark myonuclei (for more details regarding antibodies and procedures, see [ 38 - 40 ]).
L106: Planned analyses by means of western blotting and ELISA, were: Heat shock protein (as previously described [ 41 ]), and endogenous antioxidants, such as MnSOD and glutathione peroxidation.
L107: mRNA was analyzed using real time PCR, and generally, the mRNA analyses complemented the protein measurements (e.g., heat shock protein and endogenous antioxidants).
L108: Blood sampling and analyses
L109: Blood was drawn from an antecubital vein into two 4.5 ml EDTA, one 4.5 ml Heparin, one 4.5 ml Stabilyte, and one 9 ml serum vacutainer tube. EDTA blood for hematological analyses was analyzed within 4 h after sampling. To extract plasma and serum the tubes were, after appropriate treatment, centrifuged at 1500 g for 10 min at 4°C. Plasma and serum were then pipetted into Eppendorf tubes and immediately stored at −80°C for later analyses.
L110: Plasma destined for vitamin C analysis was mixed in equal volumes with metaphosphoric acid before storage at −80°C for later analyses. Plasma intended for glutathione analysis was treated in accordance with the procedure described by Sakhi et al. [ 42 ]. From the Stabilyte blood, erythrocytes were also collected for glutathione analysis. Other planned plasma/serum analyses included: cholesterol, triglycerides and CRP, plasma uric acid, creatine kinase and total antioxidant capacity (Modell X, MaxMat S.A., Montpellier, France), and various cytokines/chemokines (i.e., IL-6, IL-8, IL-10 and TNF-alpha; Milliplex MAP, Luminex xMAP technology by Millipore, Billerica, MA, USA).
L111: Protein synthesis
L112: The procedure for measuring rate of protein synthesis is described in detail by Zhang et al. [ 43 ]. Briefly, a baseline blood sample (2 ml) was taken for background measurement of amino acid enrichment. Thereafter, a bolus injection of  13 C 6 -phenylalanine was given at a dose of 50 μmol/kg, followed by a bolus of  15  N-phenylalanine (50 μmol/kg) 30 minutes later. All isotopes were from Cambridge Isotope Laboratories (Andover, MA, USA). Biopsies from m. vastus lateralis were collected at 10 and 50 min after the first bolus injection (see description of the biopsy procedure above). Muscle samples were quickly rinsed in cold saline, blotted and immediately frozen in liquid nitrogen and stored at −80°C for later analyses. A total of eleven blood samples (2 ml) were drawn during the procedure. Plasma was separated (as described above) and stored at −80°C for later analysis.
L113: Statistics
L114: The primary outcome was a change in muscle mass (lean mass measured with DXA); with an expected gain of 1.5 kg in lean mass and a standard deviation of 0.7. Sixteen volunteers in each group gave 80% power to detect a difference of approximately 0.7 kg. (alpha: 0.05; two-tailed; StatMate, GraphPad Software, La Jolla, CA, USA).
L115: The secondary outcome was a change in muscle strength (1RM); with an expected standard deviation (SD) of 15, we had 80% power to detect a group difference of 11% with 16 subjects in each group (alpha: 0.05; two-tailed; StatMate, Graphpad software).
L116: The primary and secondary outcome variables were expected to be normally distributed and parametric tests were applied: Student t-tests for relative changes and 2-way ANOVA for comparing pre and post absolute values, as well as repeated measures. Outcome variables that turned out not to be normally distributed were analyzed with appropriate non-parametric tests.
L117: Discussion
L118: In this study we aimed to test the hypothesis that high dosages of antioxidants, in the form of 1000 mg vitamin C and 235 mg of vitamin E (alpha-tocopherol) per day, will inhibit adaptation to strength training in young, healthy volunteers. In contrast, in elderly individuals (60–80 years), where the antioxidant status is expected to be lower, we tested the hypothesis that supplementation with vitamin C and vitamin E would augment the adaptations to strength training.
L119: The supplements
L120: Exercise that challenges the energy systems of muscle cells induces metabolic stress, which includes oxidative stress by the generation of reactive oxygen and nitrogen species (RONS) [ 16 , 44 ]. Several endogenous antioxidants, such as glutathione, superoxide dismutase and catalase, will counteract most of the adverse effects of acute exercise. In addition, cells will take up exogenous antioxidants in the form of vitamins C and E, alpha-lipoic acid, carotenoids, ubiquinones and a range of phytochemicals [ 45 ], which will reinforce the cellular antioxidant system. In the present study we selected a vitamin C and E combination. Vitamin C and E are well established supplements and there appear to be no large risks concerning toxic effects, even if the daily dosages are several-fold higher than the recommended amounts [ 46 , 47 ]. Because the water soluble vitamin C and the lipid soluble vitamin E interact with the major endogenous antioxidant glutathione, a combination should be more effective than one single compound given alone. In short, vitamin C regenerates oxidized vitamin E, and oxidized vitamin C is in turn regenerated, although dependent on both the dose and the time elapsed between intake and measurement [ 32 ]. In contrast to vitamin E (alpha-tocopherol; [ 48 ]), the pharmacokinetics of vitamin C displays a quite rapid increase after oral intake and a gradual reduction during the next hours after intake [ 32 ].
L121: Concerning the pharmacokinetics of vitamin C, the timing of intake in regard to exercise sessions should be considered. Some studies have administered supplements in the morning [ 23 , 25 , 49 ], and 1.5-2 hours before the exercise sessions [ 50 ]. Others have chosen two intakes per day [ 51 , 52 ]. In order to maximize the influence of the antioxidant supplementation, it thus seemed reasonable to time the intake so that the plasma concentration was highest just before and during the first hours of recovery after the exercise sessions.
L122: We administered dosages of 1000 mg vitamin C and 235 mg of vitamin E (DL-alpha-tocopherol) per day. These amounts are in line with other recent studies, although our vitamin E dosages could be considered moderate [ 15 ].
L123: Participants
L124: In the experiment with young volunteers we included both sexes. This was partly due to there being no obvious reasons to exclude one of the sexes, and partly because it is interesting to look for sex differences, as most studies on antioxidant supplementation and training adaptation have been conducted on males [ 25 , 49 - 54 ].
L125: In the experiment on the elderly, we chose males only. The main reason for this was that very few studies have investigated interactions between exercise and antioxidant supplementation in elderly participants; however, Bobeuf et al. [ 23 ] have conducted studies on elderly males, and we wanted to follow up this study. The second reason was that elderly females appear to have less potential to respond to high intensity resistance exercise with three exercise sessions per week [ 55 , 56 ]. Thus, in order to increase the likelihood of inducing robust muscle growth, we selected elderly males.
L126: We recruited recreationally trained young volunteers, but untrained elderly volunteers. Our motivation for choosing young, trained individuals was that we hypothesized that antioxidant supplementation would affect adaptations in the muscle. Thus, we assumed it was better to test this in trained individuals in whom muscular adaptations are expected to dominant over neural adaptations [ 57 , 58 ]. We chose untrained elderly volunteers, as we expected it would be very difficult to recruit the needed number of trained elderly participants. Furthermore, since we hypothesized that the elderly need more antioxidants to combat an increasing redox state in the aftermath of developing sarcopenia, we included untrained elderly individuals.
L127: High intensity exercise
L128: Based on the theory of hormesis, the advantage of antioxidant supplementation should be largest during high intensity training that induces large oxidative stress; and conversely, low intensity training – that produces low oxidative stress – in combination with antioxidant supplementation should increase the likelihood of blunting or blocking training effects [ 18 ]. In our study we wanted to apply training programs that were similar to what dedicated strength-trained individuals use in practice. We therefore designed the training protocols to induce high metabolic and oxidative stress. Accordingly, the strength training program consisted of an energy-demanding, full range of motion exercises and repetition maximum (RM) intensity, as well as short inter-set/-exercise rest periods (see Table  1 ).
L129: We designed a periodized strength training program, which has been suggested to be superior to non-periodized programs [ 59 , 60 ]. However, there is no consensus concerning what type of periodization is better [ 59 ]. For practical reasons, we designed a linear program for the young and an undulating (non-linear) program for the elderly.
L130: Limitations
L131: Supplementation with vitamin C and E is a conservative choice, but the dosages chosen, 1000 mg vitamin C and 235 mg vitamin E (DL-alpha-tocopherol acetate), are in line with previously published studies [ 24 , 25 , 49 - 51 , 53 , 54 ]. Ideally, a dosage titration would be preferable (i.e., 400 mg, 800 mg and 1600 mg of vitamin C). Moreover, it was of interest to test vitamins C and E both separately and together; and in a stronger study design we would also include groups that received vitamins, but did not follow an exercise intervention. Unfortunately, we did not have the resources to design a study that took all these aspects into account.
L132: We supplemented our participants with DL-alpha-tocopherol acetate, the synthetic form of vitamin E. It has been shown that the biological response to natural (D-alpha-tocopherol/RRR- alpha-tocopherol) may be different [ 61 , 62 ]. Thus, we must be careful when discussing our results alongside studies that have administered the natural form of vitamin E.
L133: Training supervision was optional for the young participants in this study; while the elderly participants were supervised in all sessions. All participants were, however, instructed to keep a training diary in which they logged loads and perceived exertion, and they could request assistance whenever needed. Moreover, the young participants were familiar with strength training before entering the study. Nevertheless, full training supervision is preferable [ 63 ], to ensure that all participants follow the training as prescribed and exercise with appropriate lifting techniques and effort.
L134: The training programs for young and elderly participants differed. This means that we cannot easily compare results from young and elderly participants. Such comparisons were not part of our hypotheses, but equal training programs could potentially give more information about the effects of the supplements. However, several practical reasons made us use different training regimes for the two groups of volunteers. Thus, we tried to optimize the training for the two groups independently of each other.
L135: We monitored the influence of antioxidant supplementation over a rather short period of time, and long-term effects cannot be extracted. However, the most significant physiological changes occur typically in the first weeks after embarking on a new training program [ 58 , 64 , 57 ].
L136: In the acute experiment we tested the response to a single session of strength training. The intention was to investigate the immediate cell signaling (e.g., redox sensitive mitogen activated kinases, MAPKs [ 65 ]) and the protein synthetic rate, in order to get a mechanistic insight into the hypothesized effects of the supplements. As the experiment was conducted midway into the intervention period, on the young participants, we realize that we cannot easily differentiate between the potential effects of the supplementation before/after the session and the potential effects of the preceding ~ 4 weeks with supplementation.
L137: Relevance for investigating the effects of vitamin C and E
L138: Vitamin C and E supplements are widely used in the general population and even more so amongst athletes [ 66 - 71 ]. The most common motivation for using antioxidant vitamins such as vitamin C seems to be strengthening the immune system and thereby preventing and treating diseases, especially upper-respiratory infections such as the common cold [ 72 ]. Intriguingly, vitamin C supplementation seems at best to have limited clinically relevant effects on “the common man” and on athletes who are otherwise healthy and have a normal diet [ 72 , 73 ]. Some groups, such as the elderly population, are more susceptible to dietary deficiencies of some vitamins and therefore supplementation may be defensible [ 73 , 74 ].
L139: Amongst athletes and people engaged in recreational sport activities, dietary supplements are also used to improve performance and recovery after exercise [ 9 , 71 ]. Equivocal observations have been reported, but vitamin C and E do not seem to have appreciable/consistent ergogenic effects or effects on recovery from exercise [ 9 , 14 , 75 , 76 ].
L140: Regardless of the motivation for use, vitamin C and E supplementation is widespread. This fact, combined with recent studies that indicate adverse effects on adaptation to exercise and training [ 51 , 53 ], clearly illuminate and justify further research into the biological effects of vitamin C and E supplementation in humans.
L141: Conclusion
L142: Antioxidant supplementations, such as vitamin C and E, are commonly used by large and divergent groups worldwide (e.g. athletes, elderly, patients etc.). Recently the potential interaction between antioxidant supplementation and training has received increased scientific interest and become a debated topic. Indeed, both animal and human studies have indicated negative effects when vitamin C and/or E are administered in high dosages. The literature is, however, ambiguous and many important questions remain unanswered. Hitherto, human investigations have focused on endurance exercise and training, so the experiments described here should provide novel data and insight into the interactions between antioxidant supplementation and adaptations to strength training.
L143: Competing interests
L144: The authors declare that they have no competing interests.
L145: Authors’ contributions
L146: GP contributed to all parts of the study. He currently works with data analysis and writing. KTC took part in the planning and design of the study with young participants. He contributed to the recruitment of volunteers and management of the experiments. KCT currently works with biochemical analyses of blood and muscle, as well as statistical data analysis and writing. KCT’s focus is on endogenous antioxidants and heat shock proteins. HH took part in the planning and design of the study with young participants. He contributed to the recruitment of volunteers and management of the experiments. HH currently works with biochemical analyses of muscle, as well as data analysis and writing. HH’s focus is on protein signaling after acute resistance exercise sessions. EB took part in the planning and design of the study with young participants. She had a special responsibility for the acute experiment concerning measurements of protein synthesis (stable isotope procedure). EB is currently involved in data analysis and writing. SB took part in the planning and design of the study with elderly participants. SB administered the study with the elderly participants, and is currently involved in data analysis and writing. TR contributed to all parts of the studies, and he was responsible for the biopsy procedure. He currently works with data analysis and writing. All authors read and approved the final manuscript.
L147: Pre-publication history
L148: The pre-publication history for this paper can be accessed here:
L149: http://www.biomedcentral.com/2052-1847/6/28/prepub
L150: Holloszy JO Coyle EF Adaptations of skeletal muscle to endurance exercise and their metabolic consequences J Appl Physiol 1984 56 831 838 6373687
L151: Costill DL Coyle EF Fink WF Lesmes GR Witzmann FA Adaptations in skeletal muscle following strength training J Appl Physiol 1979 46 96 99 37209
L152: Pollock ML The quantification of endurance training programs Exerc Sport Sci Rev 1973 1 155 188 4806376
L153: Deschenes MR Kraemer WJ Performance and physiologic adaptations to resistance training Am J Phys Med Rehabil 2002 81 S3 16 12409807
L154: Hawley JA Tipton KD Millard-Stafford ML Promoting training adaptations through nutritional interventions J Sports Sci 2006 24 709 721 16766500
L155: Hulmi JJ Lockwood CM Stout JR Effect of protein/essential amino acids and resistance training on skeletal muscle hypertrophy: a case for whey protein Nutr Metab (Lond) 2010 7 51 20565767
L156: Bemben MG Lamont HS Creatine supplementation and exercise performance: recent findings Sports Med 2005 35 107 125 15707376
L157: Rodriguez NR Di Marco NM Langley S American college of sports medicine position stands nutrition and athletic performance Med Sci Sports Exerc 2009 41 709 731 19225360
L158: Clarkson PM Thompson HS Antioxidants: what role do they play in physical activity and health? Am J Clin Nutr 2000 72 637S 646S 10919970
L159: Peternelj TT Coombes JS Antioxidant supplementation during exercise training: beneficial or detrimental? Sports Med 2011 41 1043 1069 22060178
L160: Vina J Gomez-Cabrera MC Borras C Fostering antioxidant defences: up-regulation of antioxidant genes or antioxidant supplementation? Br J Nutr 2007 98 Suppl 1 S36 S40 17922957
L161: Peake JM Suzuki K Coombes JS The influence of antioxidant supplementation on markers of inflammation and the relationship to oxidative stress after exercise J Nutr Biochem 2007 18 357 371 17156994
L162: Ristow M Zarse K How increased oxidative stress promotes longevity and metabolic health: the concept of mitochondrial hormesis (mitohormesis) Exp Gerontol 2010 45 410 418 20350594
L163: Braakhuis AJ Effect of vitamin C supplements on physical performance Curr Sports Med Rep 2012 11 180 184 22777327
L164: Nikolaidis MG Kerksick CM Lamprecht M McAnulty SR Does vitamin C and E supplementation impair the favorable adaptations of regular exercise? Oxid Med Cell Longev 2012 2012 707941 22928084
L165: Fisher-Wellman K Bloomer RJ Acute exercise and oxidative stress: a 30 year history Dyn Med 2009 8 1 19144121
L166: Warren JA Jenkins RR Packer L Witt EH Armstrong RB Elevated muscle vitamin E does not attenuate eccentric exercise-induced muscle injury J Appl Physiol 1992 72 2168 2175 1629069
L167: Hawley JA Burke LM Phillips SM Spriet LL Nutritional modulation of training-induced skeletal muscle adaptations J Appl Physiol 2011 110 834 845 21030665
L168: Makanae Y Kawada S Sasaki K Nakazato K Ishii N Vitamin C administration attenuates overload-induced skeletal muscle hypertrophy in rats Acta Physiol (Oxf) 2013 208 57 65 23181439
L169: Morales-Alamo D Ponce-Gonzalez JG Guadalupe-Grau A Rodriguez-Garcia L Santana A Cusso MR Guerrero M Guerra B Dorado C Calbet JA Increased oxidative stress and anaerobic energy release, but blunted Thr172-AMPKalpha phosphorylation, in response to sprint exercise in severe acute hypoxia in humans J Appl Physiol 2012 113 917 928 22858621
L170: Malm C Svensson M Ekblom B Sjodin B Effects of ubiquinone-10 supplementation and high intensity training on physical performance in humans Acta Physiol Scand 1997 161 379 384 9401591
L171: Braakhuis AJ Hopkins WG Lowe TE Effects of dietary antioxidants on training and performance in female runners Eur J Sport Sci 2014 14 160 168 23600891
L172: Bobeuf F Labonte M Dionne IJ Khalil A Combined effect of antioxidant supplementation and resistance training on oxidative stress markers, muscle and body composition in an elderly population J Nutr Health Aging 2011 15 883 889 22159777
L173: Chuin A Labonte M Tessier D Khalil A Bobeuf F Doyon CY Rieth N Dionne IJ Effect of antioxidants combined to resistance training on BMD in elderly women: a pilot study Osteoporos Int 2009 20 1253 1258 19020919
L174: Theodorou AA Nikolaidis MG Paschalis V Koutsias S Panayiotou G Fatouros IG Koutedakis Y Jamurtas AZ No effect of antioxidant supplementation on muscle performance and blood redox status adaptations to eccentric training Am J Clin Nutr 2011 93 1373 1383 21508092
L175: Ryan MJ Dudash HJ Docherty M Geronilla KB Baker BA Haff GG Cutlip RG Always SE Vitamin E and C supplementation reduces oxidative stress, improves antioxidant enzymes and positive muscle work in chronically loaded muscles of aged rats Exp Gerontol 2010 45 882 895 20705127
L176: Peake J Della GP Cameron-Smith D Aging and its effects on inflammation in skeletal muscle at rest and following exercise-induced muscle injury Am J Physiol Regul Integr Comp Physiol 2010 298 R1485 R1495 20393160
L177: Gianni P Jan KJ Douglas MJ Stuart PM Tarnopolsky MA Oxidative stress and the mitochondrial theory of aging in human skeletal muscle Exp Gerontol 2004 39 1391 1400 15489062
L178: Gomez-Cabrera MC Ferrando B Brioche TS-GF Vina J Exercise and antioxidant supplements in the elderly Journal of Sport and Health Science 2013 2 94 100
L179: Padayatty SJ Levine M New insights into the physiology and pharmacology of vitamin C CMAJ 2001 164 353 355 11232136
L180: Lodge JK Vitamin E bioavailability in humans J Plant Physiol 2005 162 790 796 16008106
L181: Padayatty SJ Sun H Wang Y Riordan HD Hewitt SM Katz A Wesley RA Levine M Vitamin C pharmacokinetics: implications for oral and intravenous use Ann Intern Med 2004 140 533 537 15068981
L182: Black AE Goldberg GR Jebb SA Livingstone MB Cole TJ Prentice AM Critical evaluation of energy intake data using fundamental principles of energy physiology: 2. Evaluating the results of published surveys Eur J Clin Nutr 1991 45 583 599 1810720
L183: Andersen LF Pollestad ML Jacobs DR Jr Lovo A Hustvedt BE Validation of a pre-coded food diary used among 13-year-olds: comparison of energy intake with energy expenditure Public Health Nutr 2005 8 1315 1321 16372928
L184: Borg G Perceived exertion as an indicator of somatic stress Scand J Rehabil Med 1970 2 92 98 5523831
L185: Anderson LJ Erceg DN Schroeder ET Utility of multifrequency bioelectrical impedance compared with dual-energy x-ray absorptiometry for assessment of total and regional body composition varies between men and women Nutr Res 2012 32 479 485 22901555
L186: Berntsen S Hageberg R Aandstad A Mowinckel P Anderssen SA Carlsen KH Andersen LB Validity of physical activity monitors in adults participating in free-living activities Br J Sports Med 2010 44 657 664 18628358
L187: Paulsen G Vissing K Kalhovde JM Ugelstad I Bayer ML Kadi F Schjerling P Hallen J Raastad T Maximal eccentric exercise induces a rapid accumulation of small heat shock proteins on myofibrils and a delayed HSP70 response in humans Am J Physiol Regul Integr Comp Physiol 2007 293 R844 R853 17522120
L188: Hanssen KE Kvamme NH Nilsen TS Ronnestad B Ambjornsen IK Norheim F Kadi F Hallen J Drevon CA Raastad T The effect of strength training volume on satellite cells, myogenic regulatory factors, and growth factors Scand J Med Sci Sports 2012 23 728 739 22417199
L189: Mackey AL Kjaer M Charifi N Henriksson J Bojsen-Moller J Holm L Kadi F Assessment of satellite cell number and activity status in human skeletal muscle biopsies Muscle Nerve 2009 40 455 465 19705426
L190: Paulsen G Lauritzen F Bayer ML Kalhovde JM Ugelstad I Owe SG Hallen J Bergersen LH Raastad T Subcellular movement and expression of HSP27, alphaB-crystallin, and HSP70 after two bouts of eccentric exercise in humans J Appl Physiol 2009 107 570 582 19498098
L191: Sakhi AK Russnes KM Smeland S Blomhoff R Gundersen TE Simultaneous quantification of reduced and oxidized glutathione in plasma using a two-dimensional chromatographic system with parallel porous graphitized carbon columns coupled with fluorescence and coulometric electrochemical detection J Chromatogr A 2006 1104 179 189 16376913
L192: Zhang XJ Chinkes DL Wolfe RR Measurement of muscle protein fractional synthesis and breakdown rates from a pulse tracer injection Am J Physiol Endocrinol Metab 2002 283 E753 E764 12217893
L193: Niess AM Simon P Response and adaptation of skeletal muscle to exercise–the role of reactive oxygen species Front Biosci 2007 12 4826 4838 17569613
L194: Powers SK Lennon SL Analysis of cellular responses to free radicals: focus on exercise and skeletal muscle Proc Nutr Soc 1999 58 1025 1033 10817171
L195: Diplock AT Safety of antioxidant vitamins and beta-carotene Am J Clin Nutr 1995 62 1510S 1516S 7495252
L196: Garewal HS Diplock AT How ‘safe’ are antioxidant vitamins? Drug Saf 1995 13 8 14 8527021
L197: Novotny JA Fadel JG Holstege DM Furr HC Clifford AJ This kinetic, bioavailability, and metabolism study of RRR-alpha-tocopherol in healthy adults suggests lower intake requirements than previous estimates J Nutr 2012 142 2105 2111 23077194
L198: Yfanti C Akerstrom T Nielsen S Nielsen AR Mounier R Mortensen OH Lykkesfeldt J Rose AJ Fischer CP Pedersen BK Antioxidant supplementation does not alter endurance training adaptation Med Sci Sports Exerc 2010 42 1388 1395 20019626
L199: Roberts LA Beattie K Close GL Morton JP Vitamin C consumption does not impair training-induced improvements in exercise performance Int J Sports Physiol Perform 2011 6 58 69 21487150
L200: Ristow M Zarse K Oberbach A Kloting N Birringer M Kiehntopf M Stumvoll M Kahn CR Bluher M Antioxidants prevent health-promoting effects of physical exercise in humans Proc Natl Acad Sci U S A 2009 106 8665 8670 19433800
L201: Aguilo A Tauler P Sureda A Cases N Tur J Pons A Antioxidant diet supplementation enhances aerobic performance in amateur sportsmen J Sports Sci 2007 25 1203 1210 17654232
L202: Gomez-Cabrera MC Domenech E Romagnoli M Arduini A Borras C Pallardo FV Sastre J Vina J Oral administration of vitamin C decreases muscle mitochondrial biogenesis and hampers training-induced adaptations in endurance performance Am J Clin Nutr 2008 87 142 149 18175748
L203: Zoppi CC Hohl R Silva FC Lazarim FL Neto JM Stancanneli M Macedo DV Vitamin C and e supplementation effects in professional soccer players under regular training J Int Soc Sports Nutr 2006 3 37 44 18500971
L204: Hunter GR McCarthy JP Bamman MM Effects of resistance training on older adults Sports Med 2004 34 329 348 15107011
L205: Kosek DJ Kim JS Petrella JK Cross JM Bamman MM Efficacy of 3 days/wk resistance training on myofiber hypertrophy and myogenic mechanisms in young vs. older adults J Appl Physiol 2006 101 531 544 16614355
L206: Kraemer WJ Fleck SJ Evans WJ Strength and power training: physiological mechanisms of adaptation Exerc Sport Sci Rev 1996 24 363 397 8744256
L207: Seynnes OR De Boer M Narici MV Early skeletal muscle hypertrophy and architectural changes in response to high-intensity resistance training J Appl Physiol 2007 102 368 373 17053104
L208: Lorenz DS Reiman MP Walker JC Periodization: current review and suggested implementation for athletic rehabilitation Sports Health 2010 2 509 518 23015982
L209: Fleck SJ Periodized strength training: a critical review J Strength Cond Res 1999 13 82 89
L210: Burton GW Traber MG Acuff RV Walters DN Kayden H Hughes L Ingold KU Human plasma and tissue alpha-tocopherol concentrations in response to supplementation with deuterated natural and synthetic vitamin E Am J Clin Nutr 1998 67 669 684 9537614
L211: Traber MG Ramakrishnan R Kayden HJ Human plasma vitamin E kinetics demonstrate rapid recycling of plasma RRR-alpha-tocopherol Proc Natl Acad Sci U S A 1994 91 10005 10008 7937827
L212: Mazzetti SA Kraemer WJ Volek JS Duncan ND Ratamess NA Gomez AL Newton RU Hakkinen K Fleck SJ The influence of direct supervision of resistance training on strength performance Med Sci Sports Exerc 2000 32 1175 1184 10862549
L213: Staron RS Karapondo DL Kraemer WJ Fry AC Gordon SE Falkel JE Hagerman FC Hikida RS Skeletal muscle adaptations during early phase of heavy-resistance training in men and women J Appl Physiol 1994 76 1247 1255 8005869
L214: Wretman C Lionikas A Widegren U Lannergren J Westerblad H Henriksson J Effects of concentric and eccentric contractions on phosphorylation of MAPK(erk1/2) and MAPK(p38) in isolated rat skeletal muscle J Physiol 2001 535 155 164 11507166
L215: Maughan RJ Depiesse F Geyer H The use of dietary supplements by athletes J Sports Sci 2007 25 Suppl 1 S103 S113 18049988
L216: Sobal J Marquart LF Vitamin/mineral supplement use among athletes: a review of the literature Int J Sport Nutr 1994 4 320 334 7874149
L217: Kennedy ET Luo H Houser RF Dietary supplement use pattern of U.S. adult population in the 2007–2008 National Health and Nutrition Examination Survey (NHANES) Ecol Food Nutr 2013 2013 52 76 84 23282192
L218: Stewart ML McDonald JT Levy AS Schucker RE Henderson DP Vitamin/mineral supplement use: a telephone survey of adults in the United States J Am Diet Assoc 1985 85 1585 1590 4067153
L219: Braun H Koehler K Geyer H Kleiner J Mester J Schanzer W Dietary supplement use among elite young German athletes Int J Sport Nutr Exerc Metab 2009 19 97 109 19403956
L220: Maughan RJ Greenhaff PL Hespel P Dietary supplements for athletes: emerging trends and recurring themes J Sports Sci 2011 29 Suppl 1 S57 S66 22150428
L221: Hemila H Chalker E Vitamin C for preventing and treating the common cold Cochrane Database Syst Rev 2013 1 CD000980 23440782
L222: Wintergerst ES Maggini S Hornig DH Contribution of selected vitamins and trace elements to immune function Ann Nutr Metab 2007 51 301 323 17726308
L223: Sebastian RS Cleveland LE Goldman JD Moshfegh AJ Older adults who use vitamin/mineral supplements differ from nonusers in nutrient intake adequacy and dietary attitudes J Am Diet Assoc 2007 107 1322 1332 17659898
L224: Bloomer RJ The role of nutritional supplements in the prevention and treatment of resistance exercise-induced skeletal muscle injury Sports Med 2007 37 519 532 17503877
L225: Evans WJ Vitamin E, vitamin C, and exercise Am J Clin Nutr 2000 72 647S 652S 10919971
[30ms]

