L1: Effects of supplementation with α-tocopherol, ascorbic acid, selenium, or their combination in linseed oil-enriched diets on the oxidative status in broilers
L2: Poultry Science (2018)
L3: J Leskovec, A Levart, A Nemec Svete, L Perić, M Đukić Stojčić, D Žikić, J Salobir, V Rezar
L4: 1 Department of Animal Science, Biotechnical Faculty, University of Ljubljana, Ljubljana, Slovenia
L5: 2 Clinic for Surgery and Small Animal Medicine, Veterinary Faculty, University of Ljubljana, Ljubljana, Slovenia
L6: 3 Department of Animal Science, Faculty of Agriculture, University of Novi Sad, Novi Sad, Serbia
L7: A trial was conducted to investigate whether, and if so to what extent, the combined supplementation of vitamin E, vitamin C, and selenium was superior to their sole supplementation concerning the oxidative stress induced by a high n-3 dietary polyunsaturated fatty acids (PUFA) intake in broilers. Four hundred 21-day-old Ross 308 male broilers were allocated to 5 experimental groups fed the following linseed oil (5%)-enriched finisher diets: Cont (no supplement), +E (200 IU vitamin E/kg feed), +C (250 mg vitamin C/kg feed), +Se (0.2 mg selenium/kg feed), or +ECSe (concentrations as in the sole supplementation, combined). Analyses of malondialdehyde (MDA), vitamin C, and α- and γ-tocopherols in plasma, antioxidant capacity of water- (ACW) and lipid- (ACL) soluble compounds in serum, and glutathione peroxidase (GPx) and superoxide dismutase (SOD) activities in whole blood were performed. In breast muscle, analyses of MDA, α- and γ-tocopherols, ACW, selenium, and fatty acid (FA) composition were carried out. Birds fed the combination of antioxidants showed reduced average daily gain (ADG) and average daily feed intake (ADFI) and, as +E, lower MDA and γ-tocopherol, together with raised α- tocopherol levels in plasma and lower MDA and raised α- tocopherol levels in breast muscle compared to the control. The combination of antioxidants in the +ECSe group raised GPx activity in whole blood compared to the control. In conclusion, results indicated that vitamin E is the most effective antioxidant to alleviate oxidative stress caused by high dietary PUFA and that the supplementation with additional vitamin C and selenium did not have clear synergistic effect.
L8: Metabolism and Nutrition
L9: vitamin E; vitamin C; selenium; oxidative stress; broiler
L10: INTRODUCTION
L11: Broilers demand a high-energy concentration in their feed, which is achieved through supplementation of feeds with various fats and oils. Moreover, there is an increasing demand for functional foods, in which supplementation with n-3 polyunsaturated fatty acids ( PUFA )-rich plant oils is becoming an accepted practice to ensure a favorable fatty acid ( FA ) composition of meat. However, it is often overlooked that n-3 PUFA are very susceptible to oxidation and can contribute to a higher oxidative stress, also due to an enlarged production of reactive oxygen species ( ROS ) in vivo (Gladine et al.,  2007 ; Voljč et al.,  2011 ). Supplementation with n-3 PUFA oils can cause an imbalance between reductants and oxidants in vivo and consequently induce damage to different macromolecules such as DNA, proteins, and lipids, which can lead to impaired activity, apoptosis, and necrosis of different cells. Additionally, a high dietary intake of n-3 PUFA led to high levels of them in meat and tissues, thereby increasing the susceptibility of the animal products to oxidative deterioration (Estévez,  2015 ).
L12: Studies have shown that a high dietary n-3 PUFA inclusion affects the oxidative status of broilers and can cause a pronounced oxidative stress (Estévez,  2015 ). This can negatively affect many in vivo lipid, protein, and DNA oxidative stress parameters, such as the integrity of lymphocyte DNA, plasma, liver, and breast muscle malondialdehyde ( MDA ) (Voljč et al.,  2011 ; Estévez,  2015 ), plasma and liver α- and γ-tocopherol, as well as genes involved in the oxidative stress response (Tomažin et al.,  2014 ). To alleviate oxidative stress in vivo and in animal products, the sole dietary supplementation of different antioxidants such as vitamins E and C and selenium were effectively used, also in the case of high dietary n-3 PUFA (Eder et al.,  2005 ; Taulescu et al.,  2011  Voljč et al.,  2011 ; Skrivan et al.,  2012 ; Voljč et al.,  2013 ; Konieczka et al.,  2015 ; Raederstorff et al.,  2015 ; Akbarian et al.,  2016 ). Linseed oil was used as a source of high n-3 PUFA in trials reporting the effects of various antioxidants in broilers (Walton et al.,  2001 ; Bou et al.,  2005 ; Smet et al.,  2008 ). In addition, Voljč et al. ( 2013 ) showed that due to high PUFA intake-induced oxidative stress, recommendations for vitamin E for Ross broilers (Aviagen,  2014 ) did not seem to be enough to alleviate the negative effects of a large amount of n-3 PUFA in diets, and therefore higher antioxidant levels were suggested.
L13: High environmental temperatures also have been studied as one of the most important causes of oxidative stress for a long time (Gursu et al.,  2004 ; Akbarian et al.,  2016 ). Even though poultry can endogenously synthesize vitamin C, it was shown that under heat stress, dietary supplementation with vitamin C could alleviate the oxidative stress (Leeson and Summers,  2001 ). This suggested that the endogenous synthesis of vitamin C may not be sufficient in all stress conditions. As it has been known for a long time, vitamins E, C, and selenium have important roles in the antioxidative defense network, and can work efficiently only in synergism. Vitamin E inhibits free radical-mediated lipid peroxidation, but is oxidized and depleted fast, if not regenerated by vitamin C. The antioxidant activity of vitamin C is restored by selenium-containing enzymes (Fang et al.,  2002 ; Lykkesfeldt and Svendsen,  2007 ).
L14: Information on the combined effects of antioxidants is limited, especially in n-3 PUFA-induced oxidative stress and surprisingly never includes more than 2 antioxidants. For instance, Cinar et al. ( 2014 ) showed that dietary supplementation with a combination of vitamins E and C resulted in better protection in copper-induced oxidative stress than the individual supplementation at the same level. Sahin et al. ( 2002 ) obtained similar results on hens reared at a high ambient temperature, as a combination of vitamins E and C lowered serum MDA to a greater extent than supplementing these vitamins separately. In addition, lower concentrations of MDA in the serum, liver, heart, and kidney were shown in Japanese quails under heat stress fed a combination of vitamin C and folic acid than when supplementing these antioxidants individually (Sahin et al.,  2003b ). In the same way, Harsini et al. ( 2012 ) showed that the combination of selenium and vitamin E was more effective in antioxidative protection in broilers under heat stress than their individual use. Similarly, Skrivan et al. ( 2012 ) showed that a combination of vitamin C and selenium lowered TBARS in broilers fed a PUFA diet more than the supplementation of only selenium. Differently, Konieczka et al. ( 2015 ) showed that the combination of dietary vitamin E and selenium is as efficient as vitamin E alone in the case of oxidative stress caused by high n-3 PUFA. Similarly, Taulescu et al. ( 2011 ) showed that a selenium-supplemented feed did not lower lipid oxidation measured as thiobarbituric acid reactive substances ( TBARS ) in comparison to the sole vitamin E supplementation in broilers. In relation to the role of selenium in the antioxidant network, it is important to consider that organic forms of selenium can be better absorbed from the gut in comparison to inorganic forms (Mahima et al.,  2012 ), and thus more efficient in the reduction of oxidative stress (Ahmad et al.,  2012 ).
L15: To the best of our knowledge, no studies on the effect of combined supplementation of vitamins E, C, and selenium under conditions of oxidative stress have been performed in broilers or in other species. Most of the research is aimed to heat stress alleviation, and not to the stress caused by high dietary n-3 PUFA levels. Even though the physiological responses to heat or to oxidative stress caused by high n-3 PUFA are comparable, different strategies to alleviate them were suggested (Estévez,  2015 ).
L16: Therefore, the objective of the present study was to determine whether, and if so to what extent, the supplementation with a combination of vitamin E, vitamin C, and selenium was superior in antioxidant activity than the sole supplementation of these nutrients in diets rich in n-3 PUFA. For this purpose, different markers of oxidative stress in blood and breast muscle were evaluated.
L17: MATERIALS AND METHODS
L18: The trial was performed at the experimental farm of the Faculty of Agriculture, University of Novi Sad (Novi Sad, Serbia). All the procedures were conducted according to the ethical norms of the EU Convention for the protection of vertebrate animals used for experimental and other scientific purposes, confirmed by Serbian authorities.
L19: Birds and Dietary Treatments
L20: A total of 400 day-old male Ross 308 broiler chicks was randomly divided into 5 groups with 4 replicate pens of 20 each following a complete block design. The birds were individually labeled, penned on a straw litter, and reared under a standard lightning program. Temperature was kept at 32°C during the first wk, at 28°C during the second wk, at 26 °C during the third wk, at 23 °C during the fourth wk, and at 21°C thereafter.
L21: Chickens were fed the commercial starter diet from the 1st to the 12th d of the trial, and the commercial grower diet from the 13th to 20th d, according to the nutrition specifications for Ross 308 (Aviagen,  2014 ). From the 21st to the 40th d of the trial, finisher diets were enriched with 5% of cold-pressed linseed oil and supplemented with: no additives (Cont), 200 IU vitamin E/kg (+E), 250 mg vitamin C/kg (+C), 0.20 mg selenium/kg (+Se), or combined 200 IU vitamin E, 250 mg vitamin C, and 0.20 mg selenium/kg feed (+ECSe). Rovimix E50 (DSM, Heerlen, the Netherlands) as vitamin E supplement (dl-α-tocopheryl acetate), Rovimix Stay-C35 (DSM, Heerlen, the Netherlands) as vitamin C supplement, and Alkosel R397 (Lallemand, Rexdale, ON, Canada) as Se supplement (L(+) selenomethionine and other selenoproteins) were used.
L22: The ingredients and calculated nutrient content of the starter, grower, and finisher diets are presented in Table  1 .
L23: Table 1. Ingredients and calculated nutrient content of the starter, grower, and finisher diets.
L24: Samples of finisher feeds were taken to determine the proximate and mineral compositions, α- and γ-tocopherol, vitamin C (only in the supplemented groups), MDA, antioxidant capacity of lipid- ( ACL ) soluble compounds, and antioxidant capacity of water- ( ACW ) soluble compounds (Table  2 ), as well as fatty acid composition (Table  3 ).
L25: Table 2. Proximate composition, concentration of minerals, α- and γ- tocopherol, vitamin C, MDA, and antioxidant capacity of water- (ACW) and lipid- (ACL) soluble compounds of the finisher feed mixtures.
L26: Table 3. Fatty acid composition 1  of finisher diets (g fatty acids/kg feed).
L27: Experimental Procedure and Sample Collection
L28: Water and feed were provided ad libitum, and live weight gain and feed consumption were recorded weekly. At the age of 40 d, 19 d after the division of the experimental groups and feeding experimental diets, 12 animals per group were sacrificed by cervical dislocation. Samples of blood and breast muscle were collected for analyses. Breast muscle samples were stored in zip-type bags, tightly closed, and stored at –80°C for a maximum storage time of 2 months. Blood samples for plasma were collected into K2 EDTA tubes (Vacuette, Greiner Bio-One, Cassina de Pecchi, Italy), separated by centrifugation (1,000 ×  g  for 15 min at 4°C), and stored in plastic microcentrifuge tubes for analysis of MDA, vitamin C, and tocopherols. Vitamin C in plasma was stabilized by the immediate addition of 250 μL 10% m-phosphoric acid to 250 μL of plasma and stored in plastic microcentrifuge tubes. Blood samples for measuring ACL and ACW were taken in serum tubes and centrifuged at 2,500 ×  g  for 10 min at 4°C. Lithium heparin (Vacuette, Greiner Bio-One, Cassina de Pecchi, Italy) tubes were used to collect whole blood to measure glutathione peroxidase ( GPx ) and superoxide dismutase ( SOD ). All samples were stored at −80°C until the analyses were carried out. The extent of lipid oxidation in individual chicken breast muscle was monitored by measuring MDA, tocopherols, ACW, and FA composition. All samples of breast muscle were sliced into pieces, frozen in liquid nitrogen, and homogenized in a laboratory homogenizer (Grindomix GM200, Retsch GmbH and Co., Haan, Germany). Homogenized breast muscle samples were stored at –80 °C before they were analyzed.
L29: Determination of Vitamin C
L30: Vitamin C concentration in plasma was analyzed according to the methodology of Wehtersbach and Cigič ( 2007 ). One mL of 2% m-phosphoric acid and 10 μL tris—(2-carboxyethyl) phosphine were added to the plasma samples stabilized with m-phosphoric acid. This mixture was centrifuged 10 min at 20,000 × g, and the supernatant was filtered through 0.2 μm filters. Samples were analyzed by HPLC (Agilent, Santa Clara, CA) using Synergi 4μ Hydro- RP 80 A column (Phenomenex, Torrance, CA). The mobile phase was 2.5 mmol/L H 2 SO 4 , and a UV/VIS (250 nm) detector was used. The calibration was made with ascorbic acid (L-ascorbic acid, A.C.S reagent, Sigma-Aldrich, St Louis, MO).
L31: Determination of Vitamin E (α- and γ-tocopherol)
L32: Concentrations of tocopherols in plasma were measured according to the previously described method by Voljč et al. ( 2011 ). Tocopherols in feed and meat samples were analyzed according to the method of Grebenstein and Frank ( 2012 ). Briefly, samples (feed: 150 to 200 mg and homogenized muscle: 1.1 to 1.3 g) were placed in glass tubes with screw caps and processed as described by the authors, except that 4 mL of hexane were used to extract tocopherols after saponification. Dried hexane extracts were dissolved in 1.5 mL of ethanol (vortex, 15 min) and filtered. Extracted tocopherols from plasma, feed, and muscle samples were analyzed by reversed-phase HPLC using a Prodigy 5-μm ODS2 column (250 mm × 4.6 mm × 5 μm, Phenomenex, Torrance, CA). The mobile phase consisted of methanol, and the flow rate of the mobile phase was 1.5 mL/min. An Agilent (Santa Clara, CA) HPLC equipped with a 1260 Infinity FLD fluorescence detector was used at excitation and emission lengths of 280 and 330 nm, respectively. The calibration was made using analytical standards of tocopherols (Tocopherol set, Calbiochem, Merck, Darmstadt, Germany). Accurate concentrations of stock standard solutions used for calibration were determined spectrophotometrically using molar absorption coefficients adapted from Müller et al. ( 2010 ) using Cary 100 UV-Vis spectrophotometer.
L33: Determination of Selenium
L34: Selenium was determined according to the methodology of García et al. ( 2005 ) and the European norm EN 14,627 by hydride generation atomic absorption spectrometry with standard addition method, according to recommended analytical conditions (PerkinElmer Inc., Waltham, MA). An acid digestion in a closed vessel device with temperature control microwave heating was used to digest the samples (Milestone Inc, Shelton, CT). MHS10 hydride system and atomic absorption spectrophotometer 1100B were used (PerkinElmer Inc., Waltham, MA).
L35: Determination of Glutathione Peroxidase and Superoxide Dismutase Activities
L36: GSH-Px activity in blood hemolysates was determined spectrophotometrically with an automated biochemical analyser RX-Daytona (Randox Laboratories, Crumlin, UK) using the commercial Ransel kit (Randox Laboratories, Crumlin, UK), which is based on the method of Paglia and Valentine ( 1967 ). Blood hemolysates were diluted 41-fold before being analyzed with Ransel Diluent (Diluting agent, Randox Laboratories, Crumlin, UK). GSH-Px activity was expressed as units per gram of hemoglobin (U/g Hgb). SOD activity in blood hemolysates was determined spectrophotometrically with an automatic biochemical analyser RX Daytona (Randox Laboratories, Crumlin, UK), using a commercially available Ransod kit (Randox Laboratories, Crumlin, UK), which is based on the original method of McCord and Fridovich ( 1969 ). Before the analyses, samples of hemolysates were diluted 1:200 with the Ransod Sample Diluent (0.01 mmol/L phosphate buffer, pH 7.0; Randox Laboratories, Crumlin, UK). The activity was expressed as U/g Hgb. Hemoglobin concentration was determined by the cyanmethemoglobin method using an automated hematological analyser ADVIA 120 (Siemens, Munich, Germany) (Paglia and Valentine,  1967 ).
L37: Determination of MDA
L38: Concentrations of MDA in plasma and muscle samples were measured following the previously described methods (Voljč et al.,  2011 ), except that an Agilent HPLC (Santa Clara, CA) equipped with a 1260 Infinity FLD fluorescence detector was used in the chromatographic analysis.
L39: Determination of Antioxidant Capacity of Water- and Lipid-Soluble Compounds
L40: ACW and ACL compounds in blood plasma were measured using a photochemiluminiscence method by PhotoChem (Analytik Jena, Jena, Germany). The quantification of the antioxidative capacity of the samples was determined by comparison with a standard (the calibration curves were made using ascorbic acid for ACW and trolox for ACL). Two hundred μL of serum and 200 μL of methanol were centrifuged (15,000 ×  g , 10 min, 4°C) for ACL analyses, while 50 μl of serum and 400 μL of water were used in the case of ACW. To analyze ACW in breast muscle, approximately 300 mg of homogenized muscle samples were mixed with 600 μl of 2% m-phosphoric acid, left for 10 min, and centrifuged (20,000 x g, for 10 min at 4 °C). The supernatants were analyzed using the ACL-Kit or ACW-Kit protocols (Analytik Jena, Jena, Germany).
L41: Fatty Acid Composition of Feed and Breast Muscle
L42: Fatty acids in feed and breast muscle samples were transmethylated in situ, in accordance with Park and Goins ( 1994 ). For the separation of fatty acid methyl esters (FAME), an Agilent 6890 CG (Agilent, Santa Clara, CA) equipped with an Omegawax 320 column (30 m × 0.32 mm i.d. × 0.25 μm, Supelco, Bellefonte, PA), and a flame-ionization detector was used. The chromatographic conditions were as follows: carrier gas (helium, flow 2.0 ml/min), initial temperature (T): 185 °C, ramp: 1 °C/min, final T: 215 °C, injector T: 250 °C, detector T: 280 °C, and split ratio: 20 : 1. Separated FAME were identified by retention time comparison, and results were calculated using response factors derived from chromatographic standards of known composition (Nu411, Nu68A, Nu85, Nu-Chek Prep, Inc., Elysian, MN).
L43: Statistical Analyses
L44: Data were analyzed by the mixed procedure from the SAS software (Ver. 9.4; SAS Institute Inc., Cary, NC,). Least square means ( LSMEANS ) are shown in the results, and the differences were determined by a Tukey-Kramer multiple comparison test. Dispersion was expressed as the standard error of the mean ( SEM ). In the statistical model, the group was included as a fixed effect, and the replication pen as a random effect. Statistical significance was considered at  P  < 0.05.
L45: RESULTS
L46: Body Weight Gain and Feed Consumption
L47: Animals adapted well to the experimental conditions. No differences in the body weight were observed among groups (Table  4 ). Also, the average daily gain ( ADG ) was not different among groups except from the 21st to the 40th day, when group +ECSe had a lower ADG (for 6.9%) ( P  < 0.05) than Cont. The average daily feed intake ( ADFI ) was lower in the +ECSe group than in the Cont group from the 21st to the 40th d and from the 1st to the 40th d (5.4% and 4.3%, respectively), as well as from the 1st to the 40th d in group +E (4.2%). No differences among groups were detected concerning the feed conversion ratio ( FCR ).
L48: Table 4. Body weight, average daily gain (ADG), average daily feed intake (ADFI), and feed conversion ratio (FCR) during the experimental period.
L49: Markers of Oxidative Stress in Blood
L50: No differences in the content of vitamin C in plasma, ACW in serum, or SOD activity in whole blood were observed among groups (Table  5 ). However, +E (p = 0.059) and +ECSe groups had a 25 and 29% lower MDA concentration in plasma, respectively, in relation to Cont. Similarly, +E and +ECSe lowered γ-tocopherol in plasma by 50 and 46%, respectively, but raised α-tocopherol by 188 and 206% with respect to Cont. Furthermore, supplementation with vitamin C in +C group increased ACL in serum by 14.1%, and supplemental selenium in +ECSe raised GPx by 44.3%, when compared to Cont.
L51: Table 5. Plasma, serum, and whole blood parameters at the end of the supplementation period.
L52: Markers of Oxidative Stress in Breast Muscle
L53: Results of α- and γ-tocopherol contents in breast muscle (Table  6 ) revealed that the supplementation with α-tocopherol (groups +E and +ECSe) significantly rose α-tocopherol in breast muscle (169 and 231%, respectively) compared to Cont. In addition, MDA concentration was reduced by 49 and 44% in groups +E and +ECSe, respectively, in comparison to Cont. The antioxidant capacity of water-soluble antioxidants did not differ between groups, but the concentration of selenium was higher by 91 and 106% in +Se and +ECSe groups, respectively.
L54: Table 6. Content of MDA, α- and γ- tocopherol, ACW and Se in breast muscle.
L55: Fatty Acid Composition of Breast Muscle
L56: No differences in the FA composition of breast muscle were observed among animals fed the different experimental diets (Table  7 ).
L57: Table 7. Fatty acid profile 1  in breast muscle (g fatty acids/100 g total fatty acids).
L58: DISCUSSION
L59: Broilers exposed to a stressful environment, e.g., high temperatures or increased dietary n-3 PUFA, have higher demands for dietary antioxidants as protection from oxidative stress. Numerous studies showed that the sole supplementation with vitamin E (Panda and Cherian,  2014 ), vitamin C, and selenium (Estévez,  2015 ) improved the antioxidative status in vivo. Creating n-3 PUFA-enriched products, and, as a consequence, oxidative stress, requires additional antioxidants in the feed (GfE,  1999 ; Leeson and Summers,  2001 ). The practical recommendations for broilers (Aviagen,  2009 ) are already taking into account the basic need for extra supplementation with antioxidants in the diet, regarding the level and type of fat. The present recommendations are 55 to 80 IU of vitamin E/kg (Aviagen,  2014 ) instead of the 10 IU/kg recommended by NRC ( 1994 ). Normally, extra vitamin E varying from 2.5 IU to 3.7 IU per g of PUFA is recommended in the feed (Leeson and Summers  2001 ; Barroeta,  2007 ). Thus, we supplemented a basal diet containing 50 IU of vitamin E with an additional 200 IU, as proposed before for similar dietary PUFA contents (Barroeta,  2007 ; Voljč et al.  2011 ). For vitamin C and Se, to the best of our knowledge, there are no supplementation recommendations regarding high dietary n-3 PUFA. For vitamin C, the general recommendation for birds reared under stress conditions is 250 to 300 ppm (Leeson and Summers,  2001 ), which is similar to our supplementation level (200 ppm). Selenium was adjusted to the upper law restriction in the EU (0.5 mg/kg) (European Union,  2004 ).
L60: Dietary supplementation with combinations of vitamins E and C (Cinar et al.,  2014 ), as well as of vitamin E and selenium (Harsini et al.,  2012 ), was previously used as an effective antioxidant against copper-induced toxicity and heat stress in broilers, respectively. Also, in relation to the oxidative stability of broiler meat, the combination of vitamin C and selenium resulted superior to the sole supplementation (Skrivan et al.,  2012 ). However, no additional benefit was observed in feeding additional Se in combination with high vitamin E (150 IU per kg of diet) on the oxidative stability of frozen stored breast meat from broilers fed high PUFA diets (Konieczka et al.,  2015 ). To the best of our knowledge, the combined use of vitamin E, vitamin C, and selenium has never been tested on the oxidative stress caused by a high n-3 PUFA intake and other possible oxidative stressors.
L61: In the present study, dietary supplementation with individual vitamin E, vitamin C, and selenium did not affect the final body weight of the animals. The combination of antioxidants lowered the ADG and ADFI of the animals from the 21st to the 40th d and from the 1st to the 40th d of the experimental period. The same trend was shown for group E, which does not comply with other trials that showed that vitamin E (Gao et al.,  2010 ) and vitamin C (Sahin et al.,  2003a ; Lohakare et al.,  2005 ) improved performance traits in broilers. In spite of this, in a trial carried out by Özkan et al. ( 2007 ), broiler performance was not affected by the supplementation with vitamin E or selenium. Differently, Konieczka et al. ( 2015 ) showed that the combination of vitamin E and selenium negatively affected the growth of broilers fed high n-3 PUFA levels. Overall, in the present study, the combined concentration of antioxidants might have exceeded the physiological requirements, and so the final body weight was negatively affected, as described before (Konieczka et al.,  2015 ). Adversely as it was shown by Bouayed and Bohn ( 2010 ), who stated that an excessive consumption of dietary antioxidants in humans could have pro-oxidative effects, no oxidative status parameters in plasma or muscle were affected by the combination of antioxidants.
L62: Vitamin E is one of the most important dietary antioxidants in poultry feed. In our study, the dietary supplementation with α-tocopherol resulted in an increased α-tocopherol concentration in plasma, which is a well-known fact (Morrissey et al.,  1997 ; Voljč et al.,  2013 ). Consequently, the MDA concentration in plasma was inversely correlated with the inclusion of vitamin E in the feed, which is in accordance with results from Voljč et al. ( 2013 ), while it effectively protected lipids from peroxidation (Raederstorff et al.,  2015 ). It should be noted that MDA is a relatively unspecific marker of lipid peroxidation, and is largely formed also ex vivo. On the other hand, MDA assay is still one of the best predictors of oxidative stress, since it is normally very well connected to other markers (Lykkesfeldt and Svendsen,  2007 ). Interestingly, the content of γ-tocopherol in plasma was negatively affected by the inclusion of α-tocopherol in the diet, which is not in agreement with Bottje et al. ( 1997 ), who showed that the inclusion of α-tocopherol did not influence the level of γ-tocopherol in tissues of broilers. The same conclusion was drawn by Tomažin et al. ( 2013 ). On the other hand, Voljč et al. ( 2011 ) showed that dietary α-tocopherol lowered the plasmatic content of γ-tocopherol. Since authors used different sources and concentrations of vitamin E, the reasons for the differences in the absorption and metabolism of tocopherols compared to other studies are difficult to explain. Vitamin E supplementation did not raise the content of ACL in serum. This is a very interesting result, since the content of α-tocopherol in plasma in group +E was higher, and so we believe that there should be another lipid soluble substance that substituted the activity of vitamin E in the blood, but further research is needed to elucidate it. In contrast, Tomažin et al. ( 2013 ) showed that the dietary inclusion of 67 mg/kg of RRR-α-tocopherol raised ACL content in plasma 38% in comparison to control.
L63: In the present study, the plasmatic concentration of vitamin C was not affected by any of the supplements used. It is well known that galliform birds synthesize vitamin C in the kidney, but the endogenous synthesis can be limited in young birds. Therefore, it is not known if the dietary supplementation can be beneficial, especially in earlier stages of life (Leeson and Summers,  2001 ). We assume that pharmacokinetics are constant in vivo, as it was shown in humans (Padayatty et al.,  2004 ). In line with this, plasmatic vitamin C was not affected by the dietary supplementation. On the other hand, in animals not able to synthesize vitamin C endogenously (guinea pigs), the supplementation with vitamin C did not affect vitamin C or E in plasma and tissues (Keller et al.,  2004 ). It is important to remark that vitamin C supplementation (+C) increased ACL in serum compared to Cont. As it is well known, vitamin C can regenerate vitamin E (Kagan et al.,  1992 ), and therefore higher serum concentrations of vitamin E, and consequently of ACL, could be expected. Furthermore, there was no difference in ACW, although a trend towards a higher value was noticed in group +C. Jakowski et al. ( 2016 ) exposed that turkeys fed diets enriched with different antioxidant supplements showed a change in the level of ACW in plasma, and so additional research on this topic should be carried out.
L64: Dietary supplementation with selenium and the combination of antioxidants resulted in an increased GPx activity in serum. This result was expected and in accordance with Chen et al. ( 2013 ). The activity of SOD was not affected by the supplements, which agrees with Voljč et al. ( 2013 ), who showed that α-tocopherol did not change SOD activity.
L65: The inclusion of α-tocopherol in feeds raised the content of α-tocopherol but lowered that of γ-tocopherol in breast muscle. Also, γ-tocopherol concentration in muscle was affected by the supplementation with α-tocopherol in the same way as in plasma. This could be explained by the faster metabolism of γ-tocopherol when the α-tocopherol intake is increased and by the competition for intestinal transporter proteins, as it is the case in humans (Wolf and Phil,  2006 ), since several factors affect absorption and metabolism. Results of tocopherol analyses were also in compliance with Voljč et al. ( 2013 ), who observed higher α- but lower γ-tocopherol contents in breast muscle of α-tocopherol supplemented broilers. Further research is needed to support the knowledge on the role of tocopherols in vivo, as results showed that γ-tocopherol concentration is lowered by the supplementation with α-tocopherol.
L66: The positive effects of the feed supplementation with vitamin E on the protective effects against lipid oxidation observed in this study were consistent with results of previous experiments (Voljč et al.,  2013 ; Hu et al.,  2015 ). Supplementation with vitamin E and the combination of antioxidants lowered the content of MDA in breast muscle. Moreover, we did not detect differences in the lipid peroxidation measured as MDA in breasts when diets were supplemented with vitamin C and selenium, which is in agreement with previous trials (Pena et al.,  2008 ; Habibian et al.,  2016 ).
L67: In the present study, there were no effects of the dietary antioxidants on the content of ACW in breast muscle, which was unexpected, since vitamin C is a water-soluble vitamin, and so it should contribute to an amplified antioxidant capacity.
L68: Results showed that supplements did not affect the FA composition of breast muscle. Vitamin E is a key lipophilic antioxidant and can contribute to the protection against the peroxidation of PUFA as reported in humans (Raederstorff et al.,  2015 ), and therefore differences in the FA composition were expected. Our results comply with those of Nam et al. ( 1997 ) and Tomažin et al. ( 2013 ), who reported a lack of effect of dietary vitamin E on the FA composition of breast muscle in broilers fed n-3 PUFA. On the other hand, Haug et al. ( 2007 ) showed that high dietary selenium level in broilers fed rapeseed and linseed oil increased the concentration of long chain FA in thigh muscle, which does not agree with our results. The FA composition is variable and could be affected by many internal and external factors, and thus further research on this topic would be of high interest.
L69: To conclude, additional antioxidants such as vitamins E and C, selenium, or their combination, did not influence muscle FA composition, vitamin C in plasma, ACW in serum, or GPx and SOD in whole blood. The inclusion of high amounts of α-tocopherol in diets led to high concentration of α-tocopherol in plasma and breast muscle, and since α-tocopherol protects lipids from oxidation, lower plasma and breast muscle MDA concentrations were detected in comparison to the control group. Overall, the recommendations for the dietary antioxidant content in feed by Ross (Aviagen,  2014 ) are adequate except for vitamin E. Even though our results showed that the inclusion of additional supplements had no synergistic effect on the assessed parameters, it would be of great interest to carry out further research under different environmental conditions to fully elucidate possible synergistic effects of dietary antioxidants such as vitamin E, vitamin C, and selenium in broilers.
L70: Ahmad H. ,  Tian J. ,  Wang J. ,  Khan M. A. ,  Wang Y. ,  Zhang L. ,  Wang T. 
L71:  2012 
L72:  Effects of dietary sodium selenite and selenium yeast on antioxidant enzyme activities and oxidative stability of chicken breast meat .  J. Agric. Food. Chem .  60 : 7111 – 7120 . 22732007
L73: Akbarian A. ,  Michiels J. ,  Degroote J. ,  Majdeddin M. ,  Golian A. ,  De Smet S. 
L74:  2016 
L75:  Association between heat stress and oxidative stress in poultry; mitochondrial dysfunction and dietary interventions with phytochemicals .  J. Anim. Sci. Technol. 7 : 37 .
L76: Aviagen 
L77:  2014 
L78:  ROSS 308 broiler: Nutrition Specifications. Accessed Mar. 2016  http://en.aviagen.com/assets/Tech_Center/Ross_Broiler/Ross308BroilerNutritionSpecs2014-EN.pdf
L79: Aviagen 
L80:  2009 
L81:  ROSS 308 broiler: Nutrition Supplement. Accessed Feb. 2017  http://en.aviagen.com/assets/Tech_Center/Ross_Broiler/Ross_Nutrition_Supplement.pdf
L82: Barroeta A. C. 
L83:  2007 
L84:  Nutritive value of poultry meat: Relationship between vitamin E and PUFA .  Worlds Poult. Sci. J. 63 : 277 – 284 .
L85: Bottje W. G. ,  Erf G. F. ,  Bersi T. K. ,  Wang S. ,  Barnes D. ,  Beers K. W. 
L86:  1997 
L87:  Effect of dietary dl-αtocopherol on tissue α- and γ-tocopherol and pulmonary hypertension syndrome (Ascites) in Broilers .  Poult. Sci. 76 : 1506 – 1512 . 9355143
L88: Bou R. ,  Guardiola F. ,  Barroeta A. C. ,  Codony R. 
L89:  2005 
L90:  Effect of dietary fat sources and zinc and selenium supplements on the composition and consumer acceptability of chicken meat .  Poult. Sci. 84 : 1129 – 1140 . 16050130
L91: Bouayed J. ,  Bohn T. 
L92:  2010 
L93:  Exogenous antioxidants-double-edged swords in cellular redox state .  Oxid. Med. Cell. Longev. 3 : 228 – 237 . 20972369
L94: Chen G. ,  Wu J. ,  Li C. 
L95:  2013 
L96:  The effect of different selenium levels on production performance and biochemical parameters in broilers .  Ital. J. Anim. Sci. 12 : 486 – 491 .
L97: Cinar M. ,  Yildirim E. ,  Yigit A. A. ,  Yalcinkaya I. ,  Duru O. ,  Kisa U. ,  Atmaca N. 
L98:  2014 
L99:  Effects of dietary supplementation with vitamin C and vitamin E and their combination on growth performance, some biochemical parameters, and oxidative stress induced by copper toxicity in broilers .  Biol. Trace Elem. Res. 158 : 186 – 196 . 24615553
L100: Eder K. ,  Grünthal G. ,  Kluge H. ,  Hirche F. ,  Spilke J. ,  Brandsch C. 
L101:  2005 
L102:  Concentrations of cholesterol oxidation products in raw, heat-processed and frozen-stored meat in broiler chickens fed diets differing in the type of fat and vitamin E concentrations .  Brit. Poult. Sci. 93 :  633 – 643 .
L103: European Union 
L104:  2004 
L105:  List of authorized additives in feedingstuffs published in application of Article 9t (b) of Council Directive 70/524/EEC concerning additives in feedingstuffs .  Off. J. Eur. Union. C/50 : 1 – 144
L106: Estévez M. 
L107:  2015 
L108:  Oxidative damage to poultry: From farm to fork .  Poult. Sci. 94 : 1368 – 1378 . 25825786
L109: Fang Y-Z. ,  Yang S. ,  Wu G. 
L110:  2002 
L111:  Free radicals, antioxidants, and nutrition .  Nutr .  18 : 872 – 879 .
L112: García J. B. ,  Krachler M. ,  Chen B. ,  Shotyk W. 
L113:  2005 
L114:  Improved determination of selenium in plant and peat samples using hydride generation-atomic fluorescence spectrometry (HG-AFS). Anal. Chim. Acta .  534 : 255 – 261 .
L115: GfE 
L116:  1999 
L117:  Empfehlungen zur Energie- und Nahrstoffversorgung der Legehennen und Masthuhner (Broiler). Energie- und Nahrstoffbedarf landwirtschaftlicher Nutztiere, No. 7 .  DLG-Verlag ,  Frankfurt, Germany .
L118: Gladine C. ,  Morand C. ,  Rock E. ,  Bauchart D. ,  Durand D. 
L119:  2007 
L120:  Plant extracts rich in polyphenols (PERP) are efficient antioxidants to prevent lipoperoxidation in plasma lipids from animals fed n – 3 PUFA supplemented diets .  Anim. Feed Sci. Tech. 136 : 281 – 296 .
L121: Gao J. ,  Lin H. ,  Wang X. J. ,  Song Z. G. ,  Jiao H. C. 
L122:  2010 
L123:  Vitamin E supplementation alleviates the oxidative stress induced by dexamethasone treatment and improves meat quality in broiler chickens .  Poult. Sci. 89 : 318 – 327 . 20075285
L124: Gursu M. F. ,  Onderci M. ,  Gulcu F. ,  Sahin K. 
L125:  2004 
L126:  Effects of vitamin C and folic acid supplementation on serum paraoxanase activity and metabolites induced by heat stress in vivo .  Nutr. Res. 24 : 157 – 164 .
L127: Grebenstein N. ,  Frank J. 
L128:  2012 
L129:  Rapid baseline-separation of all eight tocopherols and tocotrienols by reversed-phase liquid-chromatography with a solid-core pentafluorophenyl column and their sensitive quantification in plasma and liver .  J. Chromatogr. A 1243 : 39 – 46 . 22560347
L130: Habibian M. ,  Ghazi S. ,  Moeini M. M. 
L131:  2016 
L132:  Effects of dietary selenium and vitamin E on growth performance, meat yield, and selenium content and lipid oxidation of breast meat of broilers reared under heat stress .  Biol. Trace Elem. Res. 169 : 142 – 152 . 26085059
L133: Haug A. ,  Eich-Greatorex S. ,  Bernhoft A. ,  Wold J. P. ,  Hetland H. ,  Christophersen O. A. ,  Sogn T. 
L134:  2007 
L135:  Effect of dietary selenium and omega-3 fatty acids on muscle composition and quality of broilers .  Lipids Healht Dis .  6 : 29 .
L136: Harsini S. G. ,  Habibiyan M. ,  Moeini M. M. ,  Abdolmohammadi A. R. 
L137:  2012 
L138:  Effects of dietary selenium, vitamin E, and their combination on growth, serum metabolites, and antioxidant defense system in skeletal muscle of broilers under heat stress .  Biol. Trace Elem. Res. 148 : 322 – 330 . 22426748
L139: Hu Z. P. ,  Wang T. ,  Ahmad H. ,  Thang J. F. ,  Zhang L. L. ,  Zhong X. 
L140:  2015 
L141:  Effects of different formulations of α-tocopherol acetate (vitamin E) on growth performance, meat quality and antioxidant capacity in broiler chickens .  Brit. Poult. Sci. 56 : 687 – 695 . 26283452
L142: Jakowski K. ,  Juskiewicz J. ,  Zdunczyk P. ,  Kosmala M. ,  Zielinski H. ,  Antoszkiewicz Z. ,  Zdunczyk Z. 
L143:  2016 
L144:  Antioxidant status of blood and liver of turkeys fed diets enriched with polyunsaturated fatty acids and fruit pomaces as a source of polyphenols .  Pol. J. Vet. Sci. 19 : 89 – 98 . 27096792
L145: Kagan V. E. ,  Serbinova E. A. ,  Forte T. ,  Scita G. ,  Packer L. 
L146:  1992 
L147:  Recycling of vitamin E in human low density lipoproteins .  J. Lipid. Res. 33 : 385 – 397 . 1314881
L148: Keller U. ,  Brandsch C. ,  Eder K. 
L149:  2004 
L150:  Supplementation of vitamins C and E increases the vitamin E status but does not prevent the formation of oxysterols in the liver of guinea pigs fed and oxidised fat .  Eur. J. Nutr. 43 : 353 – 359 . 15309456
L151: Konieczka P. ,  Czauderna M. ,  Rozbicka-Wieczorek A. ,  Smulikowska S. 
L152:  2015 
L153:  The effect of dietary fat, vitamin E and selenium concentrations on the fatty acid profile and oxidative stability of frozen stored broiler meat .  J. Anim. Feed. Sci. 24 : 244 – 251
L154: Leeson S. ,  Summers J. D. 
L155:  2001 
L156:  Vitamins. Scott's Nutrition of the Chicken .  4th ed 
L157:  University Books ,  Guelph, Ontario, Canada :  232 and 316 .
L158: Lohakare J. D. ,  Ryu M. H. ,  Hahn T. W. ,  Lee J. K. ,  Chae B. J. 
L159:  2005 
L160:  Effects of supplemental ascorbic acid on the performance and immunity of commercial broilers .  J. Appl. Poult. Res. 14 : 10 – 19 .
L161: Lykkesfeldt J. ,  Svendsen O. 
L162:  2007 
L163:  Oxidants and antioxidants in disease: Oxidative stress in farm animals .  Vet. J. 173 : 502 – 511 . 16914330
L164: Mahima A. K. ,  Verma ,  Kumar A. ,  Rahal A. ,  Kumar V. ,  Roy D. 
L165:  2012 
L166:  Inorganic versus organic selemium supplementation: A review .  Pak. J. Biol. Sci. 15 : 418 – 425 . 24163951
L167: McCord J. M. ,  Fridovich I. 
L168:  1969 
L169:  Superoxide dismutase an enzymic function for erythrocuprein (hemocuprein) .  J. Biol. Chem .  244 : 6049 – 6055 . 5389100
L170: Morrissey P. A. ,  Brandon S. ,  Buckley D. J. ,  Sheehy P. J. A. ,  Frigg M. 
L171:  1997 
L172:  Tissue content of α-tocopherol and oxidative stability of broilers receiving dietary α-tocopheryl acetate supplement for various periods pre-slaughter .  Brit. Poult. Sci .  38 : 84 – 88 . 9088618
L173: Müller L. ,  Theile K. ,  Bohm V. 
L174:  2010 
L175:  In vitro antioxidant activity of tocopherols and tocotrienols and comparison of vitamin E concentration and lipophilic antioxidant capacity in human plasma .  Mol. Nutr. Food Res. 54 : 731 – 742 . 20333724
L176: Nam K. T. ,  Lee H. A. ,  Min B. S. ,  Kang C. W. 
L177:  1997 
L178:  Influence of dietary supplementation with linseed and vitamin E on fatty acids, α-tocopherol and lipid peroxidation in muscles of broiler chicks .  Anim. Feed. Sci. Tech. 66 : 149 – 158 .
L179: Naumann C. ,  Bassler R. 
L180:  1997 
L181:  Die chemische Untersuchung von Futterrmitteln, 4 .  Ergäenzungslieferung, Darmstadt, VDLUFA-Verlag .
L182: NRC 
L183:  1994 
L184:  Nutrient Requirements of Poultry .  Natl. Acad. Press ,  Washington, DC .
L185: Özkan S. ,  Malayouglu H. B. ,  Yalcin S. ,  Karadas F. ,  Koctürk S. ,  Cabuk M. ,  Oktay G. ,  Özdemir S. ,  Özdemir E. ,  Ergül M. 
L186:  2007 
L187:  Dietary vitamin E (α-tocopherol acetate) and selenium supplementation from different sources: Performance, ascites-related variables and antioxidant status in broilers reared at low and optimum temperatures .  Brit. Poult. Sci .  48 : 580 – 593 . 17952730
L188: Padayatty S. J. ,  Sun H. ,  Wang Y. ,  Riordan H. D. ,  Hewitt S. M. ,  Katz A. ,  Wesley R. A. ,  Levine M. 
L189:  2004 
L190:  Vitamin C pharmacokinetics: Implications for oral and intravenous use .  Ann. Intern. Med. 140 : 533 – 537 . 15068981
L191: Paglia D. E. ,  Valentine W. N. 
L192:  1967 
L193:  Studies on the quantitative and qualitative characterization of erythrocyte glutathione peroxidase .  J. Lab. Clin. Med. 70 : 158 – 169 . 6066618
L194: Panda A. K. ,  Cherian A. 
L195:  2014 
L196:  Role of Vitamin E in counteracting oxidative stress in poultry .  J. Poult. Sci. 51 : 109 – 117 .
L197: Park P. W. ,  Goins R. E. 
L198:  1994 
L199:  In situ preparation of fatty acid methyl esters for analysis of fatty acid composition in foods .  J. Food. Sci. 59 : 1262 – 1266 .
L200: Pena J. E. M. ,  Vieira S. L. ,  Lopez J. ,  Reis R. N. ,  Barros R. ,  Furtado R. V. F. ,  Silva P. X. 
L201:  2008 
L202:  Ascorbic acid and citric flavonoids for broilers under heat stress: effects on performance and meat quality .  Braz. J. Poultry Sci. 10 : 125 – 130 .
L203: Raederstorff D. ,  Wyss A. ,  Calder P. C. ,  Weber P. ,  Eggersdorfer M. 
L204:  2015 
L205:  Vitamin E function and requirements in relation to PUFA .  Brit. J. Nutr .  114 : 1113 – 1122 . 26291567
L206: Sahin K. ,  Sahin N. ,  Yaralioglu S. 
L207:  2002 
L208:  Effects of Vitamin C and E on lipid peroxidation, blood serum metabolites, and mineral concentrations of laying hens reared at high ambient temperature .  Biol. Trace Elem. Res. 85 : 35 – 45 . 11881797
L209: Sahin K. ,  Sahin N. ,  Kucuk O. 
L210:  2003a 
L211:  Effects of chromium, and ascorbic acid supplementation on growth, carcass traits, serum metabolites, and antioxidant status of broiler chikens reared at a high ambient temperature (32°C) .  Nutr. Res .  23 : 225 – 238 .
L212: Sahin K. ,  Onderci M. ,  Sahin N. ,  Gursu M. F. ,  Kucuk O. 
L213:  2003b 
L214:  Dietary vitamin C and folic acid supplementation ameliorates the detrimental effects of heat stress in japanese quails .  J. Nutr. 133 : 1882 – 1886 . 12771333
L215: Skrivan M. ,  Marounek M. ,  Englmaierova M. ,  Skrivanova E. 
L216:  2012 
L217:  Influence of dietary vitamin C and selenium, alone and in combination, on the composition and oxidative stability of meat of broilers .  Food Chem .  130 : 660 – 664
L218: Smet K. ,  Raes K. ,  Huyghebaert G. ,  Haak L. ,  Arnouts S. ,  De Smet S. 
L219:  2008 
L220:  Lipid and protein oxidation of broiler meat as influenced by dietary natural antioxidant supplementation .  Poult. Sci. 87 : 1682 – 1688 . 18648067
L221: Taulescu C. ,  Mihaiu M. ,  Bele C. ,  Matea C. ,  Dan S. D. ,  Mihaiu R. ,  Lapusan A. 
L222:  2011 
L223:  Antioxidant effect of vitamin E and selenium on omega-3 enriched poultry meat .  Bulletin UASVM, Vet. Med. 68 : 293 – 299
L224: Tomažin U. ,  Frankič T. ,  Voljč M. ,  Rezar V. ,  Levart A. ,  Salobir J. 
L225:  2013 
L226:  The potency of α- and γ-tocopherol, and their combination, in reducing dietary induced oxidative stress  in vivo  and improving meat lipid stability in broilers .  Arch. Geflugelkd .  77 : 266 – 274 .
L227: Tomažin U. ,  Frankič T. ,  Keber R. ,  Rezar V. ,  Horvat S. ,  Salobir J. 
L228:  2014 
L229:  Oxidative stress response in liver of broiler chickens supplemented with n-3 PUFA-rich linseed oil .  Slov. Vet. Res. 51 : 105 – 112
L230: Voljč M. ,  Frankič T. ,  Levart A. ,  Nemec M. ,  Salobir J. 
L231:  2011 
L232:  Evaluation of different vitamin E recommendations and bioactivity of α-tocopherol isomers in broiler nutrition by measuring oxidative stress in vivo and the oxidative stability of meat .  Poult. Sci. 90 : 1478 – 1488 . 21673163
L233: Voljč M. ,  Levart A. ,  Žgur S. ,  Salobir J. 
L234:  2013 
L235:  The effect of α-tocopherol, sweet chestnut wood extract and their combination on oxidative stress  in vivo  and the oxidative stability of meat in broilers .  Brit. Poult. Sci. 54 : 144 – 156 . 23444864
L236: Walton J.-P. ,  Julian R. J. ,  Squires E. J. 
L237:  2001 
L238:  The effects of dietary flax oil and antioxidants on ascites and pulmonary hypertension in broilers using a low temperature model .  Brit. Poult. Sci. 42 : 123 – 129 . 11337961
L239: Wehtersbach L. ,  Cigič B. 
L240:  2007 
L241:  Reduction of dehydroascorbic acid at low pH .  J. Biochem. Biophys. 70 : 767 – 772 .
L242: Wolf G. ,  Phil D. 
L243:  2006 
L244:  How an increased intake of alpha-tocpoherol can suppress the bioavailability of gamma-tocopherol .  Nutr. Rev .  64 : 295 – 299 . 16808116
L245: ACKNOWLEDGEMENTS
L246: Grants from the Slovenian Research Agency (Ljubljana, Slovenia) (BI-RS/14-15-052 and P4-0097) and the Ministry of Education, Science and Technological Development of Republic of Serbia (TR 31033) financially supported this work.
[32ms]

