L1: Effects of Beetroot Juice Supplementation on Cardiorespiratory Endurance in Athletes. A Systematic Review
L2: Nutrients (2017)
L3: Raúl Domínguez, Eduardo Cuenca, José Luis Maté-Muñoz, Pablo García-Fernández, Noemí Serra-Paya, María Carmen Lozano Estevan, Pablo Veiga Herreros, Manuel Vicente Garnacho-Castaño
L4: 1 College of Health Sciences, University Alfonso X El Sabio University, Madrid 29651, Spain;  rdomiher@uax.es  (R.D.);  jmatmuo@uax.es  (J.L.M.-M.);  pablgafe@uax.es  (P.G.-F.);  mloza@myuax.com  (M.C.L.E.);  pveigher@uax.es  (P.V.H.)
L5: 2 Tecnocampus, College of Health Sciences, University of Pompeu Fabra, Mataró-Maresme, Barcelona 08302 Spain;  educuen@hotmail.com  (E.C.);  nserra@tecnocampus.cat  (N.S.-P.)
L6: Athletes use nutritional supplementation to enhance the effects of training and achieve improvements in their athletic performance. Beetroot juice increases levels of nitric oxide (NO), which serves multiple functions related to increased blood flow, gas exchange, mitochondrial biogenesis and efficiency, and strengthening of muscle contraction. These biomarker improvements indicate that supplementation with beetroot juice could have ergogenic effects on cardiorespiratory endurance that would benefit athletic performance. The aim of this literature review was to determine the effects of beetroot juice supplementation and the combination of beetroot juice with other supplements on cardiorespiratory endurance in athletes. A keyword search of DialNet, MedLine, PubMed, Scopus and Web of Science databases covered publications from 2010 to 2016. After excluding reviews/meta-analyses, animal studies, inaccessible full-text, and studies that did not supplement with beetroot juice and adequately assess cardiorespiratory endurance, 23 articles were selected for analysis. The available results suggest that supplementation with beetroot juice can improve cardiorespiratory endurance in athletes by increasing efficiency, which improves performance at various distances, increases time to exhaustion at submaximal intensities, and may improve the cardiorespiratory performance at anaerobic threshold intensities and maximum oxygen uptake (VO 2max ). Although the literature shows contradictory data, the findings of other studies lead us to hypothesize that supplementing with beetroot juice could mitigate the ergolytic effects of hypoxia on cardiorespiratory endurance in athletes. It cannot be stated that the combination of beetroot juice with other supplements has a positive or negative effect on cardiorespiratory endurance, but it is possible that the effects of supplementation with beetroot juice can be undermined by interaction with other supplements such as caffeine.
L7: Review
L8: nutrition; sport; exercise; nitric oxide; physical activity
L9: 1. Introduction
L10: Cardiorespiratory endurance is defined as a health-related component of physical fitness that relates to the ability of the circulatory and respiratory systems to supply fuel during sustained physical activity and to eliminate fatigue products after supplying fuel [ 1 ]. Cardiorespiratory endurance is a performance factor in all sports in which adenosine triphosphate (ATP) is resynthesized, mainly by aerobic metabolism or oxidative processes that produce energy. In these sports, the expended effort typically lasts longer than five minutes, primarily depending on the metabolic level of the oxidative processes involved [ 2 ]. Factors that limit performance in this type of endurance patterns include maximum oxygen uptake (VO 2max ), ventilatory thresholds (first and second ventilatory threshold) and energy efficiency or economy [ 3 , 4 , 5 ].
L11: In competitive sports, 0.5%–1.5% improvements in performance are considered a critical difference [ 6 ]. In order to enhance the effects of training and improve performance, athletes often turn to nutritional supplements [ 7 ]. According to the American College of Sports Medicine (ACSM), adequate selection of nutrients and supplements, adjusting intake according to the exercise performed, is necessary for optimal performance in athletes [ 8 ]. However, not all supplements have been shown to produce a positive effect on performance. The Australian Institute of Sport [ 9 ], classified supplements to which athletes have access, with the goal of categorizing nutritional supplements based on the level of evidence for impact on an athlete's performance ( Table 1 ). However, the effectiveness of supplements also depends on dosage and type of effort, because the potential ergogenic effect may differ by the specific type of sport [ 10 ].
L12: Beetroot juice is used as a supplement because of its high inorganic nitrate (NO 3 − ) content, a compound found naturally in vegetables and in processed meats, where it is used as a preservative [ 12 ].
L13: Once ingested, the NO 3 −  is reduced to nitrite (NO 2 − ), by anaerobic bacteria in the oral cavity by the action of nitrate reductase enzymes [ 13 ] and then to nitric oxide (NO) in the stomach [ 14 ]. This physiological mechanism depends on the entero-salivary circulation of inorganic nitrate without involving NOS activity. Once in the acidic stomach, nitrite is instantly decomposed to convert to NO and other nitrogen oxides performing determinant physiological functions ( Figure 1 ). Nitrate and remaining nitrite is absorbed from the intestine into the circulation, which can become bioactive NO in tissues and blood [ 14 ] under physiological hypoxia.
L14: NO induces several physiological mechanisms that influences O 2  utilization during contraction skeletal muscle. Physiological mechanisms for NO 2 −  reduction are facilitated by hypoxic conditions, therefore, NO (vasodilator) is produced in those parts of muscle that are consuming or in need of more O 2 . This mechanism would allow local blood flow to adapt to O 2  requirement providing within skeletal muscle an adequate homogeneous distribution. This physiological response could be positive in terms of muscle function, although it would not explain a reduced O 2  cost during exercise [ 15 ]. Another probable mechanism is related to NO 2 −  and NO as regulators of cellular O 2  utilization [ 15 ].
L15: In addition, a potent signaling molecule that affects cell function in many body tissues, NO is endogenously produced by synthesizing nitric oxide from  l -arginine oxidation. The molecule has important hemodynamic and metabolic functions [ 16 , 17 ], being a major vasodilator that can increase blood flow to muscles [ 18 ] and promote oxygen transfer in the muscle. Additional physiological benefits of NO include improved mitochondrial efficiency and glucose uptake in muscle [ 19 ] and enhanced muscle contraction and relaxation processes [ 20 ]. Other researchers have reported that NO can act as an immunomodulator [ 21 ] and stimulates gene expression and mitochondrial biogenesis [ 22 ]. Given the positive effects of beetroot juice, which are induced by means of NO, this supplement has been proposed as part of the therapeutic approach in people with chronic obstructive pulmonary disease [ 23 ], hypertension [ 24 ], heart failure [ 25 ] and insulin resistance [ 26 ].
L16: These findings reflect the importance of supplementation with NO 3 −  or nitrate salts to increase the bioavailability of NO in order to influence muscle function improving exercise performance, mainly in aerobic metabolism [ 27 ]. Therefore, supplementation with beetroot juice may have an ergogenic effect in athletes [ 9 ], especially with respect to cardiorespiratory endurance. However, the assumption that the beetroot juice supplementation improves performance in cardiorespiratory endurance under hypoxic conditions, and the combination of beetroot juice supplementation with other supplements, as caffeine, has a positive effect on cardiorespiratory endurance is controversial.
L17: The objective of the present literature review was to analyze the effects of beetroot juice supplementation on cardiorespiratory endurance in several conditions (normoxia, hypoxia and beetroot juice with other supplements) and determine the appropriate dosage to enhance the potential ergogenic effects on performance. The focus of the article is mainly on the influence of beetroot juice of the acute and chronic responses on trained endurance athletes.
L18: 2. Methodology
L19: A keyword search for articles published in English or Spanish since 2010 was carried out in the DialNet, MedLine, PubMed, Scopus and Web of Science databases on 8 June 2016. The search terms included beet, beetroot, nitrate, nitrite, supplement, supplementation, nutrition, “sport nutrition” and “ergogenic aids”. The 210 selected articles included at least one of those search terms, in combination with endurance, exercise, sport or athlete.
L20: Exclusion criteria were the following: literature reviews and meta-analyses, animal studies, population other than endurance athletes, and inadequate assessment of cardiorespiratory endurance, specifically defined as  < VO 2max  testing or no test lasting more than 5 min to determine how long the subject can maintain the lowest intensity at which VO 2max  was achieved [ 28 ]. Therefore, 23 articles were selected for the present review ( Figure 2 ).
L21: 3. Results and Discussion
L22: The selected studies on the effects of beetroot juice supplementation on cardiorespiratory endurance are summarized in  Table 2 .
L23: In  Table 2 , 23 articles were examined regarding beetroot juice supplementation in normoxic conditions, hypoxic conditions and beetroot juice combined with caffeine supplementation: 11 of those articles were related to trained athletes, four of them to cyclists-triathletes, three to cyclists trained, two to trained kayakers, one to trained runners, one to trained swimmers, and one to healthy physically active people. Twenty-one of these articles assessed respiratory parameters including VO 2  at several intensities (approximately 60%–100% VO 2max , VT1)
L24: Briefly, in trained athletes men and women in normoxia conditions appeared that beetroot juice supplementation enhances aerobic performance by a decrease in VO 2  at several intensities (60%–100% VO 2max , VT1) increasing the economy during exercise. In kayak studies, a decrease of VO 2  at the same intensity in kayakers supplemented with beetroot juice compared to a placebo group was found. In trained swimmers, a decrease in energy expenditure in the experimental condition of beetroot juice supplementation was observed.
L25: Regarding the supplementation with beetroot juice in hypoxic conditions, five studies were selected. The hypothesis that beetroot improves cardiorespiratory performance in hypoxic conditions is controversial.
L26: Two studies evaluated the effect of the combination of beetroot juice and caffeine in men and women trained cyclists-triathletes, and one study evaluated the same supplementation in trained men athletes. The studies did not determine that the effects of beetroot juice combined with caffeine increase the cardiorespiratory performance regarding caffeine supplementation.
L27: 3.1. Acute Effects of Beetroot Juice Supplementation on Performance in Cardiorespiratory Endurance
L28: Several studies have shown a positive effect of acute beetroot juice intake on various parameters of performance improvement associated with the cardiovascular and respiratory system. Economy is a parameter that expresses the relationship between oxygen consumption (VO 2 ) and power generated or the distance traveled by an athlete [ 29 ], regarded as a performance factor in cardiorespiratory endurance [ 3 , 4 , 5 ]. Improved economy is due to achieving higher output power with the same VO 2  level [ 30 ]. Another improvement attributed to beetroot juice supplementation is related to the increased blood flow, favoring the supply of oxygen to the mitochondria [ 50 ], which has the side effect of stimulating oxidative metabolism. In addition, supplementation with NO 3 −  could improve the processes of muscle contraction and relaxation [ 31 ].
L29: A study in trained cyclists found that beetroot juice supplementation improves performance by 0.8% in a 50-mile test [ 32 ]. Significant increases in efficiency, measured as watts (W) per liter of VO 2  (W/VO 2 ) were observed in the last 10 miles; these improvements were associated with a decrease in time required to travel this distance. Another study [ 33 ] aimed to assess efficiency on a 40-min test at submaximal intensity (20 min at 50% VO 2max  followed by 20 min at 70% VO 2max ). A decrease in VO 2  and improved efficiency was also observed after beetroot juice supplementation, but did not reach statistical significance. After supplementation and immediately after the submaximal 40-min test, the time-to-exhaustion at an intensity of 90% VO 2max  improved as much as 16% in the trained cyclists. These findings make us suspect that beetroot juice might have an ergogenic effect, increasing performance in prolonged cycling events that require alternations in relative intensity, from moderate to high VO 2max , which is very characteristic of the stages of cycling races.
L30: In a time trial of 16.1 km, supplementation with beetroot juice improved the performance of trained cyclists diminishing a completion time in a 2.7% and by 2.8% in a 4-km time trial [ 27 ]. Although, the protocol test used in this study had a high ecological validity, providing an accurate simulation of the physiological responses during competition, it is unclear that beetroot supplementation can increase the performance by this magnitude in elite cyclist [ 27 ].
L31: This increased performance was also associated with W/VO 2  improvements of 7% in a time trial of 16.1 km and 11% in 4-km time trial [ 27 ]. The observed improvements in efficiency match those found in high-performance kayakers when paddling at 60% relative VO 2max  intensity or in a 4-min test [ 34 ].
L32: Response to a submaximal VO 2  test at constant load is very important to cardiorespiratory endurance in athletic performance. In this type of test, VO 2  increases disproportionately during the first 3 min because of an increase at the respiratory center to meet the exercise-induced increase in energy demand [ 51 ]. At an intensity below VT1 60% VO 2max  efforts, approximately stabilization of VO 2  is observed from the 3-min point until the end of the effort [ 52 ]. Nonetheless, at intensities greater than VT1 a progressively greater recruitment of type II motor units occurs [ 53 ], which have a lower oxidative potential than type I [ 54 ], and therefore a progressive increase in VO 2  is observed from the third minute until the end of the exercise. This has been called the slow component of VO 2  [ 55 ], which has been identified as one of the main factors limiting performance in endurance exercise of moderate and/or high intensity [ 4 ], because the increase in the slow component of VO 2  attains values of VO 2max  at submaximal intensity, causing fatigue [ 56 ].
L33: In experienced athletes, the effect of supplementation with beetroot juice (8.2 mmol nitrate) on time-to-exhaustion was tested at intensities of 60%, 70%, 80% and 100% peak power [ 35 ]. Athletes were able to maintain an intensity of 60% (Beetroot: 696 ± 120 vs. Placebo: 593 ± 68 s), 70% (Beetroot: 452 ± 106 vs. Placebo: 390 ± 86 s) and 80% (Beetroot: 294 ± 50 vs. Placebo: 263 ± 50 s) peak power significantly longer during exercise with supplementation, and there was a trend toward increased endurance at 100% peak power. The study results might reflect a lower VO 2  response at submaximal intensities, which would reduce the increase in the slow component, delaying the time when the athletes reached VO 2max  and therefore became fatigued. This would allow a longer sustained effort.
L34: On the other hand, trained runners participating in a 5000-m test showed no significant overall improvement with beetroot juice supplementation, although they ran 5% faster in the later part of the race, particularly the last 1.1 miles [ 12 ]. The lack of significance could be related to the timing of the supplementation. Participants took the supplement 90 min before exercise; in the other studies cited, beetroot juice was provided 150–180 min before the effort [ 27 , 32 , 33 , 34 , 35 ] and ergogenic effects of supplementation with beetroot juice were observed at 150 min after ingestion [ 35 ].
L35: 3.2. Effects of Chronic Supplementation with Beetroot Juice on Cardiorespiratory Endurance
L36: In addition to increasing blood flow and improving muscle contraction and relaxation, beetroot juice supplementation may improve the efficiency of mitochondrial respiration [ 50 ] and oxidative phosphorylation [ 57 ]. It seems, however, that acute supplementation is insufficient to produce mitochondrial biogenesis, suggesting that these adaptations may require longer supplementation protocols. In trained athletes, acute supplementation with beetroot juice for five days reduces VO 2  as much as 3% at an intensity of 70% VO 2max . The test was performed at 50% VO 2max  for 10 min, followed by 10 min at 70% VO 2max  [ 31 ]. Another study in trained cyclists confirmed that supplementation for a period of six days reduces VO 2  in a 60-min test. The protocol consisted of 30 min at 45% VO 2max  followed by another 30 min at 65% VO 2max . In addition, riders were able to improve their 10-km time trial performance immediately following the submaximal test [ 30 ].
L37: These studies clarify the benefits that could result from supplementation with beetroot juice in longer intake protocols of about six days, as was the case in the time-to-exhaustion test at submaximal intensities following acute supplementation [ 33 , 35 ]. Time-to-exhaustion improved at intensities of 70% of VO 2max , between VT1 and VO 2max  [ 37 ]. In trained swimmers, Pinna et al. [ 38 ] also corroborated the progressive ergogenic benefits of beetroot juice during an incremental test. At anaerobic threshold intensity, workload increased and aerobic energy expenditure decreased.
L38: In another study, in healthy subjects physically active but not highly trained in any particular sport, Vanhatalo et al. [ 36 ] evaluated the acute and chronic (15-day) effects of dietary supplementation with NO 3 −  on VO 2  in a constant load test at an intensity of 90% of the gas exchange threshold (GET), similar to the anaerobic threshold, and in a progressive incremental ergometric cycle test, compared to controls. The peak power in the incremental test and the ratio of work rate to GET intensity were increased in the group that received the dietary NO 3 −  supplementation. The findings indicated that dietary supplementation reduces NO 3 −  oxygen consumption at submaximal exercise, and these effects can last for 15 days if supplementation is maintained.
L39: Potential improvements observed in the anaerobic or lactate threshold intensity is especially important for athletes in various forms of endurance sports, because the level achieved in this parameter does not depend on motivation as it occurs when VO 2max  is determined [ 58 ]. This threshold is considered a factor that better discriminates between cardiorespiratory endurance capacities than does VO 2max  [ 2 , 58 ]. One of the physiological parameters that conditions improvement in the anaerobic threshold is increased mitochondrial population [ 59 ]. If the beetroot juice supplementation can promote mitochondrial biogenesis, we might assume that chronic supplementation with beetroot juice would decrease oxygen consumption at anaerobic threshold intensity as an adaptation to exercise.
L40: It has also been suggested that additional beetroot juice supplementation may improve the muscle contraction functions. A study by Whitfield et al. [ 31 ] found that VO 2  reduction after a constant load test at 70% VO 2max  occurred without any changes in markers of mitochondrial efficiency such as adenine nucleotide translocase (ANT) and uncoupling protein 3 (UCP3). Similarly, other researchers have suggested that supplementation may positively affect the interaction of actin and myosin bridges [ 60 ] by modulating the release of calcium that occurs after the action potential [ 61 ]. The effects described by these authors indicate that supplementation with beetroot juice, whether acute or chronic, could improve performance in sports that are characterized either by a predominantly aerobic or anaerobic metabolism [ 38 ]. This could explain the positive effects on effort with a high prevalence of anaerobic metabolism observed in a 500-m kayak test [ 29 ] or in the contractile force developed by mice [ 62 ].
L41: 3.3. Effects of Beetroot Juice Supplementation on Performance in Cardiorespiratory Endurance under Hypoxic Conditions
L42: Many competitions, such as the mountain stages in cycling, are held at high altitudes [ 39 ], where cardiorespiratory endurance is decreased relative to sea level [ 63 ]. Among the factors that could be responsible for this decrease, we would highlight decreased supply of oxygen to muscles, due to a partial reduction in oxygen pressure.
L43: It is known that NO has an important role in the adaptation processes under hypoxic conditions; higher levels of NO 2 −  have been observed in Tibetans [ 18 ]. In a study of acute response to hypoxia, people who live at sea level who climb to high altitudes and show decreased NO levels have symptoms of acute altitude sickness [ 64 , 65 ]. The vasodilatory effects of NO may favor oxygen delivery [ 66 ], and supplementation with beetroot juice could be effective in reducing the ergolytic effects of hypoxia on cardiorespiratory endurance [ 39 ].
L44: A recent study evaluated the effects of supplementation with acute and chronic beetroot juice on a 15-min test at an intensity of 50% VO 2max  and a 10-km test carried out at a simulated altitude of 2500 m [ 40 ]. The test could not verify any positive effect of acute or chronic supplementation on any of the performance variables analyzed. In addition, studies have shown supplementation with beetroot juice did not improve performance in runners with a high level of training in an incremental intensity test or in a 10-km race [ 41 ] or in a 1500-m test or tests at various submaximal intensities (50%, 65% and 80% VO 2max ) [ 42 ]. The results in the latter study are also in line with those reported by McLeod [ 40 ]; in these two studies, beetroot juice was administered 90 and 120 min, respectively, before exercise. This may be an insufficient time interval for athletes to reach peak NO 2 −  levels in their bloodstream.
L45: The results presented above conflict with other reports [ 39 , 43 ]. Kelly et al. [ 43 ] tested the effect of beetroot juice supplementation for three days on performance in a 5-min test at 80% VT1, followed by a test to the point of exhaustion at an intensity at 75% of VT1 and VO 2max  and a simulated altitude of 2500 m. The results show that supplementation with beetroot juice reduced VO 2  to 80% VT1 and there was a statistical trend to improvement in higher intensity exercise ( p  = 0.07). Improved efficiency was accompanied by a longer time-to-exhaustion in a test at 75% between VT1 and VO 2max . In another study that simulated an altitude of 2500 m, supplementation with beetroot juice again reduced the VO 2  during a 15-min test at 60% of VO 2max  and increased the speed achieved in a 16.1-km time trial involving trained cyclists [ 39 ]. The results observed in the time trial were consistent with the improvements (2.8%) reported from a 4-km time trial after a protocol of acute supplementation with beetroot juice [ 27 ].
L46: Masschelein et al. [ 44 ] found that six days of supplementation with beetroot juice can reduce VO 2  at rest by 8%, and by 4% at 45% VO 2max  intensity at a simulated altitude of 5000 m. Although the cited study is not directly generalizable to performance in various types of cardiorespiratory endurance, as competitions are unlikely to take place above an altitude of 2500 m, other parameters such as arterial oxygen saturation (SPO 2 ) and deoxyhemoglobin (HHb) in muscle tissue were analyzed. The results showed that reductions in VO 2  were accompanied by greater SPO 2  and lower HHb after supplementation with beetroot juice, indicating decreased oxygen extraction by the muscle, which coincides with increased mechanical pedaling efficiency and lower levels of lactate in the blood.
L47: Although the literature shows contradictory data, it is possible that supplementation with beetroot juice may effectively improve performance when hypoxia is present, because oxygenation would improve at the muscular level, reducing the ergolytic effects of hypoxia on aerobic performance.
L48: 3.4. Effects of the Combination of Beetroot Juice Supplementation with Other Supplements on Cardiorespiratory Endurance
L49: Caffeine supplementation has become increasingly common among athletes [ 67 ]. Among its positive effects is increased stimulation of the central nervous system due to the antagonism of adenosine [ 68 ], increased catecholamines and contractility of skeletal muscle [ 69 ] that improves calcium output from the sarcoplasmic reticulum through the action potential [ 70 ], and a decrease in the subjective perception of pain and the regulation of thermoregulation [ 71 ]. Thus, caffeine supplementation has proven ergogenic effects on various modalities of cardiorespiratory endurance [ 72 ] and team sports [ 73 , 74 ]. A plateau effect occurs in performance improvement, at doses ranging from 3 to 6 mg/kg of caffeine [ 75 ]. To test whether the combined supplementation of beetroot juice (8 mmol of NO 3 − ) and caffeine (5 mg/kg) had a greater effect than each supplement separately, researchers tested the corresponding study groups of cyclists tested for 30 min at 60% VO 2max , followed by a test to exhaustion at 80% VO 2max  [ 45 ]. Although the combined supplementation improved time to exhaustion VO 2max  80% by 46% compared to placebo, the improvement was insignificant. Furthermore, the additive effect of taking both supplements did not improve performance to a greater extent than separate supplementation with each one [ 46 , 47 ].
L50: In a study that simulated the characteristics of an Olympic cycling time trial, the effect of supplementation in both men and women cyclists was tested using beetroot juice (8.2 mmol of NO 3 − ) and caffeine (3 mg/kg) and the combination of both [ 47 ]. The only proven effects were that caffeine supplementation in combination with beetroot juice was effective in improving mean power and time trial results.
L51: In a later study of trained cyclists and triathletes, performance was improved only in the athletes who received a caffeine supplement (3 mg/kg) [ 46 ]. No differences were observed in VO 2 . However, lactate concentration in the blood was increased when athletes received caffeine supplementation. Performance improvement was likely due to an increased anaerobic metabolism after caffeine intake; therefore, it is possible that the effects of supplementation with beetroot juice can be undermined by interaction with other supplements such as caffeine, which interferes with the effects of each supplement taken separately.
L52: 3.5. Dosage
L53: Peak NO 2 −  concentration in blood is obtained within 2–3 h of NO 3 −  supplementation [ 76 ] and the ergogenic effects of supplementation with beetroot juice can be observed at 150 min after ingestion [ 36 ]. Oral antiseptic rinses should not be taken with beetroot juice supplementation, as these can prevent the desired increase in NO 2 −  levels after NO 3 −  ingestion [ 77 ]. Although the majority of studies show ergogenic effects of beetroot juice at a supplementation dose of 6–8 mmol NO 3 −  ( Table 2 ), it is possible that high performance athletes might require a slightly higher dose. For example, in high performance kayakers, the ergogenic effect of supplementation with beetroot juice was 1.7% in a 500-m test after ingestion of 9.6 mmol of NO 3 −  but a 4.8 mmol dose did not significantly improve results in a 1000-m test [ 29 ].
L54: Practical Considerations
L55: It appears that acute supplementation with beetroot juice increases the power output with the same VO 2  levels [ 30 ]. This is an interesting finding for athletes as there is evidence that the economy is a key factor to improve cardiorespiratory performance increasing energy efficiency in endurance sports modalities. In addition, time to exhaustion at several intensities (60%–100% VO 2max , MAP or VT1) is another usual performance parameter that is improved with acute beetroot supplementation [ 33 , 35 ]. However, not all studies show a positive effect to acute beetroot supplementation indicating that the efficacy of acute nitrate supplementation will be attributed to several factors such as the age, diet, physiological and training status, and other parameters as the intensity, duration, endurance modality and environment conditions [ 78 ]. Although most of the studies determine a supplementation dose of 6–8 mmol NO 3 − , it is unclear that this supplementation dose can be effective to improve cardiorespiratory performance in sports modalities such as kayaking or rowing. The dose should possibly be increased in sports modalities where muscular groups of upper limbs are implicated. Endurance athletes should take the dose of NO 3 − , approximately 90 min before the competition without oral antiseptic. Acute supplementation with beetroot juice is not sufficient to induce mitochondrial biogenesis, suggesting that mitochondrial adaptations could only occur after longer supplementation protocols. In chronic supplementations with beetroot juice, it appears that the benefits in cardiorespiratory performance might be produced in longer intake protocols of about six days [ 33 , 35 ]. Time-to-exhaustion at several intensities (between 70% and 100% VO 2max , VT1) and the load at anaerobic threshold could be enhanced while aerobic energy expenditure could be diminished. Longer-term beetroot supplementation (15 or more days) could be effective, although it would be necessary other studies analyzing the mitochondrial biogenesis to corroborate whether mitochondrial adaptations depend on endurance training and/or beetroot supplementation. To date, this assumption is unknown.
L56: The scientific literature shows discrepancies regarding the improvement of the cardiorespiratory performance induced by the supplementation of beetroot juice under hypoxic conditions. NO 3 −  could mitigate the ergolytic effects of hypoxia on cardiorespiratory in endurance athletes [ 39 ].
L57: We cannot assert that the combination of beetroot juice with other supplements has a positive or negative effect on cardiorespiratory endurance. It is possible that the effects of supplementation with beetroot juice can be undermined by interaction with other supplements such as caffeine. More work is needed to confirm the results of these investigations.
L58: 4. Conclusions
L59: Figure 1 Pathway of nitric oxide (NO) production from beetroot juice supplementation. Nitrate (NO 3 − ) is reduced to nitrite (NO 2 − ) by anaerobic bacteria in the oral cavity and then to NO in the stomach. NO 3 −  and remaining NO 2 −  are absorbed from the intestine into the circulation, which can become bioactive NO in tissues and blood. NO induces several physiological functions improving skeletal muscle function and, consequently, increasing cardiorespiratory performance.
L60: Figure 2 Flowchart of article selection.
L61: 1. Caspersen C.J. Powell K.E. Christenson G.M. 
L62:  Physical activity, exercise, and physical fitness: Definitions and distinctions for health-related research 
L63:  Public Health Rep. 
L64:  1985 
L65:  100 
L66:  126 
L67:  131 
L68:  3920711
L69: 2. Bassett D.R. Howley E.T. 
L70:  Limiting factors for máximum oxygen uptake and determinants of endurance performance 
L71:  Med. Sci. Sports Exerc. 
L72:  2000 
L73:  32 
L74:  70 
L75:  84 
L76:  10.1097/00005768-200001000-00012 
L77:  10647532
L78: 3. Bentley D.J. Newell J. Bishop D. 
L79:  Incremental Exercise Test Design and Analysis: Implications for Performance Diagnostics in Endurance Athletes 
L80:  Sports Med. 
L81:  2007 
L82:  37 
L83:  575 
L84:  586 
L85:  10.2165/00007256-200737070-00002 
L86:  17595153
L87: 4. Burnley B. Jones A.M. 
L88:  Oxygen uptake kinetics as a determinant of sports performance 
L89:  Eur. J. Sport. Sci. 
L90:  2007 
L91:  7 
L92:  63 
L93:  79 
L94:  10.1080/17461390701456148
L95: 5. Jung A.P. 
L96:  The Impact of Resistance Training on Distance Running Performance 
L97:  Sports Med. 
L98:  2003 
L99:  33 
L100:  539 
L101:  552 
L102:  10.2165/00007256-200333070-00005 
L103:  12762828
L104: 6. Paton C.D. Hopkins W.G. 
L105:  Performance Enhancement at the Fifth World Congress on Sport Sciences 
L106:  University of Otago 
L107:  Dunedin, New Zealand 
L108:  1999 
L109:  Volume 3
L110: 7. Knapik J.J. Steelman R.A. Hoedebecke S.S. Austin K.G. Farina E.K. Leberman H.R. 
L111:  Prevalence of dietary supplement use by athletes: Systematic review and meta-analysis 
L112:  Sports Med. 
L113:  2016 
L114:  46 
L115:  103 
L116:  123 
L117:  10.1007/s40279-015-0387-7 
L118:  26442916
L119: 8. Rodríguez N.R. Rodríguez N.S. Di Marc N.M. Langley S. 
L120:  American College of Sports Medicine position stand. Nutrition and athletic performance 
L121:  Med. Sci. Sports Exerc. 
L122:  2009 
L123:  41 
L124:  709 
L125:  731 
L126:  19225360
L127: 9. Australian Institute of Sport 
L128:  ABCD Classification System 
L129:  2016 
L130:  Available online:  http://www.ausport.gov.au/ais/nutrition/supplements/classification 
L131:  (accessed on 5 January 2017)
L132: 10. Close G.L. Hamilton L. Philps A. Burke L. Morton J.P. 
L133:  New strategies in sport nutrition to increase Exercise Performance 
L134:  Free Radic. Biol. Med. 
L135:  2016 
L136:  98 
L137:  144 
L138:  158 
L139:  10.1016/j.freeradbiomed.2016.01.016 
L140:  26855422
L141: 11. Burke L. 
L142:  Nutrición en el Deporte 
L143:  Medica Panamericana 
L144:  Madrid, Spain 
L145:  2010
L146: 12. Murphy M. Eliot K. Heuertz R. Weiss E. 
L147:  Whole Beetroot Consumption Acutely Improves Running Performance 
L148:  J. Acad. Nutr. Diet. 
L149:  2012 
L150:  112 
L151:  548 
L152:  552 
L153:  10.1016/j.jand.2011.12.002 
L154:  22709704
L155: 13. Duncan H. Dougall P. Johnston P. Green S. Brogan R. Leifert C. Smith L. Golden M. Benjamin N. 
L156:  Chemical generation of nitric oxide in the mouth from the enterosalivary circulation of dietary nitrate 
L157:  Nat. Med. 
L158:  1995 
L159:  1 
L160:  546 
L161:  551 
L162:  10.1038/nm0695-546 
L163:  7585121
L164: 14. Lundberg J.O. Govoni M. 
L165:  Inorganic nitrate is a possible source for systemic generation of nitric oxide 
L166:  Free Radic. Biol. Med. 
L167:  2004 
L168:  37 
L169:  395 
L170:  400 
L171:  10.1016/j.freeradbiomed.2004.04.027 
L172:  15223073
L173: 15. Bailey S.J. Winyard P. Vanhatalo A. Blackwell J.R. Di Menna F.J. Wilkerson D.P. Tarr J. Benjamin N. Jones A.M. 
L174:  Dietary nitrate supplementation reduces the O 2  cost of low-intensity exercise and enhances tolerance to high-intensity exercise in humans 
L175:  J. Appl. Physiol. 
L176:  2009 
L177:  107 
L178:  1144 
L179:  1155 
L180:  10.1152/japplphysiol.00722.2009 
L181:  19661447
L182: 16. Ferguson S.K. Hirai D.M. Copp S.W. Holdsworth C.T. Allen J.D. Jones A.M. Musch T.I. Poole D.C. 
L183:  Impact of dietary nitrate supplementation via beetroot juice on exercising muscle vascular control in rats 
L184:  J. Physiol. 
L185:  2013 
L186:  591 
L187:  547 
L188:  557 
L189:  10.1113/jphysiol.2012.243121 
L190:  23070702
L191: 17. Larsen F.J. Ekblom B. Lundberg J.O. Weitzberg E. 
L192:  Effects of dietary nitrate on oxygen cost during exercise 
L193:  Acta Physiol. 
L194:  2007 
L195:  191 
L196:  59 
L197:  66 
L198:  10.1111/j.1748-1716.2007.01713.x 
L199:  17635415
L200: 18. Erzurum S.C. Ghosh S. Janocha A.J. Xu W. Bauer S. Bryan N.S. Tejero J. Hermann C. Hille R. Stuehr D.J. 
L201:  Higher blood flow and circulating NO products offset high-altitude hypoxia among Tibetans 
L202:  Proc. Natl. Acad. Sci. USA 
L203:  2007 
L204:  104 
L205:  17593 
L206:  17598 
L207:  10.1073/pnas.0707462104 
L208:  17971439
L209: 19. Stamler J.S. Meissner G. 
L210:  Physiology of nitric oxide in skeletal muscle 
L211:  Physiol. Rev. 
L212:  2001 
L213:  81 
L214:  209 
L215:  237 
L216:  11152758
L217: 20. Andrade F.H. Reid M.B. Allen D.G. Westerblad H. 
L218:  Effect of nitric oxide on single skeletal muscle fibres from the mouse 
L219:  J. Physiol. 
L220:  1998 
L221:  509 
L222:  577 
L223:  586 
L224:  10.1111/j.1469-7793.1998.577bn.x 
L225:  9575305
L226: 21. Wink D.A. Hines H.B. Cheng R.Y. Switzer C.H. Flores-Santana W. Vitek M.P. Ridnour L.A. Colton C.A. 
L227:  Nitric oxide and redox mechanisms in the immune response 
L228:  J. Leukoc. Biol. 
L229:  2011 
L230:  89 
L231:  873 
L232:  891 
L233:  10.1189/jlb.1010550 
L234:  21233414
L235: 22. Tong L. Heim R.A. Wu S. 
L236:  Nitric oxide: A regulator of eukaryotic initiation factor 2 kinases 
L237:  Free Radic. Biol. Med. 
L238:  2011 
L239:  50 
L240:  1717 
L241:  1725 
L242:  10.1016/j.freeradbiomed.2011.03.032 
L243:  21463677
L244: 23. Kerley C.P. Cahill K. Bolger K. McGowan A. Burke C. Faul J. Cromican L. 
L245:  Dietary nitrate supplementation in COPD: An acute, double-blind, randomized, placebo-controlled, crossover trial 
L246:  Nitric Oxide 
L247:  2015 
L248:  44 
L249:  105 
L250:  111 
L251:  10.1016/j.niox.2014.12.010 
L252:  25534960
L253: 24. Kapil V. Khambata R.S. Robertson A. Caulfield M.J. Ahluwalia A. 
L254:  Dietary nitrate provides sustained blood pressure lowering in hypertensive patients: A randomized, phase 2, double-blind, placebo-controlled study 
L255:  Hypertension 
L256:  2015 
L257:  65 
L258:  320 
L259:  327 
L260:  10.1161/HYPERTENSIONAHA.114.04675 
L261:  25421976
L262: 25. Zamani P. Rawat D. Shiva-Kumar P. Geraci S. Bhuva R. Konda P. Doulias P.T. Ischiropoulos H. Townsend R.R. Margulies K.B. 
L263:  Effect of inorganic nitrate on exercise capacity in heart failure with preserved ejection fraction 
L264:  Circulation 
L265:  2015 
L266:  131 
L267:  371 
L268:  380 
L269:  10.1161/CIRCULATIONAHA.114.012957 
L270:  25533966
L271: 26. Nyström T. Ortsäter H. Huang Z. Zhang F. Larsen F.J. Weitzberg E. Lundberg J.O. Sjöholm Å. 
L272:  Inorganic nitrite stimulates pancreatic islet blood flow and insulin secretion 
L273:  Free Radic. Biol. Med. 
L274:  2012 
L275:  53 
L276:  1017 
L277:  1023 
L278:  10.1016/j.freeradbiomed.2012.06.031 
L279:  22750508
L280: 27. Lansley K.E. Winyard P.G. Bailey S.J. Vanhatalo A. Wilkerson D.P. Blackwell J.R. Gilchrist M. Benjamin N. Jones A.M. 
L281:  Acute Dietary Nitrate Supplementation Improves Cycling Time Trial Performance 
L282:  Med. Sci. Sports Exerc. 
L283:  2011 
L284:  43 
L285:  1125 
L286:  1131 
L287:  10.1249/MSS.0b013e31821597b4 
L288:  21471821
L289: 28. Berthon P. Fellman N. Bedu M. Beaune B. Dabonneville M. Coudert J. Chamouz A. 
L290:  A 5-min running test as a mesaurement of maximal aerobic velocity 
L291:  Eur. J. Appl. Physiol. Occup. Physiol. 
L292:  1997 
L293:  75 
L294:  233 
L295:  238 
L296:  10.1007/s004210050153 
L297:  9088842
L298: 29. Peeling P. Cox G. Bullock N. Burke L. 
L299:  Beetroot Juice Improves On-Water 500 M Time-Trial Performance, and Laboratory-Based Paddling Economy in National and International-Level Kayak Athletes 
L300:  Int. J. Sport Nutr. Exerc. Metab. 
L301:  2015 
L302:  25 
L303:  278 
L304:  284 
L305:  10.1123/ijsnem.2014-0110 
L306:  25202886
L307: 30. Cermak N. Gibala M. Van Loon J. 
L308:  Nitrate Supplementation’s Improvement of 10-km Time-Trial Performance in Trained Cyclists 
L309:  Int. J. Sport Nutr. Exerc. Metab. 
L310:  2012 
L311:  22 
L312:  64 
L313:  71 
L314:  10.1123/ijsnem.22.1.64 
L315:  22248502
L316: 31. Whitfield J. Ludzki A. Heigenhauser G. Senden S. Verdijk L. Van L. Spriet L.L. Holloway G.P. 
L317:  Beetroot Juice Supplementation Reduces Whole Body Oxygen Consumption But Does Not Improve Indices Of Mitochondrial Efficiency in Human Skeletal Muscle 
L318:  J. Physiol. 
L319:  2016 
L320:  594 
L321:  421 
L322:  435 
L323:  10.1113/JP270844 
L324:  26457670
L325: 32. Wilkerson D.P. Hayward G.M. Bailey S.J. Vanhatalo A. Blackwell J.R. Jones A.M. 
L326:  Influence of acute dietary nitrate supplementation on 50 mile time trial performance in well-trained cyclists 
L327:  Eur. J. Appl. Physiol. 
L328:  2012 
L329:  112 
L330:  4127 
L331:  4134 
L332:  10.1007/s00421-012-2397-6 
L333:  22526247
L334: 33. Thompson K. Turnerb L. Prichardb J. Doddb F. Kennedyb D. Haskellb C. Blackwell J.R. Jones A.M. 
L335:  Influence of dietary nitrate supplementation on physiological and cognitive responses to incremental cycle exercise 
L336:  Respir. Physiol. Neurobiol. 
L337:  2014 
L338:  193 
L339:  11 
L340:  20 
L341:  10.1016/j.resp.2013.12.015 
L342:  24389270
L343: 34. Muggeridge D. Howe D. Spendiff O. Pedlar C. James P. Easton C. 
L344:  The Effects of a Single Dose of Concentrated Beetroot Juice on Performance in Trained Flatwater Kayakers 
L345:  Int. J. Sport Nutr. Exerc. Metab. 
L346:  2013 
L347:  23 
L348:  498 
L349:  506 
L350:  10.1123/ijsnem.23.5.498 
L351:  23580456
L352: 35. Kelly J. Vanhatalo A. Wilkerson D. Wylie L. Jones A.M. 
L353:  Effects of Nitrate on the Power-Duration Relationship for Severe-Intensity Exercise 
L354:  Med. Sci. Sports Exerc. 
L355:  2013 
L356:  45 
L357:  1798 
L358:  1806 
L359:  10.1249/MSS.0b013e31828e885c 
L360:  23475164
L361: 36. Vanhatalo A. Bailey S.J. Blackwell J.R. DiMenna F.J. Pavey T.G. Wilkerson D.P. Benjamin N. Winyard P.G. Jones A.M. 
L362:  Acute and chronic effects of dietary nitrate supplementation on blood pressure and the physiological responses to moderate-intensity and incremental exercise 
L363:  Am. J. Physiol. Regul. Integr. Comp. Physiol. 
L364:  2010 
L365:  299 
L366:  1121 
L367:  1131 
L368:  10.1152/ajpregu.00206.2010 
L369:  20702806
L370: 37. Breese B.C. McNarry M.A. Marwood S. Blackwell J.R. Bailey S.J. Jones A.M. 
L371:  Beetroot juice supplementation speeds O 2  uptake kinetics and improves exercise tolerance during severe-intensity exercise initiated from an elevated metabolic rate 
L372:  Am. J. Physiol. Regul. Integr. Comp. Physiol. 
L373:  2013 
L374:  305 
L375:  1441 
L376:  1450 
L377:  10.1152/ajpregu.00295.2013
L378: 38. Pinna M. Roberto S. Milia R. Maronquiu E. Olla S. Loi A. Migliaccio G.M. Padulo J. Orlandi C. Tocco F. 
L379:  Effect of beetroot juice supplementation on aerobic response during swimming 
L380:  Nutrients 
L381:  2014 
L382:  6 
L383:  605 
L384:  615 
L385:  10.3390/nu6020605 
L386:  24481133
L387: 39. Muggeridge D.J. Howe C. Spendiff O. Pedlar C. James P. Easton C. 
L388:  A Single Dose of Beetroot Juice Enhances Cycling Performance in Simulated Altitude 
L389:  Med. Sci. Sports Exerc. 
L390:  2014 
L391:  46 
L392:  143 
L393:  150 
L394:  10.1249/MSS.0b013e3182a1dc51 
L395:  23846159
L396: 40. MacLeod K.E. Nugent S.F. Barr S. Khoele M.S. Sporer B.C. Maclnnis M.J. 
L397:  Acute Beetroot Juice Supplementation Does Not Improve Cycling Performance in Normoxia or Moderate Hypoxia 
L398:  Int. J. Sport Nutr. Exerc. Metab. 
L399:  2015 
L400:  25 
L401:  359 
L402:  366 
L403:  10.1123/ijsnem.2014-0129 
L404:  25811674
L405: 41. Arnold J. James L. Jones T. Wylie L. Macdonald J. 
L406:  Beetroot juice does not enhance altitude running performance in well-trained athletes 
L407:  Appl. Physiol. Nutr. Metab. 
L408:  2015 
L409:  40 
L410:  590 
L411:  595 
L412:  10.1139/apnm-2014-0470 
L413:  25942474
L414: 42. Boorsma R.K. Whitfield S.L. 
L415:  Beetroot Juice Supplementation Does Not Improve Performance of Elite 1500-m Runners 
L416:  Med. Sci. Sports Exerc. 
L417:  2014 
L418:  46 
L419:  2326 
L420:  2334 
L421:  10.1249/MSS.0000000000000364 
L422:  24781895
L423: 43. Kelly J. Vanhatalo A. Bailey S.J. Wylie L.J. Tucker C. List S. Winyard P.G. Jones A.M. 
L424:  Dietary nitrate supplementation: Effects on plasma nitrite and pulmonary O 2  uptake dynamics during exercise in hypoxia and normoxia 
L425:  Am. J. Physiol. Regul. Integr. Comp. Physiol. 
L426:  2014 
L427:  307 
L428:  920 
L429:  930 
L430:  10.1152/ajpregu.00068.2014 
L431:  25009219
L432: 44. Masschelein E. Van Thienen R. Wang X. Van Schepdael A. Thomis M. Hespel P. 
L433:  Dietary nitrate improves muscle but not cerebral oxygenation status during exercise in hypoxia 
L434:  J. Appl. Physiol. 
L435:  2012 
L436:  113 
L437:  736 
L438:  745 
L439:  10.1152/japplphysiol.01253.2011 
L440:  22773768
L441: 45. Handzlik L. Gleeson M. 
L442:  Likely Additive Ergogenic Effects of Combined Preexercise Dietary Nitrate and Caffeine Ingestion in Trained Cyclists 
L443:  ISRN Nutr. 
L444:  2013 
L445:  2013 
L446:  396581 
L447:  10.5402/2013/396581 
L448:  24967257
L449: 46. Glaister M. Pattison J.R. Muniz-Pumares D. Patterson S.D. Foley P. 
L450:  Effects of dietary nitrate, caffeine, and their combination on 20-km cycling time trial performance 
L451:  J. Strength Cond. Res. 
L452:  2015 
L453:  29 
L454:  165 
L455:  174 
L456:  10.1519/JSC.0000000000000596 
L457:  24978834
L458: 47. Lane S. Hawley J. Desbrow B. Jones A.M. Blackwell J. Ross M.L. Zemski A.J. Burke L.M. 
L459:  Single and combined effects of beetroot juice and caffeine supplementation on cycling time trial performance 
L460:  Appl. Physiol. Nutr. Metab. 
L461:  2014 
L462:  39 
L463:  1050 
L464:  1057 
L465:  10.1139/apnm-2013-0336 
L466:  25154895
L467: 48. Puype J. Ramaekers M. Thienen R. Deldicque L. Hespel P. 
L468:  No effect of dietary nitrate supplementation on endurance training in hipoxia 
L469:  Scand. J. Med. Sci. Sports 
L470:  2015 
L471:  25 
L472:  234 
L473:  241 
L474:  10.1111/sms.12199 
L475:  24646076
L476: 49. Betteridge S. Bescós R. Martorell M. Pons A. Garnham A.P. Stathis C.C. McConell G.K. 
L477:  No effect of acute beetroot juice ingestion on oxygen consumption, glucose kinetics, or skeletal muscle metabolism during submaximal exercise in males 
L478:  J. Appl. Physiol. 
L479:  2016 
L480:  120 
L481:  391 
L482:  398 
L483:  10.1152/japplphysiol.00658.2015 
L484:  26635348
L485: 50. Bailey S.J. Fulford J. Vanhatalo A. Winyard P.G. Blackwell J.R. DiMenna F.J. Wilkerson D.P. Benjamin N. Jones A.M. 
L486:  Dietary nitrate supplementation enhances muscle contractile efficiency during knee-extensor exercise in humans 
L487:  J. Appl. Physiol. 
L488:  2010 
L489:  109 
L490:  135 
L491:  148 
L492:  10.1152/japplphysiol.00046.2010 
L493:  20466802
L494: 51. Xu F. Rhodes E.C. 
L495:  Oxygen uptake kinetics during exercise 
L496:  Sports Med. 
L497:  1999 
L498:  27 
L499:  313 
L500:  327 
L501:  10.2165/00007256-199927050-00003 
L502:  10368878
L503: 52. Lucía A. Pardo J. Durántez A. Hoyos J. Chicharro J.L. 
L504:  Physiological differences between professional and elite road cyclists 
L505:  Int. J. Sports Med. 
L506:  1998 
L507:  19 
L508:  342 
L509:  348 
L510:  10.1055/s-2007-971928 
L511:  9721058
L512: 53. Pérez M. Santalla A. Chicharro J.L. 
L513:  Effects of electrical stimulation on VO 2  kinetics and delta efficiency in healthy young men 
L514:  Br. J. Sports Med. 
L515:  2003 
L516:  37 
L517:  140 
L518:  143 
L519:  10.1136/bjsm.37.2.140 
L520:  12663356
L521: 54. Lucía A. Sánchez O. Carvajal A. Chicharro J.L. 
L522:  Analysis of the aerobic-anaerobic transition in elite cyclists during incremental exercise with the use of electromyography 
L523:  Br. J. Sports Med. 
L524:  1999 
L525:  33 
L526:  178 
L527:  185 
L528:  10.1136/bjsm.33.3.178 
L529:  10378070
L530: 55. Santalla A. Pérez M. Montilla M. Vicente L. Davison R. Earnest C. Lucía A. 
L531:  Sodium bicarbonate ingestion does not alter the slow component of oxygen uptake kinetics in professional cyclists 
L532:  J. Sports Sci. 
L533:  2003 
L534:  1 
L535:  39 
L536:  47 
L537:  10.1080/0264041031000070949
L538: 56. Jones L.W. Liang Y. Pituskin E.N. Battaglini C.L. Scott J.M. Hornsby W.E. Haykowsky M. 
L539:  Effect of Exercise Training on Peak Oxygen Consumption in Patients with Cancer: A Meta-Analysis 
L540:  Oncologist 
L541:  2011 
L542:  16 
L543:  112 
L544:  120 
L545:  10.1634/theoncologist.2010-0197 
L546:  21212429
L547: 57. Clerc P. Rigoulet M. Leverve X. Fontaine E. 
L548:  Nitric oxide increases oxidative phosphorylation efficiency 
L549:  J. Bioenerg. Biomembr. 
L550:  2007 
L551:  39 
L552:  158 
L553:  166 
L554:  10.1007/s10863-007-9074-1 
L555:  17447126
L556: 58. Faude O. Kindermann W. Meyer T. 
L557:  Lactate threshold concepts 
L558:  Sports Med. 
L559:  2009 
L560:  39 
L561:  469 
L562:  490 
L563:  10.2165/00007256-200939060-00003 
L564:  19453206
L565: 59. Beaver W.L. Wasserman K. Whipp B.J. 
L566:  A new method for detecting anaerobic threshold by gas exchange 
L567:  J. Appl. Physiol. 
L568:  1986 
L569:  60 
L570:  2020 
L571:  2027 
L572:  3087938
L573: 60. Galler S. Hilber K. Gobesberger A. 
L574:  Effects of nitric oxide on force-generating proteins of skeletal muscle 
L575:  Pflug. Arch. 
L576:  1997 
L577:  434 
L578:  242 
L579:  245 
L580:  10.1007/s004240050391 
L581:  9178621
L582: 61. Bescós R. Sureda A. Tur J.A. Pons A. 
L583:  The effect of Nitric-Oxide-related supplements on human performance 
L584:  Sports Med. 
L585:  2012 
L586:  42 
L587:  99 
L588:  117 
L589:  10.2165/11596860-000000000-00000 
L590:  22260513
L591: 62. Hernández A. Schiffer T.A. Ivarsson N. Cheng A.J. Bruton J.D. Lundberg J.O. Weitzberg E. Westerblad H. 
L592:  Dietary nitrate increases tetanic [Ca 2+ ] i  and contractile force in mouse fast-twitch muscle 
L593:  J. Physiol. 
L594:  2012 
L595:  590 
L596:  3575 
L597:  3583 
L598:  10.1113/jphysiol.2012.232777 
L599:  22687611
L600: 63. Koehle M.S. Cheng I. Sporer B. 
L601:  Canadian academy of sport and exercise medicine position statement: Athletes at high altitude 
L602:  Clin. J. Sport Med. 
L603:  2014 
L604:  24 
L605:  120 
L606:  127 
L607:  10.1097/JSM.0000000000000024 
L608:  24569430
L609: 64. Droma Y. Hanaoka M. Ota M. Katsuyama Y. Koizumi T. Fujimoto K. Kobayashi T. Kubo K. 
L610:  Positive association of the endothelial nitric oxide synthase gene polymorphisms with highaltitude pulmonary edema 
L611:  Circulation 
L612:  2002 
L613:  106 
L614:  826 
L615:  830 
L616:  10.1161/01.CIR.0000024409.30143.70 
L617:  12176955
L618: 65. Duplain H. Sartori C. Lepori M. Eqli M. Alemann Y. Nicod P. Scherrer U. 
L619:  Exhaled nitric oxide in highaltitude pulmonary edema: Role in the regulation of pulmonary vascular tone and evidence for a role against inflammation 
L620:  Am. J. Respir. Crit. Care Med. 
L621:  2000 
L622:  162 
L623:  221 
L624:  224 
L625:  10.1164/ajrccm.162.1.9908039 
L626:  10903245
L627: 66. Casey D.P. Madery B.D. Curry T.B. Eisenach J.H. Wilkins B.W. Joyner M.J. 
L628:  Nitric oxide contributes to the augmented vasodilation during hypoxic exercise 
L629:  J. Physiol. 
L630:  2010 
L631:  588 
L632:  373 
L633:  385 
L634:  10.1113/jphysiol.2009.180489 
L635:  19948661
L636: 67. Hoffman J.R. Kang J. Ratamess N.A. Jennings P.F. Mangine G.T. Faigenbaum A.D. 
L637:  Effect of nutritionally enriched coffee consumption on aerobic and anaerobic exercise performance 
L638:  J. Strength Cond. Res. 
L639:  2007 
L640:  21 
L641:  456 
L642:  459 
L643:  10.1519/R-20326.1 
L644:  17530975
L645: 68. Stear S.J. Castell L.M. Burke L.M. Spriet L.L. 
L646:  BJSM reviews: A-Z of supplements: Dietary supplements, sports nutrition foods and ergogenic aids for health and performance—Part 6 
L647:  Br. J. Sports Med. 
L648:  2010 
L649:  44 
L650:  297 
L651:  308 
L652:  10.1136/bjsm.2010.071621 
L653:  20335446
L654: 69. Williams J.H. 
L655:  Caffeine, neuromuscular function and high-intensity exercise performance 
L656:  J. Sports Med. Phys. 
L657:  1991 
L658:  31 
L659:  481 
L660:  489
L661: 70. Magkos F. Kavouras S.A. 
L662:  Caffeine use in sports, pharmacokinetics in man, and cellular mechanisms of action 
L663:  Crit. Rev. Food Sci. Nutr. 
L664:  2005 
L665:  45 
L666:  535 
L667:  562 
L668:  10.1080/1040-830491379245 
L669:  16371327
L670: 71. Goldstein E. Jacobs P.L. Whiterhurst M. Penhollow T. Antonio J. 
L671:  Caffeine airnticele enhances upper body strength in resistance-trained women 
L672:  J. Int. Soc. Sports Nutr. 
L673:  2010 
L674:  14 
L675:  7 
L676:  18
L677: 72. Bell D.G. McLellan T.M. 
L678:  Exercise endurance 1, 3, and 6 h after caffeine ingestion in caffeine users and nonusers 
L679:  J. Appl. Physiol. 
L680:  2002 
L681:  93 
L682:  1227 
L683:  10.1152/japplphysiol.00187.2002 
L684:  12235019
L685: 73. Schneiker K.T. Bishop D. Dawson B. Hackett L.P. 
L686:  Effects of caffeine on prolonged intermittent-sprint ability in team-sport athletes 
L687:  Med. Sci. Sports Exerc. 
L688:  2006 
L689:  38 
L690:  578 
L691:  585 
L692:  10.1249/01.mss.0000188449.18968.62 
L693:  16540848
L694: 74. Stuart G.R. Hopkins W.G. Cook C. Cairns S.P. 
L695:  Multiple effects of caffeine on simulated high-intensity team-sport performance 
L696:  Med. Sci. Sports Exerc. 
L697:  2005 
L698:  37 
L699:  1998 
L700:  2005 
L701:  10.1249/01.mss.0000177216.21847.8a 
L702:  16286872
L703: 75. Desbrow B. Biddulph C. Devlin B. Grant G.D. Anoopkumar-Dukie S. Leveritt M.D. 
L704:  The effects of different doses of caffeine on endurance cycling time trial performance 
L705:  J. Sports Sci. 
L706:  2012 
L707:  30 
L708:  115 
L709:  120 
L710:  10.1080/02640414.2011.632431 
L711:  22142020
L712: 76. Webb A.J. Patel N. Loukogeorgakis S. Okorie M. Aboud Z. Misra S. Rashid R. Miall P. Deanfield J. Benjamin N. 
L713:  Acute blood pressure lowering, vasoprotective, and antiplatelet properties of dietary nitrate via bioconversion to nitrite 
L714:  Hypertension 
L715:  2008 
L716:  51 
L717:  784 
L718:  790 
L719:  10.1161/HYPERTENSIONAHA.107.103523 
L720:  18250365
L721: 77. Govoni M. Jansson E.A. Weitzberg E. Lundberg J.O. 
L722:  The increase in plasma nitrite after a dietary nitrate load is markedly attenuated by an antibacterial mouthwash 
L723:  Nitric Oxide 
L724:  2008 
L725:  19 
L726:  333 
L727:  337 
L728:  10.1016/j.niox.2008.08.003 
L729:  18793740
L730: 78. Jones A.M. 
L731:  Dietary Nitrate Supplementation and Exercise Performance 
L732:  Sports Med. 
L733:  2014 
L734:  44 
L735:  35 
L736:  45 
L737:  10.1007/s40279-014-0149-y 
L738:  24791915
[25ms]

