L1: Various Effects of Omega 3 and Omega 3 Plus Vitamin E Supplementations on Serum Glucose Level and Insulin Resistance in Patients with Coronary Artery Disease
L2: Iranian Journal of Public Health (2016)
L3: Somayeh SABOORI, Mahmoud DJALALI, Esmaeil YOUSEFI RAD, Ebrahim Nematipour, Ali Akbar SABOOR-YARAGHI, Mohammad Hassan JAVANBAKHT, Mohammad Reza ESHRAGHIAN, Atena RAMEZANI, Fariba KOOHDANI
L4: 1.  Dept. of Cellular and Molecular Nutrition, School of Nutritional Sciences and Dietetics, Tehran University of Medical Sciences, Tehran, Iran
L5: 2.  Cellular and Molecular Research Center, Qazvin University of Medical Sciences, Qazvin, Iran
L6: 3.  Nutritional Health Research Center, Lorestan University of Medical Sciences, Khorramabad, Iran
L7: 4.  Dept. of Cardiology, Tehran Heart Center, Tehran University of Medical Sciences, Tehran, Iran
L8: 5.  Dept. of Biostatistics, School of Public Health, Tehran University of Medical Sciences, Tehran, Iran
L9: 6.  Dept. of Basic Sciences and Nutrition, Cardiovascular Research Center, School of Public Health, Mazandaran University of Medical Sciences, Sari, Iran
L10: 7.  Diabetes Research Center, Endocrinology and Metabolism Clinical Sciences Institute, Tehran University of Medical Sciences, Tehran, Iran
L11: Background:
L12: Omega 3 and vitamin E are two critical nutrients which include beneficial effects in coronary artery disease (CAD). The aim of this study was to assess the effects of omega 3 alone supplementation or in combination with vitamin E on serum glucose and lipid levels and insulin resistance in CAD patients.
L13: Methods:
L14: Participants of this clinical trial included 60 male patients with CAD who selected from Tehran Heart Center in Tehran, Iran in 2014. They received 4 g/day omega 3 plus 400 IU/day vitamin E (OE), 4 g/day omega 3 with vitamin E placebo (OP), or omega 3 and vitamin E placebo (PP) for two months. Serum glucose, lipids and insulin were assessed and HOMA-IR was calculated before and after the trial and effects of these nutrients on the highlighted parameters were compared within the study groups.
L15: Results:
L16: Serum glucose level increased significantly in OP group ( P =0.004), but not in OE group. OE and OP groups showed a significant decrease in fasting serum TG ( P =0.020 and  P =0.001, respectively). Serum insulin and HOMA-IR decreased significantly in OE group ( P =0.044 and  P =0.039, respectively) but did not change significantly in OP group.
L17: Conclusion:
L18: Although, omega 3 supplementation may include adverse effects on serum glucose level, co-administration of omega 3 and vitamin E can beneficially decrease serum insulin and insulin resistance in CAD patients.
L19: Original Article
L20: CAD; Omega 3; Vitamin E; Glucose homeostasis; Insulin resistance
L21: Introduction
L22: Cardiovascular disease (CVD) is the most common disease in developing countries. Nearly 23.6 million people will die from CVDs and coronary artery disease (CAD) will become the leading cause of death by 2030 ( 1 ,  2 ).
L23: Hyperinsulinemia resulted from insulin resistance is a valuable prediction factor in CAD disease ( 3 ,  4 ). Insulin resistance can increase blood fibrinogen ( 5 ) and is closely associated with salt-sensitive type of hypertension in obese and non-obese patients; and therefore, can increase individual vulnerability to cardiovascular diseases ( 6 ).
L24: Changes in lifestyle and also consumption of some dietary supplements have a critical role in managing of many chronic diseases ( 7 ). For example, diets reduced in total fat can prevent CVD ( 8 ) and high levels of monounsaturated fatty acids (MUFA) and some polyunsaturated fatty acids (PUFA) can reduce the risk of CVD ( 9 ). Relatively, Mediterranean diets rich in fish oil and other marine sources of omega 3 fatty acids can decrease the risk of CHD mortality ( 10 ).
L25: Omega 3 supplementation can improve endothelial function and decrease serum endothelial dysfunction markers such as E-selectin, I-CAM and V-CAM ( 11 ,  12 ). In some studies, consumption of omega 3 fatty acids was associated to increased risk of type 2 diabetes ( 13 ,  14 ); however, other studies did not show such an association ( 15 ,  16 ). Omega 3 supplementation has resulted in a significant decrease in insulin resistance in several studies ( 17 ). This decrease seems to be linked to changes in adiponectin ( 18 ) and also activation of AMPK pathway ( 19 ).
L26: Vitamin E is an important nutrient and can develop beneficial effects in patients with heart diseases. This vitamin is an antioxidant and can possibly decrease oxidative stress. Vitamin E also is an anti-inflammatory agent and can decrease inflammatory factors such as IL-1β and IL-6 ( 20 ,  21 ).
L27: Effects of omega 3 and vitamin E co-administration on insulin resistance and glucose homeostasis have been less described in previous studies. Therefore, the current study was carried out to assess possible effects of omega 3 alone and combined omega 3 and vitamin E supplementations on serum lipid profile and glucose homeostasis in CAD patients.
L28: Methods
L29: Sixty-five non-smoker male patients with CAD were participated in this randomized double-blind placebo-controlled clinical trial. All participants had at least 50% stenosis in one coronary artery and were selected from the Heart Medical Center of Tehran, Tehran, Iran. Participants signed an informed consent before the study. Furthermore, this study was registered in  www.clinicaltrial.org  under the registry number of NCT02011906 and approved by the Ethical Committee of Tehran University of Medical Sciences (ID: 23605).
L30: All patients had BMI ≤ 30 and none of them had history of kidney and liver disorders, diabetes and thyroid malfunction. Patients were divided randomly into three groups including OP group received 4 g/day of omega-3 fatty acids and vitamin E placebo, OE group received 4 g/day of omega-3 fatty acid soft gels and 400 IU of vitamin E, and PP group received omega-3 fatty acids and vitamin E placebos. The contents of DHA and EPA in each gram of omega 3 soft gels were respectively 120 and 180 mg. Supplementation continued for eight months. Supplements and placebos used in this study were supplied by Minoo Pharmaceutical, Cosmetic and Hygienic Company, Iran.
L31: Anthropometric measurements were carried out before and after the intervention. Weight was measured closely to the nearest 0.1 kg with minimal clothing and no shoes. Height, hip and waist circumferences were measured to the nearest 0.1 cm. BMI was calculated as the weight in kg divided by the square of height in meter. Waist to hip ratio (WHR) was calculated by dividing the circumference of waist to the circumference of hip.
L32: Dietary information of the patients was obtained using a 2-day food recall filled before the beginning and after finishing off the intervention. Ten milliliters of blood were collected from the patients after 12 to14 h of overnight fasting. Then, serum samples were separated and stored at −80 °C until use. Fasting serum glucose, total cholesterol, HDL-C, LDLC and triglyceride concentrations were assessed using commercial kits (Pars Azmoon, Iran). Serum insulin was assessed using ELISA method (Diametra, Italy) with the sensitivity of 0.25 mcIU/ml and HOMA-IR was calculated by fasting glucose (mg/dl) multiplied by fasting insulin (μIU/ml)/405 ( 22 ).
L33: Dietary data were analyzed using Nutritionist IV Software and statistical analysis was carried out using SPSS Software v18. All data were shown as mean ±SE (standard error) of the parameter. Normality of the parameter distribution was checked using Kolmogorov-Smirnoff test. Oneway analysis-of-variance (ANOVA) test and paired t-test were used respectively to compare the mean of variables between and within the groups before and after the intervention. Significance was considered when  P- values ≤ 0.05.
L34: Results
L35: At the beginning of the study, 65 male CAD patients were participated in the clinical trial. However, three patients were hospitalized for heart surgery during the intervention and two patients consumed less than 90% of the total supplements and hence, were excluded from the study. Therefore, the study was carried out with 60 patients, as 20, 21 and 19 patients were included in OE, OP and PP groups, respectively. Patients in these groups were not statistically different from each other in mean ages and disease duration at the baseline of the study ( P = 0.079 and  P = 0.299, respectively).
L36: Table 1  describes the baseline anthropometric measurements of the three groups at the beginning of intervention. No significant differences were seen between the means of weight, BMI and other anthropometric parameters of the study groups at the baseline. Dietary intakes of the three groups are shown in  Table 2 . Food recall analysis of the patients revealed that no significant differences existed between energy and macronutrient intakes in OP, OE and PP groups at the baseline and at the end of the intervention. Furthermore, the intakes of vitamin E and different fatty acids were not different between study groups and they were not changed their routine dietary patterns during the intervention.
L37: Table 1: Basic anthropometric parameters of the study groups before the intervention
L38: Table 2: Dietary intakes of the study groups before and after the intervention
L39: Table 3  demonstrates fasting serum levels and HOMA-IR index in the study groups at the baseline and at the end of the supplementation. Serum levels of FBS increased significantly in patients receiving omega supplement ( P =0.004). The patients were not statistically different in mean FBS at the end of the intervention. OE and OP groups showed a significant decrease in fasting serum TG ( P =0.020 and  P =0.001, respectively). Serum TG did not change significantly in PP group. Serum level of insulin and HOMA-IR decreased significantly in OE group ( P =0.044 and  P =0.039, respectively), but not in OP or PP group. Furthermore, the means of serum insulin level and HOMA-IR were significantly different between the study groups at the end of the intervention ( P =0.032 and  P =0.023, respectively). Post-hoc analysis (Tukey Test) showed no significant differences between the mean of serum insulin level and HOMA-IR in OE and OP groups ( P =0.029 and  P =0.019, respectively). Serum levels of LDL, HDL and TC did not change significantly within or between the study groups. However, differences were not significant statistically after adjusting BMI and disease duration.
L40: Table 3: Serum biochemical characteristics in the study groups before and after the intervention
L41: Discussion
L42: In the current study, omega 3 supplementation alone or in combination with vitamin E significantly decreased serum TG levels in OE and OP groups. Supplementation with omega 3 fatty acids can include a dose-dependent effect on serum triglycerides and reduce its concentration up to 30% ( 23 ,  24 ). These fatty acids seem to be able to inhibit the production of TG and apolipoprotein B by the liver ( 25 ). Furthermore, these fatty acids can increase fatty acid oxidation by mitochondria ( 23 ). Serum glucose levels have increased significantly in patients receiving omega 3 supplements alone; however, the level was in normal range. This increase was not seen in OE group.
L43: Therefore, the question was if omega 3 fatty acid supplements could include adverse effects on glucose homeostasis. Effects of omega 3 fatty acids on serum glucose level have been conflicting in various studies. While, omega 3 supplementation was previously shown to adversely influence glucose homeostasis ( 26 ,  27 ), these fatty acids can increase glucose uptake and improve insulin sensitivity ( 28 ,  29 ). An experimental study on rats has demonstrated that consumption of fish oil can prevent insulin resistance induced by high-fat feeding ( 30 ). In contrast, results of the current study revealed that serum insulin level and HOMA-IR index did not change significantly in patients receiving omega 3 supplements only. Interestingly, these parameters decreased significantly in OE group. However, the mechanism for this is not clearly explained, it is possibly associated to use of vitamin E.
L44: Vitamin E can improve glucose homeostasis because it can influence insulin sensitivity ( 31 ,  32 ). Indeed, oxidative stress is a key factor in development of insulin resistance and vitamin E with its ROS scavenger ability can positively affect insulin action and glycemic control ( 33 ). Another mechanism, which links vitamin E to insulin resistance, is the anti-inflammatory property of this vitamin. Inflammatory cytokines such as TNF-α and IL-1β have been shown to induce insulin resistance. TNF-α can increase adipocyte lipolysis and serine/threonine phosphorylation of IRS-1 and IL-1β can increase CRP level via elevating IL-6 and impair signaling of insulin in peripheral tissues which can result in reduced insulin sensitivity and impair insulin secretion ( 34 ,  35 ). Both α and γ-tocopherol forms of vitamin E include anti-inflammatory effects and can reduce serum level of CRP ( 36 ).
L45: Conclusion
L46: Supplementation with combined omega 3 fatty acids and vitamin E includes beneficial effects on serum insulin level and HOMA-IR and co-administration of these supplements can be a good strategy against development of insulin resistance seen in CAD patients.
L47: Ethical considerations
L48: Ethical issues (Including plagiarism, informed consent, misconduct, data fabrication and/or falsification, double publication and/or submission, redundancy, etc.) have been completely observed by the authors.
L49: 1. Mathers CD Loncar D  ( 2006 ).  Projections of global mortality and burden of disease from 2002 to 2030 .  PLoS Med ,  3 : e442 . 17132052
L50: 2. Gaziano TA  ( 2005 ).  Cardiovascular disease in the developing world and its cost-effective management .  Circulation ,  112 : 3547 – 53 . 16330695
L51: 3. Ginsberg HN  ( 2000 ).  Insulin resistance and cardiovascular disease .  J Clin Invest ,  106 : 453 – 8 . 10953019
L52: 4. Pyörälä M Miettinen H Laakso M Pyörälä K  ( 1998 ).  Hyperinsulinemia Predicts Coronary Heart Disease Risk in Healthy Middle-aged Men The 22-Year Follow-up Results of the Helsinki Policemen Study .  Circulation ,  98 : 398 – 404 . 9714089
L53: 5. Chen J Wildman RP Hamm LL Muntner P Reynolds K Whelton PK He J  ( 2004 ).  Association Between Inflammation and Insulin Resistance in US Nondiabetic Adults Results from the Third National Health and Nutrition Examination Survey .  Diabetes Care ,  27 : 2960 – 2965 . 15562214
L54: 6. Giner V Coca A de La Sierra A  ( 2001 ).  Increased insulin resistance in salt sensitive essential hypertension .  J Hum Hypertens ,  15 : 481 – 485 . 11464258
L55: 7. Yousefi Rad E Djalali M Koohdani F Saboor-Yaraghi AA Eshraghian MR Javanbakht MH  ( 2014 ).  The Effects of Vitamin D Supplementation on Glucose Control and Insulin Resistance in Patients with Diabetes Type 2: A Randomized Clinical Trial Study .  Iran J Public Health ,  43 ( 12 ):  1651 – 56 . 26171357
L56: 8. Zyriax BC Windler E  ( 2000 ).  Dietary fat in the prevention of cardiovascular disease—a review .  Eur J Lipid Sci Technol ,  102 : 355 – 365 .
L57: 9. Lichtenstein AH Appel LJ Brands M  ( 2006 ).  Diet and lifestyle recommendations revision 2006: a scientific statement from the American Heart Association Nutrition Committee .  Circulation ,  114 : 82 – 96 . 16785338
L58: 10. Sofi F Abbate R Gensini GF Casini A  ( 2010 ).  Accruing evidence on benefits of adherence to the Mediterranean diet on health: an updated systematic review and meta-analysis .  Am J Clin Nutr ,  92 : 1189 – 96 . 20810976
L59: 11. de Roos B Mavrommatis Y Brouwer IA  ( 2009 ).  Long-chain n-3 polyunsaturated fatty acids: new insights into mechanisms relating to inflammation and coronary heart disease .  Br J Pharmacol ,  158 : 413 – 28 . 19422375
L60: 12. Robinson JG Stone NJ  ( 2006 ).  Antiatherosclerotic and antithrombotic effects of omega-3 fatty acids .  Am J Cardiol ,  98 ( 4A ): 39i – 49i .
L61: 13. Djoussé L Gaziano JM Buring JE Lee IM  ( 2011 ).  Dietary omega-3 fatty acids and fish consumption and risk of type 2 diabetes .  Am J Clin Nutr ,  93 : 143 – 150 . 20980491
L62: 14. Kaushik M Mozaffarian D Spiegelman D Manson JE Willett WC Hu FB  ( 2009 ).  Long-chain omega-3 fatty acids, fish intake, and the risk of type 2 diabetes mellitus .  Am J Clin Nutr ,  90 : 613 – 20 . 19625683
L63: 15. Laaksonen DE Lakka TA Lakka HM Nyyssonen K Rissanen T Niskanen LK Salonen JT  ( 2002 ).  Serum fatty acid composition predicts development of impaired fasting glycaemia and diabetes in middle-aged men .  Diabet Med ,  19 : 456 – 64 . 12060056
L64: 16. Villegas R Xiang YB Elasy T  ( 2011 ).  Fish, shellfish, and long-chain n-3 fatty acid consumption and risk of incident type 2 diabetes in middle-aged Chinese men and women .  Am J Clin Nutr ,  94 : 543 – 51 . 21677058
L65: 17. Navas-Carretero S Pérez-Granados AM Schoppen S Vaquero MP  ( 2009 ).  An oily fish diet increases insulin sensitivity compared to a red meat diet in young iron-deficient women .  Br J Nutr ,  102 : 546 – 553 . 19210857
L66: 18. Kondo K Morino K Nishio Y Kondo M Fuke T Ugi S Iwakawa H Kashiwagi A Maegawa H  ( 2010 ).  Effects of a fish-based diet on the serum adiponectin concentration in young, non-obese, healthy Japanese subjects .  J Atheroscler Thromb ,  17 : 628 – 37 . 20299737
L67: 19. Flachs P Rossmeisl M Bryhn M Kopecky J  ( 2009 ).  Cellular and molecular effects of n-3 polyunsaturated fatty acids on adipose tissue biology and metabolism .  Clin Sci (Lond) ,  116 : 1 – 16 . 19037880
L68: 20. Jialal I Devaraj S  ( 2005 ).  Scientific evidence to support a vitamin E and heart disease health claim: research needs .  J Nutr ,  135 : 348 – 353 . 15671241
L69: 21. Singh U Devaraj S Jialal I  ( 2005 ).  Vitamin E, oxidative stress, and inflammation .  Annu Rev Nutr ,  25 : 151 – 174 . 16011463
L70: 22. Matthews DR Hosker JP Rudenski AS Naylor BA Treacher DF Turner RC  ( 1985 ).  Homeostasis model assessment: insulin resistance and beta-cell function from fasting plasma glucose and insulin concentrations in man .  Diabetologia ,  28 : 412 – 9 . 3899825
L71: 23. Kris-Etherton PM Harris WS Appel LJ  ( 2002 ).  Fish consumption, fish oil, omega-3 fatty acids, and cardiovascular disease .  Circulation ,  106 : 2747 – 2757 . 12438303
L72: 24. Skulas-Ray AC Kris-Etherton PM Harris WS Heuvel JPV Wagner PR West SG  ( 2011 ).  Dose-response effects of omega-3 fatty acids on triglycerides, inflammation, and endothelial function in healthy persons with moderate hypertriglyceridemia .  Am J Clin Nutr ,  93 : 243 – 252 . 21159789
L73: 25. Skulas-Ray AC Alaupovic P Kris-Etherton PM West SG  ( 2015 ).  Dose-response effects of marine omega-3 fatty acids on apolipoproteins, apolipoprotein-defined lipoprotein subclasses, and Lp-PLA 2 in individuals with moderate hypertriglyceridemia .  J Clin Lipidol ,  9 :  360 – 7 26073395
L74: 26. Glauber H Wallace P Griver K Brechtel G  ( 1988 ).  Adverse metabolic effect of omega-3 fatty acids in non-insulin-dependent diabetes mellitus .  Ann Intern Med ,  108 : 663 – 8 . 3282462
L75: 27. Heine RJ  ( 1993 ).  Dietary fish oil and insulin action in humans .  Ann N Y Acad Sci ,  683 : 110 – 21 . 8352434
L76: 28. Carpentier YA Portois L Malaisse WJ  ( 2006 ).  n-3 fatty acids and the metabolic syndrome .  Am J Clin Nutr ,  83  ( Supple 6 ): 1499s – 1504s . 16841860
L77: 29. Dangardt F Chen Y Gronowitz E Dahlgren J Friberg P Strandvik B  ( 2012 ).  High physiological omega-3 Fatty Acid supplementation affects muscle Fatty Acid composition and glucose and insulin homeostasis in obese adolescents .  J Nutr Metab ,  2012 : 395757 . 22523671
L78: 30. Storlien LH Kraegen EW Chisholm DJ Ford GL Bruce DG Pascoe WS  ( 1987 ).  Fish oil prevents insulin resistance induced by high-fat feeding in rats .  Science ,  237 : 885 – 8 . 3303333
L79: 31. Manzella D Barbieri M Ragno E Paolisso G  ( 2001 ).  Chronic administration of pharmacologic doses of vitamin E improves the cardiac autonomic nervous system in patients with type 2 diabetes .  Am J Clin Nutr ,  73 : 1052 – 7 . 11382659
L80: 32. Park S Choi SB  ( 2002 ).  Effects of alpha-tocopherol supplementation and continuous subcutaneous insulin infusion on oxidative stress in Korean patients with type 2 diabetes .  Am J Clin Nutr ,  75 : 728 – 33 . 11916760
L81: 33. Farvid MS Jalali M Siassi F Hosseini M  ( 2005 ).  Comparison of the effects of vitamins and/or mineral supplementation on glomerular and tubular dysfunction in type 2 diabetes .  Diabetes care ,  28 : 2458 – 2464 . 16186280
L82: 34. Böni-Schnetzler M Donath MY  ( 2013 ).  How biologics targeting the IL-1 system are being considered for the treatment of type 2 diabetes .  Br J Clin Pharmacol ,  76 : 263 – 268 . 22506644
L83: 35. Su D Coudriet GM Kim DH Lu Y Perdomo G Qu S Slusher S Hubert MT Piganelli J Giannoukakis N  ( 2009 ).  FoxO1 links insulin resistance to proinflammatory cytokine IL-1β production in macrophages .  Diabetes ,  58 : 2624 – 2633 . 19651810
L84: 36. Saboori S Shab-Bidar S Speakman JR Yousefi Rad E Djafarian K  ( 2015 ).  Effect of vitamin E supplementation on serum C-reactive protein level: a meta-analysis of randomized controlled trials .  Eur J Clin Nutr ,  69 :  867 – 73 . 25669317
L85: Acknowledgments
L86: This study was supported by Health Services grants from the School of Nutritional Science and Dietetics of Tehran University of Medical Sciences (ID: 23605). The authors declare that there is no conflict of interests.
[33ms]

