L1: Antioxidant Supplements and Oxidative Stress
L2: Sultan Qaboos University Medical Journal (2019)
L3: Jumana Saleh, Marvin Edeas, Harry Van Goor
L4: 1 Department of Biochemistry, Sultan Qaboos University, Muscat, Oman
L5: 2 Department of Cancer, Development & Reproduction; University Paris Descartes, Cochin Institute-INSERM, Paris, France
L6: 3 Department of Pathology & Medical Biology, University of Groningen, Groningen, The Netherlands
L7: Editorial
L8: 1 Lobo V Patil A Phatak A Chandra N Free radicals, antioxidants and functional foods: Impact on human health Pharmacogn Rev 2010 4 118 26 10.4103/0973-7847.70902 22228951
L9: 2 Valko M Leibfritz D Moncol J Cronin MT Mazur M Telser J Free radicals and antioxidants in normal physiological functions and human disease Int J Biochem Cell Biol 2007 39 44 84 10.1016/j.biocel.2006.07.001 16978905
L10: 3 Young IS Woodside JV Antioxidants in health and disease J Clin Pathol 2001 54 176 86 10.1136/jcp.54.3.176 11253127
L11: 4 Saha SK Lee SB Won J Choi HY Kim K Yang GM Correlation between oxidative stress, nutrition, and cancer initiation Int J Mol Sci 2017 18 E1544 10.3390/ijms18071544 28714931
L12: 5 Vona R Gambardella L Cittadini C Straface E Pietraforte D Biomarkers of oxidative stress in metabolic syndrome and associated diseases Oxid Med Cell Longev 2019 2019 8267234.  10.1155/2019/8267234
L13: 6 Liguori I Russo G Curcio F Bulli G Aran L Della-Morte D Oxidative stress, aging, and diseases Clin Interv Aging 2018 13 757 72 10.2147/CIA.S158513 29731617
L14: 7 International Society of Antioxidants in Nutrition and Health 21st ISANH Redox Congress & 4th ISANH Middle East World Congress 2019 From:  www.isanh.com/?q=node/328 Accessed: Sep 2019
L15: 8 International Society of Antioxidants in Nutrition and Health From:  www.isanh.com/?q=Previous-Conferences Accessed: Sep 2019
L16: 9 Schillern EEM Pasch A Feelisch M Waanders F Hendriks SH Mencke R Serum free thiols in type 2 diabetes mellitus: A prospective study J Clin Transl Endocrinol 2019 28 100182 10.1016/j.jcte.2019.100182
L17: 10 Fourth International Society of Antioxidants in Nutrition and Health-Middle East Congress Proceedings Archives of International Society of Antioxidants 6 4 2019 7 42 44 45 47 48 50 52 54 58 [Unpublished]
L18: 11 Al-Khaduri MM Al-Farsi YM Al Najjar TAA Gowri V Hospital-based prevalence of polycystic ovarian syndrome among Omani women Middle East Fertil Soc J 2014 2 135 8 10.1016/j.mefs.2013.06.006
L19: 12 Sulaiman MA Al-Farsi YM Al-Khaduri MM Saleh J Waly MI Polycystic ovarian syndrome is linked to increased oxidative stress in Omani women Int J Womens Health 2018 10 763 71 10.2147/IJWH.S166461 30568513
L20: 13 Al-Muqbali MHS Al-Alawi A Waly MI Rahman MS Anticancer properties of fucoidans extracted from brown seaweed (Sargassum ilicifolium) in a rat model of gastric cancer Can J Clin Nutr 2019 7 43 61 10.14206/canad.j.clin.nutr.2019.02.04
L21: 14 Piskounova E Agathocleous M Murphy MM Hu Z Huddlestun SE Zhao Z Oxidative stress inhibits distant metastasis by human melanoma cells Nature 2015 527 186 91 10.1038/nature15726 26466563
L22: 15 Sarangarajan R Meera S Rukkumani R Sankar P Anuradha G Antioxidants: Friend or foe? Asian Pac J Trop Med 2017 10 1111 16 10.1016/j.apjtm.2017.10.017 29268965
L23: 16 Le Gal K Ibrahim MX Wiel C Sayin VI Akula MK Karlsson C Antioxidants can increase melanoma metastasis in mice Sci Transl Med 2015 7 308re8 10.1126/scitranslmed.aad3740
L24: 17 International Society of Microbiota About ISM From:  https://www.microbiota-site.com/about-ism.html Accessed: Sep 2019
L25: 18 Kamada N Seo SU Chen GY Núñez G Role of the gut microbiota in immunity and inflammatory disease Nat Rev Immunol 2013 13 321 35 10.1038/nri3430 23618829
L26: 19 Holzapfel WH Haberer P Snel J Schillinger U Huis in’t Veld JH Overview of gut flora and probiotics Int J Food Microbiol 1998 41 85 101 10.1016/S0168-1605(98)00044-0 9704859
[22ms]

