L1: Active Recovery Induces Greater Endurance Adaptations When Performing Sprint Interval Training
L2: Journal of Strength and Conditioning Research (2019)
L3: Takaki Yamagishi, John Babraj
L4: 1 Division of Sport and Exercise Sciences, Abertay University, Dundee,  Scotland ; and
L5: 2 Faculty of Sport Sciences, Waseda University, Tokorozawa,  Saitama, Japan
L6: Yamagishi, T and Babraj, J. Active recovery induces greater endurance adaptations when performing sprint interval training.  J Strength Cond Res  33(4): 922–930, 2019—This study sought to determine effects of recovery intensity on endurance adaptations during sprint interval training (SIT). Fourteen healthy young adults (male: 9 and female: 5) were allocated to 1 of 2 training groups: active recovery group (ARG, male: 4 and female: 3) or passive recovery group (PRG, male: 5 and female: 2). After having completed a 2-week control period, both groups performed 6 sessions of 4- to 6 30-second sprints interspersed with 4-minute recovery over 2 weeks. However, only ARG cycled at 40% V̇ o 2 peak during the 4-minute recovery periods, while PRG rested on the bike or cycled unloaded. After the 2-week training intervention, both groups improved 10-km time-trial performance to a similar extent (ARG: 8.6%,  d  = 1.60,  p  = 0.006; PRG: 6.7%,  d  = 0.96,  p  = 0.048) without gains in V̇ o 2 peak. However, critical power was increased by ARG only (7.9%,  d  = 1.75,  p  = 0.015) with a tendency of increased maximal incremental power output (5.3%,  d  = 0.88,  p  = 0.063). During the training, active recovery maintained V̇ o 2  and heart rate at a higher level compared with passive recovery (V̇ o 2 :  p  = 0.005, HR:  p  = 0.018), suggesting greater cardiorespiratory demands with the active recovery. This study demonstrated that greater endurance performance adaptations are induced with active recovery when performing SIT over a short time frame. The findings of the current study indicate that, with active recovery, individuals can gain greater training benefits without increasing total training commitment time. Further studies are required to determine whether differences are seen with recovery intensity over a longer period.
L7: Original Research
L8: aerobic demand; performance adaptations; wingate-based sprint interval training; recovery intensity; physiological adaptations
L9: Introduction
L10: It has been established that a 2-week Wingate-based sprint interval training (SIT) program consisting of 4–6 × 30-second maximal efforts with 4-minute recovery can induce various training adaptations such as improvements in mitochondrial function, muscle buffering capacity, and exercise performance ( 12 , 13 , 20 ). In addition, the magnitude of physiological and performance adaptations seen after 2 weeks of Wingate-based SIT has been shown to be comparable with those obtained by traditional endurance training (e.g., 60–90 minutes of continuous cycling at 65% V̇ o 2 max) over the same time course, despite its low-training volume (i.e., 2–3 minutes of all-out efforts per session) ( 20 ). This suggests that this training modality could be a time-efficient strategy to bring about training benefits rapidly.
L11: However, although an improvement in endurance performance has been consistently reported after Wingate-based SIT over 2–6 weeks ( 3 , 13 , 20 , 27 , 40 ), it remains unknown whether an improvement in a single endurance parameter coincides with those in different parameters because most of the previous Wingate-based studies assessed endurance performance through a single performance test (e.g., time trial). There are several studies that have demonstrated a close association between different endurance parameters. For example, critical power (CP) derived from a 3-minute all-out test has been shown to significantly correlate with 16.1-km road time-trial time ( 8 ). Likewise, Balmer et al. (5) found a high correlation between maximal incremental power output and mean power output during a 16.1-km road time trial ( 5 ). Nevertheless, a high correlation does not necessarily imply causation, and indeed, the main physiological determinants have been shown to be different according to endurance parameters with oxygen transport capacity being the most important for maximal incremental power output, whereas skeletal muscle oxidative capacity being the strongest predictor for time-trial performance ( 24 ). Moreover, although both incremental and all-out exercises can elicit maximal physiological responses (e.g., V̇ o 2 peak), the pattern (time course) of aerobic and anaerobic energy utilization would be different between the exercise modalities ( 28 , 37 ), which may change the importance of muscle O 2  supply or utilization. Taken together, the magnitude of performance changes may be dependent on the form of its assessment and the modality of exercise training.
L12: Despite the reported training benefits, most of the studies have not considered workload during the recovery period, and indeed, passive recovery or very light cycling (<30 W) are commonly used in the Wingate-based studies ( 4 , 12 , 13 , 20 ). However, in previous studies examining acute physiological and performance responses to different recovery modes during repeated 30-second Wingate tests, active recovery (cycling at 28–40% of V̇ o 2 max) has been shown to facilitate maintenance of power production with an elevated cardiorespiratory demand (e.g., increased heart rate [HR] and V̇ o 2 ) compared with passive recovery ( 9 , 34 ). Although it has yet to be determined whether increased physiological responses induced by active recovery brings about gains in physiological and performance adaptations, when rest intervals were kept short during 2 weeks of repeated 10-second sprint training, it produced a greater HR demand, which resulted in greater endurance adaptations ( 26 ). Therefore, active recovery at low to moderate intensity (∼40% V̇ o 2 max) may induce greater endurance adaptations when performing Wingate-based SIT protocols.
L13: Accordingly, this study aimed to determine effects of recovery intensity on endurance adaptations during Wingate-based SIT over 2 weeks by examining several endurance parameters. It was hypothesized that active recovery would induce greater endurance adaptations when compared with passive recovery because of a higher aerobic demand during the training.
L14: Methods
L15: Experimental Approach to the Problem
L16: This study aimed to investigate effects of recovery intensity on endurance performance adaptations during SIT over 2 weeks. All subjects were asked to maintain their normal diet and activity throughout the study period and to refrain from alcohol intake and any form of intense physical activity for 24 hours before each session. First, a 2-week (male subjects) or 4-week (female subjects) nonexercise period was set as a control period after 3 baseline measurements of peak oxygen uptake (V̇ o 2 peak), critical power (CP) and 10-km time-trial performance had been completed (Table  1 ). Subsequently, the subjects performed the 3 preintervention measurements (i.e., V̇ o 2 peak, CP, and 10-km time trial). They were then assigned to either active recovery group (ARG) ( N  = 7; M: 4; F: 3) or passive recovery group (PRG) ( N  = 7; M: 5; F: 2) according to their preintervention V̇ o 2 peak, CP, and time-trial performance to ensure that both groups possessed similar pretraining values before the 2-week training (Tables  2  and  3 ). A 4-week control period was set for female subjects to ensure that they completed the measurements at the same stage of their menstrual cycles. Because of the same reason, the female subjects commenced their 2-week training interventions 2 weeks after they had completed the preintervention measurements. Three of 5 female subjects were taking oral contraceptive pills during the study period, but dose and type remained constant throughout. All subjects performed each session at a similar time of day (±2 hours) in a controlled environment throughout the study period. Each performance measurement was completed on a different occasion and separated by 48 hours.
L17: Table 1. Physical characteristics and endurance performance parameters of the subjects during the control period.*†
L18: Table 2. Physical and physiological characteristics of the subjects before and after the training intervention.*†
L19: Table 3. Performance parameters and cardiorespiratory responses during the 3-minute all-out cycling tests.*†‡
L20: Subjects
L21: Fourteen healthy active male and female subjects (values measured as ±  SD : M: 9; F: 5, ages 21–33 years) who took part in a minimum of 3-hour exercise per week participated in this study (Tables  1  and  2 ). All were physically active, but none of them were participating in regular sporting competitions during the study period. All subjects were fully informed both verbally and in writing about the study before giving their written informed consent. The study was approved by the Research Ethics Committee of Abertay University and was performed in line with the Declaration of Helsinki.
L22: Procedures
L23: Body Composition Test
L24: On the initial visit, subjects reported to the Human Performance Laboratory after a 4-hour fast before an incremental test. Body composition was recorded on a calibrated bioimpedance meter (Tanita 330; Tanita Co., Ltd., Tokyo, Japan) where body fat and body mass were recorded.
L25: Performance Measurement During the Incremental Test
L26: After having completed the body composition measurement, they performed an incremental test to exhaustion to determine their V̇ o 2 peak on a cycle ergometer (Monark Ergomedic 874E; Monark, Varberg, Sweden). The subjects were connected to a breath-by-breath gas analyzer (Metalyzer 3B gas analyzer; Cortex, Leipzig, Germany), and the test commenced at an initial power output of 70 W, with an additional 35 W increase every 3 minutes, until volitional exhaustion or the subjects could not maintain 70 rpm, despite strong verbal encouragement. Maximal incremental power output (Pmax) was calculated from the last completed work rate, plus the fraction of time spent in the final noncompleted work rate multiplied by the work rate increment (i.e., 35 W) ( 1 ). Respiratory gas exchange measures were averaged every 30 seconds with V̇ o 2 peak calculated as the highest oxygen consumed over a 30-second period. Heart rate was recorded throughout using a HR monitor (Polar Electro, Kempele, Finland) with maximal HR (HRmax) defined as the highest HR recorded over a 30-second period. Because of schedule difficulties, 6 of 7 subjects from both groups competed the incremental tests during the control period (Table  1 ).
L27: Three-Minute All-Out Cycling Test
L28: On the second visit, they performed a 3-minute all-out cycling test to determine their CP. They first cycled against 60 W for 5 minutes on a cycle ergometer (Monark Ergomedic 894E; Monark) to warm up. Before starting the test, subjects were connected to a breath-by-breath gas analyzer (Metalyzer 3B gas analyzer; Cortex) and had a HR monitor attached (Polar) to record V̇ o 2  and HR during the test. The test then began when the subjects reached 110 rpm where resistance was applied (4.5% of body mass). They pedaled with an all-out effort for 3 minutes. Although strong verbal encouragement was given, no feedback on the elapsed time was provided to avoid pacing. Power output was recorded using Monark software (Monark Anaerobic Test Software Version 2.24.2; Monark), and average power output over the final 30 seconds was defined as CP. This method has been shown to provide a valid estimation of CP with no difference from the conventionally estimated CP or one derived from a 3-minute all-out cycling test on an electronically braked cycle ergometer ( 7 ). Power produced over each 30-second block and 3-minute total work was also calculated as the integral of power output recorded every second to find changes in performance throughout 3 minutes. Cardiorespiratory measures were averaged every 30 seconds, and the highest and average V̇ o 2  and HR over 3 minutes were determined. Cardiorespiratory data for ARG only include 6 subjects because of a mechanical error with the gas analyzer occurred during the post-test in 1 subject. Moreover, because of schedule difficulties, 6 of 7 subjects from ARG and 5 of 7 subjects from PRG completed the 3-minute all-out cycling tests during the control period, respectively (Table  1 ).
L29: Ten-Kilometer Cycling Time Trial
L30: On the third visit, the subjects performed a self-paced 10-km cycling time trial on a cycle ergometer (Monark Ergomedic 894E; Monark) against a fixed resistance (2.0 kg for male subjects; 1.5 kg for female subjects) where they were asked to complete the set distance as fast as possible. No information on time, power output, and pedal frequency was provided, whereas the amount of distance covered was visible on the screen. Because of schedule difficulties, 6 of 7 subjects from ARG and 5 of 7 subjects from PRG competed the 10-km time trial during the control period, respectively (Table  1 ).
L31: Training Sessions
L32: The training protocol was identical for both groups consisting of 4 to six 30-second sprints against 7.5% of body mass interspersed with 4-minute recovery ( 20 ). However, while ARG cycled at 40% V̇ o 2 peak during the recovery, PRG either remained stationary on the bike or cycled unloaded at a low speed (<50 rpm) as previously reported ( 12 , 13 ). The recovery intensity for ARG was derived from the linear relationship between each individual's V̇ o 2  and work rate during the incremental test. Both groups performed their respective training protocol 3 times per week for 2 weeks (6 sessions in total) and sprint load increased with time (4 sprints for the first 2 sessions, 5 sprints for the mid 2 sessions, and 6 sprints for the last 2 sessions) as previously described ( 20 ). Respiratory gas measures (Metalyzer 3B gas analyzer, Cortex) and HR (Polar) were recorded during the first 4 sprints and recovery periods in the first and last training sessions to investigate differences in cardiorespiratory responses between and within groups. V̇ o 2  and HR were averaged every 5 seconds during the sprint and recovery intervals. Cardiorespiratory data for PRG only include 6 subjects because of increased feelings of discomfort and nausea in 1 subject resulting from wearing the measuring equipment.
L33: To assess sprint work, the best peak power and total work during each session were determined. Furthermore, in an attempt to evaluate the reproducibility of power during the training, power drop rate across the sprints in each session was also calculated using the following formula; where PO is power output (either peak or average) ( 23 ).
L34: Peak and average power were automatically determined through Monark software, whereas total work was determined by integrating power output recorded every second.
L35: Postintervention Tests
L36: Forty-eight hours after the last training sessions, the subjects performed the postintervention tests. The order of the measurements was identical to the preintervention tests, and each measurement was separated by 48 hours.
L37: Statistical Analyses
L38: All data are presented as mean values ±  SD . Before conducting parametric tests, a Shapiro-Wilk test was performed to ensure that all values were normally distributed. Effects of training on each variable were analyzed using a 2-way analysis of variance with between (group) and repeated (time) factors. Where the analyses revealed a significant main effect for time or time × group interaction effect, individual paired-samples  t -tests were performed to determine the origin of such effects. When the post hoc paired  t -tests showed a significant training effect, Cohen's  d  was calculated to quantify the magnitude of such effect (i.e., pre-to-post difference). Because of the within-subject factor, it was corrected for dependence between mean values using the equation suggested by Morris and DeShon (30);  d  =  , where M diff  is mean difference between conditions,  SD pooled  is pooled  SD , and  r  is correlation between mean values ( 30 ). Cohen's effect size was defined as follows:  d  < 0.2 trivial, 0.2–0.5 small, 0.6–1.1 moderate, and 1.2–1.9 as a large effect ( 15 ). All statistics were run on IBM SPSS Version 22.0 for Windows, and the level of significance was set at  p  ≤ 0.05.
L39: Results
L40: Anthropometric Measures and Performance Parameters During the Control Period
L41: During the control period, body composition or endurance performance parameters were not significantly changed. However, PRG tended to increase maximal incremental power output during the 2-week control period ( p  = 0.076, Table  1 ).
L42: Anthropometric Measures and Performance Variables in the Incremental Tests
L43: There was no change in body composition after 2 weeks of SIT (Table  2 ).
L44: V̇ o 2 peak, Pmax, and HRmax were similar between the groups at preintervention (Table  2 ). V̇ o 2 peak and HRmax were unchanged after 2 weeks of SIT with either active or passive recovery (Table  2 ). However, there was a trend for Pmax to be increased from preintervention to postintervention in the ARG only (5.3%,  d  = 0.88,  p  = 0.063, Table  2 ).
L45: Ten-Kilometer Cycling Time-Trial Performance
L46: Ten-kilometer time-trial performance was similar between the groups at preintervention (Table  2 ). Ten-kilometer time-trial performance was significantly improved preintervention to postintervention in both ARG and PRG (ARG: 8.6%,  d  = 1.60,  p  = 0.006; PRG: 6.7%,  d  = 0.96,  p  = 0.048, Table  2 ).
L47: Three-Minute All-Out Cycling Test
L48: Critical power was similar between the groups at preintervention (Table  3 ) and remained unchanged in PRG after 2 weeks (Table  3 ). After 2 weeks of SIT with active recovery, CP was significantly increased by 7.9% ( d  = 1.75,  p  = 0.015, Table  3 ). Passive recovery group was also unchanged after 2 weeks for 3-minute total work (Table  3 ) and power production over each 30-second block throughout 3 minutes (Figure  1 B). In ARG, the total work was significantly increased by 3.7% after 2 weeks ( d  = 1.84,  p  = 0.022, Table  3 ), and there was a trend for 30-second power production to be increased with the elapsed time pre to post, reaching a significance during the fifth 30-second (6.0 ± 1.5 to 6.4 ± 1.8 kJ,  d  = 2.64,  p  = 0.008) and sixth 30-second blocks (6.0 ± 1.5 to 6.4 ± 1.7 kJ,  d  = 1.72,  p  = 0.012) (Figure  1 A).
L49: Figure 1. Power produced over each 30-second section during the 3-minute all-out cycling tests in active recovery group (A) and passive recovery group (B). **Main effect for time ( p  < 0.01). †Time by group interaction effect ( p  < 0.05). ‡‡ p  < 0.01 vs. pre within the same group. ‡ p  < 0.05 vs. pre within the same group.
L50: During the CP test, peak and average V̇ o 2  remained unchanged in both groups, while peak and average heart rates were significantly decreased in ARG after 2 weeks (Table  3  and Figure  2 ).
L51: Figure 2. V̇ o 2  and HR responses during the 3-minute all-out cycling tests in active recovery group (A and B) and passive recovery group (C and D). Dashed lines indicate V̇ o 2 peak and HRmax determined in the preincremental test. Error bars are not shown for clarity. Cardiorespiratory data for ARG only include 6 subjects. HR = heart rate.
L52: Performance and Cardiorespiratory Responses During the Training
L53: Peak power remained unchanged throughout 2 weeks in both groups (Figure  3 B). Although total work increased with sprint number ( p  < 0.01), no difference was observed between the groups (Figure  3 A). The decline in peak power reproducibility was seen during session 5 compared with sessions 1, 2, 3, and 4 ( p  < 0.01, Figure  3 C) with no significant difference between the groups (Figure  3 C). Likewise, although the reproducibility of average power was reduced during sessions 5 and 6 compared with sessions 1 and 2 ( p  < 0.05, Figure  3 D) and session 3 compared with session 2 ( p  < 0.01, Figure  3 D), similar values were observed between the groups. There was no difference between the groups in V̇ o 2  and HR during the sprints, whereas those variables were significantly elevated in ARG compared with PRG during the recovery intervals ( p  < 0.05, Table  4 ). While recovery V̇ o 2  was significantly increased in ARG from session 1 to 6 ( p  < 0.05, Table  4 ), other cardiorespiratory measures were not significantly altered from session 1–6 in either group (Table  4 ).
L54: Figure 3. Total work (A), peak power (B), and the reproducibility of peak power (C) and average power (D) during the training sessions. ** p  < 0.01 vs. training sessions 1 and 2. †† p  < 0.01 vs. training sessions 3 and 4. ‡ p  < 0.05 vs. training session 5. § p  < 0.05 vs. training sessions 5 and 6. ## p  < 0.01 vs. training sessions 3. ARG = active recovery group; PRG = passive recovery group.
L55: Table 4. Cardiorespiratory responses during the first and last training sessions.*†‡
L56: Discussion
L57: This study demonstrated that endurance performance adaptations can be augmented by increasing recovery intensity during typical Wingate-based SIT over 2 weeks. Although both training groups improved time-trial performance, only the ARG significantly increased CP and 3-minute total work with a trend of increased maximal incremental power output. This suggests that the arrangement of recovery mode would play a role in bringing about training benefits when performing SIT.
L58: There was no improvement in V̇ o 2 peak in either training group in this study (Table  2 ). This is similar to what has been shown previously when using the same training protocol ( 12 , 13 ). When longer recovery, greater resistive force, or more sprints are used, then 2 weeks of Wingate protocols has been shown to improve V̇ o 2 max or V̇ o 2 peak ( 2 , 4 , 23 ). Although gains in V̇ o 2 max are not totally attributed to increased muscle oxidative capacity ( 12 , 13 , 33 ), peripheral adaptations have been associated with increased V̇ o 2 max after SIT ( 22 , 27 ). Indeed, exercise intensity (i.e., the level of power production) has been suggested to be a key factor in inducing oxidative adaptations in skeletal muscles, type II fibers in particular ( 4 , 10 , 33 ), and therefore, the selection of recovery duration or resistive load may impact overall aerobic adaptations ( 2 , 23 , 38 ). Although Bailey et al. (4) used the traditional resistive load (7.5% of body mass) and recovery duration (4 minutes), greater training volume (35 sprints in total) performed in their study compared with the aforementioned 2-week Wingate studies or the current study (30 sprints in total) might have facilitated the increased V̇ o 2 peak ( 4 , 21 ). In this study, active recovery at 40% of V̇ o 2 peak did not improve power production compared with passive recovery during the training (Figure  3 ), which was somewhat contrary to previous findings ( 9 , 34 ). Considering the relatively low fitness level of our subjects, a lower recovery intensity (e.g., 20% of V̇ o 2 peak) might have been more suitable for improving power production ( 17 , 35 ), and thus inducing greater peripheral adaptations ( 4 , 10 , 33 ). On the other hand, overall oxygen demand in ARG during the training was approximately 69% of pre-V̇ o 2 peak in this study (Table  4 ). Given that a training program eliciting a high percentage of V̇ o 2 max (i.e., ≥90% V̇ o 2 max) has been suggested to maximally stimulate the oxygen transport and utilization systems ( 11 ), adoption of a higher recovery intensity would be an option for ensuring a greater cardiorespiratory load especially when the main purpose of a training program is to obtain a central adaptation (e.g., increased stroke volume).
L59: After 2 weeks of SIT, there was a 5.3% increase in maximal incremental power output (albeit not statistically significant) in ARG (Table  2 ). Previously, maximal incremental power output has been primarily attributed to oxygen transport capacity ( 24 ). However, considering the lack of improvement in V̇ o 2 peak, there seems to have been limited changes in cardiac function (e.g., maximal cardiac output) after the training in the current study ( 6 ). Hence, the trend of increased Pmax observed in ARG would be accounted for peripheral adaptations such as improved capillarization. Daussin et al. (16) demonstrated that 8 weeks of moderate-intensity continuous training (CT, 20–35 minutes of cycling at ∼61% V̇ o 2 max) brought about greater improvements in capillary density and vascular conductance compared with the same duration of high-intensity aerobic interval training (IT) at ∼90% V̇ o 2 max ( 16 ). Because they matched total work between the training protocols, greater capillarization of skeletal muscle seen in the CT may be explained by constant cardiovascular load caused by the CT. Although the workload itself was rapidly reduced in ARG after each 30-second sprint (i.e., 40% of V̇ o 2 peak) in the current study, oxygen demand of recovery phases remained elevated (e.g., recovery V̇ o 2  in ARG was greater than 65% of pre-V̇ o 2 peak, Table  4 ). Therefore, it is possible that there were greater improvements in capillary density after 2 weeks of SIT with active recovery, resulting in improved O 2  supply and thus maximal endurance capacity. Nevertheless, because muscle biopsies were not obtained in this study, this remains to be elucidated.
L60: Both groups improved the 10-km time-trial performance after the training (ARG: 8.6%; PRG: 6.7%, Table  2 ). The magnitude of improvement is comparable with the previous 2-week Wingate-based studies that report improvements of between 5 and 10% in 5-km ( 23 ), 750-kJ ( 20 ), and 250-kJ ( 3 , 12 ) cycling time trials. The improvement in time-trial performance occurs without any improvement in V̇ o 2 peak but with increased activity of mitochondrial enzymes such as citrate synthase and pyruvate dehydrogenase ( 12 ). Therefore, the observed time-trial improvements in this study may reflect an improved muscle oxidative potential previously reported after 2 weeks of Wingate-based SIT ( 12 , 13 , 20 ). Although improved time-trial performance cannot be totally attributed to mitochondrial adaptations ( 14 ) and other factors such as improved substrate utilization ( 12 ) or muscle buffering capacity ( 20 ) would also account for the improvements in time-trial performance, muscle oxidative capacity has been shown to be the primary predictor of cycling time-trial performance ( 24 ). Given that both training groups improved the performance to a similar extent in the current study, the intermittent nature of SIT seems to be a driving factor in increasing muscle oxidative capacity irrespective of recovery mode ( 14 , 16 ).
L61: Zelt et al. (40) demonstrated that 4 weeks of Wingate-based SIT increased CP by approximately 5–7% ( 40 ), indicating that sprint-type (all-out) IT can also improve this parameter in addition to submaximal endurance training ( 18 , 25 ) and high-intensity but constant-load IT ( 18 , 32 , 36 ). Vanhatalo et al. (36) observed a 7% increase in V̇ o 2 peak during a 3-minute all-out cycling test in addition to a 10% increase in CP after 12 sessions of aerobic-type high-intensity IT over 4 weeks ( 36 ). In the current study, only ARG improved CP and 3-minute total work, without any gains in peak or average V̇ o 2  but with a reduction in HR response during the 3-minute CP test after the intervention (Table  3  and Figure  2 A, B). The decreased HR demand with unchanged V̇ o 2  could indicate an improved O 2  transport capacity. Similar to the maximal incremental power output, this may have been achieved through increased local muscle (microvascular) O 2  delivery ( 29 ). Indeed, locomotor skeletal muscle O 2  perfusion has been shown to be the limiting factor for maximal cycling exercise ( 31 ). The greater adaptations in CP than in Pmax seen after 2 weeks of SIT with active recovery may be attributable to the difference in the testing modality (i.e., incremental vs. all-out exercise). Anaerobic metabolism has been shown to occur from the initial phases of all-out exercise, whereas anaerobic energy production progressively increases during incremental exercise ( 28 , 37 ). Therefore, there would be greater depletion of anaerobic energy sources in the final phases of 3-minute all-out exercise than those of incremental exercise, suggesting increased importance of muscle O 2  supply with time during the 3-minute all-out exercise ( 19 ). Taken together, the increased power production over the second 90 seconds of the test in ARG (Figure  1 A) would indicate improved muscle O 2  perfusion after the training in this group ( 29 ).
L62: Although Zelt et al. (40) used unloaded cycling as a recovery modality during rest periods, greater training volume in their study (12 sessions over 4 weeks) compared with the current study (6 sessions over 2 weeks) may have allowed for the increased CP in their study ( 40 ). Therefore, it could be assumed that, with active recovery at low to moderate intensity (∼40% V̇ o 2 peak), it induces rapid endurance adaptations and a greater training volume would be required to induce similar improvements with passive or very light active recovery.
L63: In the current study, there was a slight difference in the number of subjects completing the 3-minute all-out and 10-km time-trail tests between the groups during the control period (ARG vs. PRG: 6 vs. 5), which might have affected the observed results. Nevertheless, there were no significant changes in these performance parameters in a control group consisting of recreationally active male and female adults in a recent study ( 39 ). Moreover, we made every effort to avoid any pacing during the 3-minute all-out tests by carefully looking at power production every 30 seconds throughout the tests (Figure  1 ). Indeed, if there was any sign of pacing (e.g., an increase in power production during the later phases of the tests), we asked our subjects to redo the test, until no sign of pacing was confirmed, suggesting that the difference in the performance adaptations between the groups are most likely explained by the difference in recovery intensity during the training.
L64: Practical Applications
L65: This study demonstrates for the first time that active recovery induces greater endurance adaptations, especially in maximal whole-body exercise (i.e., CP and maximal incremental power output) when performing sprint-type IT. The findings from the current study indicate that active recovery at 40% V̇ o 2 peak provides an elevated cardiorespiratory demand during the training, resulting in greater endurance adaptations. Therefore, when the goal of a training program is to enhance endurance performance, active recovery (∼40% of V̇ o 2 peak) should be used during SIT to gain greater training benefits without increasing total training time commitment.
L66: 1. Achten J Jeukendrup AE 
L67:  Maximal fat oxidation during exercise in trained men .  Int J Sports Med 
L68:  24 :  603 – 608 ,  2003 . 14598198
L69: 2. Astorino TA Allen RP Roberson DW Jurancich M 
L70:  Effect of high-intensity interval training on cardiovascular function, VO2max, and muscular force .  J Strength Cond Res 
L71:  26 :  138 – 145 ,  2012 . 22201691
L72: 3. Babraj JA Vollaard NB Keast C Guppy FM Cottrell G Timmons JA 
L73:  Extremely short duration high intensity interval training substantially improves insulin action in young healthy males .  BMC Endocr Disord 
L74:  9 :  3 ,  2009 . 19175906
L75: 4. Bailey SJ Wilkerson DP Dimenna FJ Jones AM 
L76:  Influence of repeated sprint training on pulmonary O2 uptake and muscle deoxygenation kinetics in humans .  J Appl Physiol (1985) 
L77:  106 :  1875 – 1887 ,  2009 . 19342439
L78: 5. Balmer J Davison RC Bird SR 
L79:  Peak power predicts performance power during an outdoor 16.1-km cycling time trial .  Med Sci Sports Exerc 
L80:  32 :  1485 – 1490 ,  2000 . 10949016
L81: 6. Bassett DR Howley ET 
L82:  Limiting factors for maximum oxygen uptake and determinants of endurance performance .  Med Sci Sports Exerc 
L83:  32 :  70 – 84 ,  2000 . 10647532
L84: 7. Bergstrom HC Housh TJ Zuniga JM Camic CL Traylor DA Schmidt RJ 
L85:  A new single work bout test to estimate critical power and anaerobic work capacity .  J Strength Cond Res 
L86:  26 :  656 – 663 ,  2012 . 22310519
L87: 8. Black MI Durant J Jones AM Vanhatalo A 
L88:  Critical power derived from a 3-min all-out test predicts 16.1-km road time-trial performance .  Eur J Sport Sci 
L89:  14 :  217 – 223 ,  2014 . 23802599
L90: 9. Bogdanis GC Nevill ME Lakomy HK Graham CM Louis G 
L91:  Effects of active recovery on power output during repeated maximal sprint cycling .  Eur J Appl Physiol Occup Physiol 
L92:  74 :  461 – 469 ,  1996 . 8954294
L93: 10. Buchheit M Abbiss CR Peiffer JJ Laursen PB 
L94:  Performance and physiological responses during a sprint interval training session: Relationships with muscle oxygenation and pulmonary oxygen uptake kinetics .  Eur J Appl Physiol 
L95:  112 :  767 – 779 ,  2012 . 21667291
L96: 11. Buchheit M Laursen PB 
L97:  High-intensity interval training, solutions to the programming puzzle: Part I: Cardiopulmonary emphasis .  Sports Med 
L98:  43 :  313 – 338 ,  2013 . 23539308
L99: 12. Burgomaster KA Heigenhauser GJ Gibala MJ 
L100:  Effect of short-term sprint interval training on human skeletal muscle carbohydrate metabolism during exercise and time-trial performance .  J Appl Physiol (1985) 
L101:  100 :  2041 – 2047 ,  2006 . 16469933
L102: 13. Burgomaster KA Hughes SC Heigenhauser GJ Bradwell SN Gibala MJ 
L103:  Six sessions of sprint interval training increases muscle oxidative potential and cycle endurance capacity in humans .  J Appl Physiol (1985) 
L104:  98 :  1985 – 1990 ,  2005 . 15705728
L105: 14. Cochran AJ Percival ME Tricarico S Little JP Cermak N Gillen JB 
L106:  Intermittent and continuous high-intensity exercise training induce similar acute but different chronic muscle adaptations .  Exp Physiol 
L107:  99 :  782 – 791 ,  2014 . 24532598
L108: 15. Cohen J 
L109:  A power primer .  Psychol Bull 
L110:  112 :  155 – 159 ,  1992 . 19565683
L111: 16. Daussin FN Zoll J Dufour SP Ponsot E Lonsdorfer-Wolf E Doutreleau S 
L112:  Effect of interval versus continuous training on cardiorespiratory and mitochondrial functions: Relationship to aerobic performance improvements in sedentary subjects .  Am J Physiol Regul Integr Comp Physiol 
L113:  295 :  R264 – R272 ,  2008 . 18417645
L114: 17. Dupont G McCall A Prieur F Millet GP Berthoin S 
L115:  Faster oxygen uptake kinetics during recovery is related to better repeated sprinting ability .  Eur J Appl Physiol 
L116:  110 :  627 – 634 ,  2010 . 20574678
L117: 18. Gaesser GA Wilson LA 
L118:  Effects of continuous and interval training on the parameters of the power-endurance time relationship for high-intensity exercise .  Int J Sports Med 
L119:  9 :  417 – 421 ,  1988 . 3253231
L120: 19. Gastin PB 
L121:  Energy system interaction and relative contribution during maximal exercise .  Sports Med 
L122:  31 :  725 – 741 ,  2001 . 11547894
L123: 20. Gibala MJ Little JP van Essen M Wilkin GP Burgomaster KA Safdar A 
L124:  Short-term sprint interval versus traditional endurance training: Similar initial adaptations in human skeletal muscle and exercise performance .  J Physiol 
L125:  575 :  901 – 911 ,  2006 . 16825308
L126: 21. Gibala MJ McGee SL 
L127:  Metabolic adaptations to short-term high-intensity interval training: A little pain for a lot of gain? 
L128:  Exerc Sport Sci Rev 
L129:  36 :  58 – 63 ,  2008 . 18362686
L130: 22. Gist NH Fedewa MV Dishman RK Cureton KJ 
L131:  Sprint interval training effects on aerobic capacity: A systematic review and meta-analysis .  Sports Med 
L132:  44 :  269 – 279 ,  2014 . 24129784
L133: 23. Hazell TJ Macpherson RE Gravelle BM Lemon PW 
L134:  10 or 30-s sprint interval training bouts enhance both aerobic and anaerobic performance .  Eur J Appl Physiol 
L135:  110 :  153 – 160 ,  2010 . 20424855
L136: 24. Jacobs RA Rasmussen P Siebenmann C Díaz V Gassmann M Pesta D 
L137:  Determinants of time trial performance and maximal incremental exercise in highly trained endurance athletes .  J Appl Physiol (1985) 
L138:  111 :  1422 – 1430 ,  2011 . 21885805
L139: 25. Jenkins DG Quigley BM 
L140:  Endurance training enhances critical power .  Med Sci Sports Exerc 
L141:  24 :  1283 – 1289 ,  1992 . 1435180
L142: 26. Kavaliauskas M Aspe RR Babraj J 
L143:  High-intensity cycling training: The effect of work-to-rest intervals on running performance measures .  J Strength Cond Res 
L144:  29 :  2229 – 2236 ,  2015 . 26203737
L145: 27. Macpherson RE Hazell TJ Olver TD Paterson DH Lemon PW 
L146:  Run sprint interval training improves aerobic performance but not maximal cardiac output .  Med Sci Sports Exerc 
L147:  43 :  115 – 122 ,  2011 . 20473222
L148: 28. Mahler DA Andrea BE Andresen DC 
L149:  Comparison of 6-min “all-out” and incremental exercise tests in elite oarsmen .  Med Sci Sports Exerc 
L150:  16 :  567 – 571 ,  1984 . 6513774
L151: 29. McKay BR Paterson DH Kowalchuk JM 
L152:  Effect of short-term high-intensity interval training vs. continuous training on O2 uptake kinetics, muscle deoxygenation, and exercise performance .  J Appl Physiol (1985) 
L153:  107 :  128 – 138 ,  2009 . 19443744
L154: 30. Morris SB DeShon RP 
L155:  Combining effect size estimates in meta-analysis with repeated measures and independent-groups designs .  Psychol Methods 
L156:  7 :  105 – 125 ,  2002 . 11928886
L157: 31. Mortensen SP Damsgaard R Dawson EA Secher NH González-Alonso J 
L158:  Restrictions in systemic and locomotor skeletal muscle perfusion, oxygen supply and VO2 during high-intensity whole-body exercise in humans .  J Physiol 
L159:  586 :  2621 – 2635 ,  2008 . 18372307
L160: 32. Poole DC Ward SA Whipp BJ 
L161:  The effects of training on the metabolic and respiratory profile of high-intensity cycle ergometer exercise .  Eur J Appl Physiol Occup Physiol 
L162:  59 :  421 – 429 ,  1990 . 2303047
L163: 33. Sloth M Sloth D Overgaard K Dalgas U 
L164:  Effects of sprint interval training on VO2max and aerobic exercise performance: A systematic review and meta-analysis .  Scand J Med Sci Sports 
L165:  23 :  e341 – e352 ,  2013 . 23889316
L166: 34. Spierer DK Goldsmith R Baran DA Hryniewicz K Katz SD 
L167:  Effects of active vs. passive recovery on work performed during serial supramaximal exercise tests .  Int J Sports Med 
L168:  25 :  109 – 114 ,  2004 . 14986193
L169: 35. Tomlin DL Wenger HA 
L170:  The relationship between aerobic fitness and recovery from high intensity intermittent exercise .  Sports Med 
L171:  31 :  1 – 11 ,  2001 . 11219498
L172: 36. Vanhatalo A Doust JH Burnley M 
L173:  A 3-min all-out cycling test is sensitive to a change in critical power .  Med Sci Sports Exerc 
L174:  40 :  1693 – 1699 ,  2008 . 18685519
L175: 37. Vanhatalo A Poole DC DiMenna FJ Bailey SJ Jones AM 
L176:  Muscle fiber recruitment and the slow component of O2 uptake: Constant work rate vs. all-out sprint exercise .  Am J Physiol Regul Integr Comp Physiol 
L177:  300 :  R700 – R707 ,  2011 . 21160059
L178: 38. Whyte LJ Gill JM Cathcart AJ 
L179:  Effect of 2 weeks of sprint interval training on health-related outcomes in sedentary overweight/obese men .  Metabolism 
L180:  59 :  1421 – 1428 ,  2010 . 20153487
L181: 39. Yamagishi T Babraj J 
L182:  Effects of reduced-volume of sprint interval training and the time course of physiological and performance adaptations .  Scand J Med Sci Sports 
L183:  27 :  1662 – 1672 ,  2017 . 28124388
L184: 40. Zelt JG Hankinson PB Foster WS Williams CB Reynolds J Garneys E 
L185:  Reducing the volume of sprint interval training does not diminish maximal and submaximal performance gains in healthy men .  Eur J Appl Physiol 
L186:  114 :  2427 – 2436 ,  2014 . 25091854
[28ms]

