L1: Comparing Palm Oil, Tocotrienol-Rich Fraction and α-Tocopherol Supplementation on the Antioxidant Levels of Older Adults
L2: Antioxidants (2018)
L3: Nor Helwa Ezzah Nor Azman, Jo Aan Goon, Siti Madiani Abdul Ghani, Zalina Hamid, Wan Zurinah Wan Ngah
L4: 1 Department of Biochemistry, Faculty of Medicine, Universiti Kebangsaan Malaysia, Jalan Yaacob Latif, Kuala Lumpur 56000, Malaysia;  ezzahafezzi@gmail.com  (N.H.E.N.A.);  ctiemadiani@gmail.com  (S.M.A.G.);  wwanzurinah@yahoo.com  (W.Z.W.N.)
L5: 2 Sime Darby Foods and Beverages Marketing Sdn. Bhd, Petaling Jaya 47301, Selangor, Malaysia;  zalina.hamid@simedarby.com
L6: Background: Tocotrienol and tocopherol are known to prevent numerous degenerative diseases. The aim of this study is to compare the effects of tocotrienol-rich fraction (TRF) with α-tocopherol (α-TF) on the antioxidant status of healthy individuals aged between 50 and 55 years. Methods: Volunteers were divided into groups receiving placebo ( n  = 23), α-TF ( n  = 24) and TRF ( n  = 24). Fasting venous blood samples were taken at baseline (0 month), 3 months and 6 months of supplementation for the determination of superoxide dismutase (SOD), catalase (CAT), and glutathione peroxidase (GPx) activities as well as for reduced glutathione (GSH) and oxidized glutathione (GSSG) concentrations. Results: CAT and GPx were unaffected by TRF and α-TF supplementations. SOD activity increased significantly after six months of TRF supplementation. Analysis by gender showed that only female subjects had significant increases in SOD and GPx activities after six months of TRF supplementation. GPx activity was also significantly higher in females compared to males after six months of TRF supplementation. The GSH/GSSG ratio increased significantly after six months of TRF and α-TF supplementation in only the female subjects. Conclusion: TRF and α-TF supplementation exhibited similar effects to the antioxidant levels of older adults with TRF having more significant effects in females.
L7: Article
L8: aging; oxidative stress; vitamin E; oxidative status; enzyme
L9: 1. Introduction
L10: Vitamin E is a potent chain-breaking antioxidant that has been shown to reduce oxidative stress and prevent the propagation of free radical reactions. There are eight naturally occurring forms of vitamin E that are distinguished by the methylation pattern on the chromanol ring. These are further divided into four isomers designated as alpha (α), beta (β), delta (δ), and gamma (γ) tocopherols and tocotrienols [ 1 ]. Tocopherols and tocotrienols have the same basic chemical structure characterized by a long chain attached at the second position of a chromanol ring. Tocotrienols differ from tocopherols because they possess a farnesyl rather than a saturated isoprenoid C 16  side chain [ 2 ]. All tocopherols and tocotrienols are potent antioxidants with lipoperoxyl radical-scavenging activities [ 3 ]. Based on a recent review, tocotrienol is not considered a part of the vitamin E family because it has distinct biological activities, cellular targets and molecular mechanism of action that is different from α-tocopherol [ 4 ]. In tabulating the Dietary Reference Intakes for vitamin E, the United States Pharmacopoeia also standardizes the units definition of different vitamin E analogues according to the efficiency of α-tocopherol because β-, γ- and δ-tocopherol and the tocotrienols are considered to be less active [ 5 ].
L11: Most research on vitamin E has primarily focused on α-tocopherol (α-TF) [ 6 ] because α-TF is the predominant form of vitamin E in tissues and human plasma. However, varying outcomes have been obtained regarding its protective role in the prevention or treatment of chronic diseases such as cancer and cardiovascular diseases [ 7 , 8 ]. Tocotrienol has been reported to be more effective in the prevention of disease progression compared to tocopherol [ 9 , 10 , 11 , 12 , 13 , 14 , 15 ]. However, most studies were done using animals and in vitro models. To date, very limited data is available from human interventional studies using tocotrienol.
L12: We previously reported that tocotrienol-rich fraction (TRF) supplementation restored the redox balance of individuals over 50 years of age after six months of supplementation [ 16 , 17 ]. Increases of plasma α-TF and tocotrienol with supplementation have been associated with a reduction in DNA damage, and improvements in lipid profile and oxidative status in older adults [ 17 , 18 ]. To the best of our knowledge, studies comparing the efficacy between tocopherols and tocotrienols supplementation in humans are still scarce and gender response disparities to the supplements is yet to be determined.
L13: Humans are equipped with an extremely sophisticated and complex antioxidant protection system to protect the cells and organ systems of the body against free radicals [ 19 , 20 ]. The enzymatic components of the antioxidative defense system comprises several antioxidant enzymes such as superoxide dismutase (SOD), catalase (CAT), glutathione peroxidase (GPx), enzymes of ascorbate-glutathione (AsA-GSH) cycle, ascorbate peroxidase (APX), monodehydroascorbate reductase (MDHAR), dehydroascorbate reductase (DHAR), and glutathione reductase (GR) [ 21 ] as well as non-enzymatic antioxidant systems such as bilirubin, glutathione (GSH), carotenoids, and vitamins C and E. The antioxidant enzymes operate in different subcellular compartments and respond in concert when cells are exposed to oxidative stress [ 22 ]. However, the effectiveness of the natural antioxidant network has been reported to decline with aging [ 23 , 24 , 25 ]. Thus, the purpose of this study is to compare the effects of TRF and α-TF supplementation, respectively, on the antioxidant levels of healthy individuals aged between 50 and 55 years.
L14: 2. Materials and Methods
L15: 2.1. Study Subjects
L16: The protocol of this study was approved by the Research and Ethics Committee of the Faculty of Medicine, Universiti Kebangsaan Malaysia (UKM 1.5.3.5/244/FF-434-2011). A total of 237 volunteers aged 50 to 55 years were approached for general health screening. Volunteers with a positive history of cardiovascular disease, stroke, chronic inflammatory diseases, hematological diseases or surgery within 6 months; serious medical illness such as cancer, malignant hypertension, uncontrolled diabetes or cardiopulmonary insufficiency; and consumption of supplements or pharmaceutical products with antioxidant properties were excluded. Physical activity of volunteers was not documented. However, volunteers were advised to be persistent with their daily physical activities when enrolled into the study to prevent modifications of oxidative status in the body by sudden onset of any exercise regime. A total of 86 healthy, non-smoking and non-alcoholic volunteers were enrolled into the study after obtaining written informed consent. Among this number, 71 subjects completed the supplementation study, while 15 subjects dropped out due to personal reasons and health problems.
L17: 2.2. Experimental Design
L18: Recruited subjects were randomly divided into three groups and supplemented accordingly for 6 months with placebo ( n  = 23), α-TF (400 IU/day) ( n  = 24) and TRF (150 mg/day) ( n  = 24). The doses of supplementation used were based on positive results of previous human studies [ 26 , 27 , 28 , 29 ]. All subjects were requested to consume the supplements after dinner to ensure proper absorption [ 30 , 31 ] and encouraged to maintain their usual diet and lifestyle throughout the study period. The supplements including placebo were supplied by Sime Darby Food and Beverages Marketing Sdn. Bhd (previously known as Sime Darby Bioganic). Each TRF capsule contained 70.4 mg α-tocotrienol, 4.8 mg β-tocotrienol, 33.6 mg δ-tocotrienol, 57.6 mg γ-tocotrienol, and 48 mg α-tocopherol. α-TF capsules contained only tocopherol, while the placebo contained olive oil. The treatment was double-blinded throughout the study period until all data were collected, after which the randomization code was broken. Compliance of subjects was verified by the determination of plasma TRF and α-TF levels by high-performance liquid chromatography. The data of increased TRF and α-TF plasma levels after supplementation was reported earlier in a separate publication [ 23 ].
L19: 2.3. Sample Collection
L20: Blood sampling was performed at baseline (0 months), 3 months and 6 months of supplementation. Venous blood samples (15 mL) were drawn into heparin tubes between 08:00 a.m. and 10:00 a.m. and processed within 1 to 2 h. Plasma was separated by centrifugation at 1800 rpm for 30 min at 4 °C. The obtained erythrocytes were washed two times with 0.9% sodium chloride solution. The mixture was then separated again by centrifugation at 3000  g  for 10 min at 4 °C. Washed erythrocytes were used for the determination of antioxidant activities (SOD, CAT and GPx) and non-enzymatic antioxidant (reduced GSH and oxidized glutathione (GSSG)). Samples were then stored at −80 °C until further analysis.
L21: 2.4. Determination of Erythrocyte Antioxidant Enzymes (SOD, CAT, GPx)
L22: Blood antioxidant enzymes activity (SOD, CAT and GPx) were measured via Cayman Chemical assay kit (Cayman Chemical Company, Ann Arbor, MI, USA). The SOD assay kit utilizes a tetrazolium salt for detection of the superoxide radicals generated by xanthine oxidase and hypoxanthine. The amount of enzyme required to exhibit 50% dismutation of superoxide radical is defined as one unit of SOD. This assay kit can measure three types of SOD: Cu/Zn, Mn, and FeSOD. SOD activity was expressed as U/mL.
L23: The CAT assay kit is based on the reaction of the enzyme with methanol in the presence of an optimal concentration of hydrogen peroxide (H 2 O 2 ). The formaldehyde produced was measured colorimetrically with Purpald, a chromogen that specifically forms a bicyclic heterocycle with aldehydes, which upon oxidation changes from colorless to a purple color and quantified at an absorbance of 540 nm. CAT activity was expressed as nmol/min/mL.
L24: GPx activity was determined via the coupled reaction with GR and measured by a decreased absorbance at 340 nm. GPx produces GSSG upon reduction of hydroperoxide while GR returns GSSG to its reduced state. GPx activity was expressed as nmol/min/mL.
L25: 2.5. Determination of Erythrocyte GSH and GSSG Concentration
L26: Reduced GSH and GSSG were measured by Cayman Chemical Glutathione assay kit (Cayman Chemical Company, Ann Arbor, MI, USA). The assay kit used glutathione reductase through the enzymatic recycling method for the quantification of GSH. The sulfhydryl group of GSH reacts with 5,5′-dithio-bis-2-nitrobenzoic acid (DTNB) to form a yellow-colored 5-thio-2-nitrobenzoic acid (TNB). The rate of TNB production was directly proportional to the concentration of GSH in all samples. The erythrocyte lysate was deproteinated using metaphosphoric acid (Sigma-Aldrich, St. Louis, MO, USA), 2-vinylpyridine (Merck, Jerman, Kenilworth, NJ, USA) and triethanolamine (Sigma-Aldrich, St. Louis, MO, USA) to avoid interferences from particulates and sulfhydryl group in proteins. GSH concentration in the samples was measured at 405–414 nm absorbance and expressed as µM.
L27: 2.6. Statistical Analysis
L28: Statistical analysis was performed using the Statistical Package for Social Sciences (SPSS) Version 22.0 (IBM Corp., Chicago, IL, USA). The Shapiro–Wilk test was used to check the normality of the variables. Statistical evaluation was measured using two-way analysis of variance (ANOVA) test to compare changes from baseline to 3 and 6 months for all variables to verify the effects of treatment. A post hoc Least Significant Difference (LSD) multiple comparison test was performed to compare the average of the treatment group to the average of the control group and the impact of gender. Statistical tests with  p  < 0.05 were considered as significant. All the results are presented in mean ± S.E.M.
L29: 3. Results
L30: 3.1. Demography of Subjects
L31: The mean ± SEM age for the subjects were 52.2 ± 2.1 for placebo, 52.5 ± 2.5 for α-TF, and 53.4 ± 1.5 for TRF. The number of subjects from each gender was comparable for the placebo, α-TF, and TRF groups ( Table 1 ). The mean age of supplemented groups was not significantly different compared to placebo.
L32: 3.2. Antioxidant Enzymes Activities (SOD, CAT and GPx)
L33: A significant effect was observed in SOD activity with supplementation of TRF. TRF supplementation significantly increased SOD activity after 6 months of treatment compared to baseline (0 month) ( Figure 1 ). Further analysis by grouping of gender showed that SOD activity increased in female subjects after 6 months of TRF supplementation compared to baseline (0 month) ( Figure 2 ).
L34: CAT activity remained unchanged in TRF and α-TF supplemented groups ( Figure 3 ). By contrast, CAT activity decreased after 6 months in the placebo group, particularly among the female subjects when compared to the baseline (0 month) ( Figure 4 ).
L35: However, no significant differences were found in the activity of GPx between all groups ( Figure 5 ). Similar to the results of SOD, only female subjects had increased GPx activity after 6 months of TRF supplementation compared to baseline (0 month) ( Figure 6 ).
L36: 3.3. Non-Enzymatic Antioxidant (GSH and GSSG)
L37: No significant differences were found in the concentration of GSH with TRF and α-TF supplementations ( Figure 7 ). In addition, there were no apparent differences in GSH concentration between male and female subjects after TRF and α-TF supplementation ( Figure 8 ).
L38: GSSG concentration was significantly decreased after 6 months of α-TF supplementation compared to baseline (month 0) and 3 months ( Figure 9 ). Similarly, TRF supplementation also decreased the concentration of GSSG after 6 months of supplementation. Analysis by gender revealed a marked reduction of GSSG in the male subjects after 6 months of α-TF supplementation ( Figure 10 ). No differences were observed between the two genders in the TRF and placebo groups.
L39: The ratio of GSH/GSSG increased after 6 months of TRF and α-TF supplementation ( Figure 11 ). These effects were seen only in female subjects with both supplementations ( Figure 12 ).
L40: 4. Discussion
L41: Oxidative stress is known to increase with age. Many studies have highlighted the benefits of vitamin E as an antioxidant to prevent damages to macromolecules in aging [ 27 , 32 ]. Results of this comparative study between TRF and α-TF further elucidate the role of these vitamin E isomers in preventing oxidative damages as reported previously.
L42: SOD is an intracellular enzymatic antioxidant that catalyzes the conversion of superoxide anions to molecular oxygen and H 2 O 2 , whereas CAT and GPx promote the conversion of H 2 O 2  into water and oxygen [ 33 ]. In this study, the activities of SOD and GPx were found to increase after 6 months of TRF supplementation. These outcomes are seen to be beneficial as SOD and GPx help neutralize reactive oxygen species that are generated extensively with age.
L43: The activity of CAT remained unchanged throughout the study period regardless of supplementation with TRF or α-TF. However, its activity decreased after six months in the placebo group. Given the fact that both CAT and GPx remove H 2 O 2  in the antioxidant network, the reduction of CAT activity suggests that the removal of H 2 O 2  was predominantly accomplished by GPx in the placebo group. In line with the current results, TRF supplementation was also found to increase the activity of GPx without altering the activity of CAT in our previous study [ 16 ].
L44: The unaltered activity of CAT with TRF and α-TF observed in this study is seen as a positive effect because the placebo group had decreased CAT activity after six months of study. Both supplements may have helped to maintain the oxidative status of the older adults through upregulation of other antioxidants as reported earlier.
L45: According to a previous finding, premenopausal women aged 53.2 ± 5.7 years have been found to have increased oxidative stress manifested by elevated total antioxidant status [ 34 ]. The development of oxidative stress was suggested to be a consequence of reduced levels of circulating estrogens and increased abdominal and total body fat in women. Although it was not ascertained whether the female subjects in the present study were premenopausal, TRF supplementation effectively increased SOD and GPx activities in females of similar age.
L46: The discrepancy between the response to antioxidant supplementation seen between men and women in this study could be due to the difference in the level of estrogen. This hormone has been implicated as a phenolic antioxidant due to the presence of phenolic A-ring in its structure [ 35 ]. Previous researches have shown that estrogen can upregulate the expression of antioxidant enzymes and protect against the release of cytochrome c by mitochondria [ 36 , 37 ]. This hormone is known to decrease in aged women but not in aged men [ 38 ]. We postulate that the level of estrogen in the female subjects of this study could have been lower compared to men, hence their antioxidant status was more receptive and responsive to antioxidant therapy. However, further research is needed to determine the extent of the role of estrogen in the oxidative status of women compared to men in aging.
L47: Glutathione is an important constituent in the endogenous antioxidant defense system. Reduced GSH is a biological antioxidant that helps to protect the cells from reactive oxygen species such as free radicals, heavy metals, lipid peroxides and peroxides. It is the major endogenous antioxidant produced by the cells, participating directly in the neutralization of free radicals and reactive oxygen compounds, as well as maintaining exogenous antioxidants [ 39 , 40 ]. GSH is synthesized in the liver and GSH deficiency is associated with aging, cardiovascular disease, and cancer [ 41 , 42 , 43 , 44 ].
L48: GSSG is usually reduced into reduced GSH via GSSG reductase, an enzyme that uses nicotine adenine dinucleotide phosphate (NADPH) as a cofactor [ 45 ]. The increase in GSSG levels is associated with oxidative stress [ 46 , 47 ] and may contribute to many chronic degenerative diseases. High level of GSSG is also found to promote the formation of extensive disulfide mixture and deactivation of SH-dependent enzyme.
L49: The ratio of reduced GSH to GSSG levels in the blood is an indicator of cellular health. The GSH/GSSG ratio is considered very important as an index of oxidative status and guidance to a range of chronic risk to humans [ 48 , 49 ]. Decreased ratio of GSH/GSSG was proposed as a major contributing factor to some chronic diseases such as pneumonia, amyotrophic lateral sclerosis, kidney failure, malignant disorders, diabetes, high blood pressure, Parkinson’s disease, Alzheimer’s disease, and cataract formation [ 50 , 51 , 52 , 53 , 54 ].
L50: In this study, supplementation of TRF and α-TF significantly increased the ratio of GSH/GSSG after 6 months. Tocotrienol and tocopherol are known to result in noncompetitive inhibition toward the substrates (GSH and 1-chloro-2,4-dinitrobenzene) of glutathione S-transferase (GST). Conformational changes of the enzyme lead to marked reduction of GST activity [ 55 ]. The mechanistic action of TRF and α-TF towards GST together with an improved redox balance could have led to the increase of GSH and reduction of GSSG concentrations as measured in this study after six months of supplementation. Interestingly, α-TF and TRF supplementations increased the ratio of GSH/GSSG only in the female subjects. Since not many studies have compared the levels of GSH and GSSG between genders in humans, further research engaging a larger number of subjects is needed to elucidate gender-associated differences in oxidative status.
L51: 5. Conclusions
L52: TRF supplementation showed comparable effects to α-TF in modulating the activities of antioxidant enzymes and increasing the ratio of GSH/GSSG in healthy older adults. TRF seemed to improve the antioxidant levels of females more significantly compared to males. Nevertheless, a study with a bigger sample size is necessary to conclude this gender-associated disparity as this study is limited to an unequal number of males and females in every supplemented group.
L53: Figure 1 Effect of α-tocopherol (α-TF) and tocotrienol-rich fraction (TRF) supplementation on superoxide dismutase (SOD) activity for 6 months. a = statistically significant compared to 0-month TRF group,  p  < 0.05.
L54: Figure 2 Effect of α-TF and TRF supplementation between males and females on SOD activity for 6 months. a = statistically significant compared to 0-month TRF group (female),  p  < 0.05.
L55: Figure 3 Effect of α-TF and TRF supplementation on catalase (CAT) activity for 6 months. a = statistically significant compared to 0-month placebo group, b = statistically significant compared to 3 months placebo group,  p  < 0.05.
L56: Figure 4 Effect of α-TF and TRF supplementation between males and females on CAT activity for 6 months. a = statistically significant compared to 0-month placebo group (female),  p  < 0.05.
L57: Figure 5 Effect of α-TF and TRF supplementation on glutathione peroxidase (GPx) activity for 6 months. GPx activity remained unchanged throughout the study with both supplements.
L58: Figure 6 Effect of α-TF and TRF supplementation between males and females on GPx activity for 6 months. a = statistically significant compared to 0-month TRF group (female), b = statistically significant compared to 6 months TRF group (male),  p  < 0.05.
L59: Figure 7 Effect of α-TF and TRF supplementation on glutathione (GSH) concentration for 6 months. The level of GSH remained unchanged throughout the supplementation period in both groups of vitamins.
L60: Figure 8 Effect of α-TF and TRF supplementation between males and females on GSH concentration for 6 months. No differences in the level of GSH were found between genders in all supplemented groups.
L61: Figure 9 Effect of α-TF and TRF supplementation on oxidized glutathione (GSSG) concentration for 6 months. a = significantly different compared to 0-month α-TF, b = significantly different compared to 3 months α-TF, c = significantly different compared to 0 month TRF,  p  < 0.05.
L62: Figure 10 Effect of α-TF and TRF supplementation between males and females on GSSG concentration for 6 months. a = significantly different compared to 3-month α-TF (male),  p  < 0.05.
L63: Figure 11 Effect of α-TF and TRF supplementation on GSH/GSSG ratio for 6 months. a = significantly different compared to 0-month α-TF, b = significantly different compared to 0-month TRF,  p  < 0.05.
L64: Figure 12 Effect of α-TF and TRF supplementation between male and female on GSH/GSSG ratio for 6 months. b = significantly different compared to 0-month α-TF (female), c = significantly different compared to 3-month α-TF (female), d = significantly different compared to 0-month TRF (female),  p  < 0.05.
L65: 1. Ulatowski L.M. Manor D. Vitamin E and neurodegeneration Neurobiol. Dis. 2015 84 78 83 10.1016/j.nbd.2015.04.002 25913028
L66: 2. Rizvi S. Raza S.T. Ahmed F. Ahmad A. Abbas S. Mahdi F. The role of vitamin E in human health and some diseases Sultan Qaboos Univ. Med. J. 2014 14 e157 e165 24790736
L67: 3. Jiang Q. Natural forms of vitamin E: Metabolism, antioxidant and anti-inflammatory activities and the role in disease prevention and therapy Free Radic. Biol. Med. 2014 72 76 90 10.1016/j.freeradbiomed.2014.03.035 24704972
L68: 4. Comitato R. Ambra R. Virgili F. Tocotrienols: A Family of Molecules with Specific Biological Activities Antioxidants 2017 6 93 10.3390/antiox6040093 29156559
L69: 5. Board F.A.N. Medicine I.O. Dietary Reference Intakes for Vitamin C, Vitamin E, Selenium, and Carotenoids The National Academies Press Washington, DC, USA 2000
L70: 6. Jiang Q. Christen S. Shigenaga M.K. Ames B.N. Gamma-tocopherol, the major form of vitamin E in the US diet, deserves more attention Am. J. Clin. Nutr. 2001 74 714 722 10.1093/ajcn/74.6.714 11722951
L71: 7. Moya-Camarena S. Jiang Q. The Role of Vitamin E Forms in Cancer Prevention and Therapy—Studies in Human Intervention Trials and Animal Models Nutraceuticals and Cancer Sarkar F.H. Springer Dordrecht, The Netherlands 2012 323 354
L72: 8. Myung S.-K. Ju W. Cho B. Oh S.-W. Park S.M. Koo B.-K. Park B.J. Korean Meta-Analysis (KORMA) Study Group Efficacy of vitamin and antioxidant supplements in prevention of cardiovascular disease: Systematic review and meta-analysis of randomised controlled trials BMJ 2013 346 f10 10.1136/bmj.f10 23335472
L73: 9. Inokuchi H. Hirokane H. Tsuzuki T. Nakagawa K. Igarashi M. Miyazawa T. Anti-angiogenic activity of tocotrienol Biosci. Biotechnol. Biochem. 2003 67 1623 1627 10.1271/bbb.67.1623 12913317
L74: 10. Mizushina Y. Nakagawa K. Shibata A. Awata Y. Kuriyama I. Shimazaki N. Koiwai O. Uchiyama Y. Sakaguchi K. Miyazawa T. Inhibitory effect of tocotrienol on eukaryotic DNA polymerase λ and angiogenesis Biochem. Biophys. Res. Commun. 2006 339 949 955 10.1016/j.bbrc.2005.11.085 16325764
L75: 11. Nesaretnam K. Dorasamy S. Darbre P.D. Tocotrienols inhibit growth of ZR-75-1 breast cancer cells Int. J. Food Sci. Nutr. 2000 51 95 103 10.1080/096374800111121
L76: 12. Qureshi A.A. Qureshi N. Wright J. Shen Z. Kramer G. Gapor A. Chong Y.H. DeWitt G. Ong A. Peterson D.M. Lowering of serum cholesterol in hypercholesterolemic humans by tocotrienols (palmvitee) Am. J. Clin. Nutr. 1991 53 1021S 1026S 10.1093/ajcn/53.4.1021S 2012010
L77: 13. Qureshi A.A. Sami S.A. Salser W.A. Khan F.A. Dose-dependent suppression of serum cholesterol by tocotrienol-rich fraction (TRF 25) of rice bran in hypercholesterolemic humans Atherosclerosis 2002 161 199 207 10.1016/S0021-9150(01)00619-0 11882333
L78: 14. Sen C.K. Khanna S. Roy S. Packer L. Molecular basis of vitamin E action tocotrienol potently inhibits glutamate-induced pp60(c-Src) kinase activation and death of Ht4 neuronal cells J. Biol. Chem. 2000 275 13049 13055 10.1074/jbc.275.17.13049 10777609
L79: 15. Thor H. Ng T. Effects of administration of α-tocopherol and tocotrienols on serum lipids and liver HMG CoA reductase activity Int. J. Food Sci. Nutr. 2000 51 S3 S11 10.1080/096374800111118 11271854
L80: 16. Chin S.F. Ibahim J. Makpol S. Abdul Hamid N.A. Abdul Latiff A. Zakaria Z. Mazlan M. Mohd Yusof Y.A. Abdul Karim A. Wan Ngah W.Z. Tocotrienol rich fraction supplementation improved lipid profile and oxidative status in healthy older adults: A randomized controlled study Nutr. Metab. 2011 8 42 10.1186/1743-7075-8-42 21702918
L81: 17. Heng E. Karsani S. Abdul Rahman M. Abdul Hamid N. Hamid Z. Wan Ngah W. Supplementation with tocotrienol-rich fraction alters the plasma levels of Apolipoprotein A-I precursor, Apolipoprotein E precursor, and C-reactive protein precursor from young and old individuals Eur. J. Nutr. 2013 52 1811 1820 10.1007/s00394-012-0485-3 23287846
L82: 18. Jeno P. Mini T. Moes S. Hintermann E. Horst M. Internal sequences from proteins digested in polyacrylamide gels Anal. Biochem. 1995 224 75 82 10.1006/abio.1995.1010 7710119
L83: 19. Andreescu S. Hepel M. Oxidative Stress: Diagnostics, Prevention, and Therapy ACS Symposium Series ACS Publication Washington, DC, USA 2011 Volume 1083
L84: 20. Sen S. Chakraborty R. The Role of Antioxidants in Human Health Oxidative Stress: Diagnostics, Prevention, and Therapy ACS Publication Washington, DC, USA 2011 Volume 1083 1 37
L85: 21. Noctor G. Foyer C.H. Ascorbate and glutathione: Keeping active oxygen under control Annu. Rev. Plant Biol. 1998 49 249 279 10.1146/annurev.arplant.49.1.249 15012235
L86: 22. Sharma P. Jha A.B. Dubey R.S. Pessarakli M. Reactive oxygen species, oxidative damage, and antioxidative defense mechanism in plants under stressful conditions J. Bot. 2012 2012 217037 10.1155/2012/217037
L87: 23. Goon J.A. Azman N.H.E.N. Ghani S.M.A. Hamid Z. Ngah W.Z.W. Comparing palm oil tocotrienol rich fraction with a-tocopherol supplementation on oxidative stress in healthy older adults Clin. Nutr. ESPEN 2017 21 1 12 10.1016/j.clnesp.2017.07.004
L88: 24. Khor S.C. Ngah W.Z.W. Yusof Y.A.M. Karim N.A. Makpol S. Tocotrienol-Rich Fraction Ameliorates Antioxidant Defense Mechanisms and Improves Replicative Senescence-Associated Oxidative Stress in Human Myoblasts Oxid. Med. Cell. Longev. 2017 2017 3868305 10.1155/2017/3868305 28243354
L89: 25. Aliahmat N.S. Noor M.R.M. Yusof W.J.W. Makpol S. Ngah W.Z.W. Yusof Y.A.M. Antioxidant enzyme activity and malondialdehyde levels can be modulated by  Piper betle , tocotrienol rich fraction and  Chlorella vulgaris  in aging C57BL/6 mice Clinics 2012 67 1447 1454 10.6061/clinics/2012(12)16 23295600
L90: 26. Ford E.S. Ajani U.A. Mokdad A.H. Brief communication: The prevalence of high intake of vitamin E from the use of supplements among US adults Ann. Intern. Med. 2005 143 116 120 10.7326/0003-4819-143-2-200507190-00010 16027453
L91: 27. Sun Y. Ma A. Li Y. Han X. Wang Q. Liang H. Vitamin E supplementation protects erythrocyte membranes from oxidative stress in healthy Chinese middle-aged and elderly people Nutr. Res. 2012 32 328 334 10.1016/j.nutres.2012.03.012 22652371
L92: 28. Werninghaus K. Meydani M. Bhawan J. Margolis R. Blumberg J.B. Gilchrest B.A. Evaluation of the photoprotective effect of oral vitamin E supplementation Arch. Dermatol. 1994 130 1257 1261 10.1001/archderm.1994.01690100041005 7944506
L93: 29. Chin S.-F. Hamid N.A.A. Latiff A.A. Zakaria Z. Mazlan M. Yusof Y.A. Karim A.A. Ibahim J. Hamid Z. Ngah W.Z. Reduction of DNA damage in older healthy adults by Tri E ®  Tocotrienol supplementation Nutrition 2008 24 1 10 10.1016/j.nut.2007.08.006 17884341
L94: 30. Mastaloudis A. Leonard S.W. Traber M.G. Oxidative stress in athletes during extreme endurance exercise Free Radic. Biol. Med. 2001 31 911 922 10.1016/S0891-5849(01)00667-0 11585710
L95: 31. O’Byrne D. Grundy S. Packer L. Devaraj S. Baldenius K. Hoppe P.P. Kraemer K. Jialal I. Traber M.G. Studies of LDL oxidation following α-, γ-, or δ-tocotrienyl acetate supplementation of hypercholesterolemic humans Free Radic. Biol. Med. 2000 29 834 845 10.1016/S0891-5849(00)00371-3 11063909
L96: 32. Andriollo-Sanchez M. Hininger-Favier I. Meunier N. Venneria E. O’Connor J.M. Maiani G. Coudray C. Roussel A.M. Age-related oxidative stress and antioxidant parameters in middle-aged and older European subjects: The ZENITH study Eur. J. Clin. Nutr. 2005 59 S58 S62 10.1038/sj.ejcn.1602300 16254584
L97: 33. Guemouri L. Artur Y. Herbeth B. Jeandel C. Cuny G. Siest G. Biological variability of superoxide dismutase, glutathione peroxidase, and catalase in blood Clin. Chem. 1991 37 1932 1937 1934468
L98: 34. Žitňanová I. Rakovan M. Paduchová Z. Dvořáková M. Andrezálová L. Muchová J. Šimko M. Waczulíková I. Ďuračková Z. Oxidative stress in women with perimenopausal symptoms Menopause 2011 18 1249 1255 10.1097/gme.0b013e318224fa3d 21926923
L99: 35. Prokai L. Prokai-Tatrai K. Perjési P. Simpkins J.W. Mechanistic insights into the direct antioxidant effects of estrogens Drug Dev. Res. 2005 66 118 125 10.1002/ddr.20050
L100: 36. Borras C. Sastre J. Garcia-Sala D. Lloret A. Pallardo F.V. Vina J. Mitochondria from females exhibit higher antioxidant gene expression and lower oxidative damage than males Free Radic. Biol. Med. 2003 34 546 552 10.1016/S0891-5849(02)01356-4 12614843
L101: 37. Borrás C. Gambini J. López-Grueso R. Pallardó F.V. Viña J. Direct antioxidant and protective effect of estradiol on isolated mitochondria Biochem. Biophys. Acta 2010 1802 205 211 10.1016/j.bbadis.2009.09.007 19751829
L102: 38. Greenblatt R.B. Oettinger M. Bohler C.S. Estrogen-Androgen Levels in Aging Men and Women: Therapeutic Considerations J. Am. Geriatr. Soc. 1976 24 173 178 10.1111/j.1532-5415.1976.tb04294.x 1254880
L103: 39. Scholz R.W. Graham K.S. Gumpricht E. Reddy C.C. Mechanism of Interaction of Vitamin E and Glutathione in the Protection against Membrane Lipid Peroxidation Ann. N. Y. Acad. Sci. 1989 570 514 517 10.1111/j.1749-6632.1989.tb14973.x
L104: 40. Halprin K.M. Ohkawara A. The Measurement of Glutathione in Human Epidermis Using Glutathione Reductase J. Investig. Dermatol. 1967 48 149 152 10.1038/jid.1967.24 6020678
L105: 41. Codoñer-Franch P. Pons-Morales S. Boix-García L. Valls-Bellés V. Oxidant/antioxidant status in obese children compared to pediatric patients with type 1 diabetes mellitus Pediatr. Diabetes 2010 11 251 257 10.1111/j.1399-5448.2009.00565.x 19671090
L106: 42. Moskaug J.Ø. Carlsen H. Myhrstad M.C. Blomhoff R. Polyphenols and glutathione synthesis regulation Am. J. Clin. Nutr. 2005 81 277S 283S 10.1093/ajcn/81.1.277S 15640491
L107: 43. Papp L.V. Holmgren A. Khanna K.K. Selenium and selenoproteins in health and disease Antioxid. Redox Signal. 2010 12 793 795 10.1089/ars.2009.2973 19905883
L108: 44. Valko M. Leibfritz D. Moncol J. Cronin M.T. Mazur M. Telser J. Free radicals and antioxidants in normal physiological functions and human disease Int. J. Biochem. Cell Biol. 2007 39 44 84 10.1016/j.biocel.2006.07.001 16978905
L109: 45. Orlowski M. Karkowsky A. Glutathione metabolism and some possible functions of glutathione in the nervous system Int. Rev. Neurobiol. 1976 19 75 121 13046
L110: 46. Sies H. Hydroperoxides and Thiol Oxidants in the Study of Oxidative Stress in Intact Cells and Organs Oxidative Stress Academic Press London, UK 1985 73 90
L111: 47. White C.W. Mimmack R.E. Repine J.E. Accumulation of lung tissue oxidized glutathione (GSSG) as a marker of oxidant induced lung injury Chest 1986 89 111S 113S 10.1378/chest.89.3_Supplement.111S 3948571
L112: 48. Dalle-Donne I. Rossi R. Colombo R. Giustarini D. Milzani A. Biomarkers of oxidative damage in human disease Clin. Chem. 2006 52 601 623 10.1373/clinchem.2005.061408 16484333
L113: 49. Owen J.B. Butterfield D.A. Measurement of oxidized/reduced glutathione ratio Methods Mol. Biol. 2010 648 269 277 20700719
L114: 50. Bonnefont-Rousselot D. Lacomblez L. Jaudon M.-C. Lepage S. Salachas F. Bensimon G. Bizard C. Doppler V. Delattre J. Meininger V. Blood oxidative stress in amyotrophic lateral sclerosis J. Neurol. Sci. 2000 178 57 62 10.1016/S0022-510X(00)00365-8 11018250
L115: 51. Cecchi C. Latorraca S. Sorbi S. Iantomasi T. Favilli F. Vincenzini M.T. Liguri G. Gluthatione level is altered in lymphoblasts from patients with familial Alzheimer’s disease Neurosci. Lett. 1999 275 152 154 10.1016/S0304-3940(99)00751-X 10568522
L116: 52. Lang C.A. Mills B.J. Mastropaolo W. Liu M.C. Blood glutathione decreases in chronic diseases J. Lab. Clin. Med. 2000 135 402 405 10.1067/mlc.2000.105977 10811055
L117: 53. Mills B.J. Weiss M.M. Lang C.A. Liu M.C. Ziegler C. Blood glutathione and cysteine changes in cardiovascular disease J. Lab. Clin. Med. 2000 135 396 401 10.1067/mlc.2000.105976 10811054
L118: 54. Samiec P.S. Drews-Botsch C. Flagg E.W. Kurtz J.C. Sternberg P. Jr. Reed R.L. Jones D.P. Glutathione in human plasma: Decline in association with aging, age-related macular degeneration, and diabetes Free Radic. Biol. Med. 1998 24 699 704 10.1016/S0891-5849(97)00286-4 9586798
L119: 55. Van Haaften R.I.M. Haenen G.R.M.M. Evelo C.T.A. Bast A. Tocotrienols Inhibit Human Glutathione S-Transferase P1-1 IUBMB Life 2002 54 81 84 10.1080/15216540214315 12440523
L120: Acknowledgments
L121: The authors thank Zalina Hamid from Sime Darby Foods and Beverages Marketing Sdn. Bhd (previously known as Sime Darby Bioganic) for supplying the TRF, α-TF and placebo capsules used in the study.
[22ms]

