L1: Influence of combined vitamin D 3  supplementation and resistance exercise training on musculoskeletal health in older men and women (EXVITD): protocol for a randomised controlled trial
L2: BMJ Open (2020)
L3: Anneka Elizabeth Welford, Susan Lanham-New, Janet Lord, Alison Doyle, Julie Robinson, Peter Nightingale, Neil Gittoes, Carolyn A Greig
L4: 1 
L5:  School of Sports, Exericse and Rehabilitation Sciences ,  University of Birmingham ,  Birmingham ,  UK
L6: 2 
L7:  Department of Nutritional Sciences ,  University of Surrey ,  Surrey ,  UK
L8: 3 
L9:  MRC-Arthritis UK Centre for Musculoskeletal Ageing Research ,  University of Birmingham ,  Birmingham ,  West Midlands ,  UK
L10: 4 
L11:  Institute of Inflammation and Ageing ,  University of Birmingham ,  Birmingham ,  Birmingham ,  UK
L12: 5 
L13:  The Royal Osteoporosis Society ,  Bath ,  UK
L14: 6 
L15:  Move it or Lose it ,  Birmingham ,  UK
L16: 7 
L17:  Wellcome Trust Clinical Research Facility ,  Queen Elizabeth Hospital Birmingham ,  Birmingham ,  West Midlands ,  UK
L18: 8 
L19:  Centre for Endocrinology, Diabetes and Metabolism ,  Queen Elizabeth Hospital Birmingham ,  Birmingham ,  Birmingham ,  UK
L20: 9 
L21:  University Hospitals Birmingham NHS Foundation Trust & University of Birmingham ,  NIHR Birmingham Biomedical Research Centre ,  Birmingham ,  UK
L22: 10 
L23:  MRC-Versus Arthritis Centre for Musculoskeletal Ageing Research ,  MRC-Arthritis Research UK Centre for Musculoskeletal Ageing Research ,  Birmingham ,  UK
L24: Introduction
L25: Sarcopenia is a progressive loss in muscle mass, strength and function, the adverse consequences of which are severe, affecting quality of life and placing an increasing burden on social and healthcare systems. Vitamin D status is known to be associated with markers of sarcopenia, namely muscle mass, strength and function. Also, resistance exercise training (RET) is currently the only proven intervention to treat sarcopenia. However, very little data exist on the influence of combining the two interventions of vitamin D supplementation and resistance exercise training, although a recent systematic review provides tentative support for the current study’s hypothesis that the combined intervention may further improve musculoskeletal function above exercise training alone. The aim of the present study is to determine whether vitamin D 3  supplementation is any more effective in improving musculoskeletal function when combined with RET compared with exercise training alone in older adults.
L26: Methods and analysis
L27: This double-blinded randomised placebo-controlled trial will recruit a target of 127 eligible men and women aged ≥65 years living independently or in sheltered housing within the Birmingham area to two groups: (1) 6 months RET and placebo or (2) 6 months RET and 800 IU/d vitamin D 3 . Measures of muscle power (Nottingham Power Rig), body composition (dual energy X-ray absorptiometry), muscle function (short physical performance battery, timed up and go), falls and fractures as events will be assessed. Assessments will take place at baseline and postintervention, with intermittent monitoring of bone turnover, calcium and vitamin D. The primary outcome will be lower limb extensor power output. Analyses of within-group changes and between-group differences in outcome measures are planned.
L28: Ethics and dissemination
L29: The EXVITD study has ethical approval granted by the Black Country National Health Service Research Ethics Committee (14/WM/1220). Results of this trial will be submitted for publication in peer-reviewed journals and presented at conferences. The study is being conducted according to the principles of the Declaration of Helsinki.
L30: Trial registration number
L31: NCT02467153; Post-results.
L32: Geriatric Medicine; 1506; 1698
L33: vitamin D; musculoskeletal health; older adults; muscle strength; BMD; Randomised controlled trial
L34: Introduction
L35: The UK has an ageing population; life expectancy has increased rapidly in the previous two decades, with life expectancy at birth between 2010 and 2012 reaching 82.72 for females and 78.85 years for males. 1  Importantly, healthy life expectancy is not keeping pace; adults over 65 years are expected to spend approximately 7.9 years in poor health. 2  Sarcopenia refers to the age-related loss of muscle mass, strength and function. 3  Using the European Working Group on Sarcopenia in Older People criteria, the prevalence of sarcopenia has been reported to be from 1% to 33% in adults of mean age 59.2–85.8 years. The prevalence is higher in older adults in long term (eg, care home prevalence was 14%–33%) and acute care (hospital setting prevalence was 10%) settings. 4  In the face of an increasing proportion of older adults and the dramatic increase in pressure on health and social care, 5  many are likely to suffer the adverse consequences of sarcopenia, namely impaired functional ability, increased frequency of falls and fractur
[... truncated ...]

[Output too large (732632 chars). Full output saved to /.gxl/_paperclip_output_20260816_043041.txt]
[To view: cat /.gxl/_paperclip_output_20260816_043041.txt]
[147ms]

