L1: Reply: antioxidant trials—the need to test for stress
L2: Human Reproduction Open (2021)
L3: Mohan S Kamath, Mariano Mascarenhas, Treasa Joseph, Muthukumar Karthikeyan, Aleyamma T Kunjummen
L4: 1 
L5:  Department of Reproductive Medicine, Christian Medical College , Vellore, Tamilnadu, 632004,  India
L6: 2 
L7:  Glasgow Centre for Reproductive Medicine , Glasgow G51 4FD,  UK
L8: Letter to Editor; AcademicSubjects/MED00905
L9: Aitken 
L10:  RI 
L11:  . Letter: Antioxidant trials – the need to test for stress.  Hum Prod Open    2021 ; hoab007.
L12: Chohan 
L13:  KR 
L14:  , 
L15:  Griffin JT , 
L16:  Lafromboise M , 
L17:  Jonge CJD , 
L18:  Carrell DT. 
L19:   Comparison of chromatin assays for DNA fragmentation evaluation in human sperm .  J Androl    2006 ; 27 : 53 – 59 . 16400078
L20: Duffy 
L21:  JMN 
L22:  , 
L23:  AlAhwany H , 
L24:  Bhattacharya S , 
L25:  Collura B , 
L26:  Curtis C , 
L27:  Evers JLH , 
L28:  Farquharson RG , 
L29:  Franik S , 
L30:  Giudice LC , 
L31:  Khalaf Y ,  Core Outcome Measure for Infertility Trials (COMMIT) initiative    et al  
L32:   Developing a core outcome set for future infertility research: an international consensus development study .  Hum Reprod    2020 ; 35 : 2725 – 2734 . 33252685
L33: Kamath 
L34:  MS 
L35:  , 
L36:  Mascarenhas M , 
L37:  Franik S , 
L38:  Liu E , 
L39:  Sunkara SK.  
L40:   Clinical adjuncts in in vitro fertilization: a growing list .  FertilSteril    2019 ; 112 : 978 – 986 .
L41: Ni 
L42:  W 
L43:  , 
L44:  Liu K , 
L45:  Hou G , 
L46:  Pan C , 
L47:  Wu S , 
L48:  Zheng J , 
L49:  Cao J , 
L50:  Chen Q , 
L51:  Huang X.  
L52:   Diurnal variation in sperm DNA fragmentation: analysis of 11,382 semen samples from two populations and in vivo animal experiments .  ChronobiolInt    2019 ; 36 : 1455 – 1463 .
L53: Schisterman 
L54:  EF 
L55:  , 
L56:  Sjaarda LA , 
L57:  Clemons T , 
L58:  Carrell DT , 
L59:  Perkins NJ , 
L60:  Johnstone E , 
L61:  Lamb D , 
L62:  Chaney K , 
L63:  Van Voorhis BJ , 
L64:  Ryan G    et al  
L65:   Effect of folic acid and zinc supplementation in men on semen quality and live birth among couples undergoing infertility treatment: a randomized clinical trial .  JAMA    2020 ; 323 : 35 – 48 . 31910279
L66: Smits 
L67:  RM 
L68:  , 
L69:  Mackenzie-Proctor R , 
L70:  Yazdani A , 
L71:  Stankiewicz MT , 
L72:  Jordan V , 
L73:  Showell MG.  
L74:   Antioxidants for male subfertility .  Cochrane Database Syst Rev    2019 ; 3 : CD007411 . 30866036
L75: Steiner 
L76:  AZ 
L77:  , 
L78:  Hansen KR , 
L79:  Barnhart KT , 
L80:  Cedars MI , 
L81:  Legro RS , 
L82:  Diamond MP , 
L83:  Krawetz SA , 
L84:  Usadi R , 
L85:  Baker VL , 
L86:  Coward RM    et al  
L87:   The effect of antioxidants on male factor infertility: the males, antioxidants, and infertility (MOXI) randomized clinical trial .  Fertil Steril    2020 ; 113 : 552 – 560 .  e3 . 32111479
L88: Practice Committee of the American Society for Reproductive Medicine .
L89:  The clinical utility of sperm DNA integrity testing: a guideline .  Fertil Steril    2013 ; 99 : 673 – 677 23391408
[20ms]

