L1: Vitamin C and COVID-19
L2: Frontiers in Medicine (2021)
L3: Harri Hemilä, Angelique M. E. de Man
L4: 1 Department of Public Health, University of Helsinki ,  Helsinki ,  Finland
L5: 2 Department of Intensive Care Medicine, Amsterdam University Medical Centers ,  Amsterdam ,  Netherlands
L6: In numerous animal studies, vitamin C has prevented and alleviated viral and bacterial infections. In a few dozen placebo-controlled trials with humans, vitamin C has shortened infections caused by respiratory viruses, which indicates that the vitamin can also influence viral infections in humans. In critically ill patients, plasma vitamin C levels are commonly very low. Gram doses of vitamin C are needed to increase the plasma vitamin C levels of critically ill patients to the levels of ordinary healthy people. A meta-analysis of 12 trials with 1,766 patients calculated that vitamin C reduced the length of ICU stay on average by 8%. Another meta-analysis found that vitamin C shortened the duration of mechanical ventilation in ICU patients. Two randomized placebo-controlled trials found statistically significant reduction in the mortality of sepsis patients. The effects of vitamin C on acute respiratory distress syndrome (ARDS) frequently complicating COVID-19 pneumonia should be considered. Vitamin C is a safe and inexpensive essential nutrient.
L7: Medicine; Perspective; Perspective
L8: artificial respiration; ascorbic acid; coronavirus; critical care; pneumonia; respiratory distress syndrome; respiratory tract infections
L9: Introduction
L10: About 100 animal studies have shown that vitamin C can prevent and alleviate many kinds of viral and bacterial infections ( 1 ,  2 ). Because of the great diversity in the infectious agents in those studies, it is evident that the effect of vitamin C is not restricted to any specific virus or bacterium. Furthermore, in the early literature, pneumonia was reported to be common in patients suffering from vitamin C deficiency ( 3 ,  4 ), which also indicates that the vitamin can have clinically relevant effects in the protection against infections in humans. Vitamin C may improve the immune response to viral infections through the stimulation of the proliferation and function of T-lymphocytes and NK-lymphocytes, and the production of interferon ( 2 ,  5 ,  6 ).
L11: Evidence Indicating That Vitamin C Might Influence COVID-19
L12: Several of the numerous animal studies on vitamin C and infections ( 1 ,  2 ) are relevant when considering the potential role of the vitamin against the new SARS-CoV-2 coronavirus. Vitamin C increased the resistance of chick embryo tracheal organ cultures to infection caused by an avian coronavirus ( 7 ), and protected broiler chicks against an avian coronavirus ( 8 ). In addition, in septic mice with acute respiratory distress syndrome (ARDS), vitamin C administration downregulated proinflammatory genes, enhanced epithelial barrier function, and improved alveolar fluid clearance ( 9 ,  10 ). In addition, the deficiency of vitamin C increased lung pathology caused by influenza A in mice ( 11 ).
L13: A number of controlled vitamin C trials in humans are also important when considering the new coronavirus. A few dozen placebo-controlled trials with humans showed that regularly administered ≥1 g/day vitamin C shortened infections caused by respiratory viruses in adults by 8%, and in children by 18% ( 12 ). Respiratory viruses form a heterogeneous group and their distribution varies over time and location. Therefore, types of viruses have varied between the trials and it is unlikely that the benefit of vitamin C is explained by effects on just a certain respiratory virus or virus group. Because the effect of vitamin C on the diverse group of respiratory viruses seems non-specific, it seems plausible that vitamin C may also have effects on the new coronavirus.
L14: In the placebo-controlled trials on the common cold ( 12 ), the magnitude of effect of regularly administered vitamin C has not been very large and does not justify regular vitamin C supplementation in normal situations. However, the new coronavirus causes an illness that is much more severe than ordinary respiratory virus infections and frequently causes pneumonia complicated by ARDS. Therefore, even moderate benefits of an 8–18% decrease in the duration of respiratory virus infections would justify consideration of vitamin C supplementation. Moreover, in the early literature, pneumonia was described as a common complication of frank vitamin C deficiency, scurvy, and two small controlled trials indicated that vitamin C might have therapeutic benefits against pneumonia ( 3 ,  4 ).
L15: The particular concern with COVID-19, the disease caused by the novel coronavirus, is that ICU treatment is needed for a rather high proportion of patients. There is much evidence that critically ill patients have reduced plasma levels of vitamin C, which is explained by the increased depletion of the vitamin in their body so that one third of ICU patients may have as low vitamin C levels as vitamin C deficient patients ( 13 ,  14 ). In particular, a recent survey found that out of 18 COVID-19 patients, 17 had undetectable vitamin C levels and one patient had a very low level ( 15 ). Another recent study also reported low vitamin C plasma levels in COVID-19 patients, and non-survivors had half the plasma level of survivors ( 16 ). Although 0.1 g/day of vitamin C can maintain ordinary plasma levels in healthy persons ( 17 ), critically ill patients need much higher doses (2–3 g/day) to increase the plasma vitamin C levels to the ordinary range ( 13 ,  18 ). It would therefore seem reasonable to screen plasma vitamin C levels in ICU patients and administer vitamin C to those with low levels. Unfortunately, vitamin C assay with HPLC is quite expensive and therefore not usually available in daily practice, and the cheaper tests are less accurate.
L16: A meta-analysis of 12 controlled trials with 1,766 patients found that vitamin C had shortened ICU stay on average by 8% ( 13 ). Another meta-analysis of eight trials found that vitamin C shortened the duration of mechanical ventilation in patients who needed the longest ventilation ( 19 ). Furthermore, Zabet et al. ( 20 ) reported that vitamin C reduced mortality in 28 sepsis patients by 78% ( P  = 0.01; based on 2/14 vs. 9/14) and Fowler et al. ( 21 ) reported that vitamin C reduced mortality in 167 patients with sepsis and ARDS by 35% ( P  = 0.01; based on 25/84 vs. 38/83). A reanalysis of the latter trial showed that during the 4-day vitamin C administration, mortality was decreased in the vitamin C group with RR = 0.19 (95% CI 0.06–0.55) ( 22 ). During the 4-day intervention, the number needed to treat was 5.5 (95% CI 3.5–12.5), which means that one death was prevented in five to six patients by vitamin C ( 22 ).
L17: Discussion
L18: Although there is as yet no direct evidence indicating that vitamin C is beneficial specifically against COVID-19, the reported benefits of vitamin C in the ICU context suggest that it could be considered for patients. Based on the dose vs. plasma level analyses, it is unlikely that a healthy person would benefit from daily vitamin C doses over 0.5 g/day ( 17 ). However, for patients suffering from a respiratory virus infection, 6–8 g/day of oral vitamin C was significantly more effective than 3–4 g/day ( 1 ). In the recent studies with patients with sepsis ( 20 ) and with sepsis and ARDS ( 21 – 23 ), the doses of intravenous vitamin C were 7–16 g/day for 3–4 days.
L19: Vitamin C is an essential, inexpensive nutrient. Due to the severe clinical course of COVID-19 pneumonia, even moderate benefits may be worthwhile. However, the excellent safety profile of vitamin C and the necessity of ICU treatment for a high proportion of COVID-19 patients may justify consideration of clinical application of vitamin C, even before the results of large clinical trials are available ( 24 ). Vitamin C has been proposed for COVID patients also by other authors ( 25 – 27 ).
L20: Author Contributions
L21: HH and AM participated in the revision of the manuscript.
L22: Conflict of Interest
L23: The authors declare that the research was conducted in the absence of any commercial or financial relationships that could be construed as a potential conflict of interest.
L24: 1. Hemilä H 
L25:  Vitamin C and infections .  Nutrients . ( 2017 )  9 : 339 
L26:  10.3390/nu9040339
L27: 2. Hemilä H 
L28:  Do Vitamins C and E Affect Respiratory Infections ? [PhD Thesis].  Helsinki :  University of Helsinki , ( 2006 ). p.  105 - 18 . Available online at:  https://hdl.handle.net/10138/20335  (accessed December 28, 2020).
L29: 3. Hemilä H Louhiala P 
L30:  Vitamin C may affect lung infections .  J R Soc Med . ( 2007 )  100 : 495 – 8 .  10.1177/014107680710001109 18048704
L31: 4. Hemilä H Louhiala P 
L32:  Vitamin C for preventing and treating pneumonia .  Cochrane Database Syst Rev . ( 2013 )  8 : CD005532 
L33:  10.1002/14651858.CD005532.pub3
L34: 5. Manning J Mitchell B Appadurai DA Shakya A Pierce LJ Wang H .  Vitamin C promotes maturation of T-cells .  Antioxid. Redox Signal . ( 2013 )  19 : 2054 – 67 .  10.1089/ars.2012.4988 23249337
L35: 6. Carr AC Maggini S .  Vitamin C and immune function .  Nutrients . ( 2017 )  9 : 1211 .  10.3390/nu9111211 29099763
L36: 7. Atherton JG Kratzing CC Fisher A .  The effect of ascorbic acid on infection of chick-embryo ciliated tracheal organ cultures by coronavirus .  Arch Virol . ( 1978 )  56 : 195 – 9 .  10.1007/bf01317848 205194
L37: 8. Davelaar FG Bos J .  Ascorbic acid and infectious bronchitis infections in broilers .  Avian Pathol . ( 1992 )  21 : 581 – 9 .  10.1080/03079459208418879 18670976
L38: 9. Fisher BJ Seropian IM Kraskauskas D Thakkar JN Voelkel NF Fowler AA .  Ascorbic acid attenuates lipopolysaccharide-induced acute lung injury .  Crit Care Med . ( 2011 )  39 : 1454 – 60 .  10.1097/CCM.0b013e3182120cb8 21358394
L39: 10. Fisher BJ Kraskauskas D Martin EJ Farkas D Wegelin JA Brophy D .  Mechanisms of attenuation of abdominal sepsis induced acute lung injury by ascorbic acid .  Am J Physiol Lung Cell Mol Physiol . ( 2012 )  303 : L20 – 32 .  10.1152/ajplung.00300.2011 22523283
L40: 11. Li W Maeda N Beck MA .  Vitamin C deficiency increases the lung pathology of influenza virus-infected gulo-/- mice .  J Nutr . ( 2006 )  136 : 2611 – 6 .  10.1093/jn/136.10.2611 16988135
L41: 12. Hemilä H Chalker E 
L42:  Vitamin C for preventing and treating the common cold . Cochrane Database Syst Rev. ( 2013 )  31 : CD000980 
L43:  10.1002/14651858.CD000980.pub4
L44: 13. Hemilä H Chalker E .  Vitamin C can shorten the length of stay in the ICU: a meta-analysis .  Nutrients . ( 2019 )  11 : 708 .  10.3390/nu11040708 30934660
L45: 14. Carr AC Rosengrave PC Bayer S Chambers S Mehrtens J Shaw GM .  Hypovitaminosis C and vitamin C deficiency in critically ill patients despite recommended enteral and parenteral intakes .  Crit Care . ( 2017 )  21 : 300 .  10.1186/s13054-017-1891-y 29228951
L46: 15. Chiscano-Camón L Ruiz-Rodriguez JC Ruiz-Sanmartin A Roca O Ferrer R .  Vitamin C levels in patients with SARS-CoV-2-associated acute respiratory distress syndrome .  Crit Care . ( 2020 )  24 : 522 .  10.1186/s13054-020-03249-y 32847620
L47: 16. Arvinte C Singh M Marik PE .  Serum levels of vitamin C and vitamin D in a cohort of critically ill COVID-19 patients of a north American community hospital intensive care unit in may 2020. A pilot study .  Med Drug Discov.  ( 2020 )  8 : 100064 .  10.1016/j.medidd.2020.100064 32964205
L48: 17. Levine M Conry-Cantilena C Wang Y Welch RW Washko PW Dhariwal KR .  Vitamin C pharmacokinetics in healthy volunteers: evidence for a recommended dietary allowance .  Proc Natl Acad Sci USA . ( 1996 )  93 : 3704 – 9 .  10.1073/pnas.93.8.3704 8623000
L49: 18. De Grooth HJ Manubulu-Choo WP Zandvliet AS Spoelstra-de Man AME Girbes AR Swart EL .  Vitamin C pharmacokinetics in critically ill patients: a randomized trial of four iv regimens .  Chest . ( 2018 )  153 : 1368 – 77 .  10.1016/j.chest.2018.02.025 29522710
L50: 19. Hemilä H Chalker E .  Vitamin C may reduce the duration of mechanical ventilation in critically ill patients: a meta-regression analysis .  J Intensive Care . ( 2020 )  8 : 15 .  10.1186/s40560-020-0432-y 32047636
L51: 20. Zabet MH Mohammadi M Ramezani M Khalili H .  Effect of high-dose ascorbic acid on vasopressor's requirement in septic shock .  J Res Pharm Pract . ( 2016 )  5 : 94 – 100 .  10.4103/2279-042X.179569 27162802
L52: 21. Fowler AA III Truwit JD Hite RD Morris PE DeWilde C Priday A .  Effect of vitamin C infusion on organ failure and biomarkers of inflammation and vascular injury in patients with sepsis and severe acute respiratory failure: the CITRIS-ALI randomized clinical trial .  JAMA . ( 2019 )  322 : 1261 – 70 .  10.1001/jama.2019.11825 31573637
L53: 22. Hemilä H Chalker E .  Reanalysis of the effect of vitamin C on mortality in the CITRIS-ALI trial: important findings dismissed in the trial report .  Front Med . ( 2020 )  7 : 590853 .  10.3389/fmed.2020.590853 33117837
L54: 23. Marik PE Payen D .  CITRIS-ALI: how statistics were used to obfuscate the true findings .  Anaesth Crit Care Pain Med . ( 2019 )  38 : 575 – 7 .  10.1016/j.accpm.2019.10.004 31785700
L55: 24. Spoelstra-de Man AME Elbers PWG Oudemans-Van Straaten HM .  Vitamin C: should we supplement? 
L56:  Curr Opin Crit Care . ( 2018 )  24 : 248 – 55 .  10.1097/MCC.0000000000000510 29864039
L57: 25. Feyaerts AF Luyten W .  Vitamin C as prophylaxis and adjunctive medical treatment for COVID-19? 
L58:  Nutrition . ( 2020 )  79–80 : 110948 .  10.1016/j.nut.2020.110948 32911430
L59: 26. Cerullo G Negro M Parimbelli M Pecoraro M Perna S Liguori G .  The long history of vitamin C: from prevention of the common cold to potential aid in the treatment of COVID-19 .  Front Immunol . ( 2020 )  11 : 574029 .  10.3389/fimmu.2020.574029 33193359
L60: 27. Carr AC Rowe S .  The emerging role of vitamin C in the prevention and treatment of COVID-19 .  Nutrients . ( 2020 )  12 : 3286 .  10.3390/nu12113286 33121019
[25ms]

