L1: Antioxidant trials—the need to test for stress
L2: Human Reproduction Open (2021)
L3: Robert John Aitken
L4: Priority Research Centre for Reproductive Science, University of Newcastle , NSW 2308,  Australia
L5: Letter to Editor; AcademicSubjects/MED00905
L6: Conflict of interest
L7: RJA is a consultant for Memphasys Ltd, a biotechnology company specializing in sperm isolation.
L8: Aitken 
L9:  RJ. 
L10:   
L11:   Antioxidants on trial .  BMJ Open    2020a ; 10 : e035069 . https://bmjopen.bmj.com/content/10/7/e035069
L12: Aitken 
L13:  RJ. 
L14:   
L15:   So near yet so far away. Reflection .  F&S Rep    2020b ; 1 : 176 . 10.1016/j.xfre.2020.09.013
L16: Aitken 
L17:  RJ 
L18:  , 
L19:  Baker MA. 
L20:   The role of genetics and oxidative stress in the etiology of male infertility—a unifying hypothesis?    Front Endocrinol (Lausanne)    2020 ; 11 : 581838 . 33101214
L21: Aitken 
L22:  RJ 
L23:  , 
L24:  Drevet JR. 
L25:   The importance of oxidative stress in determining the functionality of mammalian spermatozoa: a two-edged sword .  Antioxidants    2020 ; 9 : 111 .
L26: Aitken 
L27:  RJ 
L28:  , 
L29:  Wingate JK , 
L30:  De Iuliis GN , 
L31:  McLaughlin EA.  
L32:   Analysis of lipid peroxidation in human spermatozoa using BODIPY C11 .  Mol Hum Reprod    2007 ; 13 : 203 – 211 . 17327268
L33: Gharagozloo 
L34:  P 
L35:  , 
L36:  Gutiérrez-Adán A , 
L37:  Champroux A , 
L38:  Noblanc A , 
L39:  Kocer A , 
L40:  Calle A , 
L41:  Pérez-Cerezales S , 
L42:  Pericuesta E , 
L43:  Polhemus A , 
L44:  Moazamian A    et al  
L45:   A novel antioxidant formulation designed to treat male infertility associated with oxidative stress: promising preclinical evidence from animal models .  Hum Reprod    2016 ; 31 : 252 – 262 . 26732620
L46: Joseph 
L47:  T 
L48:  , 
L49:  Mascarenhas M , 
L50:  Karuppusami R , 
L51:  Karthikeyan M , 
L52:  Kunjummen AT , 
L53:  Kamath MS.  
L54:   Antioxidant pretreatment for male partner before ART for male factor subfertility: a randomized controlled trial .  Hum Reprod Open    2020 ; 2020 : hoaa050 . 33225077
L55: Matorras 
L56:  R 
L57:  , 
L58:  Pérez-Sanz J , 
L59:  Corcóstegui B , 
L60:  Pérez-Ruiz I , 
L61:  Malaina I , 
L62:  Quevedo S , 
L63:  Aspichueta F , 
L64:  Crisol L , 
L65:  Martinez-Indart L , 
L66:  Prieto B    et al  
L67:   Effect of vitamin E administered to men in infertile couples on sperm and assisted reproduction outcomes: a double-blind randomized study .  F&S Rep    2020 ; 1 : 219 – 226 .
L68: Moazamian 
L69:  R 
L70:  , 
L71:  Polhemus A , 
L72:  Connaughton H , 
L73:  Fraser B , 
L74:  Whiting S , 
L75:  Gharagozloo P , 
L76:  Aitken RJ.  
L77:   Oxidative stress and human spermatozoa: diagnostic and functional significance of aldehydes generated as a result of lipid peroxidation .  Mol Hum Reprod    2015 ; 21 : 502 – 515 . 25837702
L78: Nakamura 
L79:  H 
L80:  , 
L81:  Kimura T , 
L82:  Nakajima A , 
L83:  Shimoya K , 
L84:  Takemura M , 
L85:  Hashimoto K , 
L86:  Isaka S , 
L87:  Azuma C , 
L88:  Koyama M , 
L89:  Murata Y.  
L90:   Detection of oxidative stress in seminal plasma and fractionated sperm from subfertile male patients .  Eur J Obstet Gynecol Reprod Biol    2002 ; 105 : 155 – 160 . 12381479
L91: Schisterman 
L92:  EF 
L93:  , 
L94:  Sjaarda LA , 
L95:  Clemons T , 
L96:  Carrell DT , 
L97:  Perkins NJ , 
L98:  Johnstone E , 
L99:  Lamb D , 
L100:  Chaney K , 
L101:  Van Voorhis BJ , 
L102:  Ryan G    et al  
L103:   Effect of folic acid and zinc supplementation in men on semen quality and live birth among couples undergoing infertility treatment: a randomized clinical trial .  Jama    2020 ; 323 : 35 – 48 . 31910279
L104: Steiner 
L105:  AZ 
L106:  , 
L107:  Hansen KR , 
L108:  Barnhart KT , 
L109:  Cedars MI , 
L110:  Legro RS , 
L111:  Diamond MP , 
L112:  Krawetz SA , 
L113:  Usadi R , 
L114:  Baker VL , 
L115:  Coward RM    et al  
L116:   The effect of antioxidants on male factor infertility: the males, antioxidants, and infertility (MOXI) randomized clinical trial .  FertilSteril    2020 ; 113 : 552 – 560 .  e3 .
L117: Tremellen 
L118:  K. 
L119:   
L120:   Oxidative stress and male infertility–a clinical perspective . Hum Reprod Update    2008 ; 14 : 243 – 258 . 18281241
L121: Vorilhon 
L122:  S 
L123:  , 
L124:  Brugnon F , 
L125:  Kocer A , 
L126:  Dollet S , 
L127:  Bourgne C , 
L128:  Berger M , 
L129:  Janny L , 
L130:  Pereira B , 
L131:  Aitken RJ , 
L132:  Moazamian A    et al  
L133:   Accuracy of human sperm DNA oxidation quantification and threshold determination using an 8-OHdG immuno-detection assay .  Hum Reprod    2018 ; 33 : 553 – 562 . 29579272
[20ms]

