L1: Effect of Vitamin E Supplementation on Deposition and Gene Expression Profiling of Abdominal Fat in Broiler Chickens
L2: The Journal of Poultry Science (2021)
L3: Min Zhang, Jianlei Li, Yuting Zhu, Qiong Wu, Yan Li, Dingrui Huang, Zhending Gan, Lipeng Zhong, Jingyu Huang, Hongyi Li, Weihua Xu, Mao Zhang, Qichun Hung, Yanfa Sun
L4: 1 
L5:  College of Life Science, Longyan University ,  Longyan, Fujian 364012 ,  China
L6: 2 
L7:  Fujian Provincial Key Laboratory for the Prevention and Control of Animal Infectious Diseases and Biotechnology ,  Longyan, Fujian 364012 ,  China
L8: 3 
L9:  Key Laboratory of Preventive Veterinary Medicine and Biotechnology (Longyan University) ,  Longyan, Fujian 364012 ,  China
L10: The aim of this study was to study the regulation of abdominal fat deposition by DL- α -tocopherol acetate (vitamin E) in broilers. Diets supplemented with 50 IU vitamin E significantly diminished abdominal fat deposition in broilers at day 35. Transcriptome sequencing results for abdominal fat tissues of the control (FC) and 50 IU vitamin E-supplemented (FT) groups identified 602 differentially expressed genes (DEGs), which were enriched in cellular process, cell and cell part, and binding Gene Ontology terms. Pathway functional analysis revealed that the DEGs were enriched in 42 metabolic pathways. Notably, the most enriched pathway, fatty acid biosynthesis, was found to play a key role in lipid metabolism. Further, the key regulators of lipid metabolism, including fatty acid synthase, acetyl-CoA carboxylase alpha, and acyl-CoA synthetase long-chain family member 1, demonstrated decreased expression following vitamin E supplementation. Herein, we have identified pathways and genes regulated by vitamin E, thereby providing novel insights into the nutrients regulating abdominal fat deposition in broilers.
L11: Full Papers
L12: abdominal fat deposition; broiler; gene expression; RNA-seq; vitamin E
L13: Introduction
L14: Vitamin E is an essential micronutrient for humans and animals. There are eight fat-soluble vitamin E compounds ( α -,  β -,  γ -, and  δ -tocopherol and  α -,  β -,  γ -, and  δ -tocotrienol), with  α -tocopherol being one of the most active forms ( Gonzalez-Calvo  et al. , 2017 ). Human and animal diets are commonly fortified with  α -tocopherol to meet basal nutritional requirements. Vitamin E plays vital roles in physiological processes, such as fertility, oxidative homeostasis, signal transduction, and gene regulation, and in diseases, such as non-alcoholic fatty liver. Clinical insights regarding the roles of vitamin E have been previously summarized ( Galli  et al. , 2017 ). Recently, the role of vitamin E and its metabolites in regulating cell signaling and gene transcription have received increased attention ( Azzi,  et al. , 2018 ). Moreover, the role of vitamin E in regulating lipid metabolism and abdominal fat deposition has also been investigated ( Sun  et al. , 2015 ). Studies have shown that vitamin E supplementation can prevent human lipid metabolism-related diseases, such as non-alcoholic fatty liver ( Oliveira  et al. , 2003 ;  Sato  et al. , 2015 ) and diabetes ( Yan  et al. , 2017 ;  Alkholy  et al. , 2018 ), and improve insulin sensitivity in these patients ( Gray  et al. , 2011 ). In animals, dietary vitamin E increased the levels of certain polyunsaturated fatty acids in muscle tissue, which led to a higher percentage of these molecules in long-term frozen contained meat ( Ferrinho  et al. , 2018 ). Dietary vitamin E has also been shown to prevent diet-induced lipid accumulation in the liver of guinea pigs ( Podszun  et al. , 2014 ). Moreover, dietary vitamin E supplementation decreased the amount of abdominal fat in broiler chickens ( Li  et al. , 2009 ;  Zaboli  et al. , 2013 ) and the same results were found under conditions of heat stress (Habibian  et al. , 2014).
L15: The regulatory roles of vitamin E on lipid metabolism may involve inhibition of adipose cell conversion by regulating signaling pathways and modulating gene transcription. A previous study showed that vitamin E inhibited the adipose conversion of 3T3-L1 cells at micromolar levels ( Kawada  et al. , 1900 ). Further studies indicated that vitamin E induced adiponectin expression in rat adipose tissues and 3T3-L1 cells via a peroxisome proliferator-activated receptor  γ -dependent mechanism ( Landrier  et al. , 2009 ). Adiponectin is important in lipid metabolism because it promotes adipocyte differentiation, insulin sensitivity, and lipid accumulation ( Fu  et al. , 2005 ).
L16: Vitamin E can also affect fat deposition by regulating the expression of genes involved in lipid metabolism, such as those involved in lipogenesis, lipolysis, and transport. In broilers, 200 mg/kg dietary vitamin E supplementation increases  PPAR-β  and  H-FABP  expression in the pectoralis ( Li  et al. , 2009 ). In light lambs, short-term  α -tocopherol treatment affected  ABCA1, LPL, APOE , and  SREBP1  expression in the L. thoracis (LT) muscle and  ABCA1, SCARB1, LPL , and  PPARG  in subcutaneous fat (SF) cells; in contrast,  PPARA  expression was upregulated, but only after long-term  α -tocopherol treatment ( Gonzalez-Calvo  et al. , 2014 ). A study that compared the gene expression profiles of lambs that received vitamin E (500 mg/kg DL- α -tocopheryl acetate) and controls found that vitamin E supplementation dramatically affected the gene expression profile of SF cells; there was a general upregulation of significant genes compared to the control animals. Vitamin E supplementation caused a downregulation of genes related to intracellular signaling in the LT. Functional analysis of SF cells showed that vitamin E supplementation resulted in an upregulation of lipid, cholesterol, sterol, and steroid biosynthesis genes, and a downregulation of stress response genes ( Gonzalez-Calvo  et al. , 2017 ). However, there have been few studies on the role of vitamin E in abdominal fat. Moreover, the regulatory mechanisms of vitamin E on lipid metabolism are incompletely understood.
L17: In the chicken industry, broilers grown for meat have a fast growth rate; however, they often have excessive deposits of body fat, especially abdominal fat ( Zaboli  et al. , 2013 ;  Huang  et al. , 2015 ). Abdominal fat is highly correlated with total carcass lipids and is used as the main criterion for assessing excess fat deposition in broilers ( Chambers  et al. , 2009 ). Dietary vitamin E ( α -tocopherol acetate) supplementation has been shown to significantly decrease abdominal fat content ( Li  et al. , 2009 ;  Zaboli  et al. , 2013 ). Thus, chickens are an ideal model organism for studying abdominal obesity; therefore, we investigated the key genes and metabolic pathways associated with reduced abdominal fat deposits in broilers fed on a diet supplemented with dl- α -tocopherol acetate using RNA sequencing (RNA-seq) to identify pathways that could be targeted to prevent obesity in humans.
L18: Materials and Methods
L19: Animals, Experimental Design, and Diets
L20: This study was conducted in accordance with the Guidelines for Experimental Animals established by the Ministry of Science and Technology (Beijing, China). A total of 240 1-day-old healthy female chicks, which had no significant differences in birth weight between each treatment (42.35±1.92 g,  P >0.05), were randomly allocated into five dietary treatments. Each treatment had six replicates and each replicate had eight chicks. The two period (0–21 days and 22–35 days) corn/soybean meal basal diet was provided. The basal diet composition is shown in  Table 1 . The vitamin E ( α -tocopherol) concentrations in the diet were measured as previously described ( Li  et al. , 2009 ). The diet contained 82.4 and 90.1 IU vitamin E in the 0–21 day and 22–35 day periods, respectively. Chickens from the five treatment groups were fed on a basal diet supplemented with 0, 20, 50, 75, and 100 IU dietary DL- α -tocopheryl acetate (vitamin E, 1 mg DL- α -tocopheryl acetate=1 IU alpha-tocopherol, Xinchang Hebao Biotechnology Co. Ltd, Xinchang, China) over the 35-d trial period. All broilers were raised in stair-step cages with  ad libitum  access to feed and fresh water under the recommended environmental settings according to the normal management practices at the Animal Feeding Room of Longyan University. Broilers were conventionally vaccinated for Marek's disease at birth, Newcastle disease and infectious bronchitis at days 7 and 21, and infectious bursal disease at day 14.
L21: Table 1. Ingredients and chemical composition of basal diets for broilers 1
L22: Samples and Measurements
L23: At the end of each trial period, all broilers were weighed after fasting for 12 h. One broiler from each replicate was randomly selected, weighed and killed by stunning and ex-sanguination after 12 h of fasting. The abdominal fat was weighed as previously described ( Li  et al. , 2009 ;  Sun  et al. , 2013 ), and samples were stored at −20°C or in liquid nitrogen until further use. Because there were greater abdominal fat weight (AFW) differences between the 50 IU vitamin E group and controls, three abdominal fat tissue samples from the control group (FC) and three from 50 IU vitamin E treatment group (FT) were used for further study.
L24: Before euthanasia, blood was collected from the brachial vein of one broiler from each replicate by venipuncture, and the sera of these broilers were separated by centrifugation at 2,000 rpm for 5 min at 25°C and frozen at −80°C. Serum  α -tocopherol levels were measured using assay kits purchased from Nanjing Jiancheng Bioengineering Institute (Nanjing, China) according to the manufacturer's instructions.
L25: mRNA Library Construction and Sequencing
L26: Total RNA was isolated from abdominal fat tissue using the RNAsimple Total RNA kit (Tiangen Biotech Inc., Beijing, China) in accordance with the manufacturer's instructions. RNA integrity and concentrations were evaluated using an Agilent 2100 Bio-analyzer (Agilent Technologies, Palo Alto, CA, USA), and the RNA was treated with Ambion DNase I (Life Technologies Inc., Carlsbad, CA, USA) following the manufacturer's instructions. The average RNA integrity number (RIN) of each sample was 9.1, indicating sufficient quality for transcriptome sequencing. The mRNA was enriched from total RNA samples using oligo (DT) magnetic beads (Invitrogen, Carlsbad, CA, USA). Purified mRNA was first fragmented using an RNA fragmentation kit (Ambion, Austin, TX, USA), and then first-strand cDNA was synthesized. Subsequently, second-strand cDNAs were synthesized according to the manufacturer's instructions. The cDNA library was assessed on the Agilent 2100 Bioanalyzer and the ABI Step One Plus Real-Time PCR System. Final cDNA libraries were sequenced using the Illumina HiSeq 2500 system.
L27: RNA-seq Data Processing and Analysis
L28: Raw reads of each sample were obtained by Illumina sequencing. Clean reads omitted the low-quality reads and reads with adaptors and unknown bases using SOAPnuke v1.5.2 ( Chen  et al. , 2018 ). Clean reads were mapped to the chicken reference genome using HISAT2 v2.0.4 ( Kim  et al. , 2015 ). The mapping rate of the genes was statistically accurate, suggesting clean reads mapped to the chicken reference genome using Bowtie2 v2.2.5 ( Langmead  et al. , 2012 ); expression levels were calculated by RSEM v1.2.12 ( Li  et al. , 2011 ). A heatmap of all expressed genes was created in R v3.4.3 using the pheatmap package. Differentially expressed genes (DEGs) between the FC and the FT groups were identified using the DESeq2 method ( Love  et al. , 2014 ). Genes with an absolute value of log2 (FT/FC) fold change ≥ 2.00 and an adjusted  P -value ≤ 0.05 were considered to be DEGs in this study.
L29: Gene Ontology (GO) and Kyoto Encyclopedia of Genes and Genomes (KEGG)pathway Analysis
L30: GO analysis for DEGs between the FC and FT groups was performed using Blast2GO, a software package that retrieves GO terms ( Götz  et al. , 2008 ). The significance level of the GO terms was set as false discovery rate-adjusted  P -values ≤ 0.05. The KEGG ontology (KO) enrichment analyses for the DEGs were performed to further elucidate their biological functions. In all tests,  P -values were calculated using the Benjamini and Hochberg FDR correction test and  P -values ≤ 0.05 were considered to be statistically significant.
L31: Validation of RNA-seq Results using Quantitative Realtime PCR (qPCR)
L32: To validate the repeatability and reproducibility of the gene expression data, quantitative real-time PCR (qPCR) of nine selected DEGs was performed.  β -actin was used as a reference gene. All primer sequences were designed using Primer Premier 5 software (Premier Biosoft, Palo Alto, CA, USA). Total RNA was isolated from abdominal fat tissue with the RNAsimple Total RNA kit (Tiangen Biotech, Beijing, China). First-strand cDNA was synthesized from 2  µ g total RNA using the Reverse Transcription Kit (Promega, Beijing, China). Power SYBR ®Green  PCR Master Mix (Applied Biosystems) was used to analyze mRNA levels of selected genes. Next, qPCRs were performed on an ABI 7500 Real-time Detection System (Applied Biosystems). Amplification was performed in a total volume of 20  µ L containing 10  µ L of 2 ×PCR Master Mix, 100 ng cDNA, 0.5  µ L of each primer (10  µ mol), and 8.0  µ L ddH2O. To ensure similar PCR efficiencies (close to 100%) between target genes and the reference gene ( β -actin), primer and cDNA concentrations were optimized as needed. The following PCR conditions were used: 95°C for 10 mins, followed by 40 cycles of 95°C for 15 s, 60°C for 20 s and 72°C for 32 s. To determine fold changes in gene expression, the comparative CT method was used ( Livak  et al. , 2001 ), calculated as 2 -Liva . The results are expressed as the mean fold change in gene expression from triplicate analyses.
L33: Statistical Analysis
L34: The statistical analysis of growth performance, carcass performance, and serum  α -tocopherol concentrations between the treatments were performed with one-way analysis of variance (ANOVA) using SPSS, version 19.0 (IBM, Armonk, NY, USA), and the results are expressed as mean and pooled square estimated margin (SEM). Differences were tested at levels of significance of 0.05 and 0.01 with the least significant difference (LSD) multiple comparisons method. Statistical analyses of gene expression levels between the FC and FT groups were performed with independent-sample T test using SPSS v19.0. Differences were tested at a level of significance of 0.05 with the t statistic.
L35: Results
L36: Growth Performance, Fat Deposition, and Serum Vitamin E Content
L37: For the growth performance, only F/G was significantly increased after 5 weeks of 25 IU vitamin E treatment compared to the control ( P <0.05;  Table 2 ). Abdominal fat deposition was significantly decreased after 5 weeks of 25 or 50 IU vitamin E treatment compared to the control ( P <0.05;  Fig. 1  and Table S1). Serum  α -tocopherol levels were significantly higher in broilers that received vitamin E supplementation compared to the controls ( P <0.05;  Table 3 ).
L38: Table 2. Effect of dietary vitamin E levels on growth performance in broilers 1
L39: Fig. 1. Effect of dietary vitamin E supplementation on abdominal fat deposition in broilers.
L40: Table 3. Effect of dietary vitamin E levels on serum vitamin E contents in broilers 1
L41: Mapping and Counting Reads
L42: Approximately 44 Mb clean reads for each sample, with the percentages of mapped reads ranging from 73.10% to 76.53%, were obtained after raw data quality control. There were similar clean reads and percentages of mapped reads in the FC and FT groups ( Table 4 ). The total number of genes and transcripts in the six abdominal fat samples ranged from 15600∼16224 and 30200∼33997, respectively ( Table 5  and Table S2). The total gene number and known gene number in the FC group were greater than in the FT group ( P <0.05), but the total transcript number between the FC and FT groups were not significantly different ( P >0.05). Sequence data that support the findings of this study have been deposited in the NCBI Gene Expression Omnibus (GEO) data repository under the primary accession code, GSE113170.
L43: Table 4. Number of reads obtained and percentage of mapped reads per sample
L44: Table 5. The number of genes and transcripts per sample
L45: Analysis of DEGs
L46: A total of 602 DEGs were identified between the FC and FT groups (Table S3). Compared to the FC group, there were 126 upregulated genes and 476 downregulated genes in the FT group ( Fig. 2  and Table S3). Cluster analysis between biological replicates showed that the samples formed two distinct groups, FC and FT, and indicated that the DEGs were very highly reproducible in replicate samples ( Fig. 3 ).
L47: Fig. 2. Gene expression between the FC and FT groups.  Compared with the FC group, there were 126 upregulated genes and 476 downregulated genes in the FT group.
L48: Fig. 3. Gene Ontology (GO) analysis results for differentially expressed genes (DEGs) in the FC and FT groups.  GO analysis was performed for the up- and downregulated DEGs to identify differences in gene expression in the vitamin E group that could regulate abdominal fat deposition. The DEGs were found in three ontologies with 50 GO terms, including biological process, cellular component, and molecular function.
L49: Functional Enrichment Analysis of the Identified DEGs
L50: GO analysis was performed for the up- and downregulated DEGs to identify differences in gene expression in the vitamin E group that could regulate abdominal fat deposition. DEGs were found in three ontologies with 50 GO terms, including biological process, cellular component, and molecular function ( Fig. 4  and Table S4). The functions of most DEGs were cellular processes, single-cell organism processes, and cell-cell adhesion.
L51: Fig. 4. Heatmap of hierarchical clustering of differentially expressed genes (DEGs).  X axis represents the comparisons for clustering analysis; Y axis represents the DEGs. Colors indicate log2-transformed fold change (high: red; low: blue).
L52: Following pathway function analysis of the DEGs, a total of 42 signaling pathways were identified ( P <0.05; Table S5). The DEGs were mainly enriched for metabolism, organismal systems, environmental information processing, human diseases, and cellular processes. The 11 lipid metabolism-related pathways with 83 DEGs are shown in  Table 6 . Among these metabolic pathways, fatty acid biosynthesis and glycerolipid metabolism are vital lipid metabolism pathways for lipogenesis; insulin resistance, and insulin signaling and have important roles in lipid metabolism. Some of the DEGs in the lipid metabolism-related pathways were important regulated-genes, such as, fatty acid synthase ( FASN ), acetyl-CoA carboxylase alpha ( ACACA ), and cAMP responsive element binding protein 5 ( CREB5 ).
L53: Table 6. Lipid metabolism-related pathways represented by DEGs
L54: qPCR Validation of RNA-seq Data
L55: Nine DEGs in the lipid metabolism-related pathways were selected to validate the RNA-seq results by qPCR. All primer sequences are listed in Table S6. All of the selected genes ( FASN, ACACA, ACSL1, LOC100858678, FOS, FGFR3, MAP3K1, ATP2A3 , and  LPIN1 ) showed results consistent with the RNA-seq analysis ( Table 7 ). Thus, our qPCR data confirmed the RNA-seq results, at least for the eight selected lipid metabolism genes.
L56: Table 7. Verification of RNA-seq data in abdominal fat from the control and vitamin E-supplemented groups
L57: Discussion
L58: Obesity causes adverse health outcomes in humans, and similar problems exist in chickens ( Jin  et al. , 2017 ). Excessive abdominal fat accumulates in chickens, making them an ideal model organism for studying obesity-associated metabolic changes. Adipose tissue not only maintains energy balance, but also functions as a crucial endocrine organ that controls lipid metabolism ( Jin  et al. , 2017 ). Female broilers were used in this study because they accumulate more fat than their male counterparts and they continuously deposit abdominal fat after hatching ( Bai  et al. , 2015 ). Previously, several studies have used transcriptional analyses of abdominal fat from chickens to determine active signaling pathways and divergent gene expression for different trial objectives ( Duan  et al. , 2013 ;  Resnyk  et al. , 2015 ;  Resnyk  et al. , 2017 ;  Zhuo  et al. , 2015 ). Such studies have shown that vitamin E can modulate gene expression. Among the eight fat-soluble vitamin E compounds,  α -tocopherol is the most bioactive ( Sun  et al. , 2015 ), and DL- α -tocopherol acetate is commonly used as a source of vitamin E in the diets of broilers. The aim of this study was to use RNA-seq to reveal key metabolic pathways and genes that regulate abdominal fat deposition in broilers that were fed a diet supplemented with DL- α -tocopherol acetate in an effort to provide a global reference that could be used to prevent excessive obesity in broilers.
L59: A meta-analysis indicated that there was no relationship between dietary vitamin E supplementation and growth performance in broilers ( Pompeu  et al. , 2018 ), which was consistent with the findings of our study. Another study showed that vitamin E supplementation tended to improve growth and feed utilization during the first 0–3 weeks, while performance from 0–5 weeks was not influenced ( Guo  et al. , 2001 ), possibly because responses to continuous vitamin E feeding are influenced by genetic stock, age, duration of feeding, and measurement criteria ( Siegel  et al. , 2001 ). Vitamin E supplementation has consistently been shown to reduce the abdominal fat content in broilers ( Li  et al. , 2009 ;  Zaboli  et al. , 2013 ), which is consistent with the findings of this study. Because the effect of vitamin E needs to be accumulated, the abdominal fat deposition of broilers decreased until the fifth week.
L60: Through RNA-seq analysis, we identified 11 lipid metabolism-related pathways that were regulated by vitamin E and themselves could regulate abdominal fat deposition in broilers. We found two particularly noteworthy lipid metabolism pathways, fatty acid biosynthesis and glycerolipid metabolism, which have been proven to have essential functions in lipogenesis and lipolysis. We identified four genes in the fatty acid biosynthesis pathway that were downregulated following vitamin E treatment:  FASN, ACACA, ACSL1,  and  LOC100858678 .  FASN  and  ACACA  are also in the insulin signaling pathway, and their protein products are the rate-limiting steps in  de novo  fatty acid synthesis. FASN is a multifunctional enzyme, that primarily catalyzes  de novo  saturated fatty acid synthesis and regulates lipid metabolism ( Wakil  et al. , 1989 ;  Niranjan  et al. , 2016 ). In chickens, an association study of two single nucleotide polymorphisms (SNPs) of  FASN  and abdominal fat traits was performed using an F2-designed resource population, and the results indicated that individuals with the BB genotype had a higher fat deposition capacity than other SNPs in the Hae III site; when heterozygotes of the two genotypes were tested, individuals with a BC/GG genotype had the highest fat deposition capacity ( Ouyang  et al. , 2007 ). Through comparative genomic approaches, important candidate lipid metabolism related genes were identified, including  FASN  ( Bakhtiarizadeh  et al. , 2013 ).  ACACA  encodes acetyl-coenzyme A carboxylase, which catalyzes the carboxylation of acetyl-CoA to form malonyl-CoA and is the rate limiting and committed step of  de novo  fatty acid biosynthesis ( Calvo  et al. , 2000 ). Using a combination of transcriptomics and metabolomics, a previous study found that  ACACA  was downregulated in the adipose tissue of chickens during fasting compared to fed controls ( Ji  et al. , 2012 ). A transcriptional analysis of abdominal fat from genetically fat and lean chickens also found that  ACACA  was downregulated in lean chickens ( Resnyk  et al. , 2013 ). The epistatic effect between  ACACA  and  FABP2  affected the phenotypic variation of abdominal fat content in broilers ( Hu  et al. , 2010 ). Acyl-CoA synthetase long-chain family member 1 ( ACSL1 ) encodes long-chain fatty acid- CoA ligase 1, which was downregulated in this study. Another previous study showed that microRNA gga-miR19b-3p contributed to the increased accumulation of abdominal fat in Beijing-You chickens by downregulating  ACSL1  ( Huang  et al. , 2015 ). These inconsistent results may be due to the different breeds of chickens used in the two studies. Seven glycerolipid metabolism-associated genes, including  PNPLA3, LPIN1, EFCAB4B, PPAP2A, LIPC, FAM126B,  and  LOC107049382  were identified in this study. This pathway was also identified in abdominal fat tissue between fast and slow growing chickens ( Claire  et al. , 2014 ). Based on this and previous studies, the fatty acid biosynthesis pathway could be a key vitamin E-regulated pathway that controls abdominal fat metabolism in broilers; and  FASN  and  ACACA  may be key vitamin E-regulated genes that also affect this process.
L61: Insulin and insulin resistance are well-known lipid metabolism-related pathways that play important roles in lipid metabolism and obesity resistance ( Saltiel  et al. , 2001 ;  Kahn  et al. , 2006 ). A previous study that analyzed lncRNA and mRNA expression by RNA-seq showed that mTOR and MAPK signaling were active in chicken abdominal preadipocytes at different stages of differentiation ( Zhang  et al. , 2017 ). Both signaling pathways play essential roles in preadipocyte differentiation and were also identified in this study. Other signaling pathways, including apelin signaling, thyroid hormone, calcium, estrogen, and phospholipase D also play important roles in lipid metabolism, and require further study with regards to their effects on abdominal fat metabolism in broilers.
L62: In conclusion, we found that vitamin E inhibits abdominal fat deposition in broilers through the fatty acid biosynthesis pathway and we identified key genes that regulate lipid metabolism. It is worth mentioning that the genes encoding the rate-limiting steps of  de novo  fatty acid synthesis,  FASN  and  ACACA , showed decreased expression in abdominal fat tissue following vitamin E supplementation. In practice, dietary vitamin E supplementation is insufficient for boiler chickens, and may lead to more abdominal fat accumulation through regulated genes, especially  FASN  and  ACACA . Herein, we identified the pathways and genes regulated by vitamin E, thereby providing new insights into vitamin E regulation of abdominal fat deposition in broilers.
L63: Conflicts of Interest
L64: The authors declare no conflict of interest.
L65: Alkholy UM Abdalmonem N Zaki A Elkoumi MA Hashim MIA Basset MAA Salah HE 
L66:  The antioxidant status of coenzyme Q10 and vitamin E in children with type 1 diabetes .  J Pediatr (Rio J) .  95 :  224 - 230 .  2018 . 29425798
L67: Azzi A 
L68:  Many tocopherols, one vitamin E. ,  Molecular Aspects of Medicine 
L69:  61 :  92 - 103 .  2018 . 28624327
L70: Bai S Wang G Zhang W Zhang S Rice BB Cline MA Gilbert ER 
L71:  Broiler chicken adipose tissue dynamics during the first two weeks post-hatch .  Comparative Biochemistry and Physiology - Part A: Molecular & Integrative Physiology ,  189 :  115 - 123 .  2015 .
L72: Bakhtiarizadeh MR Moradi-Shahrbabak M Ebrahimie E 
L73:  Underlying functional genomics of fat deposition in adipose tissue .  Gene ,  521 :  122 - 128 .  2013 . 23523858
L74: Calvo JH Lopez-Corrales NL Anderson SI Skinner TM Marcos S Osta R Archibald AL Zaragoza P 
L75:  Assignment of acetylcoenzyme A carboxylase alpha (ACACA) to pig chromosome 12 (12p13 -> p12) by fluorescence in situ hybridization and confirmation by genetic mapping .  Cytogenetics and Cell Genetics ,  90 :  238 - 239 .  2000 . 11124523
L76: Chambers JR 
L77:  Genetics of growth and meat production in chickens .  Beilstein Journal of Organic Chemistry ,  5 :  584 - 584 .  2009 .
L78: Chen Y Chen Y Shi C Huang Z Zhang Y Li S Li Y Ye J Yu C Li Z 
L79:  SOAPnuke: a MapReduce acceleration-supported software for integrated quality control and preprocessing of high-throughput sequencing data .  Gigascience ,  7 : gix120 
L80:  2018 .
L81: Claire DAH Paul W Shen X Jia X Zhang R Sun L Zhang X 
L82:  Identification and characterization of genes that control fat deposition in chickens .  Journal of Animal Science and Biotechnology ,  4 :  22 - 37 .  2014 .
L83: Duan J Shao F Shao Y Li J Ling Y Teng K Li H Wu C 
L84:  Androgen inhibits abdominal fat accumulation and negatively regulates the PCK1 gene in male chickens .  PLoS One ,  8 :  e59636 
L85:  2013 . 23544081
L86: Ferrinho AM Nassu RT Aldai N Bravo-Lamas L Furlan MLN Toda BM Utembergue BL Rezende RG Mueller LF Furlan JJM Zanata M Baldi F Pereira ASC 
L87:  Whole cottonseed, vitamin E and finishing period affect the fatty acid profile and sensory traits of meat products from Nellore cattle .  Meat Science ,  138 :  15 - 22 .  2018 . 29289714
L88: Fu Y Luo N Klein RL Garvey WT 
L89:  Adiponectin promotes adipocyte differentiation, insulin sensitivity, and lipid accumulation .  Journal of Lipid Research ,  46 :  1369 - 1379 .  2005 . 15834118
L90: Galli F Azzi A Birringer M Cook-Mills JM Eggersdorfer M Frank J Cruciani G Lorkowski S Ozer NK 
L91:  Vitamin E: Emerging aspects and new directions .  Free Radical Biology and Medicine ,  102 :  16 - 36 .  2017 . 27816611
L92: Gonzalez-Calvo L Dervishi E Joy M Sarto P Martin-Hernandez R Serrano M Ordovas JM Calvo JH 
L93:  Genome-wide expression profiling in muscle and subcutaneous fat of lambs in response to the intake of concentrate supplemented with vitamin E .  BMC Genomics ,  18 :  92 
L94:  2017 . 28095783
L95: Gonzalez-Calvo L Joy M Alberti C Ripoll G Molino F Serrano M Calvo JH 
L96:  Effect of finishing period length with alpha-tocopherol supplementation on the expression of vitamin E-related genes in the muscle and subcutaneous fat of light lambs .  Gene ,  552 :  225 - 233 .  2014 . 25241385
L97: Götz S Garcíagómez JM Terol J Williams TD Nagaraj SH Nueda MJ Robles M Talón M Dopazo J Conesa A 
L98:  High-throughput functional annotation and data mining with the Blast2GO suite .  Nucleic Acids Research ,  36 :  3420 - 3435 .  2008 . 18445632
L99: Gray B Swick J Ronnenberg AG 
L100:  Vitamin E and adiponectin: proposed mechanism for vitamin E-induced improvement in insulin sensitivity .  Nutrition Reviews ,  69 :  155 - 161 .  2011 . 21348879
L101: Guo YM Tang Q Yuan JM Jiang ZR 
L102:  Effects of supplementation with vitamin E on the performance and the tissue peroxidation of broiler chicks and the stability of thigh meat against oxidative deterioration .  Animal Feed Science and Technology ,  89 :  165 - 173 .  2001 .
L103: Habibian M Ghazi S Moeini MM 
L104:  Effects of dietary selenium and vitamin E on growth performance, meat yield, and selenium content and lipid oxidation of breast meat of broilers reared under heat stress .  Biological Trace Element Research ,  169 :  142 - 152 .  2016 . 26085059
L105: Hu G Wang SZ Tian JW Chu LL Li H 
L106:  Epistatic effect between ACACA and FABP2 gene on abdominal fat traits in broilers .  Journal of Genetics and Genomics ,  37 :  505 - 512 .  2010 . 20816383
L107: Huang HY Liu RR Zhao GP Li QH Zheng MQ Zhang JJ Li SF Liang Z Wen J 
L108:  Integrated analysis of microRNA and mRNA expression profiles in abdominal adipose tissues in chickens .  Scientific Reports ,  5 :  16132 
L109:  2015 . 26531148
L110: Ji B Ernest B Gooding JR Das S Saxton AM Simon J Dupont J Metayer-Coustard S Campagna SR Voy BH 
L111:  Transcriptomic and metabolomic profiling of chicken adipose tissue in response to insulin neutralization and fasting .  BMC Genomics ,  13 :  441 
L112:  2012 . 22938590
L113: Jin P Wu X Xu S Zhang H Li Y Cao Z Li H Wang S 
L114:  Differential expression of six genes and correlation with fatness traits in a unique broiler population .  Saudi Journal of Biological Sciences ,  24 :  945 - 949 .  2017 . 28490969
L115: Kahn SE Hull RL Utzschneider KM 
L116:  Mechanisms linking obesity to insulin resistance and type 2 diabetes .  Nature ,  444 :  840 
L117:  2006 . 17167471
L118: Kawada T Aoki N Kamei Y Maeshige K Nishiu S Sugimoto E 
L119:  Comparative Investigation of Vitamins and Their Analogs on Terminal Differentiation, from Preadipocytes to Adipocytes, of 3t3-L1 Cells .  Comparative Biochemistry and Physiology a-Physiology ,  96 :  323 - 326 .  1990 .
L120: Kim D Langmead B Salzberg SL 
L121:  HISAT: a fast spliced aligner with low memory requirements .  Nature Methods 
L122:  12 :  357 - 360 .  2015 . 25751142
L123: Landrier JF Gouranton E Yazidi CE Malezet C Balaguer P Borel P Amiot MJ 
L124:  Adiponectin Expression Is Induced by Vitamin E via a Peroxisome Proliferator-Activated Receptor  γ -Dependent Mechanism .  Endocrinology ,  150 :  5318 
L125:  2009 . 19833717
L126: Langmead B Salzberg SL 
L127:  Fast gapped-read alignment with Bowtie 2 .  Nature Methods ,  9 :  357 
L128:  2012 . 22388286
L129: Li B Dewey CN 
L130:  RSEM: accurate transcript quantification from RNA-Seq data with or without a reference genome .  BMC Bioinformatics ,  12 :  323 
L131:  2011 . 21816040
L132: Li WJ Zhao GP Chen JL Zheng MQ Wen J 
L133:  Influence of dietary vitamin E supplementation on meat quality traits and gene expression related to lipid metabolism in the Beijing-you chicken .  British Poultry Science ,  50 :  188 - 198 .  2009 .
L134: Livak KJ Schmittgen TD 
L135:  Analysis of relative gene expression data using real-time quantitative PCR and the 2(T)(-Delta Delta C) method .  Methods ,  25 :  402 - 408 .  2001 . 11846609
L136: Love MI Huber W Anders S 
L137:  Moderated estimation off old change and dispersion for RNA-seq data with DESeq2 .  Genome Biology ,  15 :  550 
L138:  2014 . 25516281
L139: Niranjan SK Goyal S Dubey PK Kumari N Mishra SK Mukesh M Kataria RS 
L140:  Genetic diversity analysis of buffalo fatty acid synthase (FASN) gene and its differential expression among bovines .  Gene ,  575 :  506 - 512 .  2016 . 26376068
L141: Oliveira CP Gayotto LC Tatai C Della Nina BI Lima ES Abdalla DS Lopasso FP Laurindo FR Carrilho FJ 
L142:  Vitamin C and vitamin E in prevention of Nonalcoholic Fatty Liver Disease (NAFLD) in choline deficient diet fed rats .  Nutrition Journal ,  2 :  9 
L143:  2003 . 14613504
L144: Ouyang J Xie L Liu J Luo Y Liang Z Nie Q Zhang X 
L145:  Genetic diversity of two sites of FASN gene and its association with growth and fat deposition in chickens .  Acta Veterinaria Et Zootechnica Sinica .  38 :  25 - 30 .  2007 .
L146: Podszun MC Grebenstein N Spruss A Schlueter T Kremoser C Bergheim I Frank J 
L147:  Dietary alpha-tocopherol and atorvastatin reduce high-fat-induced lipid accumulation and downregulate CD36 protein in the liver of guinea pigs .  Journal of Nutritional Biochemistry ,  25 :  573 - 579 .  2014 .
L148: Pompeu MA Cavalcanti LFL Toral FLB 
L149:  Effect of vitamin E supplementation on growth performance, meat quality, and immune response of male broiler chickens: A meta-analysis .  Livestock Science ,  208 :  5 - 13 .  2018 .
L150: Resnyk CW Carré W Wang X Porter TE Simon J Bihanduval EL Duclos MJ Aggrey SE Cogburn LA 
L151:  Transcriptional analysis of abdominal fat in chickens divergently selected on bodyweight at two ages reveals novel mechanisms controlling adiposity: validating visceral adipose tissue as a dynamic endocrine and metabolic organ .  BMC Genomics ,  18 :  626 
L152:  2017 . 28814270
L153: Resnyk CW Carre W Wang XF Porter TE Simon J Le Bihan-Duval E Duclos MJ Aggrey SE Cogburn LA 
L154:  Transcriptional analysis of abdominal fat in genetically fat and lean chickens reveals adipokines, lipogenic genes and a link between hemostasis and leanness .  BMC Genomics ,  14 
L155:  2013 .
L156: Resnyk CW Chen C Huang H Wu CH Simon J Le BDE Duclos MJ Cogburn LA 
L157:  RNA-Seq Analysis of abdominal fat in genetically fat and lean chickens highlights a divergence in expression of genes controlling adiposity, hemostasis, and lipid metabolism .  PLoS One ,  10 :  e0139549 
L158:  2015 . 26445145
L159: Saltiel AR Kahn CR 
L160:  Insulin signalling and the regulation of glucose and lipid metabolism .  Nature ,  414 :  799 - 806 .  2001 . 11742412
L161: Sato K Gosho M Yamamoto T Kobayashi Y Ishii N Ohashi T Nakade Y Ito K Fukuzawa Y Yoneda M 
L162:  Vitamin E has a beneficial efficacy on nonalcoholic fatty liver disease: a meta-analysis of randomized controlled trials .  Nutrition ,  31 :  923 
L163:  2015 . 26059365
L164: Siegel PB Price SE Meldrum B Picard M Geraert PA 
L165:  Performance of pureline broiler breeders fed two levels of vitamin E .  Poultry Science ,  80 :  1258 - 1262 .  2001 .
L166: Sun YF Zhang M Li Y Yang XY 
L167:  Advances in vitamin E regulation of lipid metabolism in animals .  Chinese Journal of Animal Science ,  51 :  82 - 85 .  2015 .
L168: Sun YF Zhao GP Liu RR Zheng MQ Hu YD Wu D Zhang L Li P Wen J 
L169:  The identification of 14 new genes for meat quality traits in chicken using a genome-wide association study .  BMC Genomics ,  14 :  458 
L170:  2013 . 23834466
L171: Wakil SJ 
L172:  Fatty acid synthase, a proficient multifunctional enzyme .  Biochemistry ,  28 :  4523 
L173:  1989 . 2669958
L174: Yan MK Khalil H 
L175:  Vitamin Supplements in Type 2 Diabetes Mellitus Management: A Review .  Diabetes and Metabolic Syndrome .  11S :  S589 - S595 .  2017 .
L176: Zaboli GR 
L177:  The effect of dietary antioxidant supplements on abdominal fat deposition in broilers .  Life Science Journal ,  2s :  328 - 333 .  2013 .
L178: Zhang T Zhang X Han K Zhang G Wang J Xie K Xue Q 
L179:  Genome-wide analysis of lncRNA and mRNA expression during differentiation of abdominal preadipocytes in the chicken .  G3 (Bethesda) ,  7 :  953 - 966 .  2017 . 28108554
L180: Zhuo Z Lamont SJ Lee WR Abasht B 
L181:  RNA-seq analysis of abdominal fat reveals differences between modern commercial broiler chickens with high and low feed efficiencies .  PLoS One ,  10 :  e0135810 2015 . 26295149
L182: Acknowledgments
L183: This research was funded by the National Natural Science Foundation of China (31501970), Fujian Province Training Program for Scientific Research Talents of Outstanding Young People of China, Fujian Provincial Natural Science Foundation of China (2017J01640), Students' Team of Mr. Yang Sheng (2016A30020), and Fujian Province Undergraduate Innovation and Entrepreneurship Training Program (201811312052). We thank International Science Editing ( http://www.internationalscience-editing.com ) for editing this manuscript.
[29ms]

