L1: Oral vitamin C restores endothelial function during acute inflammation in young and older adults
L2: Physiological Reports (2021)
L3: Elizabeth C. Lefferts, Brooks A. Hibner, Wesley K. Lefferts, Natalia S. Lima, Tracy Baynard, Jacob M. Haus, Abbi D. Lane‐Cordova, Shane A. Phillips, Bo Fernhall
L4: 1 
L5:  
L6:  Department of Kinesiology and Nutrition 
L7:  University of Illinois at Chicago 
L8:  Chicago 
L9:  Illinois 
L10:  USA
L11: 2 
L12:  
L13:  Department of Kinesiology 
L14:  Iowa State University 
L15:  Ames 
L16:  Iowa 
L17:  USA
L18: 3 
L19:  
L20:  School of Kinesiology 
L21:  University of Michigan 
L22:  Ann Arbor 
L23:  Michigan 
L24:  USA
L25: 4 
L26:  
L27:  Department of Exercise Science 
L28:  Arnold School of Public Health 
L29:  University of South Carolina 
L30:  Columbia 
L31:  South Carolina 
L32:  USA
L33: 5 
L34:  
L35:  Department of Physical Therapy 
L36:  University of Illinois at Chicago 
L37:  Chicago 
L38:  Illinois 
L39:  USA
L40: Oxidative stress has been linked to reductions in vascular function during acute inflammation in young adults; however, the effect of acute inflammation on vascular function with aging is inconclusive. The aim of this study was to determine if oral antioxidant administration eliminates vascular dysfunction during acute inflammation in young and older adults. Brachial flow‐mediated dilation (FMD) and carotid‐femoral pulse wave velocity (PWV) were measured in nine young (3 male, 24 ± 4 yrs, 26.2 ± 4.9 kg/m 2 ) and 16 older (13 male, 64 ± 5 yrs, 25.8 ± 3.2 kg/m 2 ) adults before and 2‐h after oral consumption of 2 g of vitamin C. The vitamin C protocol was completed at rest and 24 h after acute inflammation was induced via the typhoid vaccine. Venous blood samples were taken to measure markers of inflammation and vitamin C. Both interleukin‐6 (Δ+0.7 ± 1.8 pg/ml) and C‐reactive protein (Δ+1.9 ± 3.1 mg/L) were increased at 24 h following the vaccine ( p  < 0.01). There was no change in FMD or PWV following vitamin C administration at rest ( p  > 0.05). FMD was lower in all groups during acute inflammation (Δ‐1.4 ± 1.9%,  p  < 0.01), with no changes in PWV (Δ‐0.0 ± 0.9 m/s,  p  > 0.05). Vitamin C restored FMD back to initial values in young and older adults during acute inflammation (Δ+1.0 ± 1.8%,  p  < 0.01) with no change in inflammatory markers or PWV ( p  > 0.05). In conclusion, oral vitamin C restored endothelial function during acute inflammation in young and older adults, with no effect on aortic stiffness. The effect of vitamin C on endothelial function did not appear to be due to reductions in inflammatory markers. The exact mechanisms should be further investigated.
L41: Original Article; Original Articles
L42: antioxidant; ascorbate; flow‐mediated dilation; pulse wave velocity
L43: INTRODUCTION
L44: Acute inflammation in young adults consistently elicits transient reductions in endothelial function (Hingorani et al.,  2000a ; Lane‐Cordova, Phillips, et al.,  2016 ; Wallace et al.,  2010 ) and may increase arterial stiffness (Vlachopoulos et al.,  2005 ; Wallace et al.,  2010 ), although this finding is not universal (Lane et al.,  2015 ; Schroeder, Lefferts, et al.,  2019 ). The inflammatory process can induce oxidative stress from the generation of excess reactive oxygen species, which lowers the antioxidant capacity of a system (El Assar et al.,  2013 ). Increased oxidative stress may therefore explain the vascular responses seen during acute inflammation as it can reduce bioavailability of the potent vasodilator nitric oxide and subsequently induce endothelial dysfunction and functionally stiffen large, elastic arteries (Jain et al.,  2014 ). Administration of a potent antioxidant (e.g., vitamin C infusions) has been shown to either partially (Clapp et al.,  2004 ) or fully restore (Aschauer et al.,  2014 ; Mittermayer et al.,  2005 ; Pleiner et al.,  2002 ,  2003 ) endothelial function during acute inflammation in young adults, suggesting reductions in endothelial function during acute inflammation are driven by oxidative stress. Whether antioxidant administration can also restore endothelial function in older adults is unknown but of great interest considering acute inflammation can increase cardiovascular event risk at least threefold in older adults (Corrales‐Medina et al.,  2009 ,  2010 ,  2015 ; Smeeth et al.,  2004 ).
L45: Aging increases basal levels of oxidative stress (Donato et al.,  2007 ,  2008 ), low‐grade systemic inflammation, and may alter vascular responses to acute inflammation. In contrast to young adults, older adults show less consistent vascular responses to acute inflammation. Some studies observe reductions in endothelial function and increases in arterial stiffness (Antoniades et al.,  2011 ; Jae et al.,  2013 ; Lane‐Cordova, Ranadive, et al.,  2016 ), whereas others identify no such effect (Lane‐Cordova, Phillips, et al.,  2016 ; Ranadive et al.,  2014 ). Acute vitamin C infusion (Eskurza et al.,  2004a ; Moreau et al.,  2005 ) and oral administration (Levine, Frie, et al.,  1996 ; Raitakari et al.,  2000 ) have been shown to improve endothelial function and arterial stiffness under resting conditions in older adults (i.e., acutely attenuate basal oxidative stress seen with aging). Oral vitamin C could therefore also improve endothelial function or arterial stiffness during acute inflammation in older adults and potentially serve as an easily accessible, prophylactic during acute inflammatory insults. The aim of this study was to determine if oral antioxidant administration eliminates vascular dysfunction during acute inflammation in young and older adults, assessed via flow‐mediated dilation and carotid‐femoral pulse wave velocity. We hypothesized antioxidant administration would restore vascular function to baseline values in young and older adults during acute inflammation.
L46: METHODS
L47: Study participants
L48: Nine young (18–35 years) and 16 older (55–75 years) generally healthy adults were recruited from the local university and surrounding areas for participation. Participants were excluded for known cardiovascular, inflammatory, or metabolic disease; current use of >2 blood pressure medications or change in medication within the last 2 months; bleeding disorders; body mass index >30 kg/m 2 ; current smoking; antioxidant or vitamin supplementation or use of anti‐inflammatory medication within the last 2 weeks; pregnancy; hormone therapy; illness or vaccination within the last 2 weeks; or a typhoid vaccination within the last 2 years. Young female participants were studied during the first 7 days of their menstrual cycle or during the placebo phase for those on oral contraceptives. All older females were post‐menopausal with no menstrual cycle reported in the last 1 year or more. This study was approved by the Institutional Review Board of the University of Illinois at Chicago (2018–1550) and conformed to the guidelines set forth by the Declaration of Helsinki.
L49: Study design
L50: This was a comparative, experimental study consisting of three study visits. Visit 1 determined the effect of oral vitamin C on resting vascular function, Visit 2 repeated baseline vascular function and acute inflammation was induced via vaccine, and Visit 3 determined the effect of acute inflammation and oral vitamin C during acute inflammation on vascular function. For all visits, participants arrived at the lab following an overnight fast and having abstained from exercise, caffeine, and alcohol for 24 h before each visit. All three study visits occurred at the same time of day to control for diurnal variation. Visit 2 was at least 72 h after Visit 1, and Visit 3 was exactly 24 h after Visit 2.
L51: Visit 1 (Rest)
L52: After providing informed consent, participants completed a health history questionnaire. Height (cm) and weight (kg) were measured and body mass index (BMI, kg/m 2 ) calculated. Body fat percentage was assessed via dual‐energy x‐ray absorptiometry (Lunar iDXA, GE). A venous blood sample was collected from the antecubital vein following standard venipuncture techniques. After a 10‐min supine rest in a temperature‐controlled room, brachial blood pressure, heart rate, and vascular function (endothelial function and arterial stiffness) were assessed. To determine the effect of vitamin C on vascular function at rest, participants then consumed 2 g of oral vitamin C (Nature Made Nutritional Products). This dose produces a physiologic level of vitamin C in plasma (Levine, Frie, et al.,  1996 ), has been used in previous studies to improve endothelial function (Levine, Frie, et al.,  1996 ; Raitakari et al.,  2000 ), and reaches optimal absorption between 2 and 5 h (Levine, Conry‐Cantilena, et al.,  1996 ; Padayatty et al.,  2004 ). At 90‐min post ingestion, a second venous blood sample was collected. At 120‐min post ingestion, all measures were re‐assessed. After all measurements were obtained, participants completed a maximal exercise test to determine peak oxygen consumption (VO 2 peak, TrueOne, Parvo Medics, Sandy, UT) during a modified Balke treadmill protocol (3‐min warm up, self‐selected speed, +2.5% grade/2 min until 12.5%, then +0.5 mph/min to volitional exhaustion). The test was terminated and considered a maximal effort when three of the following five criteria were met: (1) respiratory exchange ratio ≥1.10; (2) final rating of perceived exertion ≥17 on the Borg scale; (3) peak heart rate within 10 beats/min of age‐predicted heart rate; (4) plateau (increase of ≤150 ml) in oxygen uptake with an increase in workload; and (5) volitional exhaustion.
L53: Visit 2 (Baseline)
L54: The separate baseline from Visit 1 was obtained to avoid any acute confounding effects between vitamin C, the maximal exercise test, and the administration of the vaccine. Similar to visit 1, a venous blood sample was collected and participants rested for 10 min in the supine position in a temperature‐controlled room. Baseline brachial blood pressure, heart rate, and vascular function were then assessed prior to vaccine administration. Following, a registered nurse administered the  Salmonella typhi  polysaccharide vaccination (Typhim vi, Sanofi Pasteur SA) in the participant's nondominant arm (2 right arm, 23 left arm). This vaccine has shown to reliably increase systemic inflammation (Schroeder, Hilgenkamp, et al.,  2019 ; Vlachopoulos et al.,  2005 ).
L55: Visit 3 (Inflammation)
L56: Participants returned to the lab 24 h later and followed the same protocol for the venous blood sample, brachial blood pressure, heart rate and vascular function assessment, and oral administration of 2 g of vitamin C as in Visit 1.
L57: Measures
L58: Peripheral blood pressure and heart rate
L59: Brachial systolic, diastolic, mean arterial pressure (SBP, DBP, MAP), and heart rate were assessed on the right arm in the supine position following 10 min of rest using an automated ambulatory blood pressure monitor (Mobil‐O‐Graph 24 PWA, IEM, Stolberg, Germany). Measurements were made in duplicate and averaged. If SBP or DBP differed by >5 mmHg, a subsequent measure was obtained until two values were within 5 mmHg, and those two measures were averaged.
L60: Brachial artery endothelial function
L61: Brachial artery flow‐mediated dilation (FMD) was assessed as a marker of conduit artery endothelial function following standard guidelines (Thijssen et al.,  2011 ). The right brachial artery was imaged 5–10 cm proximal to a rapid‐release blood pressure cuff via ultrasound (Hitachi‐Aloka α7, Tokyo, Japan) using a high‐frequency linear array probe. Brachial artery diameter and Doppler velocity were simultaneously measured and recorded offline for the 1‐min baseline, 5‐min vascular occlusion at 250 mmHg, and 3‐min recovery following cuff release. Brachial artery diameters were analyzed with automatic edge detection software (FMD Studio, Cardiovascular Suite, QUIPU, Pisa, Italy; Vascular Tools, Medical Imaging Applications, Coralville, IA in instances when the intima could not be removed from the image). Baseline diameter was calculated by averaging the diameter over the entire 1‐min baseline and peak diameter was selected as the highest value from 1s averages following cuff release. Absolute diameter change was determined by subtracting the baseline diameter from peak diameter during cuff release. FMD was calculated as the absolute diameter change relative to baseline and presented as a percent. Three measures were excluded due to a low‐quality FMD recording [all older adults: visit 1 baseline (n = 1), visit 1 vitamin C (n = 1), and visit 3 vitamin C (n = 1)]; and 3 individuals did not complete the vitamin C protocol during visit 1 (young adult, n = 2; older adult, n = 1). The coefficients of variation (intra‐day intraclass correlation coefficients) for baseline diameter, peak diameter, and percent FMD between Visit 1 (rest) and Visit 2 baseline for the individuals in this study were 2.2% (0.99), 2.1% (0.99), and 16.0% (0.97), respectively. Our lab coefficient of variation for FMD is 9.7%.
L62: Arterial stiffness
L63: Carotid‐femoral pulse wave velocity (PWV) was assessed as a marker of aortic stiffness (Townsend et al.,  2015 ). Arterial tonometry (NIHem, Cardiovascular Engineering, Inc.) with simultaneous ECG was used to capture carotid and femoral artery pressure waveforms on the right side of the body over a 10s epoch. PWV was calculated as the transit distance between the carotid and femoral pulse sites divided by the time delay between peak R‐wave to the foot of the corresponding pressure waveform. Transit distance was assessed as straight lines via tape measure as the distance from each tonometry recording site (femoral [d sf ], carotid [d sc ]) to the sternal notch and the subtraction method used (d sf  – d sc ) to account for the bidirectional nature of the pressure propagation. The coefficient of variation (intra‐day intraclass correlation coefficient) for PWV between Visit 1 (rest) and Visit 2 baseline for the individuals in this study was 5.2% (0.96).
L64: Blood biomarkers
L65: Blood was sampled from the antecubital vein at the beginning of each study visit after a 10–12 h fast and 90 min after oral consumption of vitamin C. Serum was obtained via a serum separation tube that was allowed to clot for 30 min. Samples were then centrifuged at 4°C for 15 min at 2000 g . Plasma was obtained by centrifuging an EDTA tube for 10 min at 4°C and 3000 g . Plasma and serum samples were stored at −80°C for subsequent analyses. All samples were assessed in duplicate and the coefficient of variations (CV) for duplicates for each assessment are provided below.
L66: Interleukin‐6 (IL‐6; CV 4.3%) and C‐reactive protein (CRP; CV 4.4%) were assessed as markers of systemic inflammation in serum using commercially available high‐sensitivity enzyme‐linked immunosorbent assay (ELISA) kits (R & D Systems; Crystal Chem, Elk Grove). Vitamin C (CV, 8.0%) was assayed in plasma to determine whether acute oral vitamin C administration increased vitamin C bioavailability (CosmoBio). Serum samples were analyzed to obtain a lipid profile (low‐density lipoprotein cholesterol, high‐density lipoprotein cholesterol, total cholesterol, triglycerides) and glucose using Cholestech LDX (Cholestech Instruments).
L67: Statistical analyses
L68: All data are reported as mean and standard deviation. Normality was assessed with the Kolmogorov–Smirnov test. Data were log transformed when necessary (IL‐6, CRP) and reported as median (25 th  percentile, 75 th  percentile). A linear‐mixed effects model containing time (repeated), group (young vs older adults), group‐by‐time interaction, and random intercept was used to assess the change in all outcome variables separately at rest (baseline, vitamin C) and during acute inflammation (baseline, inflammation, vitamin C). The covariance structure was selected by determining the best fit according to the lowest values for the log likelihood score and information criteria after evaluation of different structures. A Bonferroni correction was applied to correct for multiple comparisons. Further, given the significant association between baseline diameter and FMD (present data, r = −0.57,  p  < 0.001), additional FMD analyses were performed including resting brachial diameter as a covariate. Statistical analyses were performed using SAS software (SAS Institute). All p‐values are two‐sided, with an a‐priori α‐level of 0.05 deemed significant.
L69: An a priori power analysis was conducted to determine the sample size required to detect an interaction between two groups (young, older) with the vitamin C administration during acute inflammation. A medium effect (Cohen's F = 0.25) with an α of 0.05 and power of 0.80 for two groups over three measures required a total sample of 28 participants (n = 14 per group) (G*Power 3.1.9.6, Germany).
L70: RESULTS
L71: Recruitment goals were not achieved owing to the COVID‐19 pandemic, resulting in 9 younger and 16 older adults for the present study. Descriptive characteristics are provided in Table  1 . Young and older adults had similar weight, BMI, and lipid profiles. Overall, older adults had a larger baseline brachial diameter ( p  = 0.001), lower FMD ( p  = 0.01), higher blood pressure ( p  < 0.01), and higher PWV ( p  < 0.001, Table  2 ). Adjusting FMD for resting brachial diameter, however, eliminated group differences ( p  = 0.28).
L72: TABLE 1 Descriptive characteristics
L73: TABLE 2 Effect of Vitamin C on endothelial function, hemodynamics, and arterial stiffness during Visit 1 (rest)
L74: Vitamin C on resting hemodynamics and vascular function (Visit 1)
L75: The effect of vitamin C on resting hemodynamics and vascular function was similar in young and older adults (p for interactions >0.05). Oral consumption of vitamin C more than doubled plasma levels at 90 min similarly in younger and older adults ( p  < 0.001, Figure  1 ; Young 4.7 ± 2.1 to 11.7 ± 2.9 µg/ml, Older 6.2 ± 1.2 to 13.3 ± 2.1 µg/ml), however, no changes in FMD ( p  = 0.32) or PWV ( p  = 0.36) were observed. Vitamin C administration decreased baseline ( p  = 0.001) and peak ( p  = 0.01) brachial diameter, and lowered heart rate ( p  = 0.01) during Visit 1.
L76: FIGURE 1 Plasma vitamin C levels and FMD following oral consumption of 2 g of Vitamin C at rest in young and older adults. FMD data are missing for 1 older adult at baseline due to a low‐quality FMD and 2 young and 1 older adult during Vitamin C due to not completing the vitamin C protocol. Plasma vitamin C data are only included for those who had data for the FMD and successful venipuncture (young adults, n = 6; older adults, n = 10)
L77: Vitamin C on hemodynamics and vascular function during acute inflammation (Visits 2 and 3)
L78: The vaccination induced acute inflammation, as indicated by increases in IL‐6 [ p  = 0.01, Young, 1.04 (0.75, 1.36) to 1.49 (1.43, 1.83) pg/ml; Older, 1.89 (1.18, 4.00) to 2.42 (1.82, 3.96) pg/ml] and CRP [ p  < 0.001, Young, 0.24 (0.18, 1.17) to 1.39 (0.76, 2.71) mg/L; Older 1.32 (0.71, 2.60) to 3.17 (1.55, 6.09) mg/L] in both groups at 24 h (Figure  2 ). Older adults had a smaller %FMD than younger adults ( p  = 0.001) and acute inflammation reduced endothelial function from Visit 2 to Visit 3 as assessed by absolute brachial artery diameter change ( p  = 0.004), and %FMD ( p  = 0.004, Table  3 ). Oral consumption of vitamin C during Visit 3 at least doubled plasma levels at 90 min during acute inflammation ( p  < 0.001, Figure  3 ) and endothelial function was restored to Visit 2 (baseline) levels. After controlling %FMD for baseline diameter, group differences were abrogated ( p  = 0.17) but the effects of acute inflammation and vitamin C remained ( p  = 0.04). Consumption of vitamin C did not significantly change IL‐6 [ p  =0.12, Young, 1.12 (1.04, 1.43) pg/ml; Older 1.93 (1.44, 2.80) pg/ml] or CRP [ p  =0.89, Young, 1.73 (1.68, 2.48) mg/L; Older, 2.26 (1.33, 4.53) mg/L]. The vascular response to acute inflammation and vitamin C was similar between young and older adults (p for interactions >0.05) and neither blood pressure (MAP,  p  = 0.23) nor PWV ( p  = 0.92) were altered in either group ( p  > 0.05).
L79: FIGURE 2 Interleukin‐6 (IL‐6) and C‐reactive protein (CRP) at baseline (Visit 2) and during acute inflammation (Visit 3)
L80: TABLE 3 Effect of Vitamin C on endothelial function, hemodynamics, and arterial stiffness during acute inflammation (Visit 2 and Visit 3)
L81: FIGURE 3 Plasma vitamin C levels and FMD during acute inflammation and following oral consumption of 2 g of Vitamin C in young and older adults. FMD data are missing for 1 older adult during vitamin C due to a low‐quality FMD. Plasma vitamin C data are included for those who had data for the FMD and successful venipuncture (young adults, n = 7; older adults, n = 12), with data missing during the vitamin C time point for 2 younger adults and 2 older adults.  a Baseline significantly different from inflammation,  p  < 0.05;  b Inflammation significantly different from vitamin C,  p  < 0.05;  c Baseline significantly different from vitamin C,  p  < 0.05
L82: DISCUSSION
L83: The present study confirms our previous findings that the administration of a vaccine induces systemic inflammation and reduces endothelial function (Lane‐Cordova, Ranadive, et al.,  2016 ; Schroeder, Hilgenkamp, et al.,  2019 ). The endothelial response to acute inflammation as assessed by brachial FMD does not appear to be influenced by age, aligning with some (Lane‐Cordova, Ranadive, et al.,  2016 ) but not all (Lane‐Cordova, Phillips, et al.,  2016 ) previous findings. Furthermore, acute inflammation induced by vaccine‐mediated immune response did not change arterial stiffness assessed by PWV in either young or older adults. Acute administration of the oral antioxidant vitamin C, however, restored brachial FMD in young and older adults. These data suggest that reduced endothelial function during acute inflammation (induced systemically) in both young and older adults may be related to changes in antioxidant capacity and/or potential alterations in nitric oxide bioavailability.
L84: Vitamin C on resting vascular function
L85: We did not observe an effect of vitamin C at baseline (no acute inflammation) on endothelial function or arterial stiffness. Data indicate acute administration of oral vitamin C improves endothelial function in populations with, or at risk for, disease (coronary artery disease (Levine, Frie, et al.,  1996 ), young smokers (Raitakari et al.,  2000 )). Oral vitamin C is less effective, however, in middle‐age or older adults who are healthy (Eskurza et al.,  2004a ) or have large (>75 th  percentile (Holder et al.,  2021 )) baseline FMDs (Duffy et al.,  2001 ). The null effect of vitamin C on FMD may therefore not be surprising considering the relatively good health of the individuals enrolled in the present study who are not at high risk for cardiovascular disease, despite their lower baseline FMDs compared to recently published reference ranges in a smaller number of older adults (Holder et al.,  2021 ). Similarly, vitamin C appears to lower arterial stiffness assessed as pulse wave velocity in high‐risk populations, such as heart failure (Nightingale et al.,  2003 ), but has minimal effect on arterial stiffness in healthy adults (Eskurza et al.,  2004b ; Kelly et al.,  2008 ; Nightingale et al.,  2003 ). Supraphysiologic infusions of vitamin C did not improve aortic stiffness in healthy young and older men (Eskurza et al.,  2004a ), similar to our findings with oral vitamin C. Modulation of local arterial stiffness (e.g., carotid compliance) via vitamin C, however, may differ by sex and age (Eskurza et al.,  2004a ; Moreau et al.,  2005 ). Ultimately, we likely saw no benefit of vitamin C on vascular function under resting conditions because administration of an oral antioxidant appears only effective in high‐risk populations.
L86: Vitamin C on vascular function during acute inflammation
L87: Reductions in endothelial function were observed during acute inflammation in both young and older adults in the present study (time effect,  p  = 0.01). These results replicate prior studies in both young (Hingorani et al.,  2000a ; Schroeder, Hilgenkamp, et al.,  2019 ; Wallace et al.,  2010 ) and older (Antoniades et al.,  2011 ; Lane‐Cordova, Ranadive, et al.,  2016 ) adults that also observed impairment in FMD during acute inflammation induced via vaccination, however, the response in older adults is not reported as consistently in the literature (Lane‐Cordova, Phillips, et al.,  2016 ; Ranadive et al.,  2014 ). Despite using a similar time course (24 h post), the discrepancy in findings within the older adult population may be related to the inflammatory stimulus used ( Salmonella typhi  vs. influenza vaccine) or the differences in health and fitness of the older adults within each study.
L88: To our knowledge, our data are the first to suggest the oral consumption of 2 g of vitamin C can restore endothelial function during acute inflammation in both young and older adults. We did not observe a differential FMD response between the young and older adults (p for interaction = 0.14), however, it should be noted that our young group was underpowered. Thus, there could be differential responses across groups. The improvement in FMD with vitamin C during acute inflammation may suggest that vitamin C altered the vascular antioxidant balance or improved nitric oxide bioavailability (May & Harrison,  2013 ). Our findings in older adults align with data in young adults that restored FMD using supraphysiologic infusions of vitamin C, of which further suggested reductions in FMD stem from elevated oxidative stress and reduced nitric oxide bioavailability (Clapp et al.,  2004 ; Mittermayer et al.,  2005 ; Pleiner et al.,  2002 ). Interestingly, we observed an improvement in FMD with only an approximately twofold increase in systemic vitamin C whereas the prior studies utilizing the supraphysiologic infusions elicited an approximately sixfold increase in systemic vitamin C (Mittermayer et al.,  2005 ; Pleiner et al.,  2002 ). Although we did not assess nitric oxide bioavailability, vitamin C at lower doses may stabilize tetrahydrobiopterin (BH4) levels, an essential co‐factor for the production of nitric oxide (Huang et al.,  2000 ; Trinity et al.,  2016 ). This hypothesis is in line with a previous study conducted by Mittermayer et al. ( 2005 ) who found that administration of both BH4 or vitamin C in young healthy men maintained the forearm blood flow response to acetylcholine during endotoxin, another methodological approach to induce acute inflammation. Together, these data support the idea that reductions in endothelial function during acute inflammation could stem from altered nitric oxide bioavailability and acute administration of vitamin C can restore endothelial function during acute inflammation in both young and older adults.
L89: Interestingly, we observed improvements in endothelial function with vitamin C despite observing no changes in markers of inflammation. These results may suggest that although the inflammatory response to the vaccine is the instigator of the changes in endothelial function, the expected subsequent vascular oxidative stress is likely the primary cause of the reduction in endothelial function. A previous study using salsalate (a nuclear transcription factor nuclear factor κB (NFκB)‐inhibitor), also supports this hypothesis (Pierce et al.,  2009 ). Pierce et al. ( 2009 ) observed improvements in FMD following salsalate administration for 4 days without changes in inflammatory markers, and additionally, the infusion of vitamin C improved FMD in the placebo group with no further improvements in FMD observed in the salsalate group. This data suggests manipulating oxidative stress can improve endothelial function without altering inflammatory markers.
L90: We did not observe any significant changes in arterial stiffness in the present study during acute inflammation. Acute inflammation may reduce bioavailability of the potent vasodilator nitric oxide and subsequently functionally stiffen large, elastic arteries (Jain et al.,  2014 ; Vlachopoulos et al.,  2005 ). Other previous studies in both young and older adults have shown increases in pulse wave velocity (Jae et al.,  2013 ; Vlachopoulos et al.,  2005 ; Wallace et al.,  2010 ), however, we have not previously replicated these results within our laboratory (Lane‐Cordova, Phillips, et al.,  2016 ; Schroeder, Lefferts, et al.,  2019 ). The differences between the previous studies and ours may partially relate to the amount of time between the induction of acute inflammation and the changes in the inflammatory profile. Both Wallace et al. ( 2010 ) and Vlachopoulos et al. ( 2005 ) observed increases in PWV at 8h following vaccination in young, healthy adults, which occurred at a time with a large increase in IL‐6 (~3–6 pg/ml) and minimal change in CRP (~0.2 mg/L). In our study, we see modest increases in IL‐6 (~0.5 pg/ml) accompanied by much larger changes in CRP (~1.5 mg/L) at 24 h, thus, the timing and concomitant changes in the inflammatory profile may partially explain the differences between studies. It should be noted, however, that Jae et al. ( 2013 ) still observed increases in PWV at 24 h following vaccination in older adults, despite having more comparable changes in inflammatory profiles as our data.
L91: We additionally hypothesized that alterations in nitric oxide bioavailability during acute inflammation may functionally stiffen the aorta and would subsequently be restored with vitamin C. With no changes in PWV during acute inflammation, it is not surprising that we did not observe any changes in PWV with the administration of vitamin C (i.e., there was no apparent large artery stiffening present for vitamin C to improve). Acute (functional) changes in arterial stiffness are also seen with changes in blood pressure, that is, distending pressure. We did not observe any changes in mean arterial pressure either during inflammation or in response to vitamin C, eliminating another mechanism by which we may have observed changes in PWV. Overall, vitamin C did not alter aortic stiffness in our population and may again reflect their general overall good health (Eskurza et al.,  2004b ; Kelly et al.,  2008 ; Nightingale et al.,  2003 ).
L92: Study strengths and limitations
L93: To our knowledge, we are the first study demonstrating that vitamin C reverses vascular dysfunction induced by acute inflammation in older adults. Additionally, in comparison to previous acute inflammation studies, we have administered an oral dose of vitamin C. Our oral dose is more practical in a real‐world setting than a supraphysiologic infusion, making these results easier to disseminate and translate to the general population.
L94: Our study is not without limitations. The smaller sample size in the present study due to the COVID‐19 pandemic may be a limitation as we did not meet the required sample size in the young adult group based on our a priori power analyses. Moreover, our groups were not well matched by sex. Future studies with larger sample sizes will be necessary to confirm our results. Additionally, we allowed medications within our groups. Although some medications (i.e., for hypertension, hypercholesterolemia, etc.) may influence our outcomes of interest, the inclusion of individuals with medications increases the generalizability of our findings. Furthermore, a previous study from our laboratory has shown that the medication status did not alter the FMD response during acute inflammation (Lane‐Cordova, Ranadive, et al.,  2016 ). We are unable to establish the mechanism by which vitamin C altered vascular function because we did not measure a complete panel of biomarkers indicative of aberrant reactive oxygen or reactive nitrogen species modification of proteins and lipids. Future investigations should incorporate more indices of nitric oxide bioavailability (e.g., nitric oxide, nitrotyrosine, BH4, etc.) and oxidative stress to truly determine the effect of vitamin C on oxidative stress and nitric oxide bioavailability. We also did not include a placebo control group without vitamin C treatment to confirm all changes in endothelial function were related to the vitamin C consumption, and noted an unanticipated reduction in brachial diameter with vitamin C administration during Visit 1. The cause of this is unknown but may reflect measurement error or inconsistency and not be physiological in nature given it occurred in both groups and was not apparent during Visit 3.
L95: Last, we assessed the effect of acute inflammation on vascular function and two markers of inflammation (IL‐6 and CRP) 24 h following vaccine administrations. Although not the first study to use this time frame (Lane‐Cordova, Phillips, et al.,  2016 ; Ranadive et al.,  2014 ; Schroeder, Hilgenkamp, et al.,  2019 ), other studies have also observed reductions in endothelial function at 8 h post‐vaccine (Hingorani et al.,  2000b ; Vlachopoulos et al.,  2005 ). The time course of the inflammation is important to consider when interpreting the results. Although we have observed increases in both IL‐6 and CRP at 24 h, IL‐6 is a precursor for the initiation and production of CRP. In the study by Vlachopoulos et al. ( 2005 ), the greatest increase in IL‐6 was at 8 h post‐vaccination, whereas CRP was greatest at the 32 h time point. Thus, the timing of our vascular assessments likely reflects increasing CRP, as the peak of our IL‐6 response probably occurred before the 24‐hour time point. Despite the variation in the markers of inflammation, it is evident our inflammatory stimulus altered vascular function and likely nitric oxide bioavailability.
L96: Implications
L97: During the acute inflammation, we observed a reduction in FMD, on average, of 0.5% in the young adults and 1.9% in the older adults. This large reduction in FMD, especially in older adults, is clinically relevant as previous meta‐analyses suggest a 1% decrease in FMD is associated with an 8% increase in the risk of a cardiovascular event (Inaba et al.,  2010 ). Interestingly, the vitamin C increased FMD by 0.3% and 1.2% on average in the young and older adults, respectively. The administration of vitamin C therefore led to FMD only being 0.2% and 0.7% lower in the young and older adults, respectively. Although unable to be determined in the present study, in the older adults in particular, the much smaller change from baseline observed during vitamin C (−0.7%) compared to when no intervention is administered (−1.9%) may impact cardiovascular risk during acute inflammatory insults.
L98: CONCLUSION
L99: In conclusion, our data suggest that oral vitamin C exerts beneficial effects and restores endothelial function during acute inflammation in young and older adults. Vitamin C may therefore be a practical future therapy for reducing cardiovascular event risk in older adults during acute inflammation, perhaps due to its vascular antioxidant capacity or its possible additional ability to alter nitric oxide bioavailability by stabilizing BH4. Further research in this area is necessary to confirm its utility, especially in older adults with greater cardiovascular risk, and mechanism.
L100: CONFLICT OF INTEREST
L101: No conflict of interest, financial or otherwise, are declared by the author(s).
L102: AUTHOR CONTRIBUTION
L103: Elizabeth C. Lefferts and Bo Fernhall conception and design of research; Elizabeth C. Lefferts, Brooks A. Hibner, Wesley K. Lefferts, and Natalia S. Lima performed experiments; Elizabeth C. Lefferts analyzed data; Elizabeth C. Lefferts, Brooks A. Hibner, Wesley K. Lefferts, Natalia S. Lima, Tracy Baynard, Jacob M. Haus, Abbi D. Lane‐Cordova, Shane A. Phillips, and Bo Fernhall interpreted results; Elizabeth C. Lefferts drafted manuscript and prepared figures; Elizabeth C. Lefferts, Brooks A. Hibner, Wesley K. Lefferts, Natalia S. Lima, Tracy Baynard, Jacob M. Haus, Abbi D. Lane‐Cordova, Shane A. Phillips, Bo Fernhall. edited and revised manuscript; Elizabeth C. Lefferts, Brooks A. Hibner, Wesley K. Lefferts, Natalia S. Lima, Tracy Baynard, Jacob M. Haus, Abbi D. Lane‐Cordova, Shane A. Phillips, Bo Fernhall approved final version of manuscript.
L104: Antoniades ,  C. 
L105:  ,  
L106:  Cunnington ,  C. 
L107:  ,  
L108:  Antonopoulos ,  A. 
L109:  ,  
L110:  Neville ,  M. 
L111:  ,  
L112:  Margaritis ,  M. 
L113:  ,  
L114:  Demosthenous ,  M. 
L115:  ,  
L116:  Bendall ,  J. 
L117:  ,  
L118:  Hale ,  A. 
L119:  ,  
L120:  Cerrato ,  R. 
L121:  ,  
L122:  Tousoulis ,  D. 
L123:  ,  
L124:  Bakogiannis ,  C. 
L125:  ,  
L126:  Marinou ,  K. 
L127:  ,  
L128:  Toutouza ,  M. 
L129:  ,  
L130:  Vlachopoulos ,  C. 
L131:  ,  
L132:  Leeson ,  P. 
L133:  ,  
L134:  Stefanadis ,  C. 
L135:  ,  
L136:  Karpe ,  F. 
L137:  , &  
L138:  Channon ,  K. M. 
L139:   ( 2011 ).  Induction of vascular GTP‐cyclohydrolase I and endogenous tetrahydrobiopterin synthesis protect against inflammation‐induced endothelial dysfunction in human atherosclerosis .  Circulation ,  124 ,  1860 – 1870 .  10.1161/CIRCULATIONAHA.111.029272 
L140:  21969008
L141: Aschauer ,  S. 
L142:  ,  
L143:  Gouya ,  G. 
L144:  ,  
L145:  Klickovic ,  U. 
L146:  ,  
L147:  Storka ,  A. 
L148:  ,  
L149:  Weisshaar ,  S. 
L150:  ,  
L151:  Vollbracht ,  C. 
L152:  ,  
L153:  Krick ,  B. 
L154:  ,  
L155:  Weiss ,  G. 
L156:  , &  
L157:  Wolzt ,  M. 
L158:   ( 2014 ).  Effect of systemic high dose vitamin C therapy on forearm blood flow reactivity during endotoxemia in healthy human subjects .  Vascular Pharmacology ,  61 ,  25 – 29 .  10.1016/j.vph.2014.01.007 
L159:  24512733
L160: Clapp ,  B. R. 
L161:  ,  
L162:  Hingorani ,  A. D. 
L163:  ,  
L164:  Kharbanda ,  R. K. 
L165:  ,  
L166:  Mohamed‐Ali ,  V. 
L167:  ,  
L168:  Stephens ,  J. W. 
L169:  ,  
L170:  Vallance ,  P. 
L171:  , &  
L172:  MacAllister ,  R. J. 
L173:   ( 2004 ).  Inflammation‐induced endothelial dysfunction involves reduced nitric oxide bioavailability and increased oxidant stress .  Cardiovascular Research ,  64 ,  172 – 178 .  10.1016/j.cardiores.2004.06.020 
L174:  15364625
L175: Corrales‐Medina ,  V. F. 
L176:  ,  
L177:  Alvarez ,  K. N. 
L178:  ,  
L179:  Weissfeld ,  L. A. 
L180:  ,  
L181:  Angus ,  D. C. 
L182:  ,  
L183:  Chirinos ,  J. A. 
L184:  ,  
L185:  Chang ,  C. C. H. 
L186:  ,  
L187:  Newman ,  A. 
L188:  ,  
L189:  Loehr ,  L. 
L190:  ,  
L191:  Folsom ,  A. R. 
L192:  ,  
L193:  Elkind ,  M. S. 
L194:  ,  
L195:  Lyles ,  M. F. 
L196:  ,  
L197:  Kronmal ,  R. A. 
L198:  , &  
L199:  Yende ,  S. 
L200:   ( 2015 ).  Association between hospitalization for pneumonia and subsequent risk of cardiovascular disease .  JAMA – Journal of American Medical Association ,  313 ,  264 – 274 .  10.1001/jama.2014.18229
L201: Corrales‐Medina ,  V. F. 
L202:  ,  
L203:  Madjid ,  M. 
L204:  , &  
L205:  Musher ,  D. M. 
L206:   ( 2010 ).  Role of acute infection in triggering acute coronary syndromes .  The Lancet Infectious Diseases ,  10 ,  83 – 92 .  10.1016/S1473-3099(09)70331-7 
L207:  20113977
L208: Corrales‐Medina ,  V. F. 
L209:  ,  
L210:  Serpa ,  J. 
L211:  ,  
L212:  Rueda ,  A. M. 
L213:  ,  
L214:  Giordano ,  T. P. 
L215:  ,  
L216:  Bozkurt ,  B. 
L217:  ,  
L218:  Madjid ,  M. 
L219:  ,  
L220:  Tweardy ,  D. 
L221:  , &  
L222:  Musher ,  D. M. 
L223:   ( 2009 ).  Acute bacterial pneumonia is associated with the occurrence of acute coronary syndromes .  Medicine (Baltimore) ,  88 ,  154 – 159 .  10.1097/MD.0b013e3181a692f0 
L224:  19440118
L225: Donato ,  A. J. 
L226:  ,  
L227:  Black ,  A. D. 
L228:  ,  
L229:  Jablonski ,  K. L. 
L230:  ,  
L231:  Gano ,  L. B. 
L232:  , &  
L233:  Seals ,  D. R. 
L234:   ( 2008 ).  Aging is associated with greater nuclear NF kappa B, reduced I kappa B alpha, and increased expression of proinflammatory cytokines in vascular endothelial cells of healthy humans .  Aging Cell ,  7 ,  805 – 812 .  10.1111/j.1474-9726.2008.00438.x 
L235:  18782346
L236: Donato ,  A. J. 
L237:  ,  
L238:  Eskurza ,  I. 
L239:  ,  
L240:  Silver ,  A. E. 
L241:  ,  
L242:  Levy ,  A. S. 
L243:  ,  
L244:  Pierce ,  G. L. 
L245:  ,  
L246:  Gates ,  P. E. 
L247:  , &  
L248:  Seals ,  D. R. 
L249:   ( 2007 ).  Direct evidence of endothelial oxidative stress with aging in humans: Relation to impaired endothelium‐dependent dilation and upregulation of nuclear factor‐κB .  Circulation Research ,  100 ,  1659 – 1666 .  10.1161/01.RES.0000269183.13937.e8 
L250:  17478731
L251: Duffy ,  S. J. 
L252:  ,  
L253:  Gokce ,  N. 
L254:  ,  
L255:  Holbrook ,  M. 
L256:  ,  
L257:  Hunter ,  L. M. 
L258:  ,  
L259:  Biegelsen ,  E. S. 
L260:  ,  
L261:  Huang ,  A. 
L262:  ,  
L263:  Keaney ,  J. F. 
L264:  , &  
L265:  Vita ,  J. A. 
L266:   ( 2001 ).  Effect of ascorbic acid treatment on conduit vessel endothelial dysfunction in patients with hypertension .  American Journal of Physiology‐Heart and Circulatory Physiology ,  280 ,  528 – 534 .  10.1152/ajpheart.2001.280.2.h528
L267: El Assar ,  M. 
L268:  ,  
L269:  Angulo ,  J. 
L270:  , &  
L271:  Rodríguez‐Mañas ,  L. 
L272:   ( 2013 ).  Oxidative stress and vascular inflammation in aging .  Free Radical Biology and Medicine ,  65 ,  380 – 401 .  10.1016/j.freeradbiomed.2013.07.003 
L273:  23851032
L274: Eskurza ,  I. 
L275:  ,  
L276:  Monahan ,  K. D. 
L277:  ,  
L278:  Robinson ,  J. A. 
L279:  , &  
L280:  Seals ,  D. R. 
L281:   ( 2004 ).  Ascorbic acid does not affect large elastic artery compliance or central blood pressure in young and older men .  American Journal of Physiology‐Heart and Circulatory Physiology ,  286 ,  1528 – 1534 .  10.1152/ajpheart.00879.2003
L282: Eskurza ,  I. 
L283:  ,  
L284:  Monahan ,  K. D. 
L285:  ,  
L286:  Robinson ,  J. A. 
L287:  , &  
L288:  Seals ,  D. R. 
L289:   ( 2004 ).  Effect of acute and chronic ascorbic acid on flow‐mediated dilatation with sedentary and physically active human ageing .  Journal of Physiology ,  556 ,  315 – 324 .  10.1113/jphysiol.2003.057042
L290: Hingorani ,  A. D. 
L291:  ,  
L292:  Cross ,  J. 
L293:  ,  
L294:  Kharbanda ,  R. K. 
L295:  ,  
L296:  Mullen ,  M. J. 
L297:  ,  
L298:  Bhagat ,  K. 
L299:  ,  
L300:  Taylor ,  M. 
L301:  ,  
L302:  Donald ,  A. E. 
L303:  ,  
L304:  Palacios ,  M. 
L305:  ,  
L306:  Griffin ,  G. E. 
L307:  ,  
L308:  Deanfield ,  J. E. 
L309:  ,  
L310:  MacAllister ,  R. J. 
L311:  , &  
L312:  Vallance ,  P. 
L313:   ( 2000 ).  Acute systemic inflammation impairs endothelium‐dependent dilatation in humans .  Circulation ,  102 ,  994 – 999 .  10.1161/01.CIR.102.9.994 
L314:  10961963
L315: Holder ,  S. M. 
L316:  ,  
L317:  Bruno ,  R. M. 
L318:  ,  
L319:  Shkredova ,  D. A. 
L320:  ,  
L321:  Dawson ,  E. A. 
L322:  ,  
L323:  Jones ,  H. 
L324:  ,  
L325:  Hopkins ,  N. D. 
L326:  ,  
L327:  Hopman ,  M. T. E. 
L328:  ,  
L329:  Bailey ,  T. G. 
L330:  ,  
L331:  Coombes ,  J. S. 
L332:  ,  
L333:  Askew ,  C. D. 
L334:  ,  
L335:  Naylor ,  L. 
L336:  ,  
L337:  Maiorana ,  A. 
L338:  ,  
L339:  Ghiadoni ,  L. 
L340:  ,  
L341:  Thompson ,  A. 
L342:  ,  
L343:  Green ,  D. J. 
L344:  , &  
L345:  Thijssen ,  D. H. J. 
L346:   ( 2021 ).  Reference intervals for brachial artery flow‐mediated dilation and the relation with cardiovascular risk factors .  Hypertension ,  77 ( 5 ),  1469 – 1480 .  10.1161/HYPERTENSIONAHA.120.15754 
L347:  33745297
L348: Huang ,  A. 
L349:  ,  
L350:  Vita ,  J. A. 
L351:  ,  
L352:  Venema ,  R. C. 
L353:  , &  
L354:  Keaney ,  J. F. 
L355:   ( 2000 ).  Ascorbic acid enhances endothelial nitric‐oxide synthase activity by increasing intracellular tetrahydrobiopterin .  Journal of Biological Chemistry ,  275 ,  17399 – 17406 .  10.1074/jbc.M002248200
L356: Inaba ,  Y. 
L357:  ,  
L358:  Chen ,  J. A. 
L359:  , &  
L360:  Bergmann ,  S. R. 
L361:   ( 2010 ).  Prediction of future cardiovascular outcomes by flow‐mediated vasodilatation of brachial artery: A meta‐analysis .  International Journal of Cardiovascular Imaging ,  26 ,  631 – 640 .  10.1007/s10554-010-9616-1
L362: Jae ,  S. Y. 
L363:  ,  
L364:  Yoon ,  E. S. 
L365:  ,  
L366:  Jung ,  S. J. 
L367:  ,  
L368:  Jung ,  S. G. 
L369:  ,  
L370:  Park ,  S. H. 
L371:  ,  
L372:  Kim ,  B. S. 
L373:  ,  
L374:  Heffernan ,  K. S. 
L375:  , &  
L376:  Fernhall ,  B. 
L377:   ( 2013 ).  Effect of cardiorespiratory fitness on acute inflammation induced increases in arterial stiffness in older adults .  European Journal of Applied Physiology ,  113 ,  2159 – 2166 .  10.1007/s00421-013-2648-1 
L378:  23615823
L379: Jain ,  S. 
L380:  ,  
L381:  Khera ,  R. 
L382:  ,  
L383:  Corrales‐Medina ,  V. F. 
L384:  ,  
L385:  Townsend ,  R. R. 
L386:  , &  
L387:  Chirinos ,  J. A. 
L388:   ( 2014 ).  Inflammation and arterial stiffness in humans .  Atherosclerosis ,  237 ,  381 – 390 .  10.1016/j.atherosclerosis.2014.09.011 
L389:  25463062
L390: Kelly ,  R. 
L391:  ,  
L392:  Poo Yeo ,  K. 
L393:  ,  
L394:  Isaac ,  H. 
L395:  ,  
L396:  Lee ,  C. Y. 
L397:  ,  
L398:  Huang ,  S. H. 
L399:  ,  
L400:  Teng ,  L. 
L401:  ,  
L402:  Halliwell ,  B. 
L403:  , &  
L404:  Wise ,  S. 
L405:   ( 2008 ).  Lack of effect of acute oral ingestion of vitamin C on oxidative stress, arterial stiffness or blood pressure in healthy subjects .  Free Radical Research ,  42 ,  514 – 522 .  10.1080/10715760802087431 
L406:  18484415
L407: Lane ,  A. D. 
L408:  ,  
L409:  Kappus ,  R. M. 
L410:  ,  
L411:  Bunsawat ,  K. 
L412:  ,  
L413:  Ranadive ,  S. M. 
L414:  ,  
L415:  Yan ,  H. 
L416:  ,  
L417:  Phillips ,  S. 
L418:  ,  
L419:  Baynard ,  T. 
L420:  ,  
L421:  Woods ,  J. A. 
L422:  ,  
L423:  Motl ,  R. 
L424:  , &  
L425:  Fernhall ,  B. 
L426:   ( 2015 ).  Age‐related ventricular‐vascular coupling during acute inflammation in humans: Effect of physical activity .  European Journal of Preventive Cardiology ,  22 ,  904 – 911 .  10.1177/2047487314542056 
L427:  24996847
L428: Lane‐Cordova ,  A. D. 
L429:  ,  
L430:  Phillips ,  S. A. 
L431:  ,  
L432:  Baynard ,  T. 
L433:  ,  
L434:  Woods ,  J. A. 
L435:  ,  
L436:  Motl ,  R. W. 
L437:  , &  
L438:  Fernhall ,  B. 
L439:   ( 2016 ).  Effects of ageing and physical activity on blood pressure and endothelial function during acute inflammation .  Experimental Physiology ,  101 ,  962 – 971 .  10.1113/EP085551 
L440:  27027865
L441: Lane‐Cordova ,  A. D. 
L442:  ,  
L443:  Ranadive ,  S. M. 
L444:  ,  
L445:  Kappus ,  R. M. 
L446:  ,  
L447:  Cook ,  M. D. 
L448:  ,  
L449:  Phillips ,  S. A. 
L450:  ,  
L451:  Woods ,  J. A. 
L452:  ,  
L453:  Wilund ,  K. R. 
L454:  ,  
L455:  Baynard ,  T. 
L456:  , &  
L457:  Fernhall ,  B. 
L458:   ( 2016 ).  Aging, not age‐associated inflammation, determines blood pressure and endothelial responses to acute inflammation .  Journal of Hypertension ,  34 ,  2402 – 2409 .  10.1097/HJH.0000000000001103 
L459:  27552645
L460: Levine ,  G. N. 
L461:  ,  
L462:  Frie ,  B. 
L463:  ,  
L464:  Koulouis ,  S. N. 
L465:  ,  
L466:  Gerhard ,  M. D. 
L467:  ,  
L468:  Keaney ,  J. F. 
L469:  , &  
L470:  Vita ,  J. A. 
L471:   ( 1996 ).  Ascorbic acid reverses endothelial vasomotor dysfunction in patients with coronary artery disease .  Circulation ,  93 ,  1107 – 1113 .  10.1161/01.CIR.93.6.1107 
L472:  8653830
L473: Levine ,  M. 
L474:  ,  
L475:  Conry‐Cantilena ,  C. 
L476:  ,  
L477:  Wang ,  Y. 
L478:  ,  
L479:  Welch ,  R. W. 
L480:  ,  
L481:  Washko ,  P. W. 
L482:  ,  
L483:  Dhariwal ,  K. R. 
L484:  ,  
L485:  Park ,  J. B. 
L486:  ,  
L487:  Lazarev ,  A. 
L488:  ,  
L489:  Graumlich ,  J. F. 
L490:  ,  
L491:  King ,  J. 
L492:  , &  
L493:  Cantilena ,  L. R. 
L494:   ( 1996 ).  Vitamin C pharmacokinetics in healthy volunteers: evidence for a recommended dietary allowance .  Proceedings of the National Academy of Sciences ,  93 ,  3704 – 3709 .  10.1073/pnas.93.8.3704
L495: May ,  J. M. 
L496:  , &  
L497:  Harrison ,  F. E. 
L498:   ( 2013 ).  Role of vitamin C in the function of the vascular endothelium .  Antioxidants Redox Signal ,  19 ,  2068 – 2083 .  10.1089/ars.2013.5205
L499: Mittermayer ,  F. 
L500:  ,  
L501:  Pleiner ,  J. 
L502:  ,  
L503:  Schaller ,  G. 
L504:  ,  
L505:  Zorn ,  S. 
L506:  ,  
L507:  Namiranian ,  K. 
L508:  ,  
L509:  Kapiotis ,  S. 
L510:  ,  
L511:  Bartel ,  G. 
L512:  ,  
L513:  Wolfrum ,  M. 
L514:  ,  
L515:  Brügel ,  M. 
L516:  ,  
L517:  Thiery ,  J. 
L518:  ,  
L519:  MacAllister ,  R. J. 
L520:  , &  
L521:  Wolzt ,  M. 
L522:   ( 2005 ).  Tetrahydrobiopterin corrects  Escherichia coli  endotoxin‐induced endothelial dysfunction .  Am J Physiol Circ Physiol ,  289 ,  H1752 – H1757 .  10.1152/ajpheart.00057.2005
L523: Moreau ,  K. L. 
L524:  ,  
L525:  Gavin ,  K. M. 
L526:  ,  
L527:  Plum ,  A. E. 
L528:  , &  
L529:  Seals ,  D. R. 
L530:   ( 2005 ).  Ascorbic acid selectively improves large elastic artery compliance in postmenopausal women .  Hypertension ,  45 ,  1107 – 1112 .  10.1161/01.HYP.0000165678.63373.8c 
L531:  15867135
L532: Nightingale ,  A. K. 
L533:  ,  
L534:  Blackman ,  D. J. 
L535:  ,  
L536:  Field ,  R. 
L537:  ,  
L538:  Glover ,  N. J. 
L539:  ,  
L540:  Pegge ,  N. 
L541:  ,  
L542:  Mumford ,  C. 
L543:  ,  
L544:  Schmitt ,  M. 
L545:  ,  
L546:  Ellis ,  G. R. 
L547:  ,  
L548:  Morris‐Thurgood ,  J. A. 
L549:  , &  
L550:  Frenneaux ,  M. P. 
L551:   ( 2003 ).  Role of nitric oxide and oxidative stress in baroreceptor dysfunction in patients with chronic heart failure .  Clinical Science ,  104 ,  529 – 535 .  10.1042/CS20020334 
L552:  12549975
L553: Padayatty ,  S. J. 
L554:  ,  
L555:  Sun ,  H. 
L556:  ,  
L557:  Wang ,  Y. 
L558:  ,  
L559:  Riordan ,  H. D. 
L560:  ,  
L561:  Hewitt ,  S. M. 
L562:  ,  
L563:  Katz ,  A. 
L564:  ,  
L565:  Wesley ,  R. A. 
L566:  , &  
L567:  Levine ,  M. 
L568:   ( 2004 ).  Vitamin C Pharmacokinetics : Implications for Oral and Intravenous Use .  Annals of Internal Medicine ,  140 ,  533 – 537 .  10.1111/j.1445-5994.1980.tb03725.x 
L569:  15068981
L570: Pierce ,  G. L. 
L571:  ,  
L572:  Lesniewski ,  L. A. 
L573:  ,  
L574:  Lawson ,  B. R. 
L575:  ,  
L576:  Beske ,  S. D. 
L577:  , &  
L578:  Seals ,  D. R. 
L579:   ( 2009 ).  Nuclear factor‐{kappa}B activation contributes to vascular endothelial dysfunction via oxidative stress in overweight/obese middle‐aged and older humans .  Circulation ,  119 ,  1284 – 1292 .  10.1161/CIRCULATIONAHA.108.804294 
L580:  19237660
L581: Pleiner ,  J. 
L582:  ,  
L583:  Mittermayer ,  F. 
L584:  ,  
L585:  Schaller ,  G. 
L586:  ,  
L587:  MacAllister ,  R. J. 
L588:  , &  
L589:  Wolzt ,  M. 
L590:   ( 2002 ).  High doses of vitamin C reverse  Escherichia coli  endotoxin‐induced hyporeactivity to acetylcholine in the human forearm .  Circulation ,  106 ,  1460 – 1464 .  10.1161/01.CIR.0000030184.70207.FF 
L591:  12234948
L592: Pleiner ,  J. 
L593:  ,  
L594:  Mittermayer ,  F. 
L595:  ,  
L596:  Schaller ,  G. 
L597:  ,  
L598:  Marsik ,  C. 
L599:  ,  
L600:  MacAllister ,  R. J. 
L601:  , &  
L602:  Wolzt ,  M. 
L603:   ( 2003 ).  Inflammation‐induced vasoconstrictor hyporeactivity is caused by oxidative stress .  Journal of the American College of Cardiology ,  42 ,  1656 – 1662 .  10.1016/j.jacc.2003.06.002 
L604:  14607455
L605: Raitakari ,  O. T. 
L606:  ,  
L607:  Adams ,  M. R. 
L608:  ,  
L609:  McCredie ,  R. J. 
L610:  ,  
L611:  Griffiths ,  K. A. 
L612:  ,  
L613:  Stocker ,  R. 
L614:  , &  
L615:  Celermajer ,  D. S. 
L616:   ( 2000 ).  Oral vitamin C and endothelial function in smokers: Short‐term improvement, but no sustained beneficial effect .  Journal of the American College of Cardiology ,  35 ,  1616 – 1621 .  10.1016/S0735-1097(00)00576-3 
L617:  10807468
L618: Ranadive ,  S. M. 
L619:  ,  
L620:  Kappus ,  R. M. 
L621:  ,  
L622:  Cook ,  M. D. 
L623:  ,  
L624:  Yan ,  H. 
L625:  ,  
L626:  Lane ,  A. D. 
L627:  ,  
L628:  Woods ,  J. A. 
L629:  ,  
L630:  Wilund ,  K. R. 
L631:  ,  
L632:  Iwamoto ,  G. 
L633:  ,  
L634:  Vanar ,  V. 
L635:  ,  
L636:  Tandon ,  R. 
L637:  , &  
L638:  Fernhall ,  B. 
L639:   ( 2014 ).  Effect of acute moderate exercise on induced inflammation and arterial function in older adults .  Experimental Physiology ,  99 ,  729 – 739 .  10.1113/expphysiol.2013.077636 
L640:  24465022
L641: Schroeder ,  E. C. 
L642:  ,  
L643:  Hilgenkamp ,  T. I. M. 
L644:  ,  
L645:  Lefferts ,  W. K. 
L646:  ,  
L647:  Robinson ,  N. 
L648:  ,  
L649:  Baynard ,  T. 
L650:  , &  
L651:  Fernhall ,  B. 
L652:   ( 2019 ).  No effect of fitness on brachial or forearm vascular function during acute inflammation in young adults .  American Journal of Physiology‐Regulatory, Integrative and Comparative Physiology ,  317 ,  R746 – R753 .  10.1152/ajpregu.00120.2019
L653: Schroeder ,  E. C. 
L654:  ,  
L655:  Lefferts ,  W. K. 
L656:  ,  
L657:  Hilgenkamp ,  T. I. M. 
L658:  , &  
L659:  Fernhall ,  B. 
L660:   ( 2019 ).  Acute systemic inflammation reduces both carotid and aortic wave reflection in healthy adults .  Physiological Reports ,  7 ( 15 ),  e14203 .  10.14814/phy2.14203 
L661:  31402635
L662: Smeeth ,  L. 
L663:  ,  
L664:  Thomas ,  S. L. 
L665:  ,  
L666:  Hall ,  A. J. 
L667:  ,  
L668:  Hubbard ,  R. 
L669:  ,  
L670:  Farrington ,  P. 
L671:  , &  
L672:  Vallance ,  P. 
L673:   ( 2004 ).  Risk of myocardial infarction and stroke after acute infection or vaccination .  New England Journal of Medicine ,  351 ,  2611 – 2618 .  10.1056/NEJMoa041747
L674: Thijssen ,  D. H. J. 
L675:  ,  
L676:  Black ,  M. A. 
L677:  ,  
L678:  Pyke ,  K. E. 
L679:  ,  
L680:  Padilla ,  J. 
L681:  ,  
L682:  Atkinson ,  G. 
L683:  ,  
L684:  Harris ,  R. A. 
L685:  ,  
L686:  Parker ,  B. 
L687:  ,  
L688:  Widlansky ,  M. E. 
L689:  ,  
L690:  Tschakovsky ,  M. E. 
L691:  , &  
L692:  Green ,  D. J. 
L693:   ( 2011 ).  Assessment of flow‐mediated dilation in humans: a methodological and physiological guideline .  American Journal of Physiology‐Heart and Circulatory Physiology ,  300 ,  H2 – 12 .  10.1152/ajpheart.00471.2010 
L694:  20952670
L695: Townsend ,  R. R. 
L696:  ,  
L697:  Wilkinson ,  I. B. 
L698:  ,  
L699:  Schiffrin ,  E. L. 
L700:  ,  
L701:  Avolio ,  A. P. 
L702:  ,  
L703:  Chirinos ,  J. A. 
L704:  ,  
L705:  Cockcroft ,  J. R. 
L706:  ,  
L707:  Heffernan ,  K. S. 
L708:  ,  
L709:  Lakatta ,  E. G. 
L710:  ,  
L711:  McEniery ,  C. M. 
L712:  ,  
L713:  Mitchell ,  G. F. 
L714:  ,  
L715:  Najjar ,  S. S. 
L716:  ,  
L717:  Nichols ,  W. W. 
L718:  ,  
L719:  Urbina ,  E. M. 
L720:  , &  
L721:  Weber ,  T. 
L722:   ( 2015 ).  Recommendations for Improving and Standardizing Vascular Research on Arterial Stiffness: A Scientific Statement from the American Heart Association .  Hypertension ,  66 ,  698 – 722 .  10.1161/HYP.0000000000000033 
L723:  26160955
L724: Trinity ,  J. D. 
L725:  ,  
L726:  Wray ,  D. W. 
L727:  ,  
L728:  Witman ,  M. A. H. 
L729:  ,  
L730:  Layec ,  G. 
L731:  ,  
L732:  Barrett‐O’Keefe ,  Z. 
L733:  ,  
L734:  Ives ,  S. J. 
L735:  ,  
L736:  Conklin ,  J. D. 
L737:  ,  
L738:  Reese ,  V. 
L739:  ,  
L740:  Zhao ,  J. 
L741:  , &  
L742:  Richardson ,  R. S. 
L743:   ( 2016 ).  Ascorbic acid improves brachial artery vasodilation during progressive handgrip exercise in the elderly through a nitric oxide‐mediated mechanism .  American Journal of Physiology‐Heart and Circulatory Physiology ,  310 ,  H765 – H774 .  10.1152/ajpheart.00817.2015 
L744:  26801312
L745: Vlachopoulos ,  C. 
L746:  ,  
L747:  Dima ,  I. 
L748:  ,  
L749:  Aznaouridis ,  K. 
L750:  ,  
L751:  Vasiliadou ,  C. 
L752:  ,  
L753:  Ioakeimidis ,  N. 
L754:  ,  
L755:  Aggeli ,  C. 
L756:  ,  
L757:  Toutouza ,  M. 
L758:  , &  
L759:  Stefanadis ,  C. 
L760:   ( 2005 ).  Acute systemic inflammation increases arterial stiffness and decreases wave reflections in healthy individuals .  Circulation ,  112 ,  2193 – 2200 .  10.1161/CIRCULATIONAHA.105.535435 
L761:  16186422
L762: Wallace ,  S. M. L. 
L763:  ,  
L764:  Mäki‐Petäjä ,  K. M. 
L765:  ,  
L766:  Cheriyan ,  J. 
L767:  ,  
L768:  Davidson ,  E. H. 
L769:  ,  
L770:  Cherry ,  L. 
L771:  ,  
L772:  McEniery ,  C. M. 
L773:  ,  
L774:  Sattar ,  N. 
L775:  ,  
L776:  Wilkinson ,  I. B. 
L777:  , &  
L778:  Kharbanda ,  R. K. 
L779:   ( 2010 ).  Simvastatin prevents inflammation‐induced aortic stiffening and endothelial dysfunction .  British Journal of Clinical Pharmacology ,  70 ,  799 – 806 .  10.1111/j.1365-2125.2010.03745.x 
L780:  21175435
L781: ACKNOWLEDGMENTS
L782: This study was supported by an American Heart Association predoctoral fellowship (19PRE34380420, ECL). WKL was supported in part by the National Heart, Lung, And Blood Institute of the National Institutes of Health under Award Number T32HL134634. The content is solely the responsibility of the authors and does not necessarily represent the official views of the National Institutes of Health.
[28ms]

