L1: Exercise Performance Upregulatory Effect of R-α-Lipoic Acid with γ-Cyclodextrin
L2: Nutrients (2021)
L3: Yuki Hashimoto, Katsuhiko Yoshizawa, Yuka Kaido, Akiko Takenouchi, Keiji Terao, Hiroyuki Yasui, Yutaka Yoshikawa
L4: 1 Department of Health Sports Nutrition, Faculty of Health and Welfare, Kobe Women’s University, Hyogo 650-0046, Japan;  y-hashimoto@yg.kobe-wu.ac.jp  (Y.H.);  k3318017@suma.kobe-wu.ac.jp  (Y.K.)
L5: 2 Department of Innovative Food Sciences, School of Food Sciences and Nutrition, Mukogawa Women’s University, Hyogo 663-8183, Japan;  yoshizak@mukogawa-u.ac.jp  (K.Y.);  takeko@mukogawa-u.ac.jp  (A.T.)
L6: 3 CycloChem Company Limited, Hyogo 650-0047, Japan;  keiji.terao@cyclochem.com
L7: 4 Department of Analytical and Bioinorganic Chemistry, Kyoto Pharmaceutical University, 5 Misasagi, Nakautityo, Yamashina-ku, Kyoto 607-8414, Japan;  yasui@mb.kyoto-phu.ac.jp
L8: α-Lipoic acid (ALA) is a vitamin-like substance that is an indispensable supporting factor for a large number of enzymes. Due to its optical activity, ALA has optical isomers RALA and SALA. The major role of RALA is in energy metabolism. However, RALA cannot be used as a pharmaceutical or nutraceutical because it is sensitive to heat and acid conditions. Previous studies have shown that RALA complexed with γ-cyclodextrin (CD) has a higher antioxidant capacity than that of free RALA. The antioxidant enzyme system protects against intense exercise-induced oxidative damage and is related to the physical status of athletes. The aim of this study was to examine the effect of CD/RALA complex supplementation on antioxidant activity and performance during high-intensity exercise. Twenty-four male C3H/HeSlc mice were divided into four groups ( n  = 6): swimming+distilled water administration (C), swimming+CD/RALA supplementation (CD/RALA), swimming+RALA suplementation (RALA), and swimming+CD supplementation (CD). Blood ammonia elevation due to exercise stress was repressed by CD/RALA supplementation. The oxidative stress in the kidney increased after exercise and was reduced by CD/RALA supplementation. Our findings suggest that CD/RALA supplementation may be useful for improving the exercise performance in athletes.
L9: Article
L10: α-lipoic acid; γ-cyclodextrin complex; swimming exercise; oxidative stress
L11: 1. Introduction
L12: α-Lipoic acid (ALA) is a vitamin-like substance that is an indispensable supporting factor for a large number of enzymes [ 1 ]. It is present intracellularly in mitochondria and is widely distributed in living organisms [ 2 , 3 ]. It has been reported that ALA has antioxidant and anti-inflammatory effects, as well as preventive effects on lifestyle-related diseases such as cancer, arteriosclerosis, and diabetes mellitus [ 4 , 5 , 6 ]. It is currently used in various medicines and health-promoting foods [ 7 , 8 , 9 ].
L13: ALA has optical isomers due to the presence of chiral carbons, which are of two types: R (RALA) and S (SALA) ( Figure 1 ). RALA is a naturally occurring form that is considered to have high biological activity [ 10 ]. In contrast, SALA has been reported to aggravate diabetes and is considered to be a potential cause of health problems [ 11 ]. However, free RALA is extremely unstable and weak in heat and acid, so it is used as a racemic mixture containing equal proportions of RALA and SALA (DLALA) in supplements and other products [ 12 ].
L14: Cyclodextrin (CD) is a cyclic oligosaccharide that is classified into α (6), β (7), and γ (8) according to the number of glucose chains [ 13 ]. γCD complexes have an interesting feature of stabilization of unstable substances by incorporating them into the hydrophobic cavity of γCD ( Figure 2 ). It is possible to stabilize the unstable substance and increase its function by encapsulation [ 14 ]. It has been reported that the stability of RALA in gastric acid was improved by formation of γCD complex with RALA (γCD/RALA) [ 15 ].
L15: Physical activity (PA) has been reported to protect against cardiovascular diseases (CVDs), cancer, metabolic syndrome, depression, anxiety, and cognitive/neurodegenerative disorders, collectively reducing all-cause mortality risk by approximately 30–40% [ 16 , 17 , 18 , 19 , 20 , 21 ]. Aerobic exercise training (AET) delays the onset of morbidity and enhances both health and lifespan [ 22 ]. Vigorous AET (for example, running) provides additional survival benefits of approximately 3–5 times the benefits of the recommended minimum PA (75–150 min/week), with up to 10-fold higher training volumes generally considered safe and well-tolerated [ 16 , 17 , 19 , 23 ].
L16: However, there have been many reports on the adverse effects of high-impact exercise on the body; for example, increased oxidative stress due to increased production of reactive oxygen species (ROS), deficiency of minerals in the body, and associated symptoms such as iron deficiency anemia [ 24 , 25 , 26 ]. ROS, a general term for highly reactive compounds containing oxygen, plays an important role in biological defense [ 27 ]. However, an excessive ROS level has been reported to be involved in the onset of various diseases and aging [ 2 ]. In other words, a moderate ROS level is necessary for living organisms, but an excessive ROS level causes adverse effects in living organisms; as a result, compounds having an antioxidant effect are attracting attention. Thus, exercise performance can be improved by elimination of these negative effects.
L17: ALA has potent antioxidant properties, and we believe that γCD enhances its effects. In fact, it has been reported that supplementation with a mixture of γCD/DLALA and γCD complexed with coenzyme Q10, rather than a mixture of DLALA and coenzyme Q10, prolonged swimming time during exercise with increased oxidative stress [ 28 ]. However, there are no reports on its effects during other types of exercise. In the present study, we investigated the effect of CDLA on the improvement of exercise performance.
L18: 2. Materials and Methods
L19: 2.1. Animals and Experimental Design
L20: Male C3H/HeSlc mice aged 5 weeks were obtained from Japan SLC, Inc. (Osaka, Japan). All animals were housed in a temperature-controlled (22 ± 2 °C) environment under a 12 h light/dark cycle and had  ad libitum  access to food and water. The mice were fed a standard MF diet (Japan SLC, Inc.).
L21: After 3 weeks, all mice practiced swimming for 10 min daily for a week in the Kyoto University Matsumoto swimming apparatus (Anitech Co., Ltd., Tokyo, Japan) at a water depth of 38 cm, water temperature of 32 °C, and flow rate of 10 L/min [ 28 ].
L22: After 4 weeks, the mice were divided into the following four groups based on oral administration of the samples before and after the swimming exercise: (1) distilled water administered (C), (2) CD/RALA administered (CD/RALA), (3) RALA administered (RALA), and (4) γCD-administered (CD). Samples (2) and (3) were prepared by dissolving them in methylcellulose. CD/RALA, RALA, and CD were provided by CycloChem Bio Co., Ltd. (Kobe, Japan). The doses of the various samples are listed in  Table 1 . Starting from the week 4, all mice exercised for 20 min daily for 10 days ( Figure 3 ).
L23: Body weight and food intake were measured daily. After 5 weeks, the mice were euthanized under isoflurane after measuring the swimming time to exhaustion. Blood was drawn from the abdominal aorta and transferred to heparin-coated vials. Plasma was prepared (1000 g, 10 min) and stored at −30 °C. The liver, kidney, spleen, lung, heart, quadriceps, and gastrocnemius were collected, weighted, and stored at −30 °C.
L24: 2.2. Blood Biochemical Analyses
L25: Plasma ammonia (NH 3 ) and creatinine phosphokinase (CPK) levels were measured using an automatic dry-chemistry analyzer (Fuji Dri-Chem 3500V; Fujifilm Medical, Tokyo, Japan).
L26: 2.3. Measurement of Artificial Superoxide Anion Production
L27: The superoxide anion (O 2 − ) is generated from the reaction between hypoxanthine and xanthine oxidase. For the hepatic and renal superoxide anion measurements, 2-methyl-6- p -methoxyphenylethnylimidazopyrazinone (MPEC) was used to induce oxidation. Xanthine oxidase and hypoxanthine were prepared in a phosphate buffer (0.1 M KH 2 PO 4  buffer, pH 7.5). The reaction solution for the superoxide anion scavenging activity test consisted of 60 µL crude hepatic or renal enzyme solution, 10 µL 300 µM MPEC, 170 µL 0.1 M KH 2 PO 4  buffer, 60 µL xanthine oxidase solution (0.1 U/mL), and 50 µL 3.6 mM hypoxanthine/KH 2 PO 4 . Crude hepatic or renal enzyme solution was obtained from sample homogenates prepared in phosphate-buffered saline (PBS) as follows: 0.1 g liver or kidney isolates was homogenized in 500 µL of 0.1 M PBS (pH 7.3), and the homogenized samples were collected and used as crude hepatic or renal enzyme solution. The reaction was initiated by adding hypoxanthine. Fifty microliters of the reaction solution was placed in each Röhren tube (5 mL; 75 mm × 12 mm; Sartedt, Nümbrecht, Germany) and MPEC light emission was measured using a luminometer (Lumat3 LB9508; Berthold Technologies, Bad Wildbad, Germany) [ 29 ].
L28: 2.4. Trace Element Analysis
L29: The kidney sample (50 mg) was placed in 50 mL tall breaker and heated on a hotplate to 150 °C. Then, 2 mL of 60% ( v / v ) nitric acid (HNO 3 ; Kanto Chemical, Tokyo, Japan) and 2 mL of 60% ( v / v ) perchloric acid (HClO 4 ; Kishida Chemical, Osaka, Japan) were added. This process was repeated thrice. Next, 2 mL of 30% ( v / v ) H 2 O 2  was added, and the sample was heated until digestion was complete. The liquid was evaporated, and the sample residues were cooled. Then, 9 mL of 5% ( v / v ) HNO 3  was added, and the residues were dissolved for 3 h. The presence of iron (Fe) in the solution was identified and quantitated by inductively coupled plasma-mass spectrometry (ICP-MS; Agilent7700/Mass Hunter, Agilent Technologies, Santa Clara, CA, USA). Standard curve was plotted by preparing 1000 μg/mL (ppm) standard solution of Fe (Fujifilm Wako Pure Chemical Industries Ltd., Osaka, Japan) and diluting it in 5% ( v / v ) HNO 3  to the final metal concentrations of 0, 1, 5, 10, 50, 100, and 500 ng/mL (ppb). For quality control, 1 ng/mL (ppb) of the reference internal standard, indium (In), was measured along with the sample [ 30 ].
L30: 2.5. Exercise Time to Exhaustion in Loading Swimming Test
L31: At the age of 8 weeks, all mice were forced to swim, and the swimming time until fatigue was measured in all mice. A time point until fatigue was defined by the failure to rise to the surface of the water for more than 5 s to breathe. To avoid overstressing the mice, the maximum duration of the swimming exercise was set at one hour, and if it exceeded one hour, the mice were forcibly withdrawn from the pool [ 28 , 31 , 32 ].
L32: 2.6. Lactic Acid Measurement
L33: At 5 weeks, blood was drawn from the caudal vein of the mice immediately before and after the completion of exercise training. Lactic acid level was determined using Lactate Pro2 (Arkray, Inc., Kyoto, Japan).
L34: 2.7. Histopathological and Immunohistochemical Examination of the Kidney
L35: Kidneys were fixed overnight in methacarn (methanol: chloroform: acetic acid, 60:30:10 by volume) and then mounted in paraffin. Tissues were embedded in paraffin, sectioned at 4mm, and stained with hematoxylin and eosin (H&E). Sequential sections were degreased with xylene and a graded series of alcohol and then washed with phosphate-buffer saline (PBS) for 10 min. The carbonyl group was converted to DNP hydrazone by reaction with 1 mg/mL 2,4-dinitrophenylhydrazine (Cosmo Bio Co., Ltd., Tokyo, Japan) prepared in 2 N hydrochloric acid (HCl) for 30 min. Sections were washed with HCl and ethanol, blocked with 10% ( v / v ) normal goat serum, and subjected to microwave irradiation for 20 min, cooled at room temperature for 1 h, quenched with 1% H 2 O 2 /methanol solution, and washed three times with PBS. The cells were then reacted with the protein blocking serum to prevent non-specific reactions. The cells were then incubated overnight with rabbit anti-DNP (1:1000) (Nichirei Bioscience, Tokyo, Japan) at 4 °C. After removal of the primary antibody with PBS, the cells were incubated with Histofine ®  Simple Stain MAX PO (Nichirei Bioscience) for 15 min. Sections were washed three times with PBS, stained with diaminobenzidine tablets (Nichirei Bioscience), and nuclear stained with hematoxylin solution after the reaction was stopped with distilled water [ 33 ].
L36: 2.8. Statistical Analysis
L37: Data are expressed as mean ± SD. Means and standard deviations were calculated using Excel statistics (2012 version), and rejection tests were performed. The difference between the means of each sample was tested for significance by one-way analysis of variance, followed by multiple comparisons (Dunnett) with group C as control. Statistical significance was set at  p  ≤ 0.05.
L38: 3. Results
L39: 3.1. General Characteristics
L40: There were no significant differences in body weight and weight of various organs between the groups ( Table 2 ).
L41: 3.2. Blood Biochemical Analyses
L42: Blood NH 3  concentration was significantly lower in the CD/RALA, RALA, and CD groups than in the C group ( Figure 4 ).
L43: 3.3. O 2 −  Radical Scavenging
L44: The O 2 −  scavenging activity of the kidney was significantly higher in the CD/RALA and RALA groups than in the C group, and the highest value was observed in the CD/RALA group ( Figure 5 ). The O 2 −  radical scavenging activity of the liver was significantly lower in the CD group than in the C group. No differences were observed in the activity of other organs and muscles ( Table 3 ).
L45: 3.4. Trace Element Analysis
L46: The concentration of Fe in the kidney was significantly lower in the CD/RALA, RALA, and CD groups than in the C group ( Figure 6 ).
L47: 3.5. Other Experiments
L48: Swimming exercise time to exhaustion for the CD/RALA, RALA, and CD groups were longer than for the C group ( Table 4 ). The number of mice that swam up to the upper limit of 60 min was one in the C group, five in the CD/RALA group, three in the RALA group, and four in the CD group.
L49: The difference in blood lactate levels before and after swimming exercise tended to be highest in the CD/RALA group ( Table 4 ).
L50: Blood CPK activity tended to be lower in the CD/RALA, RALA, and CD groups compared to the C group ( Table 4 ).
L51: 3.6. Histopathological and Immunohistochemical Examination of the Kidney
L52: No histopathological changes were detected in any groups ( Figure 7 ). Immunostaining of kidney sections with antibodies to carbonylated protein, a marker of oxidative stress, showed no difference between the groups.
L53: 4. Discussion
L54: We investigated whether RALA complexed with γCD is effective in enhancing exercise performance, and we obtained a great deal of characteristic data in this experiment.
L55: Blood NH 3  concentration was significantly lower in the CD/RALA, RALA, and CD groups than in the C group ( Figure 4 ). The direct source of NH 3  is thought to be deamination of AMP, which accumulates with exercise and has been reported to be a marker of fatigue [ 34 , 35 , 36 ]. Therefore, decreased NH 3  generation can reduce fatigue, which may lead to improved endurance. Although there was no significant difference in the marginal swimming exercise time, there was a tendency for each intervention group to extend the time compared to group C ( Table 4 ). In this experiment, the upper time limit was set at one hour so as not to overstress the mice; five mice in the CD/RALA group swam up to the upper time limit of one hour, which was more than those in the C, RALA, and CD groups. If there was no limit to the exercise time, the CD/RALA group may have extended the time further than the present results. These results suggest that high ammonia concentration may shorten the marginal exercise time. This means that each intervention group may have reduced fatigue and improved endurance by suppressing the increase in ammonia concentration. Given that CD is a carbohydrate, the concentration of NH 3  in the CD/RALA and RALA groups was suppressed. The CD group was in a high-energy state due to carbohydrate intake because CD is a carbohydrate, which may have reduced fatigue.
L56: The O 2 −  scavenging activity of the kidney was significantly higher in the CD/RALA and RALA groups than in the C group ( Figure 5 ). The blood CPK activity was not significantly different, but tended to be highest in the C group. It has also been reported that exercise increases ROS and total CPK activity, suggesting that muscle damage is a key factor related to increased ROS production during exercise [ 37 , 38 , 39 , 40 , 41 ]. In the present study, the results of CPK activity in blood may also support the results of O 2 −  scavenging activity in the kidney ( Table 4 ).
L57: Meo et al. reported that intensive exercise generates ROS in the body [ 42 ]. The main process that generates ROS is thought to be electron transport associated with the mitochondrial respiratory chain. It is widely believed that during exercise, the rate of ROS production increases due to the increased flow of electrons through the electron transport chain of mitochondria. The mitochondrial respiratory chain is a potential source of ROS in the kidney, which is partially ischemic due to reduced blood supply during exercise. It is believed that sufficient oxygen can interact with the reduced respiratory chain to inhibit ROS generation. ALA intake has been reported to protect mitochondria, as indicated above [ 43 ]. The O 2 −  scavenging activity of CD/RALA was more than that of RALA in the present study, suggesting that the antioxidant and mitochondrial protective effects of RALA were enhanced by CD inclusion. In fact, CD/RALA inhibited excessive oxidative stress in the kidneys caused by swimming exercise.
L58: It has been reported that when Fe is present in excess amounts in the body, hydroxyl radicals (-OH), which are highly reactive among ROS, are produced via the Fenton reaction [ 43 ]. Trace element analysis of the kidney showed that Fe concentration was significantly lower in all groups than in the control group ( Figure 6 ). This result shows a similar trend to the O 2 −  scavenging activity of the kidney, suggesting that there is a relationship between oxidative stress and Fe concentration in the kidneys.
L59: These results suggest that CD/RALA has a positive effect on exercise performance. In addition, it was confirmed that the antioxidant potential of RALA was enhanced by CD. The results suggested that it suppressed the increased NH 3  concentration caused by exercise. These effects may have contributed to the tendency to prolong the exercise time to the limit in the CD/RALA group. Although the relationship between exercise, oxidative stress, and muscle fatigue has been demonstrated, the underlying mechanism remains unclear. There are few reports on the burden of exercise on the kidneys, although in the present experiment, the burden of exercise on the kidneys was clearly observed. It has been reported that alpha lipoic acid has anti-inflammatory effects as well as antioxidant effects [ 44 ]. It is possible that these functions may be involved in this experiment as well. Exploring these related mechanisms will be the subject of future research. In the present study, a lipoic acid dose of 50 mg/kg BW was administered to mice, and we obtained the above results. However, as for human intake, the amount of alpha lipoic acid contained in commercial foods is 50-200 mg per day, and the dosage in this case is quite large. Therefore, when applying this product to humans in the future, we believe that the form of intake and the amount of intake need to be considered [ 45 ].
L60: 5. Conclusions
L61: In male C3H/HeSlc mice, there was suppression of the increased blood ammonia level, suppression of the blood CPK activity, and an increase in the antioxidant capacity of the kidney in the CD/RALA-treated group compared to the non-CD/RALA-treated groups. The improvement in endurance in the CD/RALA group may be due to these factors.
L62: Figure 1 Chemical formulas of RALA and SALA.
L63: Figure 2 Illustration of γ-cyclodextrin inclusion.
L64: Figure 3 Experimental protocol.
L65: Figure 4 Blood ammonia concentration. Values are expressed as the mean SD for six mice. C, control group; CD/RALA, R-α-Lipoic acid γ-cyclodextrin complex group; RALA, R-α-Lipoc acid group; CD, γ-cyclodextrin group. **  p  < 0.01 vs. C. *  p  < 0.05 vs. C.
L66: Figure 5 O 2 −  radical scavenging activity (%) of the kidney. Values are expressed as the mean ± SD for six mice in each group. C, control group; CD/RALA, R-α-lipoic acid γ-cyclodextrin complex group; RALA, R-α-lipoic acid group; CD, γ-cyclodextrin group. **  p  < 0.01 vs. C. *  p  < 0.05 vs. C.
L67: Figure 6 Concentration of Fe in the kidney. Values are expressed as the mean ± SD for six mice in each group. C, control group; CD/RALA, R-α-lipoic acid γ-cyclodextrin complex group; RALA, R-α-lipoic acid group; CD, γ-cyclodextrin group. **  p  < 0.01 vs. C, *  p  < 0.05 vs. C.
L68: Figure 7 Histopathological changes in the kidneys of mice. ( A ) C, control group; ( B ) CD/RALA, R-α-lipoic acid γ-cyclodextrin complex group; ( C ) RALA, R-α-lipoic acid group; ( D ) CD, γ-cyclodextrin group.
L69: 1. Reed L.J. 
L70:  A trail of research from lipoic acid to α-keto acid dehydrogenase complexes J. Biol. Chem. 2001 276 38329 38336 10.1074/jbc.R100026200 11477096
L71: 2. Itabe Y. 
L72:  Lifestyle-related disease and oxidative stress Yakugaku Zasshi 2001 37 805 809
L73: 3. Perham R. 
L74:  Swinging arms and swinging domains in multifunctional enzymes: Catalytic machines for multistep reactions Annu. Rev. Biochem. 2000 69 961 1004 10.1146/annurev.biochem.69.1.961 10966480
L75: 4. Goraca A. 
L76:  Huk-Kolega H. 
L77:  Piechota A. 
L78:  Kleniwska P. 
L79:  Ciejka E. 
L80:  Skibska B. 
L81:  Lipoic acid—Biological activity and therapeutic potential Pharmacol. Rep. 2011 63 849 858 10.1016/S1734-1140(11)70600-4 22001972
L82: 5. Lee W.J. 
L83:  Song K.H. 
L84:  Kohh E.H. 
L85:  Won J.C. 
L86:  Kim H.S. 
L87:  Park H.S. 
L88:  Kim M.S. 
L89:  Kim S.W. 
L90:  Lee K.U. 
L91:  Park J.Y. 
L92:  α-Lipoic acid increases insulin sensitivity by activating AMPK in skeletal muscle Biochem. Biophys. Res. Commun. 2005 332 885 891 10.1016/j.bbrc.2005.05.035 15913551
L93: 6. Wollin S.D. 
L94:  Jones P.J.H. 
L95:  α-Lipoic acid and cardiovascular disease J. Nutr. 2003 133 3327 3330 10.1093/jn/133.11.3327 14608040
L96: 7. Song K.-H. 
L97:  Lee W.J. 
L98:  Koh J.-M. 
L99:  Kim H.S. 
L100:  Youn J.-Y. 
L101:  Park H.-S. 
L102:  Koh E.H. 
L103:  Kim M.-S. 
L104:  Youn J.H. 
L105:  Lee K.-U. 
L106:  
L107:  α-Lipoic acid prevents diabetes mellitus in diabetes prone obese rats Biochem. Biophys. Res. Commun. 2004 326 197 202 10.1016/j.bbrc.2004.10.213 15567171
L108: 8. Packer L. 
L109:  Witt E.H. 
L110:  Tristchler H.J. 
L111:  Alpha-lipoic acid as a biological antioxidant Free Radic. Biol. Med. 1995 19 227 250 10.1016/0891-5849(95)00017-R 7649494
L112: 9. Biewenga G.P. 
L113:  Haenen G.R.M.M. 
L114:  Bast A. 
L115:  The pharmacology of the antioxidant lipoic acid Gen. Pharmacol.-Vasc. S 1997 29 315 331 10.1016/S0306-3623(96)00474-0
L116: 10. Steeper R.S. 
L117:  Henriksen E.J. 
L118:  Jacob S. 
L119:  Hokama J.Y. 
L120:  Fogt D.L. 
L121:  Tritschler H.J. 
L122:  Differential effects of lipoic acid stereoisomers on glucose metabolism in insulin-resistant skeletal muscle Am. J. Physiol. 1997 273 185 191 10.1152/ajpendo.1997.273.1.E185
L123: 11. Matsugo S. 
L124:  Konishi T. 
L125:  Chemical and biochemical properties of natural occurring novel antioxidant, lipoic acid Oleoscience 2001 1 47 54 10.5650/oleoscience.1.47
L126: 12. Kobayashi Y. 
L127:  Saito K. 
L128:  Iwasaki Y. 
L129:  Ito R. 
L130:  Nakazawa Y. 
L131:  Enantiomeric determination of α-lipoic acid in dietary supplements by liquid chromatography/mass spectrometry Bunseki Kagaku 2012 61 109 114 10.2116/bunsekikagaku.61.109
L132: 13. Arima H. 
L133:  New development of cyclodextrin in pharmacology Yakuzaigaku 2017 77 54 60
L134: 14. Sato K. 
L135:  Ishida Y. 
L136:  Ikuta N. 
L137:  Uekaji Y. 
L138:  Nakata D. 
L139:  Terao K. 
L140:  Stabilization of unstable functional food ingredients by complexation with cyclodextrin Oleo Sci. 2013 13 123 130 10.5650/oleoscience.13.123
L141: 15. Ikuta N. 
L142:  Shiga H. 
L143:  Uekaji Y. 
L144:  Jo A. 
L145:  Ishida Y. 
L146:  Nakata D. 
L147:  Kamoi K. 
L148:  Nakano M. 
L149:  Terao K. 
L150:  Stabilization of R (+) alpha lipoic acid by complexation with γ-cyclodextrin J. Jpn Soc. Clin. Nutr. 2011 33 53 60
L151: 16. Nelson M.E. 
L152:  Rejeski W.J. 
L153:  Blair S.N. 
L154:  Duncan P.W. 
L155:  Judge J.O. 
L156:  King A.C. 
L157:  Macera C.A. 
L158:  Castaneda-Sceppa C. 
L159:  Physical activity and public health in older adults: Recommendation from the American College of Sports Medicine and the American Heart Association Circulation 2007 116 1094 1105 10.1249/mss.0b013e3180616aa2 17671236
L160: 17. Powell K.E. 
L161:  Palch A.E. 
L162:  Blair S.N. 
L163:  Physical activity for health: What kind? How Much? How Intense? On top of what? Annu. Rev. Public Health 2011 32 349 365 10.1146/annurev-publhealth-031210-101151 21128761
L164: 18. Arem H. 
L165:  Moore S.C. 
L166:  Patel A. 
L167:  Patel A. 
L168:  Hartge P. 
L169:  Gonzalez A.B. 
L170:  Visvanathan K. 
L171:  Campbell P. 
L172:  Freedman M. 
L173:  Weiderpass E. 
L174:  Leisure time physical activity and mortality: A detailed pooled analysis of the dose-response relationship JAMA Intern. Med. 2015 175 959 967 10.1001/jamainternmed.2015.0533 25844730
L175: 19. Stessman J. 
L176:  Hammerman-Rozenberg R. 
L177:  Cohen A. 
L178:  Ein-Mor E. 
L179:  Jacobs J.M. 
L180:  Physical activity, function, and longevity among the very old Arch. Intern. Med. 2009 169 1476 1483 10.1001/archinternmed.2009.248 19752405
L181: 20. Chodzko-Zajiko W.J. 
L182:  Proctor D.N. 
L183:  Singh M.A.F. 
L184:  Minson C.T. 
L185:  Nigg C.R. 
L186:  Salem G.J. 
L187:  Skinner J.S. 
L188:  American College of Sports Medicine. Exercise and physical activity for older adults Med. Sci. Sports Exerc. 2009 41 1510 1530 10.1249/MSS.0b013e3181a0c95c 19516148
L189: 21. Moore S.C. 
L190:  Lee I.-M. 
L191:  Weiderpass E. 
L192:  Campbell P.T. 
L193:  Sampson J.N. 
L194:  Kitahara C.M. 
L195:  Keadle S.K. 
L196:  Arem H. 
L197:  Gonzalez A.B. 
L198:  Hartge P. 
L199:  Association of leisure-time physical activity with risk of 26 type of cancer in 1.44 million adults JAMA Intern. Med. 2016 176 816 825 10.1001/jamainternmed.2016.1548 27183032
L200: 22. Franco O.H. 
L201:  de Laet C. 
L202:  Peeters A. 
L203:  Jonker J. 
L204:  Mackenbach J. 
L205:  Nusselder W. 
L206:  Effects of physical activity on life expectancy with cardiovascular disease Arch. Intern. Med. 2005 165 2355 2360 10.1001/archinte.165.20.2355 16287764
L207: 23. Wen C.P. 
L208:  Wai J.P.M. 
L209:  Tsai M.K. 
L210:  Yang Y.C. 
L211:  Cheng T.Y.D. 
L212:  Lee M.-C. 
L213:  Chan H.T. 
L214:  Tsao C.K. 
L215:  Tsai S.P. 
L216:  Wu X. 
L217:  Minimum amount of physical activity for reduced mortality and extended life expectancy: A prospective cohort study Lancet 2011 378 1244 1253 10.1016/S0140-6736(11)60749-6 21846575
L218: 24. da Silva Borqes L. 
L219:  Dermarqos A. 
L220:  da Silva E. Jr. 
L221:  P.; Weimann, E.; Lambertucci, R.H.; Hatanaka, E. Melatonin decreases muscular oxidative stress and inflammation induced by strenuous exercise and stimulates growth factor synthesis J. Pineal Res. 2015 58 166 172 10.1111/jpi.12202 25546615
L222: 25. Jablan J. 
L223:  Inic S. 
L224:  Stosnach H. 
L225:  Hadziabdic M.O. 
L226:  Vujic L. 
L227:  Domijan A.-M. 
L228:  Level of minerals and trace elements in the urine of the participants of mountain ultra-marathon race J. Trace Elem. Med. Biol. 2017 41 54 59 10.1016/j.jtemb.2017.02.004 28347463
L229: 26. McClung J.P. 
L230:  Gaffney-Stomberg E. 
L231:  Lee J.J. 
L232:  Female athletes: A population at risk of vitamin and mineral deficies affecting health and performance J. Trace Elem. Med. Biol. 2014 28 388 392 10.1016/j.jtemb.2014.06.022 25060302
L233: 27. Watanabe J. 
L234:  Oki T. 
L235:  Takebayashi J. 
L236:  Yamasaki K. 
L237:  Tsushida T. 
L238:  Toward the unification if methods for measuring the antioxidant capacity of foods usefulness of ORAC method and its correlation with other measurement methods Sci. Biol. 2009 47 237 243
L239: 28. Nakata D. 
L240:  Uekaji Y. 
L241:  Shiga K. 
L242:  Jo A. 
L243:  Terao K. 
L244:  Nakano M. 
L245:  Nakanishi K. 
L246:  Effect of γ-cyclodextrin inclusion of α-lipoic acid and coenzyme Q10 on swimming time in mice J. Jpn Soc. Clin. Nutr. 2011 32 263 266
L247: 29. Kadowaki S. 
L248:  Kaburugi T. 
L249:  Effect of a low carbohydrate-high protein diet in non-obese mice Jpn. J. Nutr. Diet. 2016 74 51 59 10.5264/eiyogakuzashi.74.51
L250: 30. Yuki N. 
L251:  Yutaka Y. 
L252:  Katsuhiko Y. 
L253:  Akiko T. 
L254:  Hiroyuki Y. 
L255:  Beneficial effect of bis (hinokitiolato) Zn complex on high-fat diet-induced lipid accumulation in mouse liver and kidney In Vivo 2017 31 1145 1151 29102937
L256: 31. Matsumoto K. 
L257:  Ishihara K. 
L258:  Tanaka K. 
L259:  Inoue K. 
L260:  Fushiki T. 
L261:  An adjustable-current swimming pool for the evaluation of endurance capacity of mice J. Appl. Physiol. 1996 81 1843 1849 10.1152/jappl.1996.81.4.1843 8904607
L262: 32. Kim K.-M. 
L263:  Kawada T. 
L264:  Ishihara K. 
L265:  Inoue K. 
L266:  Fushiki T. 
L267:  Increase in swimming endurance capacity of mice by capsaicin-induced adrenal catecholamine secretion Biosci. Biotechnol. Biochem. 1997 61 1718 1723 10.1271/bbb.61.1718 9362118
L268: 33. Suzanne M.S. 
L269:  Oscar A.B. 
L270:  Cytoskeletal protein carbonylation and degradation in experimental autoimmune encephalomyelitis J. Neurochem. 2007 105 763 772 10.1111/j.1471-4159.2007.05178.x 18088377
L271: 34. Mutch B.J. 
L272:  Banister E.W. 
L273:  Ammonia metabolism in exercise and fatigue: A review Med. Sci. Sports Exerc. 1983 15 41 50 10.1249/00005768-198315010-00009 6341752
L274: 35. Graham T.E. 
L275:  MacLean D.A. 
L276:  Ammonia and amino acid metabolism in human skeletal muscle during exercise Can. J. Physiol. Pharmacol. 1992 70 132 141 10.1139/y92-020 1581847
L277: 36. Wagenmakers A.J. 
L278:  Coakley J.H. 
L279:  Edwards R.H.T. 
L280:  Metabolism of branched-chain amino acids and ammonia during exercise: Clues from McArdle’s disease Int. J. Sports Med. 1990 11 S101 S113 10.1055/s-2007-1024861 2193889
L281: 37. Di Meo S. 
L282:  Venditti P. 
L283:  Mitochondria in exercise-induced oxidative stress Biol. Signals Recept 2001 10 125 140 10.1159/000046880 11223645
L284: 38. Davison G.W. 
L285:  Morgan R.M. 
L286:  Hiscock N. 
L287:  Garcia J.M. 
L288:  Grace F. 
L289:  Boisseau N. 
L290:  Davies B. 
L291:  Castell L. 
L292:  McEneny J. 
L293:  Young I.S. 
L294:  
L295:  Manipulation of systemic oxygen flux by acute exercise and normobaric hypoxia: Implications for reactive oxygen species generation Clin. Sci. 2006 110 133 141 10.1042/CS20050135
L296: 39. Qaisar R. 
L297:  Bhaskaran S. 
L298:  Remmen H.V. 
L299:  Muscle fiber type diversification during exercise and regeneration Free Radic. Biol. Med. 2016 98 56 67 10.1016/j.freeradbiomed.2016.03.025 27032709
L300: 40. Merry T.L. 
L301:  Ristow M. 
L302:  Do antioxidant supplements interfere with skeletal muscle adaptation to exercise training? J. Physiol. 2016 594 5135 5147 10.1113/JP270654 26638792
L303: 41. Wada M. 
L304:  Sakamoto M. 
L305:  Sugiyama M. 
L306:  Matsunaga S. 
L307:  Possible factors contributing to muscle fatigue during intense exercise: Effects of inorganic phosphate, glycogen and reactive oxygen species Taiikugaku Kenkyu 2006 51 399 408 10.5432/jjpehss.51.399
L308: 42. Arivazhagan P. 
L309:  Ramanathan K. 
L310:  Panneerselvam C. 
L311:  Effect of DL-alpha-lipoic acid on mitochondrial enzymes in aged rats Chem. Biol. Interact. 2001 138 189 198 10.1016/S0009-2797(01)00268-X 11672700
L312: 43. Reddy M.B. 
L313:  Clark L. 
L314:  Iron, oxidative stress, and disease risk Nutr. Rev. 2004 62 120 124 10.1301/nr.2004.mar.120-124 15098859
L315: 44. Rochette L. 
L316:  Chibu S. 
L317:  Muresan A. 
L318:  Vergely C. 
L319:  Alpha-lipoic acid: Molecular mechanism and therapeutic potential in diabetes Can. J. Pharmacol. 2015 93 1021 1027 10.1139/cjpp-2014-0353 26406389
L320: 45. Shimoda H. 
L321:  Tanaka J. 
L322:  Seki A. 
L323:  Honda H. 
L324:  Akaogi S. 
L325:  Komatsubara H. 
L326:  Suzuki N. 
L327:  Kameyama M. 
L328:  Tamura S. 
L329:  Murakami N. 
L330:  Safety and Structural Analysis of Polymers Produced in Manufacturing Process of α-Lipoic Acid Food Hyg. Saf. Sci. 2007 48 125 131 10.3358/shokueishi.48.125
L331: Acknowledgments
L332: We would like to thank Daisuke Nakata with CycloChem Corporation for his support of this experiment.
[117ms]

