L1: Incremental Doses of Nitrate-Rich Beetroot Juice Do Not Modify Cognitive Function and Cerebral Blood Flow in Overweight and Obese Older Adults: A 13-Week Pilot Randomised Clinical Trial
L2: Nutrients (2022)
L3: Abrar M. Babateen, Oliver M. Shannon, Gerard M. O’Brien, Edward Okello, Ellen Smith, Dilara Olgacer, Christina Koehl, William Fostier, Emma Wightman, David Kennedy, John C. Mathers, Mario Siervo
L4: 1 Human Nutrition Research Centre, Population Health Sciences Institute, Newcastle University, Newcastle upon Tyne NE2 4HH, UK;  a.m.o.babateen2@ncl.ac.uk  (A.M.B.);  oliver.shannon@ncl.ac.uk  (O.M.S.);  edward.okello@newcastle.ac.uk  (E.O.);  olgacerdilara@gmail.com  (D.O.);  chrissi.koechl18@gmail.com  (C.K.);  w.fostier@ncl.ac.uk  (W.F.);  john.mathers@ncl.ac.uk  (J.C.M.)
L5: 2 Clinical Nutrition Department, College of Applied Medical Sciences, Umm Al-Qura University, Makkah 21955, Saudi Arabia
L6: 3 Translational and Clinical Research Institute, Newcastle University, Newcastle upon Tyne NE2 4HH, UK
L7: 4 Brain Performance and Nutrition Research Centre, Northumbria University, Newcastle upon Tyne NE1 8ST, UK;  ellen.smith@northumbria.ac.uk  (E.S.);  emma.l.wightman@northumbria.ac.uk  (E.W.);  david.kennedy@northumbria.ac.uk  (D.K.)
L8: 5 Nutrition Trials at Northumbria (NUTRAN), Northumbria University, Newcastle upon Tyne NE1 8ST, UK
L9: 6 School of Life Sciences, Queen’s Medical Centre, The University of Nottingham Medical School, Nottingham NG7 2UH, UK
L10: Nitrate-rich food increases nitric oxide (NO) production and may have beneficial effects on vascular, metabolic, and brain function. This pilot study tested the effects of prolonged consumption of a range of doses of dietary nitrate (NO 3 − ), provided as beetroot juice, on cognitive function and cerebral blood flow (CBF) in overweight and obese older participants. The study had a 13-week single-blind, randomised, parallel design, and 62 overweight and obese older participants (aged 60 to 75 years) received the following interventions: (1) high NO 3 −  (2 × 70 mL beetroot juice/day) (2) medium NO 3 −  (70 mL beetroot juice/day), (3) low NO 3 −  (70 mL beetroot juice on alternate days), or (4) placebo (70 mL of NO 3 − -depleted beetroot juice on alternate days). Cognitive functions were assessed using the Computerised Mental Performance Assessment System (COMPASS) assessment battery. CBF, monitored by concentration changes in oxygenated and deoxygenated haemoglobin, was assessed in the frontal cortex using near-infrared spectroscopy. The findings of this pilot study showed that cognitive function and CBF were not affected by supplementation with NO 3 − -rich beetroot juice for 13 weeks, irrespective of the NO 3 −  dose administered. These findings require confirmation in larger studies using more sophisticated imaging methods (i.e., MRI) to determine whether prolonged dietary NO 3 −  supplementation influences brain function in older overweight people.
L11: Article
L12: inorganic nitrate; beetroot juice; cognition; cerebral blood flow; older adults
L13: 1. Introduction
L14: Ageing is associated with a progressive decline in cognitive, metabolic, and cardiovascular functions [ 1 , 2 , 3 ]. Vascular risk factors, including hypertension and obesity, are independently related to increased risk of cognitive decline and dementia in middle-aged and older adults [ 4 ]. The association between cognitive impairment and reduced cerebral blood flow (CBF) has been reported in several studies [ 5 , 6 , 7 , 8 ], and reduced CBF may contribute to the development of dementia [ 8 , 9 ]. Data from 1730 older individuals (aged 55 years or older) showed that higher baseline CBF was associated with a lower risk of cognitive decline and dementia diagnosis after a 6.5-year follow-up [ 10 ]. In addition, a recent observational study showed that higher CBF was associated with improved executive, attention, and memory function in 452 older white Europeans [ 11 ].
L15: Nitric oxide (NO) is a gaseous and highly reactive molecule that can diffuse easily to surrounding tissues. NO is produced via the activity of inter-connected enzymatic and non-enzymatic pathways [ 12 ]. The former pathway utilises arginine as a precursor, which is converted into equimolar amounts of NO and citrulline by NO synthase, existing in three different function-specific isoforms (i.e., endothelial, inducible, and neuronal). Optimal functioning of this pathway requires various cofactors, including NADPH, calmodulin, and tetrahydrobiopterin [ 12 ]. The non-enzymatic pathway includes the action of oral commensal bacteria that reduce NO 3 −  into NO 2 − , which is then converted into NO under conditions of low pH (i.e., in the stomach) or low oxygen tension (i.e., in peripheral microcirculation) [ 13 ]. NO is a neurotransmitter regulating multiple neurobiological processes, such as the regulation of synaptic plasticity [ 12 ]. NO production decreases with ageing, which is likely to contribute to degenerative processes of the cardiovascular and central nervous systems [ 14 ]. Ageing-related NO insufficiency is multifactorial, but oxidative stress has been suggested as the primary factor [ 15 , 16 ]. NO is scavenged by reactive oxygen species, mainly superoxide, to form a potent oxidant called peroxynitrite [ 17 ] that reduces NO concentration in cells [ 18 ]. Peroxynitrite generation is one of the crucial pathogenic mechanisms in neurodegenerative disorders [ 19 ].
L16: Nutrition plays a key role in the development, maintenance, and treatment of mental health and related disorders, whose importance has been unified under the umbrella term nutritional psychiatry [ 20 , 21 ]. Nutritional and lifestyle interventions capable of maintaining or restoring normal NO production may reduce the risk of atherosclerosis and cardiovascular diseases [ 22 ]. In turn, this may reduce the risk of cognitive impairment and dementia, since better cardiovascular health is associated with a lower rate of cognitive decline and risk of dementia [ 23 ]. For instance, polyphenols and polyunsaturated fatty acids may improve brain health via their anti-inflammatory properties and increased NO availability [ 24 ]. Specifically, the two NO pathways can be targeted by nutritional and dietary interventions that boost NO production via the enzymatic (i.e., arginine, citrulline, polyphenols, and tetrahydrobiopterin cofactor) or non-enzymatic (NO 3 −  or NO 2  supplementation or NO 3 − -rich foods, such as beetroot, cabbage, spinach, or rocket) pathways [ 13 ].
L17: NO 3 −  supplementation may provide a non-pharmacological dietary strategy with which to improve CBF. Recent studies have reported improvements in cognitive function (executive performance) and motor skills after dietary NO 3 −  supplementation, which appear to be mediated by augmented CBF and the efficiency of neuronal metabolism [ 25 , 26 ]. However, Clifford et al. [ 27 ] conducted a systematic review and meta-analysis on the topic, which indicated a lack of convincing evidence for the effects of nitrate (NO 3 − ) supplementation on cognitive function and CBF. Overall, trials were characterized by small sample sizes (<30 participants), short duration (only one study had a duration of 10 weeks [ 28 ], whereas the remaining trials had a duration of less than two weeks), and most of the trials included healthy, normal-weight participants. In contrast, a recent study found that the consumption of raw beetroot for eight weeks improved components of cognitive function, including sustained attention, processing speed, and fatigue resistance, in older patients with diabetes [ 29 ]. The presence of effects in this sample could be due to the poorer health of these participants, including being overweight. It is now well established that obesity is associated with endothelial dysfunction, which is characterised by NO insufficiency [ 30 , 31 ].
L18: We hypothesised that prolonged supplementation with dietary NO 3 −  would enhance brain health in older obese and overweight individuals, who are at greater risk of cognitive dysfunction. This pilot RCT was designed primarily to determine the feasibility and acceptability of the protocol for a 13-week intervention study in which overweight and obese older participants were asked to consume a range of doses of NO 3 − -rich beetroot juice for 13 weeks, and the primary outcomes for this have been described elsewhere [ 32 ]. The secondary aim of the study tested whether the different doses of dietary NO 3 −  result in changes in cognitive, vascular, and pulmonary functions and CBF. This paper focuses on cognitive function and CBF.
L19: 2. Materials and Methods
L20: 2.1. Ethical Approval and Consent
L21: The study (ISRCTN14746723) was approved by the Faculty of Medical Sciences, Newcastle University (1504/4477/2018). Potential participants were asked to read and sign the consent form before entering the study.
L22: 2.2. Participants and Study Design
L23: This was a 13-week, randomized, single-blind, placebo-controlled, four-arm parallel feasibility trial. Male and female older participants (60 to 75 years old) with a body mass index (BMI) range between 25 and 40 kg/m 2  were included in the study. A detailed list of the inclusion and exclusion criteria is reported elsewhere [ 32 ]. Eligible participants were randomized into one of four treatments: High NO 3 − : two 70 mL shots of concentrated beetroot juice per day (approximately ~400 mg of NO 3 −  per shot, as reported by manufacturer (James White Company, Ashbocking, Suffolk, UK)), one every morning (~8 am) and one every evening (~9 pm). Medium NO 3 − : one shot of concentrated beetroot juice every evening (~9 pm). Low NO 3 − : one shot of concentrated beetroot juice every other evening (~9 pm). Placebo: one shot of NO 3 − -depleted beetroot juice (~0.001 mg of NO 3 − ) every other evening (~9 pm).
L24: All included participants were cognitively healthy with no self-reported history of cognitive impairment.
L25: 2.3. Study Setting
L26: The study visits were conducted at the NU-Food research facility at Newcastle University. The CBF measurements were performed at the Brain Performance Nutrition Research Centre at Northumbria University.
L27: 2.4. Data Collection Procedures
L28: Measurements were performed at the Newcastle University research facilities between 09:00 and 10:00. Body composition, waist circumference, and biological samples, including blood, saliva, and urine samples, as well as salivary strips, were collected. Biological sample collection procedures and related results have been reported elsewhere [ 32 , 33 ]. Self-reported physical activity was assessed using the short version of the international physical activity questionnaire (IPAQ). In addition, measurements of cognitive, vascular, and pulmonary functions were performed. The measurement protocols have been described in detail previously [ 32 ]. Before they left the research facility, participants were provided with a small snack (orange juice and a muffin) and were asked to continue following the low-NO 3 −  diet for the rest of the day. All measurements were taken in fasting condition (~12 h). Measurements of CBF performed at Northumbria University occurred between 15:00 and 16:00. Results related to peripheral vascular and pulmonary functions will be published in due course.
L29: The end-of-study visits were performed after 13 weeks following the same order as for the baseline measurements. These two visits were scheduled to occur ~12 h after the consumption of the last beetroot juice dose for high-NO 3 −  and medium-NO 3 −  groups, and ~36 h after the consumption of the last beetroot juice dose for the low-NO 3 −  and placebo groups.
L30: Participants were asked to follow a low-NO 3 −  diet during the day before these visits and to limit their alcohol and caffeine consumption for 24 h before the visit. Participants were also instructed to maintain their habitual dietary habits and physical activity and to avoid using mouthwash during the study [ 34 ]. Self-reported dietary NO 3 −  intake for the participants (excluding the intervention supplement) during the study was also assessed via an online validated platform (Intake 24) [ 33 ].
L31: 2.5. Compliance with Intervention
L32: Compliance with the intervention was assessed subjectively by completing a daily compliance log, which was used to record the time when participants consumed the beetroot juice. Compliance was also assessed objectively by measuring NO 3 −  and nitrite (NO 2 − ) concentrations in plasma, saliva, and urine samples [ 33 ].
L33: 2.6. Measurements
L34: The measurements described below were applied at baseline and after 13 weeks.
L35: 2.6.1. Anthropometry and Body Composition
L36: Height to the nearest 0.5 cm was measured using a stadiometer with an adjustable headpiece. Body weight and body composition parameters (fat mass, fat-free mass, body fat %, and total body water) were assessed using bioelectrical impedance analysis (Tanita BC420 MA, Tanita Corporation, Tokyo, Japan). Weight and height were used to calculate BMI. Waist circumference was measured at the midpoint between the lowest margin of the last rib and the top of the iliac crest.
L37: 2.6.2. Cognitive Function
L38: Participants were informed about the cognitive tasks and given three full practice runs at the screening visit to reduce learning effects and test anxiety prior to baseline testing day. This approach has been described by Bell et al. [ 35 ] and Goldberg et al. [ 36 ] as a solution to confounder practice effects in cognitive testing. The Computerised Mental Performance Assessment System software (COMPASS, University of Northumbria, Newcastle-upon-Tyne,  www.cognitivetesting.co.uk  (accessed on 31 December 2019)), which is sensitive to a range of nutritional interventions [ 37 , 38 ], was used to assess cognitive function. In addition, Trail Making Tasks A and B (TMT-A & TMT-B), which reportedly improved after 10 weeks of NO 2 −  supplementation in older adults [ 28 ], were also included. The order of the tests included in the COMPASS software were: word presentation, immediate word recall, numeric working memory, choice reaction time, Stroop, digit vigilance, computerized corsi blocks, peg and ball, delayed word recall, and word recognition. The scores from appropriate tasks were combined to deliver measures of the following cognitive domains, namely, (a) accuracy of attention, (b) speed of attention, (c) working memory, (d) episodic memory, (e) speed of memory, (f) overall accuracy, and (g) overall speed, using the method described recently by Wightman et al. [ 39 ].  Figure 1  shows how these global cognitive measures were compiled from individual task sub-scores. The tasks were presented on a laptop PC with responses made either with the keyboard or using a mouse. A description of these cognitive tasks is provided in  Table S1 .
L39: Figure 1  shows the order in which each of the cognitive tasks was completed at baseline and after 13 weeks with the approximate task timings and predominant cognitive domain of each task. It also demonstrates how measures of each of the global cognitive domains were constructed.
L40: 2.6.3. Quantitative Near-Infrared Spectroscopy (qNIRS)
L41: A frequency domain “quantitative” NIRS system (OxiplexTS Frequency-Domain Near-Infrared Tissue Oximeter; ISS, Inc., Champaign, IL, USA) was used to measure CBF. NIRS has been used widely in neuroscience research to detect changes in cerebral blood oxygenation related to brain activity [ 40 ]. It allows for the quantification of oxygenated haemoglobin (HbO 2 ) and deoxygenated haemoglobin (HHb) by giving the absolute measurements of absorption of near-infrared light emitted at two different wavelengths. From these values, total haemoglobin (THb) and oxygen saturation (Ox%) can be determined as follows: THb = HbO 2  + HHB and Ox% = HbO 2 /THb.
L42: After attaching the sensors to the participant’s forehead, a 5 min resting measurement of CBF parameters was recorded. Then, participants performed cognitive tasks known to activate the prefrontal cortex of the brain (serial subtraction 3 (3:20 min) and 7 (3:20 min), Stroop (3:00 min), and peg and ball (2:30 min) tasks), which are associated with an activation of the prefrontal cortex [ 41 , 42 , 43 ]. The qNIRS assessment timeline is described in  Figure 2 .
L43: The qNIRS device was located in the Brain Performance Nutrition Centre, Northumbria University, and, therefore, this measurement was conducted on a separate day from the main cognitive function measurements that were conducted at Newcastle University. The measurement was performed between 15.00 and 16.00 after participants consumed a low-NO 3 −  meal around 12.00.
L44: 2.7. Sample Size Calculation
L45: This was a pilot study designed to assess the feasibility and acceptability of the proposed intervention. A sample size of 15 per intervention group was based on (i) the predicted effect size of the intervention on cognitive changes (Trail Making Task B) [ 28 ] and (ii) the guidelines indicated by Whitehead et al. [ 44 ], who provided guidance on sample size calculation for pilot studies with the aim of maximising the use of resources and avoiding type II errors. Specifically, a sample size of 15 individuals per group would provide a 90% power to detect a medium effect size between 0.3 and 0.7.
L46: 2.8. Statistical Methods
L47: The Statistical Package for Social Sciences (IBM SPSS, version 23, Armonk, NY, USA) was used to perform the analysis. Data were checked for normality by visual inspections of histograms and by the Shapiro–Wilk test. One-way ANOVA tests were used to assess differences between the four intervention groups at baseline. Participants who did not complete the study were excluded from the main analyses; the baseline characteristics of non-completers were compared to participants with complete data using an independent t-test to identify the risk of selection bias.
L48: To assess the effect of the 13-week intervention on cognitive performance, the 13-week data were used to calculate change from baseline for each cognitive score. A one-way ANOVA was then applied to evaluate differences between the intervention groups for each calculated change in cognitive score. The Dunnett test was conducted to compare active NO 3 −  groups to the placebo control group. Summary data are presented as means ± SEM.
L49: Regarding NIRS data analysis, the data were averaged across the two hemispheres. To test the effect on the resting CBF, data recorded at resting time (5 min) at 13 weeks were averaged and converted to establish the change from resting period at baseline, and a one-way ANOVA was then used to analyse the data. The NIRS data recorded during performing cognitive tasks were converted to the change from the resting period (average of the 5 min) at baseline, and then averaged into 4 different epochs for analysis. Epoch 1, 2, 3, and 4 represent the average of the data collected when performing serial subtraction 3 (3:20 min), serial subtraction 7 (3:20 min), Stroop (3 min), and peg and ball (2:30 min), respectively. Then, analysis was conducted via a repeated measures ANOVA, utilising the interventions and epochs as factors. Models were tested for sphericity using Mauchly’s test, and multivariate models were applied if these assumptions were violated. The Dunnett test was conducted to compare active NO 3 −  groups to placebo control group. Statistical significance was set at  p  < 0.05. Summary data are presented as means ± SEM.
L50: 3. Results
L51: 3.1. Baseline Characteristics
L52: Baseline characteristics of the trial participants are shown in  Table 1 . There were 24 (38.7%) males and 38 (61.3%) females, with a mean age 66 years (range: 60–73). BMI ranged from 25 to 39 kg/m 2 , with a mean of 30.4 kg/m 2 . Thirty-five participants (56%) were overweight and twenty-seven (44%) were obese. Intervention groups were well matched across all variables. Although sixty-two participants were enrolled in the study, twelve participants dropped out. The baseline characteristics of the 12 participants who dropped out did not differ from those of the participants who completed the study (data are shown in  Table S2 ).
L53: 3.2. Effects of Nitrate Supplementation on Measures of Cognitive Function
L54: The examination of the change from baseline (using an ANOVA) did not reveal any significant differences between intervention groups for any of the individual measures of cognitive function. In addition, when scores for the individual tests were combined to provide estimates of global cognitive measures, there were no significant treatment effects. The effects of NO 3 −  dose on each cognitive measure and on the global cognitive domains are summarized in  Table 2  and  Table 3 , respectively.
L55: 3.3. Effects of Nitrate Supplementation on Measures of qNIRS Parameters Used to Estimate Cerebral Blood Flow
L56: No significant difference was found between the two resting periods at baseline and after 13 weeks for any CBF-related parameter ( p  > 0.05). The repeated measures ANOVA did not reveal any significant difference with epochs (cognitive tasks used; serial sub3, serial sub7, Stroop, and peg and ball) ( p  > 0.05), intervention group ( p  > 0.05), or the interaction between epoch and intervention group ( p  > 0.05) on any of the CBF parameters. Since no significant difference was found between epochs, data for all epochs within each participant were combined.  Figure 3 A–D show the effect on CBF-related measures including oxygen saturation, total haemoglobin, oxyhaemoglobin, and deoxyhaemoglobin. The mean values of qNIRS parameters for each intervention group at baseline and after 13 weeks are reported in  Table S3 .
L57: 3.4. Plasma Nitrate and Nitrite Concentrations
L58: Other results have been reported elsewhere [ 33 ]. Briefly, a one-way ANOVA revealed that there was a statistically significant increase in the change from baseline in plasma NO 3 −  concentration at 13 weeks ( p  < 0.001) with increasing beetroot juice consumption. However, evidence for a change from baseline in plasma NO 2 −  concentration was less convincing ( p  = 0.054). Data are summarised in  Figure S1 .
L59: 4. Discussion
L60: 4.1. Summary of Main Findings
L61: To date, this is one of the largest and longest-duration RCTs investigating the effects of incremental doses of supplemental NO 3 −  in the form of beetroot juice on cognitive function and CBF in overweight and obese older adults. This study was designed primarily as a feasibility study and was not intended to provide a definitive investigation of the effects of supplemental NO 3 −  on CBF and cognitive function. With that proviso, there was no evidence that cognitive function or CBF measured by NIRS were influenced by NO 3 −  supplementation at any dose.
L62: 4.2. Effects of Prolonged Beetroot Juice Consumption on Cognition and on CBF
L63: Beetroot juice is a rich source of NO 3 − , which is converted to NO following consumption. NO plays an important role in the regulation of CBF, neurotransmission, and neurovascular coupling [ 45 , 46 ]. Ageing is associated with endothelial dysfunction, which is characterised by a lowered release of endothelial NO. As a consequence, cerebral haemodynamics can be disturbed by reduced NO availability and higher reactive oxygen species production [ 47 ]. Lowered CBF is widely acknowledged as a key contributor to cognitive decline [ 48 , 49 ]. The present study is the first to investigate the effect of 13 weeks of consumption of beetroot juice as a rich source of NO 3 −  on cognition and CBF in older overweight and obese individuals who are at greater risk of endothelial dysfunction and cognitive impairment.
L64: The study found no effect of supplementation with beetroot juice on resting CBF or stimulated CBF (during the performance of cognitive tasks that activate the prefrontal cortex) following high-NO 3 − , medium-NO 3 − , or low-NO 3 −  doses in comparison with a placebo. It has previously been reported that acute dietary NO 3 −  supplementation with beetroot juice increased CBF in young healthy adults, when measured using a similar approach (NIRS) to the one used in the current study [ 25 ]. However, evidence regarding possible associations between dietary NO 3 −  and CBF in older people is very limited. Working with older adults, Presley et al. found that resting regional white matter perfusion (dorsolateral prefrontal cortex only), assessed via magnetic resonance imaging, was improved following two days of high-NO 3 −  diet supplementation [ 26 ]. In contrast, Kelly et al. did not detect any changes in apparent diffusion coefficients in the aforementioned regions of the brain following three days of NO 3 −  supplementation in older adults [ 50 ], despite the fact that a larger dose of NO 3 −  was used than that employed in the Presley et al. study. With regard to this apparent disparity in outcomes, Kelly et al. have postulated that the participants in the Presley et al. study, who were on average 10 years older than those in the Kelly et al. study, may have been more responsive to dietary NO 3 − . The same rationale might explain the lack of observed effect in the present study, where the participants were—on average—eight years younger than those in the Presley et al. study. In normotensive and hypertensive subjects, the forearm vasodilatory response to acetylcholine measured by strain-gauge venous plethysmography was inversely associated with ageing [ 51 ].
L65: Alternatively, the lack of effect on CBF observed in the present study may be explained by a potential reduction in NO formation with longer term NO 3 −  supplementation. As noted, NO is synthesised via enzymatic (L-arginine–NOS pathway) and non-enzymatic (NO 3 − –NO 2 − –NO) pathways [ 13 ]. Long-term dietary NO 3 −  supplementation in rats results in the reversible down-regulation of endothelial nitric oxide synthase activity, suggesting cross-talk between the two pathways [ 52 ]. We hypothesise that, after continuous NO 3 −  intake for three months, as in the present study, the endogenous pathway was down-regulated. This hypothesis could be tested by quantifying whole-body NO production before and after long-term NO 3 −  supplementation.
L66: Findings from the present study provided no evidence that the 13-week ingestion of different doses of NO 3 −  in the form of beetroot juice had any beneficial effect on cognitive function in our participants. The only statistically significant difference found was restricted to a single task outcome (delayed word recall), which most likely represents a chance finding. Gilchrist and co-authors were the first to report the beneficial effects of beetroot juice ingestion on cognitive performance, specifically in simple reaction time, in older adults with type-II diabetes following 14 days of beetroot juice consumption [ 53 ]. Justice et al. reported a 14% and 18% improvement in TMT-B following 10 weeks of consumption of 80 mg/d and 160 mg/d NO 2 −  in older adults, respectively [ 28 ]. Although the present study was 11 weeks longer than the Gilchrist et al. study and three weeks longer than the Justice et al. study, no such beneficial effects were found with any of the cognitive outcomes. The lack of cognitive effects in the current study may be attributable to several factors, including a lack of effect on CBF, and is consistent with the findings from our earlier systematic review [ 27 ]. Nevertheless, the inclusion of interim assessments in any future chronic supplementation study would pick up on any earlier effects, if they exist.
L67: A recent study found a positive association between CBF and executive function in a multi-ethnic older cohort [ 11 ]. However, improvement in CBF is not always associated with improvement in cognitive performance [ 38 ]. Because CBF was not measured, it is not known whether improved CBF mediated the improvements in cognitive function following NO 3 −  supplementation in the Gilchrist et al. (2014) and Justice et al. (2015) studies. Furthermore, it is possible that health status influences the impact of NO 3 −  supplementation on cognitive performance. The diabetic participants included in the Gilchrist et al. (2014) study had deficits in cognitive function compared with healthy participants, which may have amplified their sensitivity to cognitive testing. Although the participants in the present study were apparently healthy, they had a raised BMI, which is associated with impaired NO availability [ 31 ]. In addition, raised BMI is negatively correlated with global cognitive performance in long-term prospective cohort studies [ 54 , 55 ].
L68: 4.3. Strengths and Limitations of the Study
L69: Few studies have tested the effect of dietary NO 3 −  in older overweight/obese people, and most studies to date regarding that age group have featured short-duration intervention periods. The strength of the present study was the prolonged duration of the intervention; this is one of the longest RCTs that has investigated the effect of NO 3 −  supplementation on CBF and cognitive function in older overweight and obese adults. Thus, this study contributes to the small but growing body of research on the effects of dietary NO 3 −  supplementation on brain function. Further, the use of incremental doses of NO 3 −  in the form of beetroot juice during such a period, with the low dose being consumed on alternate days during the study, gave the study a unique design feature. Our participants were asked to maintain their habitual dietary habits, physical activity, and medication throughout the study. Finally, the increase in concentrations of NO 3 −  and NO 2 −  biomarkers with increasing beetroot juice dose (as reported elsewhere [ 33 ]) provide assurance that the participants were compliant in consuming the beetroot juice supplements.
L70: On the other hand, this study had limitations. The CBF assessment was conducted on a separate study day from other measurements due to the different location of the NIRS apparatus. However, participants were asked to follow similar instructions to the previous study day that included following a low-NO 3 −  diet and avoiding alcohol and caffeine consumption for 24 h before the visit. The only significant difference was that participants were not required to fast before the CBF assessment. Participants were asked to have their low-NO 3 −  lunch ~4 h before the assessment. In addition, due to limited access to the NIRS equipment (we had only less than one hour to collect the data), only a short period was available to collect NIRS data compared with other studies that have used similar equipment [ 25 , 39 , 56 ], which might be not sufficient to see CBF parameters alterations. Furthermore, during the data collection period, NIRS equipment stopped working for 2 weeks, which led to the loss of follow up data for three participants. The most important was that this study was designed primarily to test the feasibility and acceptability of the intervention in older adults and was not designed (or powered) to make definitive conclusions regarding the prolonged effect of NO 3 −  on cognition and CBF.
L71: 5. Conclusions
L72: These preliminary findings indicate no beneficial effects of NO 3 −  supplementation on cognitive performance or CBF in older overweight and obese adults. The findings from this study will help to inform the design of future larger definitive trials to investigate the long-term effects of dietary NO 3 −  supplementation on cognitive functions and CBF. Although this study was conducted on an apparently healthy at-risk population (i.e., older overweight and obese individuals), studies in those with mild cognitive impairment or hypertension may be more sensitive to the beneficial effects of prolonged beetroot juice consumption on cognitive function.
L73: Figure 1 Cognitive task battery.
L74: Figure 2 Protocol of the near-infrared spectroscopy (NIRS) assessment; 3S: serial subtraction 3, 7S: serial subtraction 7, P&B: peg and ball. * Stroop and peg and ball are not based on a fixed time, so the data were extracted based on the least time recorded by a participant.
L75: Figure 3 Prolonged effect of incremental doses of supplemental NO 3 −  in form of beetroot juice on cerebral oxygen saturation ( A ), total haemoglobin ( B ), oxyhaemoglobin ( C ), and deoxyhaemoglobin ( D ). HN, high nitrate; MN, medium nitrate; LN, low nitrate; PL, placebo. No significant differences between groups were found for any of the cerebral blood flow (CBF)-related parameters ( p  > 0.05). HN (high NO 3 − ; two 70 mL shots of beetroot juice/day, morning and evening), MN (medium NO 3 − ; 70 mL of beetroot juice/day), LN (low NO 3 − ; 70 mL of beetroot juice every alternate days), and PL (placebo; 70 mL of NO 3 − -depleted beetroot juice every alternate days). Each shot of beetroot juice contains 400 mg of NO 3 − . Data represent the change of CBF parameters recorded when performing cognitive tasks at 13 weeks from the resting period at baseline and were analysed using a one-way ANOVA. Data are expressed as mean ± SEM, ( n  = 47).
L76: Click here for additional data file.
L77: 1. Deary I.J. 
L78:  Corley J. 
L79:  Gow A. 
L80:  Harris S.E. 
L81:  Houlihan L.M. 
L82:  Marioni R. 
L83:  Penke L. 
L84:  Rafnsson S.B. 
L85:  Starr J.M. 
L86:  Age-associated cognitive decline Br. Med. Bull. 2009 92 135 152 10.1093/bmb/ldp033 19776035
L87: 2. Barzilai N. 
L88:  Huffman D.M. 
L89:  Muzumdar R.H. 
L90:  Bartke A. 
L91:  The critical role of metabolic pathways in aging Diabetes 2012 61 1315 1322 10.2337/db11-1300 22618766
L92: 3. Strait J.B. 
L93:  Lakatta E.G. 
L94:  Aging-associated cardiovascular changes and their relationship to heart failure Heart Fail. Clin. 2012 8 143 164 10.1016/j.hfc.2011.08.011 22108734
L95: 4. Reitz C. 
L96:  Luchsinger A.J. 
L97:  Mayeux R. 
L98:  Vascular disease and cognitive impairment Expert Rev. Neurother. 2008 8 1171 1174 10.1586/14737175.8.8.1171 18671658
L99: 5. Leeuwis A.E. 
L100:  Benedictus M.R. 
L101:  Kuijer J.P. 
L102:  Binnewijzend M.A. 
L103:  Hooghiemstra A.M. 
L104:  Verfaillie S.C. 
L105:  Koene T. 
L106:  Scheltens P. 
L107:  Barkhof F. 
L108:  Prins N.D. 
L109:  
L110:  Lower cerebral blood flow is associated with impairment in multiple cognitive domains in Alzheimer’s disease Alzheimer’s Dement. 2017 13 531 540 10.1016/j.jalz.2016.08.013 27693109
L111: 6. Wolters F.J. 
L112:  de Bruijn R.F. 
L113:  Hofman A. 
L114:  Koudstaal P.J. 
L115:  Ikram M.A. 
L116:  Cerebral vasoreactivity, apolipoprotein E, and the risk of dementia: A population-based study Arterioscler. Thromb. Vasc. Biol. 2016 36 204 210 10.1161/ATVBAHA.115.306768 26586657
L117: 7. Bangen K.J. 
L118:  Nation D.A. 
L119:  Clark L.R. 
L120:  Harmell A.L. 
L121:  Wierenga C.E. 
L122:  Dev S.I. 
L123:  Edelano-Wood L. 
L124:  Zlatar Z.Z. 
L125:  Salmon D.P. 
L126:  Liu T. 
L127:  
L128:  Interactive effects of vascular risk burden and advanced age on cerebral blood flow Front. Aging Neurosci. 2014 6 159 10.3389/fnagi.2014.00159 25071567
L129: 8. Wolters F.J. 
L130:  Ikram M.A. 
L131:  Cerebral Perfusion and the Risk of Dementia: A Population-Based Study Circulation 2017 136 719 728 10.1161/CIRCULATIONAHA.117.027448 28588075
L132: 9. Mokhber N. 
L133:  Shariatzadeh A. 
L134:  Avan A. 
L135:  Saber H. 
L136:  Babaei G.S. 
L137:  Chaimowitz G. 
L138:  Azarpazhooh M.R. 
L139:  Cerebral blood flow changes during aging process and in cognitive disorders: A review Neuroradiol. J. 2021 34 300 307 10.1177/19714009211002778 33749402
L140: 10. Ruitenberg A. 
L141:  den Heijer T. 
L142:  Bakker S.L. 
L143:  van Swieten J.C. 
L144:  Koudstaal P.J. 
L145:  Hofman A. 
L146:  Breteler M.M. 
L147:  Cerebral hypoperfusion and clinical onset of dementia: The Rotterdam Study Ann. Neurol. Off. J. Am. Neurol. Assoc. Child Neurol. Soc. 2005 57 789 794 10.1002/ana.20493
L148: 11. Leeuwis A.E. 
L149:  Smith L.A. 
L150:  Melbourne A. 
L151:  Hughes A. 
L152:  Richards M. 
L153:  Prins N.D. 
L154:  Sokolska M. 
L155:  Atkinson D. 
L156:  Tillin T. 
L157:  Jäger H.R. 
L158:  
L159:  Cerebral blood flow and cognitive functioning in a community-based, multi-ethnic cohort: The SABRE Study Front. Aging Neurosci. 2018 10 279 10.3389/fnagi.2018.00279 30279656
L160: 12. Picón-Pagès P. 
L161:  Garcia-Buendia J. 
L162:  Muñoz F.J. 
L163:  Functions and dysfunctions of nitric oxide in brain Biochim. Biophys. Acta (BBA) Mol. Basis Dis. 2019 1865 1949 1967 10.1016/j.bbadis.2018.11.007 30500433
L164: 13. Weitzberg E. 
L165:  Lundberg J.O. 
L166:  Novel Aspects of Dietary Nitrate and Human Health Annu. Rev. Nutr. 2013 33 129 159 10.1146/annurev-nutr-071812-161159 23642194
L167: 14. Venturelli M. 
L168:  Pedrinolla A. 
L169:  Boscolo Galazzo I. 
L170:  Fonte C. 
L171:  Smania N. 
L172:  Tamburin S. 
L173:  Muti E. 
L174:  Crispoltoni L. 
L175:  Stabile A. 
L176:  Pistilli A. 
L177:  
L178:  Impact of Nitric Oxide Bioavailability on the Progressive Cerebral and Peripheral Circulatory Impairments During Aging and Alzheimer’s Disease Front. Physiol. 2018 9 169 10.3389/fphys.2018.00169 29593548
L179: 15. Torregrossa A.C. 
L180:  Aranke M. 
L181:  Bryan N.S. 
L182:  Nitric oxide and geriatrics: Implications in diagnostics and treatment of the elderly J. Geriatr. Cardiol. JGC 2011 8 230 22783310
L183: 16. Seals D.R. 
L184:  Jablonski K.L. 
L185:  Donato A.J. 
L186:  Aging and vascular endothelial function in humans Clin. Sci. 2011 120 357 375 10.1042/CS20100476
L187: 17. Herrera M.D. 
L188:  Mingorance C. 
L189:  Rodriguez-Rodriguez R. 
L190:  Alvarez de Sotomayor M. 
L191:  Endothelial dysfunction and aging: An update Ageing Res. Rev. 2010 9 142 152 10.1016/j.arr.2009.07.002 19619671
L192: 18. Van Der Loo B. 
L193:  Labugger R. 
L194:  Skepper J.N. 
L195:  Bachschmid M.M. 
L196:  Kilo J. 
L197:  Powell J.M. 
L198:  Palacios-Callender M. 
L199:  Erusalimsky J. 
L200:  Quaschning T. 
L201:  Malinski T. 
L202:  
L203:  Enhanced Peroxynitrite Formation Is Associated with Vascular Aging J. Exp. Med. 2000 192 1731 1744 10.1084/jem.192.12.1731 11120770
L204: 19. Torreilles F. 
L205:  Salman-Tabcheh S. 
L206:  Guérin M.-C. 
L207:  Torreilles J. 
L208:  Neurodegenerative disorders: The role of peroxynitrite Brain Res. Rev. 1999 30 153 163 10.1016/S0165-0173(99)00014-4 10525172
L209: 20. Gómez-Pinilla F. 
L210:  Brain foods: The effects of nutrients on brain function Nat. Rev. Neurosci. 2008 9 568 578 10.1038/nrn2421 18568016
L211: 21. Adan R.A. 
L212:  van der Beek E.M. 
L213:  Buitelaar J.K. 
L214:  Cryan J.F. 
L215:  Hebebrand J. 
L216:  Higgs S. 
L217:  Schellekens H. 
L218:  Dickson S.L. 
L219:  Nutritional psychiatry: Towards improving mental health by what you eat Eur. Neuropsychopharmacol. 2019 29 1321 1332 10.1016/j.euroneuro.2019.10.011 31735529
L220: 22. Siervo M. 
L221:  Scialò F. 
L222:  Shannon O.M. 
L223:  Stephan B.C. 
L224:  Ashor A.W. 
L225:  Does dietary nitrate say NO to cardiovascular ageing? Current evidence and implications for research Proc. Nutr. Soc. 2018 77 112 123 10.1017/S0029665118000058 29745362
L226: 23. Samieri C. 
L227:  Perier M.-C. 
L228:  Gaye B. 
L229:  Proust-Lima C. 
L230:  Helmer C. 
L231:  Dartigues J.-F. 
L232:  Berr C. 
L233:  Tzourio C. 
L234:  Empana J.-P. 
L235:  Association of cardiovascular health level in older age with cognitive decline and incident dementia JAMA 2018 320 657 664 10.1001/jama.2018.11499 30140876
L236: 24. Joris P.J. 
L237:  Mensink R.P. 
L238:  Adam T.C. 
L239:  Liu T.T. 
L240:  Cerebral blood flow measurements in adults: A review on the effects of dietary factors and exercise Nutrients 2018 10 530 10.3390/nu10050530 29693564
L241: 25. Wightman E.L. 
L242:  Haskell-Ramsay C.F. 
L243:  Thompson K. 
L244:  Blackwell J.R. 
L245:  Winyard P. 
L246:  Forster J. 
L247:  Jones A.M. 
L248:  Kennedy D.O. 
L249:  Dietary nitrate modulates cerebral blood flow parameters and cognitive performance in humans: A double-blind, placebo-controlled, crossover investigation Physiol. Behav. 2015 149 149 158 26037632
L250: 26. Presley T.D. 
L251:  Morgan A.R. 
L252:  Bechtold E. 
L253:  Clodfelter W. 
L254:  Dove R.W. 
L255:  Jennings J.M. 
L256:  Kraft R.A. 
L257:  King S.B. 
L258:  Laurienti P.J. 
L259:  Rejeski W.J. 
L260:  
L261:  Acute effect of a high nitrate diet on brain perfusion in older adults Nitric Oxide 2011 24 34 42 20951824
L262: 27. Clifford T. 
L263:  Babateen A. 
L264:  Shannon O.M. 
L265:  Capper T. 
L266:  Ashor A. 
L267:  Stephan B. 
L268:  Robinson L. 
L269:  O’Hara J.P. 
L270:  Mathers J.C. 
L271:  Stevenson E. 
L272:  
L273:  Effects of inorganic nitrate and nitrite consumption on cognitive function and cerebral blood flow: A systematic review and meta-analysis of randomised clinical trials Crit. Rev. Food Sci. Nutr. 2019 59 2400 2410 10.1080/10408398.2018.1453779 29617153
L274: 28. Justice J.N. 
L275:  Johnson L.C. 
L276:  DeVan A. 
L277:  Cruickshank-Quinn C. 
L278:  Reisdorph N. 
L279:  Bassett C.J. 
L280:  Evans T.D. 
L281:  Brooks F.A. 
L282:  Bryan N.S. 
L283:  Chonchol M.B. 
L284:  
L285:  Improved motor and cognitive performance with sodium nitrite supplementation is related to small metabolite signatures: A pilot trial in middle-aged and older adults Aging 2015 7 1004 10.18632/aging.100842 26626856
L286: 29. Aliahmadi M. 
L287:  Amiri F. 
L288:  Bahrami L.S. 
L289:  Hosseini A.F. 
L290:  Abiri B. 
L291:  Vafa M. 
L292:  Effects of raw red beetroot consumption on metabolic markers and cognitive function in type 2 diabetes patients J. Diabetes Metab. Disord. 2021 20 673 682 10.1007/s40200-021-00798-z 34222085
L293: 30. Williams I. 
L294:  Wheatcroft S. 
L295:  Shah A. 
L296:  Kearney M. 
L297:  Obesity, atherosclerosis and the vascular endothelium: Mechanisms of reduced nitric oxide bioavailability in obese humans Int. J. Obes. 2002 26 754 764 10.1038/sj.ijo.0801995
L298: 31. Toda N. 
L299:  Okamura T. 
L300:  Obesity impairs vasodilatation and blood flow increase mediated by endothelial nitric oxide: An overview J. Clin. Pharmacol. 2013 53 1228 1239 10.1002/jcph.179 24030923
L301: 32. Babateen A.M. 
L302:  Rubele S. 
L303:  Shannon O. 
L304:  Okello E. 
L305:  Smith E. 
L306:  McMahon N. 
L307:  O’Brien G. 
L308:  Wightman E. 
L309:  Kennedy D. 
L310:  Mathers J.C. 
L311:  
L312:  Protocol and recruitment results from a 13-week randomized controlled trial comparing the effects of different doses of nitrate-rich beetroot juice on cognition, cerebral blood flow and peripheral vascular function in overweight and obese older people Contemp. Clin. Trials Commun. 2020 18 100571 10.1016/j.conctc.2020.100571 32405570
L313: 33. Babateen A. 
L314:  Shannon O. 
L315:  O’Brien G. 
L316:  Okello E. 
L317:  Khan A. 
L318:  Rubele S. 
L319:  Wightman E. 
L320:  Smith E. 
L321:  McMahon N. 
L322:  Olgacer D. 
L323:  
L324:  Acceptability and Feasibility of a 13-Week Pilot Randomised Controlled Trial Testing the Effects of Incremental Doses of Beetroot Juice in Overweight and Obese Older Adults Nutrients 2021 13 769 10.3390/nu13030769 33653009
L325: 34. Bescos R. 
L326:  Ashworth A. 
L327:  Cutler C. 
L328:  Brookes Z.L. 
L329:  Belfield L. 
L330:  Rodiles A. 
L331:  Casas-Agustench P. 
L332:  Farnham G. 
L333:  Liddle L. 
L334:  Burleigh M. 
L335:  
L336:  Effects of Chlorhexidine mouthwash on the oral microbiome Sci. Rep. 2020 10 14336 10.1038/s41598-020-61912-4 32868771
L337: 35. Bell L. 
L338:  Lamport D.J. 
L339:  Field D.T. 
L340:  Butler L.T. 
L341:  Williams C.M. 
L342:  Practice effects in nutrition intervention studies with repeated cognitive testing Nutr. Healthy Aging 2018 4 309 322 10.3233/NHA-170038 29951591
L343: 36. Goldberg T.E. 
L344:  Harvey P.D. 
L345:  Wesnes K. 
L346:  Snyder P. 
L347:  Schneider L.S. 
L348:  Practice effects due to serial cognitive assessment: Implications for preclinical Alzheimer’s disease randomized controlled trials Alzheimer’s Dement. Diagn. Assess. Dis. Monit. 2015 1 103 111 10.1016/j.dadm.2014.11.003 27239497
L349: 37. Haskell C.F. 
L350:  Robertson B. 
L351:  Jones E. 
L352:  Forster J. 
L353:  Jones R. 
L354:  Wilde A. 
L355:  Maggini S. 
L356:  Kennedy D.O. 
L357:  Effects of a multi-vitamin/mineral supplement on cognitive function and fatigue during extended multi-tasking Hum. Psychopharmacol. Clin. Exp. 2010 25 448 461 10.1002/hup.1144
L358: 38. Kennedy D.O. 
L359:  Wightman E.L. 
L360:  Reay J.L. 
L361:  Lietz G. 
L362:  Okello E.J. 
L363:  Wilde A. 
L364:  Haskell C.F. 
L365:  Effects of resveratrol on cerebral blood flow variables and cognitive performance in humans: A double-blind, placebo-controlled, crossover investigation Am. J. Clin. Nutr. 2010 91 1590 1597 10.3945/ajcn.2009.28641 20357044
L366: 39. Wightman E.L. 
L367:  Jackson P.A. 
L368:  Khan J. 
L369:  Forster J. 
L370:  Heiner F. 
L371:  Feistel B. 
L372:  Suarez C.G. 
L373:  Pischel I. 
L374:  Kennedy D.O. 
L375:  The Acute and Chronic Cognitive and Cerebral Blood Flow Effects of a Sideritis scardica (Greek Mountain Tea) Extract: A Double Blind, Randomized, Placebo Controlled, Parallel Groups Study in Healthy Humans Nutrients 2018 10 955 10.3390/nu10080955
L376: 40. Jackson P.A. 
L377:  Kennedy D.O. 
L378:  The application of near infrared spectroscopy in nutritional intervention studies Front. Hum. Neurosci. 2013 7 473 10.3389/fnhum.2013.00473 23964231
L379: 41. Kazui H. 
L380:  Kitagaki H. 
L381:  Mori E. 
L382:  Cortical activation during retrieval of arithmetical facts and actual calculation: A functional magnetic resonance imaging study Psychiatry Clin. Neurosci. 2000 54 479 485 10.1046/j.1440-1819.2000.00739.x 10997866
L383: 42. Grandjean J. 
L384:  D’Ostilio K. 
L385:  Phillips C. 
L386:  Balteau E. 
L387:  Degueldre C. 
L388:  Luxen A. 
L389:  Maquet P. 
L390:  Salmon E. 
L391:  Collette F. 
L392:  Modulation of brain activity during a Stroop inhibitory task by the kind of cognitive control required PLoS ONE 2012 7 e41513 22911806
L393: 43. Ruocco A.C. 
L394:  Rodrigo A.H. 
L395:  Lam J. 
L396:  Di Domenico S.I. 
L397:  Graves B. 
L398:  Ayaz H. 
L399:  A problem-solving task specialized for functional neuroimaging: Validation of the Scarborough adaptation of the Tower of London (S-TOL) using near-infrared spectroscopy Front. Hum. Neurosci. 2014 8 185 10.3389/fnhum.2014.00185 24734017
L400: 44. Whitehead A.L. 
L401:  Julious S.A. 
L402:  Cooper C.L. 
L403:  Campbell M.J. 
L404:  Estimating the sample size for a pilot randomised trial to minimise the overall trial sample size for the external pilot and main trial for a continuous outcome variable Stat. Methods Med. Res. 2016 25 1057 1073 10.1177/0962280215588241 26092476
L405: 45. Dormanns K. 
L406:  Brown R. 
L407:  David T. 
L408:  The role of nitric oxide in neurovascular coupling J. Theor. Biol. 2016 394 1 17 10.1016/j.jtbi.2016.01.009 26796228
L409: 46. Toda N. 
L410:  Ayajiki K. 
L411:  Okamura T. 
L412:  Cerebral blood flow regulation by nitric oxide in neurological disorders Can. J. Physiol. Pharmacol. 2009 87 581 594 10.1139/Y09-048 19767882
L413: 47. Bor-Seng-Shu E. 
L414:  Kita W.S. 
L415:  Figueiredo E.G. 
L416:  Paiva W. 
L417:  Fonoff E.T. 
L418:  Teixeira M.J. 
L419:  Panerai R.B. 
L420:  Cerebral hemodynamics: Concepts of clinical importance Arq. Neuro-Psiquiatr. 2012 70 352 356 10.1590/S0004-282X2012000500010
L421: 48. Korte N. 
L422:  Nortley R. 
L423:  Attwell D. 
L424:  Cerebral blood flow decrease as an early pathological mechanism in Alzheimer’s disease Acta Neuropathol. 2020 140 793 810 32865691
L425: 49. Bangen K.J. 
L426:  Werhane M.L. 
L427:  Weigand A.J. 
L428:  Edmonds E.C. 
L429:  Delano-Wood L. 
L430:  Thomas K. 
L431:  Nation D.A. 
L432:  Evangelista N.D. 
L433:  Clark A.L. 
L434:  Liu T.T. 
L435:  
L436:  Reduced regional cerebral blood flow relates to poorer cognition in older adults with type 2 diabetes Front. Aging Neurosci. 2018 10 270 10.3389/fnagi.2018.00270 30250430
L437: 50. Kelly J. 
L438:  Fulford J. 
L439:  Vanhatalo A. 
L440:  Blackwell J.R. 
L441:  French O. 
L442:  Bailey S.J. 
L443:  Gilchrist M. 
L444:  Winyard P.G. 
L445:  Jones A.M. 
L446:  Effects of short-term dietary nitrate supplementation on blood pressure, O 2  uptake kinetics, and muscle and cognitive function in older adults Am. J. Physiol. Regul. Integr. Comp. Physiol. 2013 304 R73 R83 10.1152/ajpregu.00406.2012 23174856
L447: 51. Taddei S. 
L448:  Virdis A. 
L449:  Ghiadoni L. 
L450:  Salvetti G. 
L451:  Bernini G. 
L452:  Magagna A. 
L453:  Salvetti A. 
L454:  Age-related reduction of NO availability and oxidative stress in humans Hypertension 2001 38 274 279 10.1161/01.HYP.38.2.274 11509489
L455: 52. Carlström M. 
L456:  Liu M. 
L457:  Yang T. 
L458:  Zollbrecht C. 
L459:  Huang L. 
L460:  Peleli M. 
L461:  Borniquel S. 
L462:  Kishikawa H. 
L463:  Hezel M. 
L464:  Persson A.E.G. 
L465:  
L466:  Cross-talk between nitrate-nitrite-NO and NO synthase pathways in control of vascular NO homeostasis Antioxid. Redox Signal. 2015 23 295 306 10.1089/ars.2013.5481 24224525
L467: 53. Gilchrist M. 
L468:  Winyard P.G. 
L469:  Fulford J. 
L470:  Anning C. 
L471:  Shore A.C. 
L472:  Benjamin N. 
L473:  Dietary nitrate supplementation improves reaction time in type 2 diabetes: Development and application of a novel nitrate-depleted beetroot juice placebo Nitric Oxide 2015 40 67 74 10.1016/j.niox.2014.05.003 24858657
L474: 54. Hassing L.B. 
L475:  Dahl A.K. 
L476:  Pedersen N.L. 
L477:  Johansson B. 
L478:  Overweight in midlife is related to lower cognitive function 30 years later: A prospective study with longitudinal assessments Dement. Geriatr. Cogn. Disord. 2010 29 543 552 10.1159/000314874 20606436
L479: 55. Elias M.F. 
L480:  Elias P.K. 
L481:  Sullivan L.M. 
L482:  Wolf P.A. 
L483:  D’Agostino R.B. 
L484:  Obesity, diabetes and cognitive deficit: The Framingham Heart Study Neurobiol. Aging 2005 26 11 16 10.1016/j.neurobiolaging.2005.08.019 16223549
L485: 56. Wightman E.L. 
L486:  Haskell-Ramsay C.F. 
L487:  Reay J.L. 
L488:  Williamson G. 
L489:  Dew T. 
L490:  Zhang W. 
L491:  Kennedy D.O. 
L492:  The effects of chronic trans-resveratrol supplementation on aspects of cognitive function, mood, sleep, health and cerebral blood flow in healthy, young humans Br. J. Nutr. 2015 114 1427 1437 10.1017/S0007114515003037 26344014
L493: Acknowledgments
L494: We would like to thank the study participants and staff.
L495: # **Online supplementary material**
L496: **Table S1: A description of cognitive tasks used during the study**
L497: |Cognitive tasks|Domain|Description|
L498: |---|---|---|
L499: |**Word**<br>**presentation**<br>**and immediate**<br>**word recall**<br>|**Episodic**<br>**memory**|At the beginning of the task battery, fifteen target words<br>were presented on the screen, one at a time with inter-<br>stimulus time of 1 sec. Participants were asked to remember<br>as many words as they can. Immediately after that, a 60<br>second timer displayed on the screen and participants were<br>instructed to write down as many of these words presented<br>as they could remember within this time<br>|
L500: |**Numeric**<br>**working**<br>**memory**<br>|**Working**<br>**memory**|A set of five numbers were presented on the screen,<br>separately, with an inter-stimulus time of 1 sec for the<br>participant to hold in memory. Then, a series of numbers<br>were displayed on the screen one at a time, and the<br>participants were required to remember whether it had been<br>in the original series or not and must press YES or NO as<br>quickly as possible. This task was repeated 2 further times<br>with different target numbers each time. Reaction time and<br>accuracy of responses were measured.<br>|
L501: |**Choice reaction**<br>**time**<br>|**Attention**|An arrow was appeared on the screen pointing to the left or<br>to the right. Participants were asked to press a left or right<br>response pad button corresponding to the direction of the<br>arrow as quickly and as accurate as possible. Fifty stimuli<br>were presented with an inter-stimulus interval that varied<br>randomly between 1 and 3 sec. Reaction time and accuracy<br>were measured.<br>|
L502: |**Stroop task**|**Executive**<br>**function**|A series of colour names were presented on the computer<br>screen and there were 4 different colour inks were<br>constantly displayed to the right of the screen. The colour<br>ink of the colour name could be identical with the name or<br>different. Participants were required to respond to the|
L503: |Cognitive tasks|Domain|Description|
L504: |---|---|---|
L505: |||colour of the ink using the peripheral mouse and<br>corresponding colour response buttons. 40 stimuli were<br>presented. Task measures were accuracy, incorrect<br>responses and reaction time.<br>|
L506: |**Digit vigilance**|**Attention**|A target digit was randomly selected and constantly<br>presented to the right of the screen. A series of changing<br>numbers were presented in the left of the screen and the<br>participants were required to press the centre button<br>whenever the two numbers are matched as quickly as<br>possible. The task last for 3 minutes. Task measures the<br>accuracy, reaction time and number of incorrect responses.<br>|
L507: |**Computerised**<br>**corsi blocks**<br>|**Working**<br>**& spatial**<br>**memory**|Nine blue identical squares were presented on the screen in<br>random positions. A set number of those squares randomly<br>changed to red and back to blue. Participants were asked to<br>remember and repeat the sequence by mouse clicking on<br>blocks. The task was repeated five times at each level of<br>difficulty starting from 4 level (four of the nine blue squares<br>lighting up in a random sequence). The task ended when the<br>participant no longer correctly recall the sequence. Span<br>score was calculated by averaging the last 3 correctly<br>completed trials.<br>|
L508: |**Peg and ball**<br>|**Executive**<br>**function**|Two configurations of three coloured balls (blue, green,<br>red) on three pegs were shown on the screen, one is the<br>target configuration and one is the working configuration.<br>The participants were required to rearrange the balls from<br>the working configuration so that they matched the position<br>of the balls in the target configuration using the mouse.<br>Participants completed a total of 15 trials, containing 5 trials<br>each that could be solved in 3, 4 and 5 moves, respectively,|
L509: |Cognitive tasks|Domain|Description|
L510: |---|---|---|
L511: |||in ascending order of difficulty. Each trial generated scores<br>for planning times prior to moving, time to complete and<br>number of moves made above the minimum required to<br>complete the task (errors).<br>|
L512: |**Delayed word**<br>**recall**<br>|**Episodic**<br>**memory**|Participants were given 60 seconds to write down as many<br>of the words presented at the beginning of the test. The<br>number of words correctly recalled was recorded.<br>|
L513: |**Word**<br>**recognition**<br>|**Episodic**<br>**memory**|Thirty words including the 15 original ones presented at the<br>beginning with another 15 distractor words, were displayed<br>one at a time randomly. The participants were asked to<br>respond using the “yes” button on the computer keyboard if<br>the word had been presented previously and the “no” button<br>if it had not. The word remained on the screen until the<br>participant responded. Mean reaction time for correct<br>response and accuracy were recorded.<br>|
L514: |**Serial**<br>**subtraction 3s**<br>**& 7s**<br>|**Working**<br>**memory**|Participants were instructed to count backwords in 3s or 7s<br>as accurately and as quickly as possible using the keyboard.<br>A random number between 800 and 999 was displayed on<br>the screen and it was cleared by the entry of first response.<br>Each participant was informed verbally when they make<br>any mistake is to carry on subtracting from the incorrect<br>number, the subsequent responses scored as correct in<br>relation to the new number. Number of responses, number<br>of correct and errors responses were scored.<br>|
L515: **Table S2: Comparison of baseline characteristics of the participants who dropped out**
L516: **with those of the participants who completed the study**
L517: **Participants** **Participants** **P value**
L518: **P value**
L519: **completed**
L520: **the study**
L521: **(N=50)**
L522: **Participants**
L523: **who dropped**
L524: **out (N=12)**
L525: _**Main characteristics**_
L526: Age (years) 66.2±3.8 65.8±3.7 0.78
L527: Education (years) 15.2±2.9 16±3.6 0.41
L528: SBP 135.9±15.0 131.8±14.1 0.68
L529: DBP 77.1±9.7 76.2±8.8 0.42
L530: BMI (kg/m [2] ) 30.5±3.7 30.0±4.1 0.76
L531: WC (cm) 103.6±9.1 98.0±9.0 0.18
L532: FM (kg) 32.6±8.5 30.5±9.7 0.46
L533: FM (%) 37.9±7.7 36.9±8.5 0.68
L534: FFM (kg) 53.1±10.0 52.1±10.9 0.74
L535: TBW (kg) 39.2±6.8 36.7±5.1 0.23
L536: PA (METs/wk) 3686±6062 3434±2578 0.81
L537: _**Global cognitive measures**_
L538: Accuracy of attention (%) 93.8±5.9 94.8±4.1 0.56
L539: Speed of attention (msec) 761.3±143.1 736±111.0 0.57
L540: Accuracy of working memory (%) 93.8±8.9 96.0±4.6 0.38
L541: Accuracy of episodic memory (%) 50.0±9.5 48.5±9.3 0.61
L542: Speed of memory (msec) 1191.9±243.5 1152.5±260.4 0.62
L543: Overall speed (msec) 970.9±151.3 927.6±138.7 0.37
L544: Overall accuracy (%) 75.4±4.9 75.1±3.6 0.85
L545: C _**erebral blood flow**_
L546: _**parameters**_
L547: Ox (%) 1.4±1.3 1.1±1.0 0.27
L548: THb (µM/ml) 0.4±0.8 0.2±0.7 0.95
L549: HBO (µM/ml) 0.8±0.8 0.5±0.6 0.59
L550: HHb (µM/ml) -0.3±0.4 -0.3±0.4 0.85
L551: All data were analysed by independent t-test, BMI, body mass index; WC, waist circumference; FM, Fat mass; FFM, Fat free
L552: mass; SBP, systolic blood pressure; DBP, diastolic blood pressure; PA, physical activity; PA, physical activity; OX, Oxygen
L553: saturation; THb, Total haemoglobin; HBO, Oxyhaemoglobin; HHb, Deoxyhaemoglobin; G, group of intervention.
L554: **Table S3: Mean values for baseline and after 13 weeks intervention on cerebral blood flow measures assessed by qNIRS for different**
L555: **doses of nitrate**
L556: **High NO3** **[- ]** **(N=9)** **Medium NO3** **[- ]** **(N=13)** **Low NO3** **[- ]** **(N=14)** **Placebo (N=13)**
L557: **Measure**
L558: **Baseline** **13-weeks** **Baseline** **13-weeks** **Baseline** **13-weeks** **Baseline** **13-weeks**
L559: _**Resting CBF**_
L560: Oxygen saturation (%) 59.83±0.67 57.76±2.67 60.81±1.46 61.39±2.04 64.13±1.36 65.49±1.18 60.11±1.90 57.67±1.76
L561: Total haemoglobin (µM/ml) 35.07±3.04 33.53±3.34 33.39±1.82 33.89±1.96 36.33±1.43 38.35±1.91 32.89±2.02 31.29±2.04
L562: Oxyhaemoglobin (µM/ml) 21.02±1.86 19.73±2.03 20.49±1.42 21.09±1.55 23.43±1.31 25.31±1.62 20.17±1.56 18.46±1.42
L563: Deoxyhaemoglobin (µM/ml) 14.01±1.21 13.79±1.53 12.91±0.60 12.80±0.73 12.90±0.43 13.05±0.44 12.72±0.68 12.83±0.91
L564: _**Stimulated CBF**_
L565: Oxygen saturation (%) 61.69±0.26 59.72±2.56 63.11±1.42 63.39±2.02 65.52±1.42 66.70±1.23 61.66±1.86 59.77±1.51
L566: Total haemoglobin (µM/ml) 35.07±3.00 34.02±3.45 34.02±1.80 34.35±1.99 37.10±1.42 38.37±2.03 33.41±2.00 31.88±1.96
L567: Oxyhaemoglobin (µM/ml) 21.64±1.82 20.68±2.16 21.66±1.48 22.08±1.61 24.45±1.36 25.74±1.67 20.96±1.62 19.34±1.37
L568: Deoxyhaemoglobin (µM/ml) 13.43±1.18 13.34±1.49 12.35±0.51 12.27±0.69 12.66±0.43 12.63±0.56 12.45±0.63 12.54±0.86
L569: Data are presented as means ± SEM. Differences between groups were not statistically significant for any of the parameters (p>0.05)
L570: Figure S1: Mean of plasma NO3 [−] ( **A** ) and NO2 [−] ( **B** ) concentrations of incremental doses of dietary NO3 [−] in form of BJ in older overweight and
L571: obese adults. HN (High NO3 [−] ; two 70 mL shots of BJ/day, morning and evening), MN (Medium NO3 [−] ; 70 mL of BJ/day), LN (Low NO3 [−] ; 70 mL
L572: of BJ every alternate days) and PL (placebo; 70 mL of NO3 [−] depleted BJ). Each shot of BJ contains 400 mg of NO3 [−] .P.value is for comparison of
L573: the change between different study arms. Data are expressed as mean ± standard error of the mean (SEM) ( _n_ = 49).
[25ms]

