L1: 6-Week Supplementation with  Tribulus terrestris  L. to Trained Male CrossFit ®  Athletes on Muscle, Inflammation, and Antioxidant Biomarkers: A Randomized, Single-Blind, Placebo-Controlled Trial
L2: International Journal of Environmental Research and Public Health (2022)
L3: Diego Fernández-Lázaro, Jesús Seco-Calvo, Jorge Pascual-Fernández, Carlos Domínguez-Ortega, Miguel Del Valle Soto, Juan Mielgo-Ayuso
L4: 1 Department of Cellular Biology, Genetics, Histology and Pharmacology, Faculty of Health Sciences, University of Valladolid, Campus of Soria, 42003 Soria, Spain
L5: 2 Neurobiology Research Group, Faculty of Medicine, University of Valladolid, 47005 Valladolid, Spain
L6: 3 Physiotherapy Department, Institute of Biomedicine (IBIOMED), Campus of Vegazana, University of Leon, 24071 Leon, Spain
L7: 4 Psychology Department, Faculty of Medicine, Basque Country University, 48900 Leioa, Spain
L8: 5 Medical Hospital Emergency Service of Hospital San Pedro, Rioja Health, 26006 Logroño, Spain
L9: 6 Hematology Service of Santa Bárbara Hospital, Castile and Leon Health (SACyL), 42003 Soria, Spain
L10: 7 Department of Cellular Morphology and Biology, Universidad de Oviedo, 33006 Oviedo, Spain
L11: 8 Department of Health Sciences, Faculty of Health Sciences, University of Burgos, 09001 Burgos, Spain
L12: Tribulus terrestris  L. ( TT ) ingredients have anti-inflammatory and antioxidant activities, but their effects on exercise-induced muscle damage (EIMD) in trained athletes are uncertain. The purpose of this single-blind placebo-controlled trial, in accordance with CONSORT guidelines, was to examine the effect of 6 weeks of  TT  supplementation on muscle metabolism, inflammation biomarkers, and oxidant status. Thirty trained male CrossFit ®  athletes were randomly assigned to be supplemented with 770 mg/day of  TT  (intervention group (IG)) or receive a placebo daily (control group (CG)) for 6 weeks. Muscle damage enzymes, inflammation biomarkers, and Total Antioxidant Status (TAS) were assessed at baseline (T1), 21 days after baseline (T2), and after 42 days (T3). Grace, a Workout of the Day, was measured in T1 and T3. Statistical significance ( p  < 0.05) was found between IG and CG in Lactate Dehydrogenase (LDH), C-reactive protein (CRP), and TAS levels at the end of the follow-up. Furthermore, TAS levels were significantly ( p  < 0.05) lower at T2 and T3 relative to baseline in the IG, also LDH and CRP increased significantly ( p  < 0.05) at T2 and T3 relative to baseline in the CG. No significant ( p  > 0.05) decreases in muscle damage or inflammation biomarkers were observed, although a slight downward trend was observed after 6 weeks for supplemented athletes.  TT  supplementation could attenuate the CrossFit ®  training program-induced oxidative stress, muscle damage, and inflammation which could be due to the natural antioxidant and anti-inflammatory properties of  TT .
L13: Article
L14: Tribulus terrestris  L.; herbal supplementation; CrossFit ®; muscle damage; inflammation response; exercise-induced oxidative stress
L15: 1. Introduction
L16: CrossFit ®  is a fitness methodology based on standardized and varied functional movements performed at high intensity called “Workouts of the Day” (WODs) [ 1 ]. It is designed to improve general fitness parameters (cardiovascular endurance, skeletal muscle strength, body composition, flexibility) and sports performance (agility, speed, power, strength, accuracy) [ 2 ]. In CrossFit ®  training time, all WODs are completed at maximum intensity, in a repetitive way without recovery time in between [ 3 ]. In particular, the focus on constant variation of functional movements in CrossFit ®  training allows for the use of core elements of gymnastics, weightlifting exercises, and cardiovascular activities as exercise tasks. Thus, CrossFit ®  is also considered an option for high-intensity interval training (HIIT) [ 2 ]. Extenuating physical activity leads to tissue damage resulting from an excessive inflammatory reaction that can impair muscle performance [ 4 ]. Exercise-induced muscle damage (EIMD) triggers an inflammatory response with a decrease in muscle strength, localized swelling, delayed onset muscle soreness (DOMS), and an increase in muscle proteins in the blood such as creatine kinase (CK), lactate dehydrogenase (LDH), and myoglobin (Mb) [ 5 , 6 ]. Additionally, EIMD triggers inflammatory responses that result in elevations of inflammatory markers such as C-reactive protein (CRP) interleukins (IL) IL-1, IL-6, and tumor necrosis factor (TNF-α) [ 5 , 7 ]. Consequently, EIMD, can negatively affect an individual’s athletic performance and training quality, especially training with short recovery periods.
L17: The high physical demands of CrossFit ®  means that the usual nutritional recommendations needed to improve athletes’ performance are insufficient [ 8 , 9 ]. Nutrition is the foundation of fitness and health for CrossFit, and it is considered the basis for WODs. Since CrossFit ®  is a sport with one of the most demanding physical components on the planet (it employs a combination of many training disciplines), it utilizes all energy systems in strenuous WODs. Therefore, it seems reasonable to implement nutritional aids that allow the nutritional requirements of athletes to be met, optimizing their health and athletic performance, which are also consistent with the principles of rational nutrition. [ 8 ]. In this regard, the use of herbal supplements has increased in recent years due to their potential effects on health and physical performance, attributed to their bioactive components [ 10 ].  Tribulus terrestris  L. ( TT ) is one of the most widely marketed herbal supplements among the Western population and is commonly used as a medicinal herb in Ayurvedic medicine [ 11 ].
L18: TT  is an exotic plant from the Zygophyllaceae family, genus  Tribulus , which includes 20 different plants species. The most widely known bioactive components of  TT  are saponins, flavonoids, glycosides, alkaloids, and tannins, among others. [ 12 ].  TT  saponins possess moderate dose-dependent anti-inflammatory properties and  TT  polyphenols, flavonoids, and act as antioxidants and effectively scavenge the free radicals in a concentration-dependent manner [ 12 , 13 ]. Therefore,  TT  would reduce inflammation [ 14 ] by attenuating muscle damage [ 15 ] modulating and oxidative damage [ 16 ].
L19: Considering that athletes need to mitigate EIMD, for quick recovery between workouts or competitions, the use of well-supported nutritional and supplementation strategies can be important allies of CrossFit ® . The aim of the present study was to evaluate the effect of 6 weeks of  TT  intake on the enzymes and proteins indicative of muscle metabolism as serum Mb, CK, LDH, Alanine Aminotransferase (ALT), Aspartate Aminotransferase (AST), and Aldolase; inflammatory biomarkers as IL-6 and CRP levels; and oxidant status as Total Antioxidant Status (TAS) levels, in trained CrossFit ®  athletes. Additionally, we have controlled the fatigue level by “Grace” (WODs) during a high-intensity CrossFit ®  training program. We hypothesize that  TT  would substantially modulate muscle damage, inflammation, and oxidative status induced by the CrossFit ®  training program, without toxicity in athletes. We have previously conducted a randomized, single-blind, placebo-controlled study on CrossFit ®  athletes, evaluating hormonal behavior, body composition, and perceived exertion [ 17 ]. Thus, with the methodological structure of our previous study [ 17 ], we have conducted a placebo-controlled trial on CrossFit ®  athletes.
L20: 2. Materials and Methods
L21: 2.1. Participants
L22: Participants’ characteristics are shown in  Table 1 . Thirty adult men, healthy and nonsmokers, volunteered to participate in this study. Volunteers were trained and participated in regular exercise on average ≥ 3 times per week for the previous 12 months. In this study, the following inclusion criteria were established: (i) ≥20 months of previous CrossFit ®  training; (ii) perform “Fran” (WODs) ≤ 250 s; (iii) men; (iv) age range between 18 and 50 years (both inclusive). Exclusion criteria included any kidney misfunction, a known intolerance or allergy to herbal supplements, a recent febrile illness, lower limb trauma, or any history of muscle injury.
L23: Participants had not taken any antioxidant, anti-inflammatory and performance, or immune function-enhancing medications or dietary supplements in the 3 months previous to the study. Participants were also asked to avoid any intensive exercise or heavy physical activity throughout the study and abstain from ingesting caffeine, alcohol, and illicit drugs that modify muscle behavior and disturb physical performance before and during the exercise trials. Before the study, all participants were informed about all possible risks or discomforts and benefits associated with the study and signed the consent form. The experiment procedures were approved by the Clinical Research Ethics Committee (CREC) of Valladolid Clinical Hospital (PI-19-1350).
L24: 2.2. Research Design
L25: A randomized, single-blind, placebo-controlled trial was performed to study whether supplementation with  TT  over 6 weeks can improve or reduce muscle damage and inflammation biomarkers, following a structured CrossFit ®  workout. All participants maintained an identical diet throughout the 6 weeks, inspected by a nutritionist on the research staff of this study.
L26: We have applied the guidelines of the Consolidated Standards of Reporting Trials (CONSORT) ( Table S1 ) [ 18 ].
L27: The sample size estimation was performed using the G* Power 3.1.97 statistical power analysis program (University of Dusseldorf, Dusseldorf, Germany; accessed on  https://es.freedownloadmanager.org/Windows-PC/Gpower-GRATIS.html ) (accessed on 10 July 2021) [ 19 ]. The number of mandatory participants was calculated to measure differences between independent groups, following the methodology of our recent study [ 20 ] for trials with small sample sizes. A sample of  n  = 15 participants per study group for a total of  n  = 30 volunteers was needed, considering a dropout rate ≤ 20%. At the beginning of the 6-week intervention period, individuals randomly received pre-packed capsules which included either a placebo (PL) or the  TT  supplement and labeled with the day of consumption. The randomization sequence was statistically designed to assign the participants to the two study groups (control group (CG) and intervention group (IG)) using a stratified block design. The IG received 2  TT  capsules from Quamtrax ®  Pharmaceuticals (Quamtrax ®  Nutrition Europe S.L. Fuenlabrada, Madrid, Spain) with 770 mg daily;  TT  extract 72.64% (385 mg/cap) at 40% of saponins. The CG received 2 placebo capsules of 100 mg, formulated using maltodextrin capsules to simulate the color and texture of the  TT  capsules, to generate a highly reliable blinding. The placebo was manufactured at the Magistral Formulation Laboratory of a Pharmacy (Soria, Spain). Participants were instructed to ingest the capsules orally with 200 mL of water, in 1 daily dosage, taken 30 min after CrossFit ®  workout.
L28: 2.3. Dietary Assessment
L29: To standardize diet and antioxidant status, participants were advised to have the same standard diet (50% carbs, 40% protein, and 10% fat) prescribed by a registered professional dietitian-nutritionist. This dietitian-nutritionist carefully documented in detail the daily food and fluid intake of the subjects throughout the trial to ensure that they had followed the diet they were given. Participants were instructed on how to complete the diet-recall questionnaires and determine food servings and sizes by a registered professional dietitian. The CrossFit ®  athletes were instructed using 2 diet tracking methods previously used in our studies [ 17 , 21 ]: (i) a food frequency questionnaire (FFQ) that included 139 different foods and beverages, sorted by food type and meal pattern, at T3 of the previous 6 weeks, and (ii) a 7-day dietary recall questionnaire of the 7 days prior to T3. The data obtained from each food were converted into micronutrients, macronutrients, and total energy intake, using the standardized Easy diet© software. Additionally, we proceeded to measure the total energy intake * Kg −1  for each CrossFit ®  athlete [ 22 ].
L30: 2.4. Anthropometric Measurements
L31: An internationally certified anthropometrist (ISAK level 3 with certificate number: #63673929292503670742) performed the anthropometric measurements of all CrossFit ®  athletes. Bioelectrical impedance analysis (BIA) (BC-730; Tanita, Japan) was employed to calculate body mass and fat mass; a stadiometer was used to measure height.
L32: 2.5. Blood Collection and Biomarkers Analysis
L33: All participants attended the laboratory for blood collection at 3 specific times: at baseline (T1), 21 days after baseline (T2), and at the end of the study after 42 days (T3) ( Figure 1 ). Blood samples (10 mL each) were collected from the antecubital vein of all athletes at each point (T1, T2, and T3), under baseline conditions, after an overnight fast, and 36 h without exercise. For blood collection, CrossFit ®  athletes arrived at the laboratory at 8:30 am and upon arrival sat comfortably for 30 min. The collection and transport of blood samples was performed following the World Anti-Doping Agency (WADA) standards [ 23 ]. The preparation of the blood samples prior to the determination of the biomarkers was performed following our previously described methodology [ 17 , 21 ]. Serum myoglobin (Mb) was determined by a chemiluminescent luminol reaction after adsorption to anti-myoglobin IgG onto a solid phase. %CK-MB fraction, calculated as (CK-MB/CK) * 100, LDH, aldolase, ALT /GPT, and GOT/AST were measured using classic enzymatic methods, in a Hitachi autoanalyzer (Hitachi 917, Japan). Urea was measured using a colorimetric enzymatic method and creatinine was measured using the Jaffe’s reaction adapted kinetic method. Human IL-6 ELISA™ kit (ab178013) (INVITROGEN; ThermoFisher Scientific, Waltham, Massachusetts, United States) was used to measure the serum IL-6 level with a sensitivity of <2 pg/mL. CRP was also measured with the ELISA method using a CRP Human ELISA™ kit (BMS288INST) (INVITROGEN; ThermoFisher Scientific, Waltham, Massachusetts, United States) with a sensitivity of <10 pg/mL. The white blood cells (WB), monocytes (MON), lymphocyte (LIM), red blood cells (RCB), hemoglobin (Hb), and hematocrit (Hct) were evaluated in a System Coulter Counter MAX-M model hematological counter. TAS was determined by an automated Rel Assay measurement method Total Antioxidant Status (E-BC-K801-M) (Elabscience Biotechnology, USA). TAS is usually used to estimate the overall oxidation state of the body [ 24 ]. All biomarker tests were performed in a public hospital of the Castile and Leon Health Network (SACyL), Santa Barbara Hospital of Soria (Spain), with the corresponding controls of the technique. Percent variation in plasma volume (% ΔPV) was estimated using Van Beaumont’s method. Moreover, analytical marker values make an adjustment by: Corrected value = Uncorrected value * ((100 + % ΔPV)/100) [ 22 ].
L34: 2.6. CrossFit Training
L35: Participants trained in 3 sessions on alternate weekdays (Monday, Wednesday, and Friday) for a total of 4.5 h/week. The start of all CrossFit ®  training sessions was between 6:00 p.m. and 8:00 p.m. Each 1.5 h CrossFit ®  training session consisted of 3 sections such as specific warm-up, WODs, and cool-down. Each workout was performed in the participants’ own gym, supervised by a certified CrossFit ®  Degree 1- or 2-certified instructor (each). All subjects completed the same physical activity routines to ensure that they performed the same prescribed workout during the study. In addition, CrossFit ®  athletes were specifically asked not to perform CrossFit routines outside of the structured training program.
L36: 2.7. “Workouts of the Day” (WODs)
L37: Fran’s inclusion WODs consisted of three rounds of thrusters and pull-ups for 21, 15, and 9 repetitions [ 1 , 2 ]. Fran is one of the most famous types of training that all CrossFit ®  athletes do to monitor their performance improvements. Thanks to its great scalability, Fran has become famous as a key exercise to know the athlete’s progress and many CrossFit ®  athletes use it as a unique yardstick to measure their physical capacity and analyze physical progress [ 25 ]. Furthermore, Zeitz et al. [ 26 ] have reported that the 33% increase in performance variation in Fran can be explained by improvements in strength. Butcher et al. [ 27 ] verified that Fran was strongly correlated with strength data and oxygen consumption at the anaerobic threshold. The 250 s mark is the cut-off point for participation in local amateur CrossFit ®  competitions, and it is considered an advanced level of CrossFit ®  with times over 4 min [ 1 , 2 ].
L38: We have controlled the fatigue level using the Grace test (WODs) following the international CrossFit ®  protocols [ 1 , 2 ]. For Grace, CrossFit ®  athletes performed 30 clean and jerk repetitions, and the time in seconds (s) to complete them was measured. The male athletes were required to use weights of 61.4 kg [ 1 , 2 ]. The Grace test was assessed at baseline (T1), when  TT  supplementation had not yet begun, and at the final day of the study (T3) after 6 weeks.
L39: 2.8. Blinding
L40: The participants ( n  = 30) completed a form intended to assess the effectiveness of the single-blinding process in the study. The results of the questionnaire indicated that 90% ( n  = 27) of the CrossFit ®  athletes did not identify the group to which they were assigned. Only 1 participant stated and correctly knew which group in the study he belonged to. These results could indicate that the single blinding was fruitful.
L41: 2.9. Data Analysis
L42: For the random assignment of participants to both study groups (CG and IG), we used the sequence created by the “Random Sequence Generator” software (based on stratified block design) based on study entry date (available at  https://apps.apple.com/es/app/random-number-generator-app/id1476396989 ) (accessed on 15 July 2021). The statistical analysis was carried out using STATA version 15.0 (StataCorp, College Station, TX, USA), SPSS software version 24.0 (SPSS, Inc., Chicago, IL, USA), and Microsoft Excel (Microsoft Excel version 19). The results were contained as means and standard deviations. Statistical significance was established at a value of  p  < 0.05. The Shapiro–Wilk test was used to determine the normality of the variables. Parametric tests were used because the data followed a normal distribution. To determine the differences between the groups (IG and CG) at baseline and the end of the study, a t-test for independent variables was used for the sample characteristics, dietary assessments, and performance tests. In addition, a t-test for dependent variables was used to determine the existence of significant differences between the performance tests at T1 and T3. An analysis of variance (ANOVA) with repeated measures was performed to examine the effects of the time ×  TT  supplementation interaction on the different groups (IG and CG) and the muscle damage (AST, ALT, CK, CK-MB, LDH, and Mb), inflammation (IL-6 and CRP), and oxidant response (TAS) of the groups. The differences between the biomarkers at different times during the study were determined using the Scheffé test. The percent changes in the WODs test studied in the CG and IG between T1 and T3 were calculated through the following formula: Δ% = ((T3 − T1)/T1) ∗ 100; to determine whether the differences in these percentages between groups were significant, the  t -test for independent samples was used.
L43: 3. Results
L44: 3.1. Recruitment and Randomization
L45: Forty-five CrossFit ®  athletes were enrolled; however, seven participants declined to take part in the study. The remaining 38 CrossFit ®  athletes were tested with “Fran” (WODs), and 6 athletes were discarded for presenting results, time to complete the test > 250 s. In addition, two participants were rejected because they chronically consumed anti-inflammatory drugs that could alter the biomarkers of the study. Finally, 30 CrossFit ®  athletes were involved in the study. Thirty athletes were randomly assigned into two groups (control group (CG;  n  = 15) and intervention group (IG;  n  = 15)). None of the 30 participants dropped out of the study or interrupted the intervention, so all participants were tested at T1, T2, and T3 ( Figure S1 ).
L46: No significant differences ( p  > 0.05) were obtained in the anthropometric and exercise performance profile between CG and IG, as described in  Table 1 .
L47: 3.2. Dietary Assessment
L48: During the study, there was no significant difference between CG and IG ( p  > 0.05) for the dietary components reported in  Table S2 .
L49: 3.3. Blood Collection and Biomarkers Analysis
L50: The % ΔVP of the CrossFit ®  athletes was reduced by 3.3 % between baseline and T2. In addition, % ΔVP also decreased by 3.7% between baseline and T3. Following these results, we proceeded to the adjustment of all biomarkers.
L51: 3.4. Muscle Biomarkers
L52: No significant differences ( p  > 0.05) between the time points (T1, T2, and T3) nor between CG and IG were detected for ALT, AST, Mb, aldolase, CK, CK-MB. Significant differences ( p  < 0.05) were observed between the three study points in the CG for LDH. In addition, for LDH there were significant differences ( p  < 0.05) in  Condition × Time  between both groups (CG and IG). For the CG, a significant increase ( p  < 0.05) in LDH was observed at T2 (353.11 ± 9.12 UI/L) and T3 (366.50 ± 10.71) compared to T1 (312.13 ± 10.81 UI/L). However, LDH had a downward trend in the IG from baseline (328.59 ± 5.49 UI/L) to T3 (314.14 ± 4.70 UI/L) ( Table 2 ).
L53: 3.5. Inflammatory Biomarkers
L54: Significant differences ( p  < 0.05) were observed between the three study points (T1, T2, and T3) in the CG for CRP. In addition, for CRP there were significant differences ( p  < 0.05) in  Condition × Time  between both groups (CG and IG). In addition, for the CG, a significant increase ( p  < 0.05) in CRP was observed at T2 (1.51 ± 0.22 mg/L) and T3 (1.55 ± 0.22 mg/L) compared to T1 (1.21 ± 0.30 mg/L) ( Table 2 ). However, in the IG a slight non-significant ( p  >0.05) decrease was observed throughout the three points evaluated in the study (T1, T2, and T3) ( Table 2 ).
L55: 3.6. Oxidant Status
L56: For the IG, TAS was significantly increased ( p  < 0.05) at T2 (1.46 ± 0.02 mmol/L) and T3 (1.48 ± 0.05 mmol/L) compared to T1 (1.34 ± 0.07 mmol/L). In the CG, TAS remained practically unchanged from T1 (1.31 ± 0.05) to T3 (1.33 ± 0.06). Significant differences ( p  < 0.05) between both groups, IG and CG, were observed for TAS ( Table 2 ).
L57: 3.7. Hematological Biomarkers
L58: No significant differences ( p  > 0.05) between the time points nor between the groups were reported for hematological biomarkers ( Table 3 ).
L59: 3.8. Workouts of the Day (WODs)
L60: Table 4  indicates the percentage changes (%Δ) on the Grace test. There were no significant differences ( p  > 0.05) in Grace, but there was a slight trend of improvement in the IG (IG −25.00 ± 10.74 %Δ) compared to the CG (−24.73 ± 10.58%Δ).
L61: 4. Discussion
L62: Our study’s results showed that LDH, CRP, and TAS levels after 6 weeks of supplementation with  TT  (770 mg/day) in trained male CrossFit ®  athletes were significantly ( p  < 0.05) different compared to CG, throughout the three points of the study. In addition, TAS levels were significantly ( p  < 0.05) lower at T2 and T3 relative to baseline in the IG. No significant ( p  > 0.05) decreases in muscle damage or inflammation biomarkers were observed, although a slight downward trend was observed after 6 weeks of the study for supplemented athletes. For a better understanding, we have divided the discussion into several sections.
L63: 4.1. Inflammatory Biomarkers
L64: WODs are recognized as one of the modalities of very-high-intensity functional training with minimal or no rest between bouts, making WODs a strenuous workout [ 3 ]. In response to demanding physical exercise, proinflammatory mediators are released, such as IL-6, IL-1, IL-4, or TNF-α and acute phase proteins such as CRP, increasing their plasma levels [ 28 ]. These mediators are biomarkers of the inflammatory response [ 29 ]. In a previous study [ 15 ],  TT’s  supplementation for 2 weeks with 500 mg/day had no effect on IL-6 or hs-CRP in healthy non-athletic men after resistance exercise. According to these findings, we did not observe any effect on IL-6. However, we showed a significant difference regarding between-group changes in CRP ( p  < 0.05) and a significant ( p  < 0.05) increase in the CG, with a moderate downward trend in the IG. These differences could be due to the supplementation time, dose, or composition of  TT´s  supplement.
L65: The potential anti-inflammatory effect of  Tribulus  may be due to the modulating action on inflammatory pathways of  TT  components [ 30 ]. The polyphenols could act by inhibiting NF-Bκ activation, suppressing the activation and phosphorylation of JAK/STAT proteins [ 31 , 32 ], but the flavonoids would also act by inhibiting COX-2 and prostaglandin E2 (PGE2) production by decreasing the expression of p-JNK [ 31 ]. Based on the above mechanisms [ 31 , 32 ], it can be hypothesized that the 6-week consumption of TT may be effective in controlling the overall inflammatory state by modulating CRP increases. However, TT supplementation in physically active individuals would not modulate the exercise-induced IL-6 response. Perhaps  TT  lacks immunomodulatory properties, which regulate inflammatory states for a longer duration. However, an in vitro study in RAW 264.7 cells [ 32 ] reported that  Tribulusamide D  (phenolic amides from the fruits of  TT ) treatment reduced the expression of inflammatory cytokines IL-6, IL-10, and TNF-α [ 32 ].
L66: 4.2. Antioxidant Biomarkers
L67: A recent study [ 33 ] showed a significant ( p  < 0.05) decrease in plasma total antioxidant capacity after vigorous WODs. A CrossFit ® -based metabolic conditioning session increases oxidative stress in proportion to the intensity or fatigue induced by the duration of the training session [ 34 ]. The high metabolic and mechanical demands of CrossFit ®  would trigger different major sources of reactive oxygen species (ROS) contribution during and after WODs [ 33 ].  TT´s  polyphenols and flavonoids act as antioxidants [ 12 , 35 ] which could modulate oxidative damage [ 16 ] by neutralizing the ROS, and potentially enhance post-WODs recovery [ 36 ]. Da silva et al. [ 37 ] reported the decrease of oxidative stress in endurance training athletes supplemented for 8 weeks with 500 mg/day of  TT . In addition, in cadmium-intoxicated rats supplemented with  TT  extract (5 mg/kg) that reduced the elevation of thiobarbituric acid reactive substances (TBARS) [ 37 ], thiobarbituric acid was formed as a by-product of lipid peroxidation. These results agree with those reported in our study, where IG significantly ( p  < 0.05) increased TAS. TAS evaluates the dynamic balance between the antioxidant system and prooxidants [ 6 ]. Regarding the antioxidant activity of  TT , we could hypothesize that long-term supplementation of  TT  (6 weeks, 770 mg/day) could be effective in increasing TAS in the CrossFit ®  training program.
L68: 4.3. Muscle Biomarkers
L69: After a high-intensity CrossFit ®  training program, a process of muscle tissue breakdown and dumping of intramyocellular contents into the systemic circulation is initiated [ 38 ]. Sustained and intense WODs can initiate a significant elevation of several plasma stress mediators as markers of circulating muscle damage [ 33 ]. These biomarker elevations are indicative of increased EIMD [ 5 ], which negatively influences the performance and/or health of athletes [ 29 ]. EIMD increases muscle enzyme activity [ 21 ]; similarly, CG non-supplemented athletes showed increased muscle enzyme activity, with serum LDH levels being significantly higher at T2 and T3 than baseline. However, muscle damage biomarkers showed a slight downward trend in  TT  supplemented athletes, especially on LDH plasma levels, where their behavior was statistically significant ( p  < 0.05) compared to the non-supplemented. Overall, muscle biomarker levels of the participants in the IG were lower than those of the CG after the exercise, but this decrease was not statistically significant. Supplementation of  TT  at higher doses or for a longer period could lead to a significant improvement. Three previous studies examined muscle damage biomarkers [ 15 , 39 , 40 ] in physically active adult males. In these studies,  TT  supplementation demonstrated a significant reduction for CK activity (during high-intensity training) [ 39 ] and a non-significant decrease [ 15 ]. In addition, LDH activity (during resistance-exercise training) was significantly reduced after the administration of 500 mg/day of  TT  powder and extract [ 15 ]. However, Milasius et al. [ 40 ] found significant increases in CK plasma levels in male endurance athletes supplemented with  TT . These differences may be due to bioactive components of  TT  supplementation [ 41 ].  TT´s  muscle protective action via flavonoids, alkaloids, phenols, and saponins [ 15 , 39 ] are necessary to have an antioxidant and/or anti-inflammatory effect [ 11 , 42 ]. Therefore, in tissue injury skeletal muscle, membrane permeability would be reduced, thereby reducing the release of muscle-damaging enzymes from skeletal muscle into the blood circulation [ 41 ]. Therefore, such results could suggest that  TT  might effectively lessen the muscle damage because of a CrossFit ®  intense training-based regimen.
L70: 4.4. Tribulus terrestris L. Supplementation
L71: Human clinical trials reported several side effects after  TT  treatment such as: gastrointestinal problems [ 43 , 44 ], gynecomastia [ 45 ], priapism [ 46 ], nephrotoxicity [ 47 , 48 ], hepatotoxicity, neurotoxicity [ 47 ], sleep disturbances, fatigue, hypertension, and elevated heart rate [ 35 , 48 ]. Our athletes have not expressed adverse effects during or after the 6-week supplementation protocol with  TT  (770 mg/day), and no alterations on hematological biomarkers have been reported. The  TT´s  dose administered was within the safety range (250 mg–9000 mg) proposed by the Scientific Committee of the Spanish Agency for Consumer Affairs, Food Safety and Nutrition (AECOSAN) [ 49 ].
L72: 4.5. CrossFit ®  Training Program
L73: A CrossFit ®  training program was performed looking for athletes to perform movements with the highest possible intensity to generate fatigue and induce a certain degree of muscle damage and oxidative stress [ 50 , 51 ]. Our CrossFit ®  training program performed with athletes suggests that the results could be considered accurate, as the evaluated results showed alterations in muscle metabolism and biomarkers of inflammation and oxidative status. In addition, the CrossFit ®  training program increased athletic performance in the Grace test, which could imply suitability as a physical training program. In addition, prolonged periods of intensive exercise training (physical stress conditions) can reduce immunity and decrease red blood cells, hematocrit, and hemoglobin levels [ 20 ]. In our study, no differences were found in hematological biomarkers. Thus, our CrossFit ®  training program and 6-week supplementation regimen with TT (770 mg/day) could be appropriate.
L74: Limitations and Strengths
L75: The main limitation was the small sample size, which limits the interpretation of the results. Gender may be a factor influencing the severity of muscle damage, oxidative stress, and inflammation responses in humans (only male athletes were included). In addition, the percentage of components of the  TT  supplement administered was not determined.
L76: On the other hand, the strengths of our study were the randomized single-blind placebo-controlled design, the application of CONSORT guidelines, the inclusion of athletic subjects with previous CrossFit ®  experience, no differences between the two study groups (IG and CG), and the control of dietary intake.
L77: 5. Conclusions
L78: Oral  TT  supplementation of 770 mg/day in CrossFit ®  trained men could slightly attenuate the exercise-induced oxidative stress, muscle damage, and inflammation which could be due to the natural antioxidant and anti-inflammatory properties of  TT . Therefore, further studies are needed in this field to corroborate the effects of  TT  on muscle performance/behavior in athletes training at a high intensity.
L79: Practical Applications
L80: TT  supplementation could be used during seasons of high physical demand, to intensify skeletal muscle recovery and counteract oxidative damage and inflammation generated by EIMD. It is necessary to consider that the supplementation strategy implemented on athletes should be done considering the physiological effects of  TT .
L81: Figure 1 The implementation schedule for the 6 weeks of the study.
L82: Click here for additional data file.
L83: 1. Glassman G. 
L84:  Understanding CrossFit East Val. Crossfit Newsl. 2007 1 115 Available online:  http://journal.crossfit.com/2007/04/understanding-crossfit-by-greg.tpl (accessed on 18 July 2022)
L85: 2. Glassman G. 
L86:  What Is CrossFit? CrossFit J. 2004 56 1 7 Available online:  http://journal.crossfit.com/2004/03/what-is-crossfitmar-04-cfj.tpl (accessed on 19 July 2022)
L87: 3. Claudino J.G. 
L88:  Gabbett T.J. 
L89:  Bourgeois F. 
L90:  Souza H.D. 
L91:  Miranda R.C. 
L92:  Mezêncio B. 
L93:  Soncin R. 
L94:  Filho C.A.C. 
L95:  Bottaro M. 
L96:  Hernandez A.J. 
L97:  
L98:  Crossfit overview: Systematic review and meta-analysis Sport Med. 2018 4 11 10.1186/s40798-018-0124-5 29484512
L99: 4. Fernández-Lázaro D. 
L100:  Mielgo-Ayuso J. 
L101:  Martínez A.C. 
L102:  Seco-Calvo J. 
L103:  Iron and physical activity: Bioavailability enhancers, properties of black pepper (bioperine ® ) and potential applications Nutrients 2020 12 1886 10.3390/nu12061886 32599787
L104: 5. Fernández-Lázaro D. 
L105:  Mielgo-Ayuso J. 
L106:  Seco-Calvo J. 
L107:  Córdova Martínez A. 
L108:  Caballero García A. 
L109:  Fernandez-Lazaro C.I. 
L110:  Modulation of exercise-induced muscle damage, inflammation, and oxidative markers by curcumin supplementation in a physically active population: A systematic review Nutrients 2020 12 501 10.3390/nu12020501 32075287
L111: 6. Fernández-Lázaro D. 
L112:  Fernandez-Lazaro C.I. 
L113:  Mielgo-Ayuso J. 
L114:  Jimenez Navascués L. 
L115:  Córdova Martínez A. 
L116:  Seco-Calvo J. 
L117:  The role of selenium mineral trace element in exercise: Antioxidant defense system, muscle performance, hormone response, and athletic performance. A systematic review Nutrients 2020 12 1790 10.3390/nu12061790 32560188
L118: 7. Fernández-Lázaro D. 
L119:  González-Bernal J.J. 
L120:  Sánchez-Serrano N. 
L121:  Jimenez Navascués L. 
L122:  Del Río Ascaso A. 
L123:  Mielgo-Ayuso J. 
L124:  Physical exercise as a multimodal tool for COVID-19: Could it be used as a preventive strategy? Int. J. Environ. Res. Public Health 2020 17 8496 10.3390/ijerph17228496 33212762
L125: 8. Gogojewicz A. 
L126:  Śliwicka E. 
L127:  Durkalec-Michalski K. 
L128:  Assessment of Dietary Intake and Nutritional Status in CrossFit-Trained Individuals: A Descriptive Study Int. J. Environ. Res. Public Health 2020 17 4772 10.3390/ijerph17134772 32630749
L129: 9. de Souza R.A.S. 
L130:  da Silva A.G. 
L131:  de Souza M.F. 
L132:  Souza L.K.F. 
L133:  Roschel H. 
L134:  da Silva S.F. 
L135:  Saunders B. 
L136:  A Systematic Review of CrossFit ®  Workouts and Dietary and Supplementation Interventions to Guide Nutritional Strategies and Future Research in CrossFit ® Int. J. Sport Nutr. Exerc. Metab. 2021 31 187 205 10.1123/ijsnem.2020-0223 33513565
L137: 10. Williams M. 
L138:  Dietary Supplements and Sports Performance: Herbals J. Int. Soc. Sport Nutr. 2006 3 1 6 10.1186/1550-2783-3-1-1
L139: 11. Sellami M.M. 
L140:  Slimeni O. 
L141:  Pokrywka A. 
L142:  Kuvačić G. 
L143:  Hayes L.D. 
L144:  Milic M. 
L145:  Padulo J. 
L146:  Herbal medicine for sports: A review J. Int.Soc. Sport Nutr. 2018 15 1 14 10.1186/s12970-018-0218-y 29568244
L147: 12. Chhatre S. 
L148:  Nesari T. 
L149:  Somani G. 
L150:  Kanchan D. 
L151:  Sathaye S. 
L152:  Phytopharmacological overview of  Tribulus terrestris Pharmacogn. Rev. 2014 8 45 51 10.4103/0973-7847.125530 24600195
L153: 13. Ștefănescu R. 
L154:  Tero-Vescan A. 
L155:  Negroiu A. 
L156:  Aurică E. 
L157:  Vari C.E. 
L158:  A Comprehensive Review of the Phytochemical, Pharmacological, and Toxicological Properties of  Tribulus terrestris  L. Biomolecules 2020 10 752 10.3390/biom10050752 32408715
L159: 14. Heidari M.R. 
L160:  Mehrabani M. 
L161:  Pardakhty A. 
L162:  Khazaeli P. 
L163:  Zahedi M.J. 
L164:  Yakhchali M. 
L165:  Vahedian M. 
L166:  The analgesic effect of  Tribulus terrestris  extract and comparison of gastric ulcerogenicity of the extract with indomethacine in animal experiments Ann. N. Y. Acad. Sci. 2007 1095 418 427 10.1196/annals.1397.045 17404054
L167: 15. Talemi M.N.P.E. 
L168:  Ardakani S.M.P. 
L169:  Roozbeh B. 
L170:  Tribulus terrestris  may decrease muscle damage markers following a high-intensity resistance exercise: A pilot study Int. J. Vitam. Nutr. Res. 2021 91 500 506 10.1024/0300-9831/a000649 32375572
L171: 16. Alzahrani S. 
L172:  Ezzat W. 
L173:  Elshaer R.E. 
L174:  Abd El-Lateef A.S. 
L175:  Mohammad H.M.F. 
L176:  Elkazaz A.Y. 
L177:  Toraih E. 
L178:  Zaitone S.A. 
L179:  Standardized  Tribulus terrestris  extract protects against rotenoneinduced oxidative damage and nigral dopamine neuronal loss in mice J. Physiol. Pharmacol. 2018 69 979 994
L180: 17. Fernández-Lázaro D. 
L181:  Mielgo-Ayuso J. 
L182:  Soto M.D.V. 
L183:  Adams D.P. 
L184:  González-Bernal J.J. 
L185:  Seco-Calvo J. 
L186:  The Effects of 6 Weeks of  Tribulus terrestris  L. Supplementation on Body Composition, Hormonal Response, Perceived Exertion, and CrossFit ® Performance: A Randomized, Single-Blind, Placebo-Controlled Study Nutrients 2021 13 3969 10.3390/nu13113969 34836225
L187: 18. Moher D. 
L188:  Hopewell S. 
L189:  Schulz K.F. 
L190:  Montori V. 
L191:  Gøtzsche P.C. 
L192:  Devereaux P.J. 
L193:  Elbourne D. 
L194:  Egger M. 
L195:  Altman D.G. 
L196:  CONSORT 
L197:  CONSORT 2010 explanation and elaboration: Updated guidelines for reporting parallel group randomised trials Int. J. Surg. 2012 10 28 55 10.1016/j.ijsu.2011.10.001 22036893
L198: 19. Faul F. 
L199:  Erdfelder E. 
L200:  Lang A.G. 
L201:  Buchner A. 
L202:  G*Power 3: A flexible statistical power analysis program for the social, behavioral, and biomedical sciences Behav. Res. Methods 2007 39 175 191 10.3758/BF03193146 17695343
L203: 20. Fernández-Lázaro D. 
L204:  Mielgo-Ayuso J. 
L205:  Santamaría G. 
L206:  Gutiérrez-Abejón E. 
L207:  Domínguez-Ortega C. 
L208:  García-Lázaro S.M. 
L209:  Seco-Calvo J. 
L210:  Adequacy of an Altitude Fitness Program (Living and Training) plus Intermittent Exposure to Hypoxia for Improving Hematological Biomarkers and Sports Performance of Elite Athletes: A Single-Blind Randomized Clinical Trial Int. J. Environ. Res. Public Health 2022 19 9095 10.3390/ijerph19159095 35897470
L211: 21. Fernández-Lázaro D. 
L212:  Mielgo-Ayuso J. 
L213:  del Valle Soto M. 
L214:  Adams D.P. 
L215:  Gutiérrez-Abejón E. 
L216:  Seco-Calvo J. 
L217:  Impact of Optimal Timing of Intake of Multi-Ingredient Performance Supplements on Sports Performance, Muscular Damage, and Hormonal Behavior across a Ten-Week Training Camp in Elite Cyclists: A Randomized Clinical Trial Nutrients 2021 13 3746 10.3390/nu13113746 34836002
L218: 22. Fernández-Lázaro D. 
L219:  Ergogenic Strategies for Optimizing Performance and Health in Regular Physical Activity Participants: Evaluation of the Efficacy of Compressive Cryotherapy, Exposure to Intermittent Hypoxia at Rest and Sectorized Training of the Inspiratory Muscles Ph.D. Thesis University of León León, Spain 2020 Available online:  https://dialnet.unirioja.es/servlet/tesis?codigo=286163&info=resumen&idioma=SPA (accessed on 25 July 2022)
L220: 23. World Anti-Doping Agency 
L221:  Guidelines—Blood Sample Collection Available online:  https://www.wada-ama.org/en/resources (accessed on 13 May 2022)
L222: 24. Wu R. 
L223:  Feng J. 
L224:  Yang Y. 
L225:  Dai C. 
L226:  Lu A. 
L227:  Li J. 
L228:  Liao Y. 
L229:  Xiang M. 
L230:  Huang Q. 
L231:  Wang D. 
L232:  
L233:  Significance of Serum Total Oxidant/Antioxidant Status in Patients with Colorectal Cancer PLoS ONE 2017 12 e0170003 10.1371/journal.pone.0170003 28103261
L234: 25. Gómez-Landero L.A. 
L235:  Frías-Menacho J.M. 
L236:  Analysis of Morphofunctional Variables Associated with Performance in Crossfit ®  Competitors J. Hum. Kinet. 2020 73 83 91 10.2478/hukin-2019-0134 32774540
L237: 26. Zeitz E.K. 
L238:  Cook L.F. 
L239:  Dexheimer J.D. 
L240:  Lemez S. 
L241:  Leyva W.D. 
L242:  Terbio I.Y. 
L243:  Tran J.R. 
L244:  Jo E. 
L245:  The Relationship between CrossFit ®  Performance and Laboratory-Based Measurements of Fitness Sport 2020 8 112 10.3390/sports8080112 32796573
L246: 27. Butcher S. 
L247:  Neyedly T. 
L248:  Horvey K. 
L249:  Benko C. 
L250:  Do physiological measures predict selected CrossFit ®  benchmark performance? J. Sport Med. 2015 6 241 247 10.2147/OAJSM.S88265
L251: 28. Cerqueira É. 
L252:  Marinho D.A. 
L253:  Neiva H.P. 
L254:  Lourenço O. 
L255:  Inflammatory Effects of High and Moderate Intensity Exercise—A Systematic Review Front. Physiol. 2020 10 1550 10.3389/fphys.2019.01550 31992987
L256: 29. Martínez A.E.D. 
L257:  Martín M.J.A. 
L258:  González-Gross M. 
L259:  Basal Values of Biochemical and Hematological Parameters in Elite Athletes Int. J. Environ. Res. Public Health 2022 19 3059 10.3390/ijerph19053059 35270750
L260: 30. Zhu W. 
L261:  Du Y. 
L262:  Meng H. 
L263:  Dong Y. 
L264:  Li L. 
L265:  A review of traditional pharmacological uses, phytochemistry, and pharmacological activities of  Tribulus terrestris Chem. Cent. J. 2017 11 60 10.1186/s13065-017-0289-x 29086839
L266: 31. Ferraz C.R. 
L267:  Carvalho T.T. 
L268:  Manchope M.F. 
L269:  Artero N.A. 
L270:  Rasquel-Oliveira F.S. 
L271:  Fattori V. 
L272:  Casagrande R. 
L273:  Verri W.A. Jr. 
L274:  Therapeutic Potential of Flavonoids in Pain and Inflammation: Mechanisms of Action, Pre-Clinical and Clinical Data, and Pharmaceutical Development Molecules 2020 25 762 10.3390/molecules25030762 32050623
L275: 32. Lee H.H. 
L276:  Ahn E.K. 
L277:  Hong S.S. 
L278:  Oh J.S. 
L279:  Anti-inflammatory effect of tribulusamide D isolated from  Tribulus terrestris  in lipopolysaccharide-stimulated RAW264.7 macrophages Mol. Med. Rep. 2017 16 4421 4428 10.3892/mmr.2017.7208 28849109
L280: 33. Rios M. 
L281:  Macan T. 
L282:  Stevanović-Silva J. 
L283:  Nhusawi K. 
L284:  Fernandes R.J. 
L285:  Beleza J. 
L286:  Ascensão A. 
L287:  Magalhães J. 
L288:  Acute CrossFit ®  Workout Session Impacts Blood Redox Marker Modulation Physiologia 2021 1 13 21 10.3390/physiologia1010004
L289: 34. Kliszczewicz B. 
L290:  John Q.C. 
L291:  Daniel B.L. 
L292:  Gretchen O.D. 
L293:  Michael E.R. 
L294:  Kyle T.J. 
L295:  Acute Exercise and Oxidative Stress: CrossFitTM vs. Treadmill Bout J. Hum. Kinet. 2015 47 81 90 10.1515/hukin-2015-0064 26557192
L296: 35. Qureshi A. 
L297:  Naughton D.P. 
L298:  Petroczi A. 
L299:  A systematic review on the herbal extract  Tribulus terrestris  and the roots of its putative aphrodisiac and performance enhancing effect J. Diet. Suppl. 2014 11 64 79 10.3109/19390211.2014.887602 24559105
L300: 36. He F. 
L301:  Li J. 
L302:  Liu Z. 
L303:  Chuang C.C. 
L304:  Yang W. 
L305:  Zuo L. 
L306:  Redox Mechanism of Reactive Oxygen Species in Exercise Front. Physiol. 2016 7 486 10.3389/fphys.2016.00486 27872595
L307: 37. Da Silva Junior E.P. 
L308:  Gorjão R. 
L309:  Lambertucci R.H. 
L310:  Tribulus Terrestris´Supplementation Improves the Antioxidant System of Resistance Trained Subjects SL Nutr. Metab. 2017 1 113
L311: 38. Adhikari P. 
L312:  Hari A. 
L313:  Morel L. 
L314:  Bueno Y. 
L315:  Exertional Rhabdomyolysis After CrossFit Exercise Cureus 2021 13 e12630 10.7759/cureus.12630 33585118
L316: 39. Ma Y. 
L317:  Guo Z. 
L318:  Wang X. 
L319:  Tribulus terrestris  extracts alleviate muscle damage and promote anaerobic performance of trained male boxers and its mechanisms: Roles of androgen, IGF-1, and IGF binding protein-3 J. Sport Health Sci. 2017 6 474 481 10.1016/j.jshs.2015.12.003 30356644
L320: 40. Milasius K. 
L321:  Dadeliene R. 
L322:  Skernevicius J. 
L323:  The influence of the  Tribulus terrestris  extract on the parameters of the functional preparedness and athletes’ organism homeostasis Fiziol. Zhurna 2009 55 89 96
L324: 41. Fernández-Lázaro D. 
L325:  Fernandez-Lazaro C.I. 
L326:  Seco-Calvo J. 
L327:  Garrosa E. 
L328:  Adams D.P. 
L329:  Mielgo-Ayuso J. 
L330:  Effects of  Tribulus terrestris  L. on Sport and Health Biomarkers in Physically Active Adult Males: A Systematic Review Int. J. Environ. Res. Public Health 2022 19 9533 10.3390/ijerph19159533 35954909
L331: 42. Yin Q. 
L332:  Wang L. 
L333:  Yu H. 
L334:  Chen D. 
L335:  Zhu W. 
L336:  Sun C. 
L337:  Pharmacological Effects of Polyphenol Phytochemicals on the JAK-STAT Signaling Pathway Front. Pharmacol. 2021 12 716672 10.3389/fphar.2021.716672 34539403
L338: 43. Kamenov Z. 
L339:  Fileva S. 
L340:  Kalinov K. 
L341:  Jannini E.A. 
L342:  Evaluation of the efficacy and safety of  Tribulus terrestris  in male sexual dysfunction—A prospective, randomized, double-blind, placebo-controlled clinical trial Maturitas 2017 99 20 26 10.1016/j.maturitas.2017.01.011 28364864
L343: 44. Akhtari E. 
L344:  Raisi F. 
L345:  Keshavarz M. 
L346:  Hosseini H. 
L347:  Sohrabvand F. 
L348:  Bioos S. 
L349:  Kamalinejad M. 
L350:  Ghobadi A. 
L351:  Tribulus terrestris  for treatment of sexual dysfunction in women: Randomized double-blind placebo-controlled study DARU J. Pharm. Sci. 2014 22 40 10.1186/2008-2231-22-40 24773615
L352: 45. Jameel J.K.A. 
L353:  Kneeshaw P.J. 
L354:  Rao V.S.R. 
L355:  Drew P.J. 
L356:  Gynaecomastia and the plant product “ Tribulis terrestris ” Breast 2004 13 428 430 10.1016/j.breast.2003.10.013 15454201
L357: 46. Campanelli M. 
L358:  De Thomasis R. 
L359:  Tenaglia R.L. 
L360:  Priapism caused by “ Tribulus terrestris ” Int. J. Impot. Res. 2016 28 39 40 10.1038/ijir.2015.30 26631925
L361: 47. Talasaz A.H. 
L362:  Abbasi M.R. 
L363:  Abkhiz S. 
L364:  Dashti-Khavidaki S. 
L365:  Tribulus terrestris -induced severe nephrotoxicity in a young healthy male Nephrol. Dial. Transplant. 2010 25 3792 3793 10.1093/ndt/gfq457 20667992
L366: 48. Ryan M. 
L367:  Lazar I. 
L368:  Nadasdy G.M. 
L369:  Nadasdy T. 
L370:  Satoskar A.A. 
L371:  Acute kidney injury and hyperbilirubinemia in a young male after ingestion of  Tribulus terrestris Clin. Nephrol. 2015 83 177 183 10.5414/CN108324 25295577
L372: 49. Alonso Lebrero E. 
L373:  Manuel Barat Baviera J. 
L374:  Pilar Conchello Moreno M. 
L375:  Estruch Riba R. 
L376:  Antonia Ferrús Pérez M. 
L377:  Font Pérez G. 
L378:  Guix Arnau S. 
L379:  Hardisson de la Torre A. 
L380:  Jos Gallego A. 
L381:  Marcos Sánchez A. 
L382:  
L383:  Section of Food Safety and Nutrition Report Approved by the Section of Food Safety and Nutrition of the Scientific Committee on Plenary SessionWorking Group 2015 1 44 Available online:  https://ec.europa.eu/food/horizontal-topics/expert-groups/scientific-committees/scientificcommittee-food-archive_en (accessed on 19 July 2022)
L384: 50. Pinto H.D. 
L385:  Casalechi H.L. 
L386:  de Marchi T. 
L387:  Dos Santos Monteiro Machado C. 
L388:  Dias L.B. 
L389:  Lino M.M.A. 
L390:  de Azevedo J.B. 
L391:  Tomazoni S.S. 
L392:  Leal-Junior E.C.P. 
L393:  Photobiomodulation Therapy Combined with a Static Magnetic Field Applied in Different Moments Enhances Performance and Accelerates Muscle Recovery in CrossFit ®  Athletes: A Randomized, Triple-Blind, Placebo-Controlled Crossover Trial. Rauf, A., editor Oxidative Med. Cell. Longev. 2022 2022 9968428 10.1155/2022/9968428
L394: 51. Timón R. 
L395:  Olcina G. 
L396:  Camacho-Cardeñosa M. 
L397:  Camacho-Cardenosa A. 
L398:  Martinez-Guardado I. 
L399:  Marcos-Serrano M. 
L400:  48-hour recovery of biochemical parameters and physical performance after two modalities of CrossFit workouts Biol. Sport 2019 36 283 289 10.5114/biolsport.2019.85458 31624423
L401: Acknowledgments
L402: The authors want to thank (i) the Neurobiology Research Group, Department of Cellular Biology, Genetics, Histology and Pharmacology, Faculty of Medicine, the University of Valladolid for their collaboration on the infrastructures, consumables, and inventoriable material that was necessary to carry out the study, (ii) the Hematology and Hemotherapy Service of the Hospital Santa Bárbara de Soria for their analysis of the participants’ blood samples, and (iii) Cesar I. Fernández-Lázaro for his help with the statistical analyses.
L403: **Figure S1.** A flow chart of the enrolment and randomization process, according to the CONSORT guideless.
L404: Reproduced with appropriate permissions from Ref. [18]. Copyright 2010 CONSORT Statement
L405: https://www.consortstatement.org/download/Media/Default/Downloads/CONSORT%202010%20Flow%20Diagram.doc.
L406: **Table S1.** CONSORT 2010 checklist of information to include when reporting a randomized trial. Reproduced
L407: with appropriate permissions from Ref. [18]. Copyright 2010 CONSORT Statement https://www.consortstatement.org/download/Media/Default/Downloads/CONSORT%202010%20Checklist.doc.
L408: **Item** **Reported on**
L409: **Section/Topic** **Checklist Item**
L410: **Nº** **Page nº**
L411: 1a Identification as a randomized trial in the title 1
L412: **Title and abstract** Structured summary of trial design, methods, results, and conclusions
L413: 1b 2
L414: (for specific guidance see CONSORT for abstracts)
L415: **Introduction**
L416: _Background and_ 2a Scientific background and explanation of rationale 3
L417: _objectives_ 2b Specific objectives or hypotheses 4
L418: **Methods**
L419: 1
L420: Description of trial design (such as parallel, factorial) including
L421: 3a 5
L422: allocation ratio
L423: _Trial design_
L424: Important changes to methods after trial commencement (such as
L425: 3b             eligibility criteria), with reasons
L426: 4a Eligibility criteria for participants 5
L427: _Participants_
L428: 4b Settings and locations where the data were collected
L429: The interventions for each group with sufficient details to allow
L430: _Interventions_ 5 5–6
L431: replication, including how and when they were actually administered
L432: Completely defined pre-specified primary and secondary outcome
L433: 6a 6–8
L434: _Outcomes_ measures, including how and when they were assessed
L435: 6b Any changes to trial outcomes after the trial commenced, with reasons
L436: 7a How sample size was determined 5
L437: _Sample size_ When applicable, explanation of any interim analyses and stopping
L438: 7b             guidelines
L439: _Randomization:_
L440: 8a Method used to generate the random allocation sequence 8
L441: Sequence generation Type of randomization; details of any restriction (such as blocking and
L442: 8b 8
L443: block size)
L444: Allocation Mechanism used to implement the random allocation sequence (such as
L445: concealment 9 sequentially numbered containers), describing any steps taken to 8
L446: mechanism conceal the sequence until interventions were assigned
L447: Who generated the random allocation sequence, who enrolled
L448: Implementation 10 8
L449: participants, and who assigned participants to interventions
L450: If done, who was blinded after assignment to interventions (for
L451: 11a example, participants, care providers, those assessing outcomes) and 6
L452: _Blinding_
L453: how
L454: 11b If relevant, description of the similarity of interventions 5–6
L455: Statistical methods used to compare groups for primary and secondary
L456: 12a 8–9
L457: outcomes
L458: _Statistical methods_
L459: Methods for additional analyses, such as subgroup analyses and
L460: 12b            adjusted analyses
L461: **Results**
L462: _Participant flow_ (a
L463: diagram is strongly
L464: recommended)
L465: For each group, the numbers of participants who were randomly
L466: 13a assigned, received intended treatment, and were analyzed for the 10
L467: primary outcome
L468: For each group, losses and exclusions after randomization, together
L469: 13b 10
L470: with reasons
L471: 14a Dates defining the periods of recruitment and follow-up 7
L472: _Recruitment_
L473: 14b Why the trial ended or was stopped
L474: A table showing baseline demographic and clinical characteristics for
L475: _Baseline data_ 15 9
L476: each group
L477: For each group, number of participants (denominator) included in each
L478: _Numbers analysed_ 16 10
L479: analysis and whether the analysis was by original assigned groups
L480: _Outcomes and_
L481: _estimation_
L482: For each primary and secondary outcome, results for each group, and
L483: 17a the estimated effect size and its precision (such as 95% confidence 10–11
L484: interval)
L485: For binary outcomes, presentation of both absolute and relative effect
L486: 17b sizes is recommended
L487: Results of any other analyses performed, including subgroup analyses
L488: _Ancillary analyses_ 18 and adjusted analyses, distinguishing pre-specified from exploratory
L489: 2
L490: All important harms or unintended effects in each group (for specific
L491: _Harms_ 19    guidance see CONSORT for harms)
L492: **Discussion**
L493: Trial limitations, addressing sources of potential bias, imprecision, and,
L494: _Limitations_ 20 16
L495: if relevant, multiplicity of analyses
L496: _Generalizability_ 21 Generalizability (external validity, applicability) of the trial findings 12–16
L497: Interpretation consistent with results, balancing benefits and harms, and
L498: _Interpretation_ 22 12–16
L499: considering other relevant evidence
L500: **Other information**
L501: _Registration_ 23 Registration number and name of trial registry   _Protocol_ 24 Where the full trial protocol can be accessed, if available
L502: Sources of funding and other support (such as supply of drugs), role of
L503: _Funding_ 25   funders
L504: **Table S2.** Energy and micronutrient intake in the control group (CG) and intervention group (IG) during 6 weeks
L505: of study. Reproduced with appropriate permissions from Ref. [17]. Copyright 2021 Fernández-Lázaro, Diego.
L506: https://www.mdpi.com/2072-6643/13/11/3969.
L507: **Group** **CG** _**n**_ **= 15** **IG** _**n**_ **= 15** _**p**_ **-value**
L508: **Energy (kcal/kg)** 38.3 ± 5.8 39.7 ± 5.2 0.273
L509: **Proteins (g)** 145.3 ± 36.9 138.3 ± 44.9 0.395
L510: **Fats (g)** 139.3 ± 40.2 141.3 ± 42.6 0.748
L511: **Carbohydrates (g)** 340.2 ± 98.6 345.6 ± 103.2 0.435
L512: **Ca (mg)** 1036.3 ± 214.1 1082.4 ± 193.6 0.345
L513: **Mg (mg)** 542.3 ± 99.2 551.1 ± 95.9 0.863
L514: **P (mg)** 2123.6 ± 66.1 2076.9 ± 84.3 0.583
L515: **Fe (mg)** 21.1 ± 4.6 23.5 ± 5.7 0.801
L516: **Zn (mg)** 13.7 ± 0.8 14.7 ± 0.8 0.699
L517: **Vitamin A (µg)** 1859.3 ± 1180.1 2002.1 ± 775.2 0.659
L518: **Vitamin E (mg)** 17.0 ± 2.5 17.3 ± 1.6 0.466
L519: **Vitamin B1 (mg)** 2.6 ± 0.2 2.8 ± 0.6 0.526
L520: **Vitamin B2 (mg)** 2.7 ± 0.2 2.7 ± 0.2 0.693
L521: **Vitamin B (mg)** 40.0 ± 7.1 37.2 ± 3.9 0.815
L522: **Vitamin B6 (mg)** 4.1 ± 0.7 4.3 ± 0.9 0.831
L523: **Vitamin B9 (mg)** 634.2 ± 171.1 636.4 ± 169.5 0.885
L524: **Vitamin B12 (µg)** 9.1 ± 3.9 9.3 ± 3.1 0.877
L525: **Vitamin C (µg)** 347.1 ± 138.2 356.4 ± 119.6 0.733
L526: Data are expressed as mean ± standard deviation. _p_ -value: significantly different between groups by
L527: independent _t_ -test. Kilograms: kg; grams: g; milligrams: mg; micrograms: µg; kilocalories: Kcal; control group:
L528: CG; intervention group: IG.
L529: 3
[31ms]

