L1: Randomised Controlled Trial of Fish Oil Supplementation on Responsiveness to Resistance Exercise Training in Sarcopenic Older Women
L2: Nutrients (2022)
L3: Natália Maira da Cruz Alves, Karina Pfrimer, Priscila Carvalho Santos, Ellen Cristini de Freitas, Thiago Neves, Rodrigo Antônio Pessini, Márcia Varella Morandi Junqueira-Franco, Marcello H. Nogueira-Barbosa, Carolyn Anne Greig, Eduardo Ferriolli
L4: 1 Department of Internal Medicine, Ribeirão Preto Medical School, University of São Paulo (USP), Ribeirão Preto 14049-900, SP, Brazil;  kpfrimer@fmrp.usp.br  (K.P.);  thiagonevesufmt@gmail.com  (T.N.);  mvmjf@hotmail.com  (M.V.M.J.-F.);  eferriol@fmrp.usp.br  (E.F.)
L5: 2 Department of Nutrition, University of Ribeirão Preto, Avenue Costábile Romano 2201, Ribeirão Preto 14049-900, SP, Brazil
L6: 3 Department of Food and Nutrition, School of Pharmaceutical Sciences of Araraquara State, University of Sao Paulo, Araraquara 14801-902, SP, Brazil;  priscilacarvalho.nutri@yahoo.com.br  (P.C.S.);  ecfreitas@yahoo.com  (E.C.d.F.)
L7: 4 School of Physical Education and Sport of Ribeirao Preto, University of Sao Paulo, Ribeirao Preto 14049-900, SP, Brazil
L8: 5 Department of Health Sciences, Ribeirao Preto Medical School, University of Sao Paulo, Ribeirao Preto 14049-900, SP, Brazil
L9: 6 Department of Medical Images, Hematology and Clinical Oncology, Ribeirão Preto Medical School, University of São Paulo (USP), Ribeirão Preto 14049-900, SP, Brazil;  rodpessini@gmail.com  (R.A.P.);  marcello@fmrp.usp.br  (M.H.N.-B.)
L10: 7 School of Sport, Exercise and Rehabilitation Sciences and MRC-Versus Arthritis Centre for Musculoskeletal Ageing Research, University of Birmingham, Birmingham B15 2TT, UK;  c.a.greig@bham.ac.uk
L11: This study aims to investigate the effects of fish oil supplementation on the muscle adaptive response to resistance exercise training, physical performance and serum levels of inflammatory cytokines in sarcopenic older women. A randomised, double-blind, placebo-controlled trial is performed with thirty-four sarcopenic women (2010 European Consensus of Sarcopenia), aged ≥ 65 years. The participants are allocated into the following two groups: Exercise and Fish Oil (EFO) and Exercise and Placebo (EP). Both groups undertook a resistance exercise programme over 14 weeks. All participants are instructed to ingest 4 g/day of food supplements; the EP group received sunflower oil capsules, and the EFO group, fish oil capsules. The cross-sectional area (CSA) of the quadriceps muscle is calculated using magnetic resonance imaging (MRI). The strength of the lower limbs is measured using isokinetic dynamometry. Both groups show improvements in CSA and strength after the intervention. Changes in EFO are significantly greater compared with EP for muscle strength (peak torque, 19.46 Nm and 5.74 Nm, respectively,  p  < 0.001). CSA increased after the intervention in both groups (EFO; 6.11% and EP; 2.91%), although there is no significant difference between the groups ( p  = 0.23). There are no significant intra-group, inter-group or time differences in any of the cytokines measured. The use of fish oil supplementation potentiates the neuromuscular response to the anabolic stimulus from training, increasing muscle strength and physical performance in sarcopenic older women.
L12: Article
L13: sarcopenia; fish oil; muscle strength; aging
L14: 1. Introduction
L15: Sarcopenia, defined as the age-related reduction of muscle mass and function [ 1 , 2 , 3 ], is associated with negative health outcomes and considerable social and economic impacts [ 4 ].
L16: The decline in physical activity, which accompanies advancing age, is considered one of the main factors influencing the development of sarcopenia [ 5 , 6 ]. A sedentary lifestyle is one of the main contributors to this condition, and higher levels of physical activity may attenuate its progression [ 7 , 8 ].
L17: Muscle loss has been reported to vary between the sexes [ 9 ]. Women have physiologically lower muscle mass, strength and physical function for a given age compared with men throughout their lifetime; however, the respective rates of decline of these parameters do not differ [ 10 ]. However, Lynch et al. report that sex differences may be dependent upon anatomical location (upper versus lower limb) and the method of measurement of muscle function [ 11 ].
L18: It has been well established in the literature that progressive resistance exercise training (RET) improves muscle strength, mass and functional performance in older people [ 12 , 13 , 14 , 15 ], as it promotes morphological and functional adaptations in skeletal muscle [ 16 ]. It is therefore the key modality for the management of sarcopenia [ 17 ].
L19: Omega-3 polyunsaturated fatty acid supplementation has been shown to decrease blood pressure [ 18 ]. In addition, previous research has shown that fish oil supplementation combined with RET may potentiate anabolic responsiveness [ 19 , 20 , 21 ]. This could be due to an increase in the availability of amino acids, increasing myofibrillar protein synthesis; an increase in nerve conduction speed [ 12 , 20 ] and the improvement in the modulation of ionic calcium channels of the sarcolemma [ 12 , 22 , 23 , 24 ]. Again, there may be sex differences in the response to supplementation, with one study showing increases in muscle function and quality in older women but not in older men [ 21 ].
L20: Most of the studies involving fish oil supplementation and RET have been performed in younger adults and older people in whom sarcopenia was not evaluated. Considering the lack of studies including sarcopenic sedentary older adults and women in particular, this study aimed to investigate the effect of a 14-week period of omega 3 polyunsaturated fatty acid supplementation on the responsiveness to RET in sedentary older sarcopenic women.
L21: 2. Materials and Methods
L22: 2.1. Participants
L23: This study was approved by the Human Research Ethics Committee of the Clinics Hospital of the Ribeirao Preto Medical School, University of Sao Paulo (5607/2016) and registered at Clinical Trials.gov (NCT3462771).
L24: The participants were recruited at the Geriatric Medicine Outpatient Clinic of the Clinics Hospital of the Ribeirao Preto Medical School, Family Health Centres and in the community of the city of Ribeirao Preto.
L25: Inclusion criteria were female, aged 65 years or older, sarcopenic according to the EWGSOP (2010) criteria [ 25 ], sedentary (defined as performing moderate to intense physical activity for less than 150 min/week during the last three months) and having BMI below 30 kg·m −2 . Exclusion criteria included use of any fish oil supplements, any acute or chronic disease or condition that would adversely affect participant safety and/or ability to continue with the RET programme, as identified by the application of the Physical Activity Readiness Questionnaire (PAR-Q).
L26: 2.2. Randomisation and Blinding
L27: Participants were randomly allocated (1:1) to Group Exercise and Fish Oil (EFO) n = 17 and Group Exercise and Placebo (EP),  n  = 17, using the Research Randomizer software (version 4.0) [ 26 ]. Identical bottles containing capsules of fish oil (Eicosapentaenoic acid (EPA); 440 mg and Docosahexaenoic acid (DHA); 220 mg) or sunflower oil (as placebo) were provided. Participants, evaluators and researchers were blinded to the treatment, to maintain the double-blind study design.
L28: 2.3. Screening for Sarcopenia
L29: The EWGSOP (2010) [ 27 ] criteria were followed for the diagnosis of sarcopenia. Muscle mass was estimated using bioelectrical impedance analysis, muscle strength using handgrip dynamometry and physical performance by the measurement of walking speed, as described below.
L30: 2.3.1. Skeletal Muscle Mass Index
L31: The assessment of body composition was performed, as part of the screen for sarcopenia status, using a portable electric bioimpedance device, tetrapolar, ImpediMed Pty Ltd., model ImpDF 50 (Pinkenba, Queensland, Australia). The procedures indicated by the equipment manual for the examination were followed. The resistance values obtained were used to calculate skeletal muscle mass (SMM), using the formula, SMM = [(h 2 /R × 0.401) + (sex × 3.825) + (age × −0.071)] + 5.102, with height (h) in centimeters, “R” being the resistance value in ohm; for sex, woman = 0 and man = 1, age in years. The skeletal muscle mass index (SMI) was calculated by dividing SMM by the square of the height [ 23 ]. The cut-off value of SMI for the diagnosis of sarcopenia was ≤6.75 kg·m −2 .
L32: 2.3.2. Handgrip Strength (HGS)
L33: A portable hydraulic dynamometer (Saehan Corporation, Masan Free Trade Zone, Masan, Korea) was used for the HGS test. The test was applied according to the recommendations of the American Society of Hand Therapists (ASHT) [ 28 ]. The participant was instructed to remain sitting comfortably with an arm adducted parallel to the trunk, the elbow flexed at 90°, the forearm in a neutral position and the wrist in 0° to 30° extension. The participant was instructed and encouraged to pull the loop of the dynamometer, maintaining for six seconds and then relax. Three measurements were performed at one-minute intervals, with the participant alternating between the dominant and non-dominant side. The average of three measurements was used in subsequent analysis.
L34: 2.3.3. Gait Speed
L35: Gait speed was measured over a 4 m course. Participants were instructed to stand with both feet touching the starting line and to begin walking at their usual pace after a verbal command. The average of two walks was used to compute the measure of gait speed [ 29 ].
L36: 2.4. Measurement of Functional Capacity
L37: 2.4.1. Six-Minute Walking Test
L38: The six-minute walking test (6mWT) was applied before and after the intervention, in order to evaluate the physical capacity of the volunteers [ 30 , 31 ]. The test was performed according to the American Thoracic Society (ATS) [ 32 ] 2002 guideline. The test was performed in a hospital corridor. A 30 m distance, measured with an inextensible metric tape, was marked with colour tape every 3 m. Each participant was instructed to walk along the marked distance, as fast as she could, during the 6 min. The distance walked was recorded in meters.
L39: 2.4.2. Lower Limb Muscle Strength (Peak Torque) and Power
L40: The peak torque and power of the lower limbs were measured before and after the intervention using dynamometry (Biodex 4 Pro, Biodex, Shirley, New York, NY, USA) at angular speeds of 60º/s and 180º/s. The participants were encouraged to perform five maximum extensions for each lower limb, with a resting time of at least 30 s between each extension. The highest value was recorded and used in subsequent analysis.
L41: 2.4.3. Quadriceps Cross-Sectional Area (CSA) Using MRI
L42: For the acquisition of magnetic resonance images, the Philips Achieva Intera—1.5 T equipment (Caserta, Italy) was used, allocated at HCMRP –USP. During the measurements, the participants were instructed to remain lying in the supine position with their arms relaxed at their sides and immobile.
L43: In order to facilitate the location of the quadriceps muscle and the axial cut of the images for analysis, an Advil™ (Pfizer, Itapevi, São Paulo) capsule was fixed with tape as a marker at a midpoint of the right thigh located between the upper edge of the patella and the anterosuperior iliac spine [ 33 ].
L44: The protocol adopted for the sequence of images was the same used in the service routine of the Radiology Department of the Clinics Hospital, and consisted of a T1 sequence with turbo spin-echo with axial cut of TR = 500 ms; TE = 15 ms; cutting thickness of 8 mm; 240 × 240 matrix; FOV AP 240, RL 240, FH 272 mm, image size (X, Y, Z) 240 × 240 × 34 and voxel size (X, Y, Z) of 1 × 1 × 8 mm. All segmentations were performed by one previously trained examiner (NMCA), bordering the internal edge of the muscular fascia from the axial T1-weighted image.
L45: For the analysis and segmentation of the images, the 3D Slicer software (version 4.10.2, Tres Cantos, Spain) ®  was used, an 8 mm segment was analyzed, using the image with Advil capsule as reference. Thus, CSA was measured by the ratio between the quads segment volume and its thickness.
L46: 2.4.4. Muscle Quality
L47: Lower limb muscle quality was calculated as the ratio of the isokinetic strength of the dominant limb (peak torque Nm) and cross-sectional area (cm 2 ) of the same limb [ 34 ].
L48: 2.5. Biochemical Evaluation
L49: 2.5.1. Inflammatory Cytokines
L50: In order to investigate the presence of inflammation, plasma concentrations of IL1, IL6, IL8, IL10 and TNF-α were measured. The analyses were performed in duplicate, using the multiplex assay panel (HCYTOMAG-60K, Miliplex ® , kit Merck Milipore, Darmstadt, Germany), using the equipment Luminex ®  TM Technology (Magpix, Austin, TX, USA). The assays were performed according to the manufacturer’s instructions. Cytokine concentration was calculated using the Miliplex Analyst software ®  (version 5.1, Darmstadt, Germany).
L51: 2.5.2. Plasma and Capsules Fatty Acid Concentration
L52: The analysis of plasma samples and the oil in the capsules was performed in duplicate. Total lipids were extracted using the Folch method (1957), and lipids extracted by direct transesterification, as described by Lepage and Roy (1984). The analyses were performed in the mass spectrometry laboratory at FMRP-USP. After extraction, total fatty acids were determined by gas chromatography (SHIMADZU, GC-2010).
L53: The analysis of the capsules showed the presence of the following fatty acids: myristic (14: 0) 7.61%, palmitic (16: 0) 21.36%, palmitoleic (16: 1n7) 10.77%, steric (18: 0) 4.20%, oleic (18: 1n29) 13.33%, linoleic (18: 2n26) 0.70%, α-linolenic (18: 3n23) 0,83%, arachidonic (20: 4n26) 1.44%, EPA (22: 5n23) 21.31% and DHA (22: 6n23) 12.75%. The following fatty acids were present in the sunflower oil capsule: palmitic (16: 0) 4.51%, steric (18: 0) 3.05%, oleic (18: 1n29) 44, 84% and linoleic (18: 2n26) 47.58%.
L54: 2.6. Intervention Protocol
L55: All participants were instructed to ingest two capsules of the supplement offered at lunch and dinner (4 g·day −1 ). This was based on the fact that bioavailability of fish oil is optimal when taken with meals [ 35 ]. The daily dose of fish oil in the present study was selected on the basis of the previously reported positive effects on muscle mass in healthy older people, thus being physiologically relevant in humans [ 36 ]. All capsules were provided by Sorocaps Pharmaceutical Industry Ltd. (Sorocaba, Brazil). Adherence was assessed indirectly, by interview and weekly reinforcement of the importance of the correct use of the supplement during the training sessions and by controlling the number of capsules in each bottle (bottles returned by the participants every 12 days), and directly, by measuring the plasma concentration of fatty acids EPA and DHA in the pre- and post-intervention period.
L56: The one-repetition maximum test (1RM) [ 37 ] was applied for the determination of the training intensity. During the first two weeks, the exercises were conducted at 50% of 1RM, aiming to attain neuromuscular adaptation and attenuation of the risk of muscle soreness and injuries. From the third week, intensity was increased to 70% of 1RM and, from the seventh week on, to 80% of 1RM [ 12 ]. Training sessions were performed under the supervision of a member of the study team (physiotherapist, NMCA) and one qualified instructor (physical educator, TN). Temperature at the gym was controlled at 21 °C.
L57: Supervised training sessions were held three times per week, in the gymnasium of the School of Physical Education and Sports of the University of Sao Paulo in Ribeirao Preto. The participants were instructed and encouraged to perform three series of 12 repetitions for each exercise, with one minute of rest between each series. Both the eccentric and concentric phases were included, over the full range of movement. At the beginning of each session an aerobic warm-up session was performed for 10 min.
L58: The following exercises were included: Leg extension, 45° Leg Press, Horizontal Leg Press, bilateral Knee Flexion with a shin weight, Hip Abduction and Hip Adduction.
L59: 2.7. Statistical Analysis
L60: The calculation of sample size was based on peak torque with an effect size of 0.7. Pre- and post-intervention values were extracted from Rodacki et al. [ 12 ] The minimum sample size to detect a significant difference in peak torque with 90% power required  n  = 24 (12 in each group), and considering an estimated attrition of up to ten participants, we defined a final sample size of 34 older women.
L61: The R Core Team software (Statistical Computing, Vienna, Austria) was used to analyze descriptive data, body composition and inflammatory cytokines. A linear regression mixed-effects model was used to compare within- and between-group differences over time. Mean estimated differences with their respective 95% confidence intervals were reported. The SAS Statistical software (version 9.3; SAS Institute Inc., Cary, NC, USA) was used for this analysis.
L62: GLM repeated ANOVA analyses were employed with group and time as factors, to verify within/between-group differences and interactions in functional performance parameters, using the SPSS software (version 25.0).
L63: To analyze the fatty acid profile pre- and post-intervention, the paired Student’s  t -test was applied, using the SPSS software (version 25.0). For all analyses, the 5% level of significance was adopted.
L64: 3. Results
L65: The daily dose of fish oil in this study (4 g·day −1 ) was not associated with any adverse effects during the 98 days of supplementation.
L66: One hundred and two older women were initially identified as potentially eligible for participation ( Figure 1 ).
L67: Forty-eight women who did not fully meet the inclusion criteria or who did not attend the initial interview were excluded. Fifty-four women fulfilled the inclusion criteria and were invited to participate in the study. Of those, 16 refused participation due to the time commitment needed and four women were excluded due to the presence of contraindications for RET.
L68: Thus, thirty-four older women were included and underwent a clinical assessment and blood tests to verify their health status.
L69: After the first week of intervention, two participants in the placebo group withdrew from the study due to aggravation of existing health conditions.
L70: The general and sociodemographic characteristics of the volunteers included are shown in  Table 1 .
L71: The body composition of both groups of participants, in the pre- and post-intervention periods, is presented in  Table 2 . There was a significant increase in BMI and SMI in both groups post-intervention. There was a significant increase in body weight only in the fish oil group post-intervention.
L72: Table 3  shows the data for the physical performance and muscle parameters. There were significant differences between pre- and post-intervention in handgrip strength ( p  < 0.001), 6mWT ( p  = 0.008) and muscle quality ( p  = 0.002). There was a significantly greater increase in the distance walked in the 6mWT in the EFO group compared with the EP group ( p  = 0.009) and a greater increment in muscle quality in the EFO group (12.31%) compared with the EP group (4.22%) ( p  = 0.004). Peak torque increased after the intervention in both groups ( p  < 0.001) and the increment was significantly higher in the EFO group (59.75 Nm to 79.21 Nm; 32.5%) compared with the EP group (63.92 Nm to 69.66 Nm; 8.98%),  p  = 0.003.
L73: Table 4  shows the plasma concentration of inflammatory cytokines before and after the intervention. There were no significant intra-group, inter-group or time differences in any of the cytokines measured.
L74: The quadriceps cross-sectional area ( Figure 2 ) increased after the intervention in both groups ( p  = 0.006). In the EFO group, the increment was 6.11% (from 3.76 cm 2  to 3.99 cm 2 ) and in the EP group, 2.91% (from 3.44 cm 2  to 3.54 cm 2 ); however, there was no statistically significant difference between groups ( p  = 0.23).
L75: Regarding the fatty acid profile, there was a significant increase in the concentrations, in the post intervention period, of EPA (0.32% ± 0.73% and 1.27% ± 0.88%, respectively,  p  < 0.001) and DHA (0.70% ± 0.84% and 1.95%± 0.60%, respectively,  p  < 0.001) in the EFO group. In the EP group, there was no significant change in the fatty acid profile between periods (0.20% ± 0.38% pre intervention to 0.22% ± 0.43% post intervention,  p  = 0.92) for EPA and (0.71% ± 0.67% pre intervention to 0.68% ± 0.79% post intervention,  p  = 0.92) for DHA.
L76: 4. Discussion
L77: This study aimed to investigate the effect of fish oil supplementation on the adaptive muscle response to resistance exercise training in sarcopenic older women. Although other studies have investigated the effect of fish oil supplementation associated with resistance training on muscle responsiveness, they were performed in older people whose sarcopenia status was unknown [ 12 , 36 ]. Moreover, there have been no studies to date on a Brazilian population.
L78: The main result of our study was that although participants from both groups showed an increase in muscle strength and CSA after physical training, the group supplemented with fish oil had a higher increment (23.6% higher in peak torque and 3.2% in CSA).
L79: Several mechanisms are involved in the improvement of muscle strength, and the initial gains can be attributed to the neural adjustment that occurs during the first weeks of training, which is followed by an increase in the cross-sectional area of the muscle [ 12 ]. Although both strength and CSA showed a slightly greater increase in the group supplemented with fish oil compared with the placebo, the mechanisms of the effect of fish oil supplementation on muscle are still not completely understood. According to recent investigations [ 37 , 38 ], there are the following three possibilities to explain these benefits: anti-inflammatory effects, reduction of insulin resistance and increased activation of the mTOR pathway.
L80: The anti-inflammatory effects of fish-oil supplementation have already been well described in older adults. A recent randomised controlled study including  n  = 35 older people investigated the effect of supplementation with EPA and DHA on inflammatory cytokine plasma levels. Supplementation for at least four weeks was associated with a significant reduction in IL-6, IL-1β and TNFα [ 39 ].
L81: In contrast, in the present study, supplementation with omega-3 fatty acids was not associated with significant changes in the plasma concentration of inflammatory cytokines. These results are consistent with previously published experimental studies where the anabolic effects of omega-3 fatty acids were independent of any significant influence on inflammation [ 16 , 19 , 40 ].
L82: Previous studies suggest that there is an important decrease in insulin resistance in response to omega-3 supplementation. As insulin signalling has an important role in the activation of mTOR, it is possible that supplementation with omega-3 PUFA may mitigate metabolic resistance and stimulate protein synthesis in older people [ 38 , 41 ]. However, further studies are needed to clarify how omega-3 supplementation affects insulin sensitivity and this was not an aim of this study.
L83: Evidence to date suggests that the activation of mTOR is the most probable explanation for the action of fish oil on muscle mass [ 19 ]. A recent study including sixteen healthy older adults showed higher concentrations of mTORSer2448 and p70s6kThr389 after supplementation with omega-3 fatty acids (4 g·day −1 ) for eight weeks. The authors proposed that the effect was at least partially mediated via the enhanced activation of mTOR-p70s6k (target of rapamycin in mammals/kinase ribosomal protein S6), a signalling pathway that is known to influence skeletal muscle mass, particularly under mechanical stimulation conditions [ 19 ].
L84: Another important finding of this study regards muscle strength. As a result of the resistance exercise training, both groups showed a significant increase in both lower limb strength (peak torque) and handgrip strength. However, the group supplemented with fish oil showed a greater increase in peak torque when compared with the placebo group.
L85: The changes in peak torque in our study were lower than those reported in other studies involving resistance training and fish oil supplementation. Rodacki et al. [ 12 ], for example, showed an increase of 50% in knee extensor peak torque in older women supplemented with fish oil when compared with a placebo. The smaller increase found in our study may have been due to differences in the studied population; sarcopenic older women may have had a higher resistance to anabolic stimuli.
L86: Both groups showed statistically significant increases in handgrip strength. Barbosa et al. [ 42 ] showed that a 10-week resistance exercise training programme resulted in an increase in the handgrip strength of older women. Although the present study included exercises for the lower limbs only, handgrip strength reflects global strength and has been shown to be improved as a consequence of resistance training of the lower limbs [ 43 ].
L87: There was no difference between the two groups in physical capacity as evaluated by the 6-min walking test at baseline. After the intervention, the supplemented group showed a significantly greater increase in the distance walked ( p  = 0.009). These results agree with those of Rodacki et al. [ 12 ], who also described a significant increase in groups supplemented with fish oil compared with placebo.
L88: Muscle quality has been suggested to be a better muscle health biomarker than muscle mass because it represents an estimation of the neural and morphologic factors influencing strength [ 43 , 44 ]. In the present study, muscle quality improved significantly after the intervention in both groups, but the older women supplemented with fish oil showed a larger increment in muscle quality (EFO group, 12.31% versus 4.22% in the EP group;  p  = 0.004).
L89: Muscle power did not increase significantly in both groups after the intervention. Although a number of studies have shown that resistance training is associated with an increase in muscle power [ 45 , 46 , 47 , 48 ], this effect depends specifically on the training pattern. i.e., it needs to incorporate high-speed contractions [ 42 ], which were not included in our training regimen.
L90: Gait speed also did not increase after 14 weeks of training in both groups, although the difference was borderline significant for both ( p  = 0.059).
L91: However, according to a previous systematic review [ 49 ], changes in gait speed of 0.10–0.20 ms −1  may be considered clinically relevant in some groups of patients, including older people. In the current study, 47% ( n  = 8) of the older women in the EFO group and 40% ( n  = 6) of the EP group presented with a post-intervention increase in gait speed, which could be considered clinically significant.
L92: Previous studies have shown positive effects of resistance training on gait speed and stability [ 50 , 51 , 52 , 53 ]. However, consistent with our findings, Sullivan et al. [ 54 ] demonstrated that resistance training does not significantly increase gait speed, indicating the potential influence of other important variables involved in walking performance, such as those associated with sensory and vestibular function.
L93: Studies involving resistance training in older adults [ 12 , 45 ] included 12-16 weeks of training. However, according to Lixandrao et al. [ 55 ], the studies on the RET time course for the induction of hypertrophy were mostly based on younger populations. According to the authors, 18 RET sessions, that is, nine weeks, are enough to induce muscle hypertrophy in older people.
L94: The present study has some limitations. These include the relatively small sample size, which was based on estimated differences in peak torque from a previous study [ 12 ]. In addition, restricting the participants to older women limited the generalizability of the results. Further studies involving a larger number of both older women and men are needed.
L95: 5. Conclusions
L96: The use of fish oil supplementation concomitantly with strength training potentiates neuromuscular response to the anabolic stimulus from training, increasing muscle strength and physical performance in sarcopenic elderly women.
L97: Omega-3 fatty acid supplementation may provide a safe, simple solution and low-cost intervention to counteract muscle loss and its complications in conditions associated with sarcopenia. Furthermore, resistance training remains the key element for increasing strength and muscle mass in the sarcopenic elderly.
L98: Figure 1 The most prevalent comorbidities were diabetes mellitus and high blood pressure.
L99: Figure 2 Cross-sectional area of the quadriceps muscle of both groups in the pre- and post-intervention period. GLM repeated measures ANOVA.
L100: 1. Fielding R.A. 
L101:  Vellas B. 
L102:  Evans W.J. 
L103:  Bhasin S. 
L104:  Morley J.H. 
L105:  Newman A.B. 
L106:  Abellan van Kan G. 
L107:  Andrieu S. 
L108:  Bauer J. 
L109:  Breuille D. 
L110:  
L111:  Sarcopenia: An undiagnosed condition in older adults. Current consensus definition. Prevalence etiology and consequences. International working group on sarcopenia J. Am. Med. Dir. Assoc. 2011 12 249 256 10.1016/j.jamda.2011.01.003 21527165
L112: 2. Fuggle N.R. 
L113:  Shaw S. 
L114:  Dennison E. 
L115:  Cooper C. 
L116:  Sarcopenia Best Pract. Res. Clin. Rheumatol. 2017 31 218 242 10.1016/j.berh.2017.11.007 29224698
L117: 3. Cederholm T. 
L118:  Morley J.E. 
L119:  Sarcopenia: The new definitions Curr. Opin. Clin. Nutr. Metab. Care 2015 18 1 4 10.1097/MCO.0000000000000119 25207791
L120: 4. Pierine D.T. 
L121:  Nicola M. 
L122:  Oliveira E.P. 
L123:  Sarcopenia: Alterações metabólicas e conseqüências no envelhecimento R. Bras. Ci. Mov. 2009 17 96 103
L124: 5. Buford T.W. 
L125:  Anton S.D. 
L126:  Judge A.R. 
L127:  Marzetti E. 
L128:  Wohlgemuth S.E. 
L129:  Carter C.S. 
L130:  Leeuwenburgh C. 
L131:  Pahor M. 
L132:  Manini T.M. 
L133:  Models of accelerated sarcopenia: Critical pieces for solving the puzzle of age-related muscle atrophy Ageing Res. Rev. 2010 9 369 383 10.1016/j.arr.2010.04.004 20438881
L134: 6. Evans W.J. 
L135:  Skeletal muscle loss: Cachexia sarcopenia and inactivity Am. J. Clin. Nutr. 2010 91 1123S 1127S 10.3945/ajcn.2010.28608A 20164314
L136: 7. Hughes V.A. 
L137:  Roubenoff R. 
L138:  Wood M. 
L139:  Frontera W.R. 
L140:  Evans W.J. 
L141:  Fiatarone Singh M.A. 
L142:  Anthropometric assessment of 10-y changes in body composition in the elderly Am. J. Clin. Nutr. 2004 80 475 482 10.1093/ajcn/80.2.475 15277173
L143: 8. Jarosz P.A. 
L144:  Bellar A. 
L145:  Sarcopenic Obesity: An Emerging cause of Frailty in Older Adults Geriatr. Nurs. 2009 30 64 70 10.1016/j.gerinurse.2008.02.010 19226689
L146: 9. Tay L. 
L147:  Ding Y.Y. 
L148:  Leung B.P. 
L149:  Ismail N.H. 
L150:  Yeo A. 
L151:  Yew S. 
L152:  Tay K.S. 
L153:  Tan C.H. 
L154:  Chong M.S. 
L155:  Sex-specific differences in risk factors for sarcopenia amongst community-dwelling older adults Age 2015 37 121 10.1007/s11357-015-9860-3 26607157
L156: 10. Shaw S.C. 
L157:  Dennison E.N. 
L158:  Cooper C. 
L159:  Epidemiology of sarcopenia. Determinants throughout the lifecourse Calcif. Tissue Int. 2017 101 229 247 10.1007/s00223-017-0277-0 28421264
L160: 11. Lynch N.A. 
L161:  Metter E.J. 
L162:  Lindle R.S. 
L163:  Fozard J.L. 
L164:  Tobin J.D. 
L165:  Roy T.A. 
L166:  Fleg J.L. 
L167:  Hurley B.F. 
L168:  Muscle quality. I. Age-associated differences between arm and leg muscle groups J. Appl. Physiol. 1999 86 188 194 10.1152/jappl.1999.86.1.188 9887130
L169: 12. Rodacki C.L. 
L170:  Rodacki A.L. 
L171:  Pereira G. 
L172:  Naliwaiko K. 
L173:  Coelho I. 
L174:  Pequito D. 
L175:  Fernandes L.C. 
L176:  Fish-oil supplementation enhances the effects of strength training in elderly women Am. J. Clin. Nutr. 2012 95 428 436 10.3945/ajcn.111.021915 22218156
L177: 13. Viana J.U. 
L178:  Dias J.M.D. 
L179:  Batista P.P. 
L180:  Silva S.L.A. 
L181:  Dias R.C. 
L182:  Lustosa L.P. 
L183:  Effect of a resistance exercise program for sarcopenic elderly women: Quasi-experimental study Fisioter. Mov. 2018 31 e003111 10.1590/1980-5918.031.ao11
L184: 14. Simopoulos A.P. 
L185:  Evolutionary aspects of the diet omega-6: Omega-3 fatty acid ratio: Medical implications World Rev. Nutr. Diet. 2009 100 1 21 19696523
L186: 15. Naliwaiko K. 
L187:  Araújo R.L.F. 
L188:  Fonseca R.V. 
L189:  Castilho J.C. 
L190:  Andreatini R. 
L191:  Bellissimo M.I. 
L192:  Oliveira B.H. 
L193:  Martins E.F. 
L194:  Curi R. 
L195:  Fernandes L.C. 
L196:  
L197:  Effects of Fish Oil on the Central Nervous System: A New Potential Antidepressant? Nutr. Neurosci. 2004 7 91 99 10.1080/10284150410001704525 15279495
L198: 16. Reidy P.T. 
L199:  Walker D.K. 
L200:  Dickinson J.M. 
L201:  Gundermann D.M. 
L202:  Drummond M.J. 
L203:  Timmerman K.L. 
L204:  Fry C.S. 
L205:  Borack M.S. 
L206:  Cope M.B. 
L207:  Mukherjea R. 
L208:  Protein blend ingestion following resistance exercise promotes human muscle protein synthesis J. Nutr. 2013 143 410 416 10.3945/jn.112.168021 23343671
L209: 17. Nicastro H. 
L210:  Zanchi N.E. 
L211:  Luz C.R. 
L212:  Lancha A.H. Jr. 
L213:  Functional and morphological effects of resistance exercise on disuse-induced skeletal muscle atrophy Braz. J. Med. Biol. Res. 2011 44 1070 1079 10.1590/S0100-879X2011007500125 21952737
L214: 18. Lee S.R. 
L215:  Jo E. 
L216:  Khamoui A.V. 
L217:  Chronic Fish Oil Consumption with Resistance Training Improves Grip Strength, Physical Function, and Blood Pressure in Community-Dwelling Older Adults Sports 2019 7 167 10.3390/sports7070167
L218: 19. Smith G.I. 
L219:  Atherton P. 
L220:  Reeds D.N. 
L221:  Mohammed B.S. 
L222:  Rankin D. 
L223:  Rennie M.J. 
L224:  Mittendorfer B. 
L225:  Dietary omega-3 fatty acid supplementation increases the rate of muscle protein synthesis in older adults: A randomized controlled trial Am. J. Clin. Nutr. 2011 93 402 412 10.3945/ajcn.110.005611 21159787
L226: 20. Hutchins-Wiese H.L. 
L227:  Kleppinger A. 
L228:  Annis K. 
L229:  Liva E. 
L230:  Lammi-Keefe C.J. 
L231:  Durham H.A. 
L232:  Kenny A.M. 
L233:  The impact of supplemental n-3 long chain polyunsaturated fatty acids and dietary antioxidants on physical performance in postmenopausal women J. Nutr. Health Aging 2013 17 76 80 10.1007/s12603-012-0415-3 23299384
L234: 21. Da Boit M. 
L235:  Sibson R. 
L236:  Sivasubramaniam S. 
L237:  Meakin J.R. 
L238:  Greig C.A. 
L239:  Aspden R.M. 
L240:  Thies F. 
L241:  Jeromson S. 
L242:  Hamilton D.L. 
L243:  Speakman J.R. 
L244:  Sex differences in the effect of fish-oil supplementation on the adaptive response to resistance exercise training in older people: A randomized controlled trial Am. J. Clin. Nutr. 2017 105 151 158 10.3945/ajcn.116.140780 27852617
L245: 22. Di Girolamo F.G. 
L246:  Situlin R. 
L247:  Mazzucco S. 
L248:  Valentini R. 
L249:  Toigo G. 
L250:  Biolo G. 
L251:  Omega-3 fatty acids and protein metabolism: Enhancement of anabolic interventions for sarcopenia Curr. Opin. Clin. Nutr. Metab. Care 2014 17 145 150 10.1097/MCO.0000000000000032 24500439
L252: 23. Johnson E.J. 
L253:  McDonald K. 
L254:  Caldarella S.M. 
L255:  Chung H.Y. 
L256:  Troen A.M. 
L257:  Snodderly D.M. 
L258:  Cognitive findings of an exploratory trial of docosahexaenoicacid and lutein supplementation in older women Nutr. Neurosci. 2008 11 75 83 10.1179/147683008X301450 18510807
L259: 24. Supari F. 
L260:  Ungerer T. 
L261:  Harisson D.G. 
L262:  Fish oil treatment decreased superoxideanions in the myocardium and coronary arteries of atherosclerotic monkeys Circulation 1995 91 1123 1128 10.1161/01.CIR.91.4.1123 7850950
L263: 25. Cruz-Jentoft A.J. 
L264:  Baeyens J.P. 
L265:  Bauer J.M. 
L266:  Boirie Y. 
L267:  Cederholm T. 
L268:  Landi F. 
L269:  Martin F.C. 
L270:  Michel J.-P. 
L271:  Rolland Y. 
L272:  Schneider S.M. 
L273:  
L274:  Sarcopenia: European consensus on definition and diagnosis: Report of the European Working Group on Sarcopenia in Older People Age Ageing 2010 39 412 423 10.1093/ageing/afq034 20392703
L275: 26. Urbaniak G.C. 
L276:  Plous S. 
L277:  Research Randomizer (v.4.0) (Computer Software) Available online:  http://www.randomizer.org (accessed on 21 August 2017)
L278: 27. Janssen I. 
L279:  Heymsfield S.B. 
L280:  Baumgartner R.N. 
L281:  Ross R. 
L282:  Estimation of skeletal muscle mass by bioelectrical impedance analysis J. Appl. Physiol. 2000 89 465 471 10.1152/jappl.2000.89.2.465 10926627
L283: 28. Fess E.E. 
L284:  Functional Endoscopic Sinus Surgery. Grip Strength Clinical Assessment Recommendations 
L285:  Casanova J.S. 
L286:  American Society of Hand Therapists Chicago, IL, USA 1992 41 45
L287: 29. Laurentani F. 
L288:  Russo C. 
L289:  Bandinelli S. 
L290:  Bartali B. 
L291:  Cavazzini C. 
L292:  di Iorio A. 
L293:  Corsi A.M. 
L294:  Rantanen T. 
L295:  Guralnik J.M. 
L296:  Ferrucci L. 
L297:  Age-associatedchanges in skeletal muscles and their effect on mobility: An operational diagnosis of sarcopenia J. Appl. Physiol. 2003 95 1851 1860 10.1152/japplphysiol.00246.2003 14555665
L298: 30. Lord R.S. 
L299:  Menz H.B. 
L300:  Physiologic and health predictors of 6-minute walk performance in older people Arch. Phys. Med. Rehabil. 2002 83 907 911 10.1053/apmr.2002.33227 12098148
L301: 31. Hopkins W.G. 
L302:  Measures of Reliability in Sports Medicine and Science Sports Med. 2000 30 1 15 10.2165/00007256-200030010-00001 10907753
L303: 32. American Thoracic Society Statement. Guidelines for the Six-Minute Walk Test Am. J. Respir. Crit. Care Med. 2002 166 111 117 10.1164/ajrccm.166.1.at1102 12091180
L304: 33. Gray C. 
L305:  Macgillivray A.T.J. 
L306:  Eeley C. 
L307:  Stephens N.A. 
L308:  Beggs I. 
L309:  Fearon K.C. 
L310:  Greig C.A. 
L311:  Magnetic resonance imaging with k-means clustering objectively measures whole muscle volume compartments in sarcopenia/cancer cachexia Clin. Nutr. 2011 30 106 111 10.1016/j.clnu.2010.07.012 20727625
L312: 34. Newman A.B. 
L313:  Haggerty C.L. 
L314:  Goodpaster B. 
L315:  Harris T. 
L316:  Kritchevsky S. 
L317:  Nevitt M. 
L318:  Miles T.P. 
L319:  Visseer M. 
L320:  The Health, Aging, and Body Composition Research Group 
L321:  Strength and muscle quality in a well-functioning cohort of older adults: The health aging and body composition study J. Am. Geriatr. Soc. 2003 51 323 330 10.1046/j.1532-5415.2003.51105.x 12588575
L322: 35. Maki K.C. 
L323:  Long-Chain Omega-3 Fatty Acid Bioavailability: Implications for Understanding the Effects of Supplementation on Heart Disease Risk J. Nutr. 2018 148 1701 1703 10.1093/jn/nxy205 30383282
L324: 36. Smith G.I. 
L325:  Julliand S. 
L326:  Reeds D.N. 
L327:  Sinacore D.R. 
L328:  Klein S. 
L329:  Mittendorfer B. 
L330:  Fish oil-derived n-3 PUFA therapy increases muscle mass and function in healthy older adults Am. J. Clin. Nutr. 2015 102 115 122 10.3945/ajcn.114.105833 25994567
L331: 37. Bertani R.F. 
L332:  Campos G.d.O. 
L333:  Bonardi J.M.T. 
L334:  Lima N.K.d.C. 
L335:  Patrizzi L.J. 
L336:  Teste de uma repetição máxima em idosos: Validade reprodutibilidade e segurança. EFDesportes.com Rev. Digital. Buenos Aires 2014 19 196
L337: 38. Dupont J. 
L338:  Dedeyne L. 
L339:  Dalle S. 
L340:  Koppo K. 
L341:  Gielen E. 
L342:  The role of omega-3 in the prevention and treatment of sarcopenia Aging Clin. Exp. Res. 2019 31 825 10.1007/s40520-019-01146-1 30784011
L343: 39. Tan A. 
L344:  Sullenbarger B. 
L345:  Prakash R. 
L346:  McDaniel J.C. 
L347:  Supplementation with eicosapentaenoic acid and docosahexaenoic acid reduces high levels of circulating proinflammatory cytokines in aging adults: A randomized, controlled study Prostaglandins Leukot. Essent. Fat. Acids 2018 132 23 29 10.1016/j.plefa.2018.03.010
L348: 40. Smith G.I. 
L349:  Atherton P. 
L350:  Reeds D.N. 
L351:  Mohammed B.S. 
L352:  Rankin D. 
L353:  Rennie M.J. 
L354:  Mittendorfer B. 
L355:  Omega-3 polyunsaturated fatty acids augment the muscle protein anabolic response to hyperinsulinaemiahyperaminoacidaemia in healthy young and middle-aged men and women Clin. Sci. 2011 121 267 278 10.1042/CS20100597
L356: 41. Albert B.B. 
L357:  Derraik J.G. 
L358:  Brennan C.M. 
L359:  Biggs J.B. 
L360:  Smith G.C. 
L361:  Garg M.L. 
L362:  Cameron-Smith D. 
L363:  Hofman P.L. 
L364:  Cutfield W.S. 
L365:  Higher omega-3 index is associated with increased insulin sensitivity and more favourable metabolic profile in middle-aged overweight men Sci. Rep. 2014 4 6697 10.1038/srep06697 25331725
L366: 42. Barbosa A.R. 
L367:  Santarém J.M. 
L368:  Filho W.J. 
L369:  Marucci M.F.N. 
L370:  Efeitos de um programa de treinamento contra resistência sobre a força muscular e mulheres idosas Rev. Bras. Ativ. Física Saúde 2000 5 12 20
L371: 43. Tracy B.L. 
L372:  Ivey F.M. 
L373:  Hurlbut D. 
L374:  Martel G.F. 
L375:  Lemmer J.T. 
L376:  Siegel E.L. 
L377:  Metter E.J. 
L378:  Fozard J.L. 
L379:  Fleg J.L. 
L380:  Hurley B.F. 
L381:  Muscle quality. II. Effects of strength training in 65- to 75-yr-old men and women J. Appl. Physiol. 1999 86 195 201 10.1152/jappl.1999.86.1.195 9887131
L382: 44. Brooks N. 
L383:  Layne J.E. 
L384:  Gordon P.L. 
L385:  Roubenoff R. 
L386:  Nelson M.E. 
L387:  Castaneda-Sceppa C. 
L388:  Strength training improves muscle quality and insulin sensitivity in Hispanic older adults with type 2 diabetes Int. J. Med. Sci. 2007 4 19 27 10.7150/ijms.4.19
L389: 45. Hunter G.R. 
L390:  Bamman M.M. 
L391:  Effects of resistance training on older adults Sports Med. 2004 34 329 348 10.2165/00007256-200434050-00005 15107011
L392: 46. Newton R.U. 
L393:  Hakkinen K. 
L394:  Hakkinen A. 
L395:  McCirmick M. 
L396:  Volek J. 
L397:  Kraemer W.J. 
L398:  Mixed-methods reistance training increases power and strength of young and older men Med. Sci. Sports Exerc. 2002 34 1367 1375 10.1097/00005768-200208000-00020 12165694
L399: 47. Hakkinen K. 
L400:  Kraemer W.J. 
L401:  Newton R.U. 
L402:  Alen M. 
L403:  Changes in electromyographic activity muscle fiber and force production characteristics during heavy resitance/power strength training in middle-aged and older men and women Acta Physicol. Scand. 2001 171 51 62
L404: 48. Earles D.R. 
L405:  Judge J.O. 
L406:  Gunnarsson O.T. 
L407:  Velocity training induces power-specific adaptations in highly functioning older adults Arch. Phys. Med. Rehabil. 2001 82 872 878 10.1053/apmr.2001.23838 11441371
L408: 49. Bohannon R.W. 
L409:  Glenney S.S. 
L410:  Minimal clinically important difference for change in comfortable gait speed of adults with pathology: A systematic review J. Eval. Clin. Pract. 2014 20 295 300 10.1111/jep.12158 24798823
L411: 50. Hauer K. 
L412:  Rost B. 
L413:  Rütschle K. 
L414:  Opitz H. 
L415:  Specht N. 
L416:  Bärtsch P. 
L417:  Oster P.L. 
L418:  Schlierf G. 
L419:  Exercise training for rehabilitation and secondary prevention of falls in geriatric patients with a history of injurious falls J. Am. Geriatr. Soc. 2001 49 10 20 10.1046/j.1532-5415.2001.49004.x 11207837
L420: 51. McCool J.F. 
L421:  Schneider J.K. 
L422:  Home-based leg strengthening for older adults initiated through private practice Prev. Med. 1999 28 105 110 10.1006/pmed.1998.0406 10048101
L423: 52. Jette A.M. 
L424:  Lachman M. 
L425:  Giorgetti M.M. 
L426:  Assmann S.F. 
L427:  Harris B.A. 
L428:  Levenson C. 
L429:  Wernick M. 
L430:  Krebs D. 
L431:  Exercise-it’s never too late: The strong-for-life program Am. J. Public Health 1999 89 66 72 10.2105/AJPH.89.1.66 9987467
L432: 53. Hausdorff J.M. 
L433:  Nelson M.E. 
L434:  Kaliton D. 
L435:  Layne J.E. 
L436:  Bernstein M.J. 
L437:  Nuernberger A. 
L438:  Singh M.A. 
L439:  Etiology and modification of gait instability in older adults: A randomized controlled trial of exercise J. Appl. Physiol. 2001 90 2117 2129 10.1152/jappl.2001.90.6.2117 11356774
L440: 54. Sullivan D.H. 
L441:  Wall P.T. 
L442:  Bariola J.R. 
L443:  Bopp M.M. 
L444:  Frost Y.M. 
L445:  Progressive resistance muscle strength training of hospitalized frail elderly Am. J. Phys. Med. Rehabil. 2001 80 503 509 10.1097/00002060-200107000-00007 11421518
L446: 55. Lixandrão M.E. 
L447:  Damas F. 
L448:  Chacon-Mikahil M.P. 
L449:  Cavaglieri C.R. 
L450:  Ugrinowitsch C. 
L451:  Bottaro M. 
L452:  Vechin F.C. 
L453:  Conceição M.S. 
L454:  Berton R. 
L455:  Libardi C.A. 
L456:  Time course of resistance training- induce muscle hypertrophy in the elderly J. Strength Cond. Res. 2016 30 159 163 10.1519/JSC.0000000000001019 26110345
L457: Acknowledgments
L458: We would like to thank all subjects for cooperation with the research. We are also grateful to Sorocaps LTDA, for providing the capsules fish oil and sunflower oil for the study.
[24ms]

