L1: Antioxidant Supplementation Hinders the Role of Exercise Training as a Natural Activator of SIRT1
L2: Nutrients (2022)
L3: Carmine Sellitto, Graziamaria Corbi, Berenice Stefanelli, Valentina Manzo, Marta Trucillo, Bruno Charlier, Francesca Mensitieri, Viviana Izzo, Angela Lucariello, Angelica Perna, Germano Guerra, Antonio De Luca, Amelia Filippelli, Valeria Conti
L4: 1 Department of Medicine, Surgery and Dentistry “Scuola Medica Salernitana”, Medicina Traslazionale dello Sviluppo e dell’Invecchiamento Attivo, University of Salerno, Via S. Allende, 84081 Baronissi, Italy;  csellitto@unisa.it  (C.S.);  bcharlier@unisa.it  (B.C.)
L5: 2 Clinical Pharmacology Unit, San Giovanni di Dio e Ruggi d’Aragona University Hospital, Via San Leonardo 1, 84131 Salerno, Italy;  vmanzo@unisa.it  (V.M.);  afilippelli@unisa.it  (A.F.);  vconti@unisa.it  (V.C.)
L6: 3 Department of Medicine and Health Sciences, University of Molise, 86100 Campobasso, Italy;  angelica.perna@unimol.it  (A.P.);  germano.guerra@unimol.it  (G.G.)
L7: 4 Postgraduate School of Clinical Pharmacology and Toxicology, University of Salerno, Via S. Allende, 84081 Baronissi, Italy;  bstefanelli@unisa.it
L8: 5 Department of Mental and Physical Health and Preventive Medicine, Section of Human Anatomy, University of Campania “Luigi Vanvitelli”, 80138 Naples, Italy;  marta-trucillo@libero.it  (M.T.);  antonio.deluca@unicampania.it  (A.D.L.)
L9: 6 Department of Medicine, Surgery and Dentistry “Scuola Medica Salernitana”, University of Salerno, Via S. Allende, 84081 Baronissi, Italy;  fmensitieri@unisa.it  (F.M.);  vizzo@unisa.it  (V.I.)
L10: 7 Department of Sport Sciences and Wellness, Section of Human Anatomy, University of Naples “Parthenope”, 80100 Naples, Italy;  angela.lucariello@uniparthenope.it
L11: Exercise training (ET) is a natural activator of silent mating type information regulation 2 homolog 1 (SIRT1), a stress-sensor able to increase the endogenous antioxidant system. SIRT1 activators include polyphenols and vitamins, the antioxidant properties of which are well-known. Antioxidant supplements are used to improve athletic performance. However, they might blunt ET-related benefits. Middle-distance runners (MDR) taking (MDR-S) or not taking antioxidant supplements (MDR-NoS) were compared with each other and with sedentary subjects (CTR) to evaluate the ET effects on SIRT1 levels and oxidative stress, and to investigate whether an exogenous source of antioxidants could interfere with such effects. Thirty-two MDR and 14 CTR were enrolled. MDR-S took 240 mg vitamin C and 15 mg vitamin E together with mineral salts. SIRT1 mRNA and activity were measured in PBMCs. Total oxidative status (TOS) and total antioxidant capacity (TEAC) were determined in plasma. MDR showed higher levels of SIRT1 mRNA ( p  = 0.0387) and activity ( p  = 0.0055) than did CTR. MDR-NoS also showed higher levels than did MDR-S without reaching statistical significance. SIRT1 activity was higher ( p  = 0.0012) in MDR-NoS (1909 ± 626) than in MDR-S (1276 ± 474). TOS did not differ among the groups, while MDR showed higher TEAC levels than did CTR (2866 ± 581 vs. 2082 ± 560,  p  = 0.0001) as did MDR-S (2784 ± 643) and MDR-NoS (2919 ± 551) (MDR-S vs. CTR,  p  = 0.0007 and MDR-NoS vs. CTR,  p  = 0.003). TEAC (β = 0.4488356, 95% CI 0.2074645 0.6902067;  p  < 0.0001) and the MDR-NoS group (β = 744.6433, 95% CI 169.9954 1319.291;  p = 0.012) predicted SIRT1 activity levels. Antioxidant supplementation seems to hinder the role of ET as a natural activator of SIRT1.
L12: Article
L13: endurance training; sirtuins; vitamins; athletes; antioxidant capacity
L14: 1. Introduction
L15: A sedentary lifestyle is one of the most important risk factors for clinical conditions associated with oxidative stress, such as type 2 diabetes and cardiovascular diseases (CVD) [ 1 , 2 , 3 ]. Exercise training (ET) is recommended as a valuable therapeutic approach by the International Health Authorities, as it provides health benefits to patients belonging to several clinical settings [ 4 , 5 ]. ET contrasts oxidative stress by decreasing radical oxygen species (ROS) and other oxidant molecules and/or increasing antioxidant ones [ 6 ]. On the other hand, because of increased oxygen consumption, ROS produced during ET may overcome the capacity of the endogenous antioxidant system to detoxify them [ 7 , 8 ]. Nowadays, it has been clarified that ROS are signaling molecules that, triggering an adaptive antioxidant response, work to maintain redox homeostasis [ 9 ]. This underpins the concept of mitohormesis [ 10 ]. ET is a natural activator of Sirtuin 1 (SIRT1), which is an NAD + -dependent deacetylase acknowledged as a life- and health span-prolonging agent [ 11 , 12 , 13 , 14 ]. SIRT1, activated during ET, can counteract aging and age-associated diseases by increasing the cellular antioxidant capacity and improving mitochondrial biogenesis [ 13 , 14 , 15 ]. However, the ET-related effects, including SIRT1 activation, strongly depend on the type, intensity, and duration of the training [ 16 , 17 , 18 , 19 ]. In particular, aerobic ET has been shown to elicit the optimal modulation of SIRT1 activity under oxidative stress injuries and anti-senescent and antioxidant effects in comparison to mixed (aerobic/anaerobic) and anaerobic ET [ 16 ]. However, these beneficial effects can be eliminated when aerobic training is performed at a greater workload [ 17 ].
L16: Other natural activators of SIRT1 include several phenolic plant extracts and vitamins whose antioxidant properties are widely acknowledged [ 20 , 21 ]. Antioxidants can contribute to preventing or contrasting oxidative stress and its associated cellular damage. Indeed, supplements, especially those containing vitamins and other micronutrients, are commonly used to improve athletes’ wellness and performance [ 22 ]. Despite this, the effects of antioxidant supplementation have not yet been elucidated, particularly in athletes performing endurance training [ 23 ].
L17: In this study, we compared the effects on SIRT1 and oxidative stress markers in endurance athletes using or not antioxidant supplements to investigate whether an exogenous source of antioxidants could interfere with the ET-related outcomes.
L18: 2. Materials and Methods
L19: 2.1. Study Design
L20: This was an observational study in which athletes practicing middle distance running (MDR) and age-matched sedentary volunteers (CTR) were enrolled. Inclusion criteria were age ≥18 years, MDR performed for at least 6 months, certificate of sport suitability, and signed informed consent before initiation of the study. Exclusion criteria were acute or chronic diseases, severe injuries in the last 6 months, and the use of medicines.
L21: All athletes were asked to report information on their dietary habits and use of supplements, tobacco and alcohol consumption, and the frequency and workload of training sessions. Fifteen days before blood collection, all athletes received a food frequency questionnaire.
L22: 2.2. Study Population
L23: All MDR belonged to an amateur sports association called “Atletica Salerno”. Taking into account what was declared in their reports, they were divided into two groups. One of them (MDR-S) consumed, every training day and in conjunction with meals, antioxidant supplementation (S) consisting of 240 mg vitamin C and 15 mg vitamin E, together with 861 mg sodium, 555 mg chlorine, 381 mg potassium, and 66 mg magnesium. The other group did not use any antioxidant supplementation (MDR-NoS). Dietary indications were given to the athletes one week before blood sampling to reflect the similar distribution of carbohydrates, lipids, proteins, and fluids. Particular care was given to ensure that there were no significant differences between the two groups in the dietary habits and other factors that could influence serum antioxidant status. All participants signed informed consent, and the study received approval from the Campania Sud Ethics committee (Observational Study no. 86/2020).
L24: 2.3. Blood Sample Collection
L25: Blood samples were drawn from each participant and collected in the fasting condition in BD Vacutainer ®  Blood Collection Tubes (PA-USA). All MDR had refrained from training for 7 days. Peripheral blood mononuclear cells (PBMCs) were isolated by Ficoll–Paque PLUS (GE Healthcare, Munich, Germany), according to the manufacturer’s procedures. Serum samples were obtained by centrifugation at 1500×  g  for 10 min. Aliquots of serum and PBMCs were frozen at −80 °C until analysis.
L26: 2.4. Measure of SIRT1 mRNA Levels
L27: RNA was extracted from PBMCs using Trizol reagent (GeneAll Biotechnology Ltd., Seoul, Korea) and reversely transcribed into cDNA using a commercial kit (Applied Biological Materials Inc.-ABM, Richmond, VA, Canada). Five microliters of cDNA were used in a total 20 µL PCR mix containing 12.5 µL of SYBR GREEN PCR Master Mix (Applied Biosystems™, MA, USA), 1.25 µL of each primer, and 5µL of water. The primer sets used to amplify SIRT1 cDNA were: forward 5′-CCC TCA AAG TAA GAC CAG TAG CA-3′ and reverse 5′-AGT CTC CAA GAA GCT CTA CAT CA-3′. Actin was denoted as the internal control. The actin primers were: forward 5′-CAA CCG CGA GAA GAT GAC CC-3′ and reverse 5′-GAG GCG TAC AGG GAT AGC AC-3′. Gene expression was quantified using QuantStudio 3 Real-Time PCR System Software (Applied Biosystems™, MA, USA). After initial denaturation for 10 min at 95 °C, the amplification was carried out for 40 cycles (95 °C for 5 s, 60 °C for 30 s). The experiments were performed in triplicate, and data were analyzed by using the 2−ΔΔC t  method as relative quantification.
L28: 2.5. SIRT1 Activity
L29: Nuclei were extracted from PBMCs using a commercial kit (EpiGentek Group Inc., New York, NY, USA). Then, SIRT1 activity was measured using a deacetylase fluorometric assay kit (Sir2 Assay Kit, CycLex, Ina, Nagano, Japan) according to the manufacturer’s procedures. Values were reported as relative fluorescence/μg of protein (AU). All data were expressed as mean ± SD of three independent experiments.
L30: 2.6. TOS Assay
L31: A total oxidant status (TOS) assay evaluates peroxide concentrations in serum samples by measuring the oxidation of the ferrous ion in the presence of xylenol orange in an acidic environment. To minimize serum sample background noise and to quantify the level of free radicals, a modified method by Pavlatou et al. was used [ 24 ]. Ferrous-xylenol orange (FOX) reagent was prepared in 25 mM sulfuric acid (pH 1.75) by adding 8 mM ferrous sulfate and 2.5 mM xylenol orange. Ninety-six-well plates were filled with 45 μL of serum samples and 300 μL of 25 mM H 2 SO 4 , and absorbance was measured at 610 nm (T 0 ). Then, 15 μL of FOX reagent was added to each sample, and, after 10 min of incubation at room temperature, the absorbance was measured at 610 nm (T 10 ). Peroxide plasmatic concentration was measured as the ratio between samples and standards Abs according to the following equation: peroxide   concentration = ( Δ Abs   sample Δ Abs   standard ) × standard   concentration 
L32: where
L33:  ∆ABS = Abs T 10 –Abs T 0
L34: All data were expressed as mean ± SD of three independent experiments.
L35: 2.7. TEAC Assay
L36: Trolox equivalent antioxidant capacity (TEAC) was measured by the 2,2′-azinobis- (3-ethylbenzothiazoline-6-sulphonate) (ABTS) assay [ 25 ]. ABTS (5.8 mM) was mixed with 2 mM ammonium persulfate (NH 4 ) 2 S 2 O 8  in 100 mM PBS (pH 7.4), generating ABTS+ radical, after overnight incubation. Phosphate buffer solution (PBS) was used to dilute the ABTS +  radical stock solution, obtaining an absorbance of 0.75 O.D. at 734 nm (working solution). Serum samples were diluted 1:5 with 240 μL of the ABTS+ working solution, and then 10 μL of samples were put into 96-well plates. After 2 min of mixing, a microplate reader (Thermo Fisher Scientific, MA, USA) was used to measure the absorbance referring to a Trolox standard curve. The absorbance was expressed as μM of Trolox equivalents. All data were expressed as mean ± SD of three independent experiments.
L37: 2.8. Oxidative Stress Index
L38: The ratio of TOS to TEAC values was used to calculate the oxidative stress index (OSI) according to the following formula: TOS (µM H 2 O 2  equivalent per liter)/TEAC (µM Trolox equivalent per liter).
L39: 2.9. Statistical Analysis
L40: Continuous data were expressed as mean ± standard deviation (SD), while categorical variables were expressed as percentages (%). The results were expressed as the mean ± SD of three independent experiments. Differences between multiple groups were analyzed using ANOVA with the Bonferroni post hoc test. Variables that demonstrated statistical significance in a univariate model were then included in a multivariate analysis. Multivariate analyses were performed to assess correlations among variables. All tests were two-sided, and values of  p  < 0.05 were considered to be statistically significant. All analyses were carried out using Stata version 16.0 (Stata Corporation, College Station, TX, USA).
L41: 3. Results
L42: Thirty-two middle distance runners (MDR) and 14 age-matched sedentary controls (CTR) represented the study population. MDR taking antioxidant supplementation were indicated as MDR-S ( n  = 18), while those belonging to MDR not taking supplements were referred to as MDR-NoS ( n  = 14).  Table 1  reports the main characteristics of the enrolled subjects. The groups (MDR-S and MDR-NoS) were well-balanced regarding sex. No differences in age, smoking habits, alcohol use, or dietary habits were found between the two groups of athletes and between athletes and CTR. CTR had a Body Mass Index (BMI) higher than both MDR-S and MDR-NoS. Neither training time/week nor training frequency/week differed between MDR-S and MDR-NoS.
L43: 3.1. SIRT1 mRNA Expression and Activity
L44: As shown in  Figure 1 A, the MDR group demonstrated higher levels of SIRT1 mRNA compared with the CTR group ( p  = 0.0387). Notably, MDR-NoS showed higher levels than CTR ( p  = 0.0136), while there were no statistically significant differences between MDR-S and CTR or between MDR-S and MDR-NoS.
L45: Similar to SIRT1 mRNA, MDR showed higher levels of SIRT1 activity compared with the CTR ( p  = 0.0055). MDR-NoS had the highest value, significantly higher compared both with CTR ( p  = 0.0003) and MDR-S ( p  = 0.0012). SIRT1 activity of MDR-S was higher when compared with CTR without reaching statistical significance ( Figure 1 B).
L46: 3.2. Oxidative Stress Markers
L47: As shown in  Figure 2 A, no differences in TOS levels were found among the groups. Conversely, the MDR showed higher TEAC levels than did the CTR ( p  = 0.0001). Notably, both the MDR-S and MDR-NoS showed higher TEAC levels than did the CTR (MDR-NoS vs. CTR,  p  = 0.0003 and MDR-S vs. CTR,  p  = 0.0007). There were no statistically significant differences between MDR-S and MDR-NoS ( Figure 2 B).
L48: Regarding OSI (TOS/TEAC), the CTR demonstrated the highest levels compared with the other groups. No differences were found between MDR-S and MDR-NoS ( Figure 2 C).
L49: 3.3. Linear Regression Analyses
L50: A multiple linear regression analysis was performed to test the predictors of SIRT1 activity levels. The analysis tested if age, sex (female), BMI, TEAC, TOS levels, and Ctr, MDR-NoS, or MDR-S groups significantly predicted SIRT1 levels. The fitted regression model was −124.064–0.143 * (Age) −97.546 * (Women) +17.021 * (BMI) +0.449 * (TEAC) −27.973 * (TOS) +744.643 * (MDR-NoS) +61.879 * (MDR-S) +360.588 (MDR total). The overall regression was statistically significant (r 2  = 0.3725, F (8,69),  p  = 0.0001). It was found that TEAC (β = 0.449, 95% CI 0.208 0.690;  p  < 0.0001) and the MDR-NoS group (β = 744.643, 95% CI 169.995 1319.291;  p  = 0.012) significantly predicted SIRT1 activity levels ( Figure 3 ).
L51: Then, another linear regression analysis was performed to test the predictors of SIRT1 activity levels in each of the considered groups. The analysis tested if age, sex (female), BMI, TEAC, and TOS levels significantly predicted SIRT1 activity levels by the groups. In the Ctr group, the fitted regression model was: 1982.697–27,6105 * (Age) −545.369 * (Women) +57.987 * (BMI) −0.3090395 * (TEAC) −45.922 * (TOS). The overall regression was not statistically significant (r 2  = 0.314, F (5,8),  p  = 0.619), and no significant predictors were identified ( Figure 4 A). In the MDR-NoS, the fitted regression model was: −2168.175 + 9.648 * (Age) + 64.215 * (Women) +44.258 * (BMI) +1.031 * (TEAC) −29.290 * (TOS). The overall regression was statistically significant (r 2  = 0.830, F (5,8),  p  = 0.006). The only significant predictors of the SIRT1 activity levels in the MDR-NoS group were the TEAC levels (β = 1.031, 95% CI 0.489 1.574;  p  = 0.002) ( Figure 4 B). In the MDR-S group, the fitted regression model was: −276.417 + 16.558 * (Age) −276.417 * (Women) +11.239 * (BMI) −0.139 * (TEAC) +121.103 * (TOS). The overall regression was not statistically significant (r 2  = 0.422, F (5,12),  p  = 0.198), and no significant predictors were identified ( Figure 4 C). Finally, when considering the MDR-NoS and the MDR-S groups together (MDR), the overall regression was not statistically significant (r 2  = 0.273, F (5,26),  p  = 0.120). The only significant predictors of the SIRT1 activity levels were the TEAC levels (β = 0.603, 95% CI 0.185 1.021;  p  = 0.006), likely due to the greatly significant association of SIRT1 activity and TEAC levels found in the MDR-NoS group ( Figure 4 D).
L52: Because the OSI index is considered a more reliable parameter of oxidative stress, another multivariate analysis was performed, changing the TEAC and TOS with OSI as a possible predictor. The analysis tested if age, sex (female), BMI, OSI levels, and Ctr, MDR-NoS, or MDR-S groups significantly predicted the SIRT1 levels. The fitted regression model was 1843.672 + 0.1891939 * (Age) −138.0873 * (Women) −5.711977 * (BMI) −149499.1 * (OSI) +778.9953 * (MDR-NoS) +85.39653 * (MDR-S) +388.846 (MDR). The overall regression was statistically significant (r 2  = 0.2747, F (7,70),  p  = 0.0015). It was found that only participation in the MDR-NoS group (β =778.9953, 95% CI 212.1037 1345.8871;  p  = 0.008) significantly predicted the SIRT1 activity levels ( Figure 5 ).
L53: Another analysis tested if age, sex (female), BMI, and OSI significantly predicted SIRT1 levels by the groups. In the Ctr group, the fitted regression model was: 1117.95–10.955 * (Age) −294.074 * (Women) +5.265 * (BMI) +10,3207 * (OSI). The overall regression was not statistically significant (r 2  = 0.138, F (4,9),  p  = 0.831), and no significant predictors were identified ( Figure 6 A). In the MDR-NoS, the fitted regression model was: 3033.987–1.495 * (Age) +199.623 * (Women) +28.983 * (BMI) −586,680.4 * (OSI). The overall regression was statistically significant (r 2  = 0.706, F (4,9),  p  = 0.017). The only significant predictors of the SIRT1 activity levels in the MDR-NoS group was the OSI (β = −586,680.4, 95% CI -895,308–278,052.8;  p  = 0.002) ( Figure 6 B). In the MDR-S group, the fitted regression model was: −65.663 + 22.852 * (Age) −317.383 * (Women) −11.786 * (BMI) +132,664.8 * (OSI). The overall regression was not statistically significant (r 2  = 0.368, F (4,13),  p  = 0.172), and no significant predictors were identified ( Figure 6 C). Finally, when considering the MDR-NoS and the MDR-S groups together (MDR), the overall regression was not statistically significant (r 2  = 0.199, F (4,27),  p  = 0.183). The only significant predictors of the SIRT1 activity levels was the OSI (β = −385,027.6, 95% CI −706,308.1 – 63,747.09;  p = 0.021), likely due to the greatly significant association of SIRT1 activity and OSI found in the MDR-NoS group ( Figure 6 D).
L54: 4. Discussion
L55: The main finding of this study is that aerobic ET combined with an exogenous source of antioxidants is associated with an increase in systemic antioxidant capacity but not in SIRT1 activity. When a multiple linear regression analysis was performed, the best predictors of SIRT1 activity levels were the TEAC ( p  < 0.0001,  Figure 3 ), and participation in the MDR-NoS group (r 2  = 0.3725,  p  = 0.012). This finding was confirmed by a second linear regression analysis performed by groups. In fact, in the MDR-NoS, TEAC levels were the only significant predictors of the SIRT1 activity levels, while no predictors were identified in Ctr and MDR-S. These findings suggest that the ET alone induced an increase of antioxidant molecules, and this increase was associated with augmented SIRT1 activity levels. On the other hand, when supplementation was added to the ET, these beneficial effects were lost.
L56: The beneficial effects of ET (mainly aerobic) have been linked to its capacity for triggering an antioxidant response through a transient and moderate increase of ROS based on the concept of mitohormesis [ 8 ]. On the other hand, an accumulation of oxidative stress during ET can lead to damage of all cellular constituents and could impair athletic performance [ 26 ]. For this reason, athletes often resort to antioxidant supplementation, including vitamins E and C, to prevent or reduce possible ET-related negative effects, especially muscle damage [ 26 , 27 ].
L57: ET is a natural activator of SIRT1, which, acting in turn as a stress-sensor, can mount an adaptive response to a variety of stressors, including ROS produced by increased oxygen consumption [ 14 , 28 ]. However, this effect strongly varies based on the type and intensity of the ET [ 16 , 17 , 29 ].
L58: An exogenous source of antioxidants could interfere with ET-related outcomes, leading to effects that are actually detrimental rather than beneficial. Ristow et al. demonstrated that oral supplementation of 500 mg vitamin C twice a day and 400 IU vitamin E once a day prevented the ET-related health-promoting effects, including the enhancement of endogenous responses to ROS [ 30 ]. These authors concluded that antioxidant supplementation should not be recommended in trained individuals [ 10 ].
L59: In the present study, MDR-S, taking antioxidant supplements including an average dose of 240 mg vitamin C and 15 mg vitamin E daily, showed a similar amount of OSI (TOS/TEAC) of that measured in the MDR-NoS, who did not take supplements. Both of them showed low levels of OSI compared with sedentary subjects.
L60: Several studies showed that increased levels of sirtuins in athletes compared with sedentary controls were associated with improved mitochondrial biogenesis and antioxidant function [ 14 , 31 ]. The aforementioned studies were carried out using muscle biopsies; therefore, they focused on ET-mediated local effects [ 31 ].
L61: Similarly, the effects of daily intake of vitamins C and E were investigated using muscle samples [ 32 ]. Paulsen et al., in a double-blind randomized controlled trial, observed that ET-related muscle adaptations were hindered in athletes taking 1000 mg of vitamin C and 235 mg of vitamin E daily for 11 weeks. In particular, the intake of the vitamins led to an attenuation of the ET-related increases in markers of mitochondrial biogenesis. The authors concluded that, although this finding was not associated with loss of athletic performance, caution should be taken when considering combining antioxidant supplementation with endurance exercise [ 32 ].
L62: Roberts et al. showed that supplementation of 1000 mg of vitamin C did not impair training-induced improvements in exercise performance in recreationally active males who performed high-intensity interval running training [ 33 ]. On the other hand, Dutra et al. reported that a reduction in muscle performance was observed in healthy women after ten weeks of twice-weekly strength training and administration of vitamins E (400 IU/day) and C (1000 mg/day) [ 34 ].
L63: Other studies did not find interference by the antioxidant supplements on the ET-related effects. Theodorou et al. observed that neither muscle performance nor blood redox status was influenced by the administration of vitamins E (400 IU/day) and C (1000 mg/day) in a group of healthy volunteers participating in a program of eccentric ET twice weekly for four weeks [ 35 ].
L64: A review including crossover and controlled trials highlighted mixed results. Some studies reported that vitamin C at a dosage of more than 1 g daily could impair physical performance through a possible reduction in mitochondrial biogenesis, while others did not observe a statistically significant impact [ 36 ].
L65: It has been suggested that a well-balanced diet including vitamins could act synergistically with a regular ET to optimize, rather than contrast, its antioxidant properties [ 36 ]. The type and intensity of ET, as well as antioxidant supplement dosages, can influence the results of different studies.
L66: Notably, all the athletes enrolled in the present investigation performed the same type of ET and took 240 mg of vitamin C and 15 mg of vitamin E daily. Such homogeneity allowed us to better investigate the effects of an endurance ET (i.e., MDR) combined with antioxidant supplementation.
L67: A possible limitation could be the lack of a control group, including sedentary individuals taking the same antioxidant supplements used by the athletes. However, the present is an observational study, and the inclusion of this group would have implied the need to prescribe these supplements. Moreover, further studies should be planned to assess separately the effects exerted by vitamin C or vitamin E on the ET-related outcomes.
L68: 5. Conclusions
L69: Consistent with the concept of mitohormesis, it is conceivable that in MDR-S, the presence of an exogenous source of antioxidants did not justify activation of SIRT1 to stimulate the endogenous antioxidant system like that observed in MDR-NoS.
L70: Antioxidant supplementation based on vitamin C and E, although at a low dosage, could interfere with the ET-related effects on oxidative redox state and SIRT1 activity.
L71: Personalized antioxidant interventions, based on the identification of possible antioxidant deficiencies, could enhance the beneficial effects of ET without interfering with ET-related adaptive responses.
L72: Figure 1 SIRTUIN 1 (SIRT1) mRNA expression ( A ) and activity ( B ) were measured in peripheral blood mononuclear cells (PBMCs) extracted from sedentary controls (CTR), middle distance runners not taking antioxidant supplements (MDR-NoS), and MDR taking antioxidant supplements (MDR-S). MDR indicates all the MDR, irrespective of antioxidants supplementation. CTR, MDR-NoS, MDR-S, and MDR are respectively indicated with a black circle, black square, black triangle with the vertex at the bottom, and black triangle with the vertex at the top. All data are expressed as mean ± SD.
L73: Figure 2 Total oxidative status (TOS) ( A ), Trolox equivalent antioxidant capacity (TEAC) ( B ), and oxidative stress index (TOS/TEAC, OSI) ( C ) were determined in the serum extracted from sedentary controls (CTR), middle distance runners not taking antioxidant supplements (MDR-NoS) and MDR taking antioxidant supplements (MDR-S). MDR indicates all the MDR irrespective of antioxidant supplementation. CTR, MDR-NoS, MDR-S, and MDR are respectively indicated with a black circle, black square, black triangle with the vertex at the bottom, and black triangle with the vertex at the top. All data are expressed as mean ± SD.
L74: Figure 3 Linear regression analyses with SIRT1 (SIRT1) activity measured in peripheral blood mononuclear cells (PBMCs) and Trolox equivalent antioxidant capacity (TEAC) measured in serum.
L75: Figure 4 Linear regression analyses with SIRT1 (SIRT1) activity measured in peripheral blood mononuclear cells (PBMCs) and Trolox equivalent antioxidant capacity (TEAC) measured in serum of CTR ( A ), MDR-NoS ( B ), MDR-S ( C ), and MDR ( D ). The groups were: sedentary controls (CTR), middle distance runners (MDR) not taking antioxidant supplements (MDR-NoS), and MDR taking antioxidant supplements (MDR-S), indicated, respectively, with a black circle, black square, black triangle with the vertex at the bottom, and black triangle with the vertex at the top. All data are expressed as mean ± SD. All data are expressed as mean ± SD.
L76: Figure 5 Linear regression analyses with SIRT1 (SIRT1) activity measured in peripheral blood mononuclear cells (PBMCs) and Oxidative Stress Index (OSI) calculated as ratio of TOS on TEAC.
L77: Figure 6 Linear regression analyses with SIRT1 (SIRT1) activity measured in peripheral blood mononuclear cells (PBMCs) and Oxidative Stress Index (OSI) calculated as the ratio of TOS on TEAC, CTR ( A ), MDR-NoS ( B ), MDR-S ( C ), and MDR ( D ). The groups were: sedentary controls (CTR), middle distance runners (MDR) not taking antioxidant supplements (MDR-NoS), and MDR taking antioxidant supplements (MDR-S), indicated, respectively, with a black circle, black square, black triangle with the vertex at the bottom, and black triangle with the vertex at the top. All data are expressed as mean ± SD. All data are expressed as mean ± SD.
L78: 1. Martín-Timón I. 
L79:  Sevillano-Collantes C. 
L80:  Segura-Galindo A. 
L81:  Del Cañizo-Gómez F.J. 
L82:  Type 2 Diabetes and Cardiovascular Disease: Have All Risk Factors the Same Strength? World J. Diabetes 2014 5 444 470 10.4239/wjd.v5.i4.444 25126392
L83: 2. Park J.H. 
L84:  Moon J.H. 
L85:  Kim H.J. 
L86:  Kong M.H. 
L87:  Oh Y.H. 
L88:  Sedentary Lifestyle: Overview of Updated Evidence of Potential Health Risks Korean J. Fam. Med. 2020 41 365 373 10.4082/kjfm.20.0165 33242381
L89: 3. Mone P. 
L90:  Gambardella J. 
L91:  Lombardi A. 
L92:  Pansini A. 
L93:  De Gennaro S. 
L94:  Leo A.L. 
L95:  Famiglietti M. 
L96:  Marro A. 
L97:  Morgante M. 
L98:  Frullone S. 
L99:  
L100:  Correlation of Physical and Cognitive Impairment in Diabetic and Hypertensive Frail Older Adults Cardiovasc. Diabetol. 2022 21 10 10.1186/s12933-021-01442-z 35045834
L101: 4. Nocella C. 
L102:  Cammisotto V. 
L103:  Pigozzi F. 
L104:  Borrione P. 
L105:  Fossati C. 
L106:  D’Amico A. 
L107:  Cangemi R. 
L108:  Peruzzi M. 
L109:  Gobbi G. 
L110:  Ettorre E. 
L111:  
L112:  Impairment between Oxidant and Antioxidant Systems: Short- and Long-Term Implications for Athletes’ Health Nutrients 2019 11 1353 10.3390/nu11061353
L113: 5. Moffa S. 
L114:  Perna A. 
L115:  Cattolico A. 
L116:  Sellitto C. 
L117:  Ascione A. 
L118:  Tafuri D. 
L119:  Guerra G. 
L120:  Lucariello A. 
L121:  Evaluations of Muscular Strength, Ability to Balance and Health Status in Prisoners during COVID-19 Int. J. Environ. Res. Public Health 2021 18 4316 10.3390/ijerph18084316 33921737
L122: 6. Thirupathi A. 
L123:  Wang M. 
L124:  Lin J.K. 
L125:  Fekete G. 
L126:  István B. 
L127:  Baker J.S. 
L128:  Gu Y. 
L129:  Effect of Different Exercise Modalities on Oxidative Stress: A Systematic Review Biomed Res. Int. 2021 2021 1947928 10.1155/2021/1947928 33628774
L130: 7. Sjödin B. 
L131:  Hellsten Westing Y. 
L132:  Apple F.S. 
L133:  Biochemical Mechanisms for Oxygen Free Radical Formation during Exercise Sports Med. 1990 10 236 254 10.2165/00007256-199010040-00003 2247725
L134: 8. Sachdev S. 
L135:  Davies K.J.A. 
L136:  Production, Detection, and Adaptive Responses to Free Radicals in Exercise Free Radic. Biol. Med. 2008 44 215 223 10.1016/j.freeradbiomed.2007.07.019 18191757
L137: 9. Ursini F. 
L138:  Maiorino M. 
L139:  Forman H.J. 
L140:  Redox Homeostasis: The Golden Mean of Healthy Living Redox Biol. 2016 8 205 215 10.1016/j.redox.2016.01.010 26820564
L141: 10. Ristow M. 
L142:  Schmeisser K. 
L143:  Mitohormesis: Promoting Health and Lifespan by Increased Levels of Reactive Oxygen Species (ROS) Dose Response 2014 12 288 341 10.2203/dose-response.13-035.Ristow 24910588
L144: 11. Conti V. 
L145:  Corbi G. 
L146:  Simeon V. 
L147:  Russomanno G. 
L148:  Manzo V. 
L149:  Ferrara N. 
L150:  Filippelli A. 
L151:  Aging-Related Changes in Oxidative Stress Response of Human Endothelial Cells Aging Clin. Exp. Res. 2015 27 547 553 10.1007/s40520-015-0357-9 25835220
L152: 12. Conti V. 
L153:  Corbi G. 
L154:  Manzo V. 
L155:  Malangone P. 
L156:  Vitale C. 
L157:  Maglio A. 
L158:  Cotugno R. 
L159:  Capaccio D. 
L160:  Marino L. 
L161:  Selleri C. 
L162:  
L163:  SIRT1 Activity in Peripheral Blood Mononuclear Cells Correlates with Altered Lung Function in Patients with Chronic Obstructive Pulmonary Disease Oxid. Med. Cell. Longev. 2018 2018 9391261 10.1155/2018/9391261 29861836
L164: 13. Alcendor R.R. 
L165:  Gao S. 
L166:  Zhai P. 
L167:  Zablocki D. 
L168:  Holle E. 
L169:  Yu X. 
L170:  Tian B. 
L171:  Wagner T. 
L172:  Vatner S.F. 
L173:  Sadoshima J. 
L174:  Sirt1 Regulates Aging and Resistance to Oxidative Stress in the Heart Circ. Res. 2007 100 1512 1521 10.1161/01.RES.0000267723.65696.4a 17446436
L175: 14. Vargas-Ortiz K. 
L176:  Pérez-Vázquez V. 
L177:  Macías-Cervantes M.H. 
L178:  Exercise and Sirtuins: A Way to Mitochondrial Health in Skeletal Muscle Int. J. Mol. Sci. 2019 20 2717 10.3390/ijms20112717
L179: 15. Corbi G. 
L180:  Conti V. 
L181:  Troisi J. 
L182:  Colucci A. 
L183:  Manzo V. 
L184:  Di Pietro P. 
L185:  Calabrese M.C. 
L186:  Carrizzo A. 
L187:  Vecchione C. 
L188:  Ferrara N. 
L189:  
L190:  Cardiac Rehabilitation Increases SIRT1 Activity and β-Hydroxybutyrate Levels and Decreases Oxidative Stress in Patients with HF with Preserved Ejection Fraction Oxid. Med. Cell. Longev. 2019 2019 7049237 10.1155/2019/7049237 31885811
L191: 16. Conti V. 
L192:  Corbi G. 
L193:  Russomanno G. 
L194:  Simeon V. 
L195:  Ferrara N. 
L196:  Filippelli W. 
L197:  Limongelli F. 
L198:  Canonico R. 
L199:  Grasso C. 
L200:  Stiuso P. 
L201:  
L202:  Oxidative Stress Effects on Endothelial Cells Treated with Different Athletes’ Sera Med. Sci. Sports Exerc. 2012 44 39 49 10.1249/MSS.0b013e318227f69c 21659898
L203: 17. Conti V. 
L204:  Russomanno G. 
L205:  Corbi G. 
L206:  Guerra G. 
L207:  Grasso C. 
L208:  Filippelli W. 
L209:  Paribello V. 
L210:  Ferrara N. 
L211:  Filippelli A. 
L212:  Aerobic Training Workload Affects Human Endothelial Cells Redox Homeostasis Med. Sci. Sports Exerc. 2013 45 644 653 10.1249/MSS.0b013e318279fb59 23135374
L213: 18. MacInnis M.J. 
L214:  Gibala M.J. 
L215:  Physiological Adaptations to Interval Training and the Role of Exercise Intensity J. Physiol. 2017 595 2915 2930 10.1113/JP273196 27748956
L216: 19. Hofmann P. 
L217:  Tschakert G. 
L218:  Intensity- and Duration-Based Options to Regulate Endurance Training Front. Physiol. 2017 8 337 10.3389/fphys.2017.00337 28596738
L219: 20. Corbi G. 
L220:  Conti V. 
L221:  Komici K. 
L222:  Manzo V. 
L223:  Filippelli A. 
L224:  Palazzo M. 
L225:  Vizzari F. 
L226:  Davinelli S. 
L227:  Di Costanzo A. 
L228:  Scapagnini G. 
L229:  
L230:  Phenolic Plant Extracts Induce Sirt1 Activity and Increase Antioxidant Levels in the Rabbit’s Heart and Liver Oxid. Med. Cell. Longev. 2018 2018 2731289 10.1155/2018/2731289 30116475
L231: 21. Gertz M. 
L232:  Nguyen G.T.T. 
L233:  Fischer F. 
L234:  Suenkel B. 
L235:  Schlicker C. 
L236:  Fränzel B. 
L237:  Tomaschewski J. 
L238:  Aladini F. 
L239:  Becker C. 
L240:  Wolters D. 
L241:  
L242:  A Molecular Mechanism for Direct Sirtuin Activation by Resveratrol PLoS ONE 2012 7 e49761 10.1371/journal.pone.0049761 23185430
L243: 22. Peeling P. 
L244:  Castell L.M. 
L245:  Derave W. 
L246:  de Hon O. 
L247:  Burke L.M. 
L248:  Sports Foods and Dietary Supplements for Optimal Function and Performance Enhancement in Track-and-Field Athletes Int. J. Sport Nutr. Exerc. Metab. 2019 29 198 209 10.1123/ijsnem.2018-0271 30299192
L249: 23. Mason S.A. 
L250:  Trewin A.J. 
L251:  Parker L. 
L252:  Wadley G.D. 
L253:  Antioxidant Supplements and Endurance Exercise: Current Evidence and Mechanistic Insights Redox Biol. 2020 35 101471 10.1016/j.redox.2020.101471 32127289
L254: 24. Pavlatou M.G. 
L255:  Papastamataki M. 
L256:  Apostolakou F. 
L257:  Papassotiriou I. 
L258:  Tentolouris N. 
L259:  FORT and FORD: Two Simple and Rapid Assays in the Evaluation of Oxidative Stress in Patients with Type 2 Diabetes Mellitus Metabolism 2009 58 1657 1662 10.1016/j.metabol.2009.05.022 19604518
L260: 25. Re R. 
L261:  Pellegrini N. 
L262:  Proteggente A. 
L263:  Pannala A. 
L264:  Yang M. 
L265:  Rice-Evans C. 
L266:  Antioxidant Activity Applying an Improved ABTS Radical Cation Decolorization Assay Free Radic. Biol. Med. 1999 26 1231 1237 10.1016/S0891-5849(98)00315-3 10381194
L267: 26. Higgins M. 
L268:  Izadi A. 
L269:  Kaviani M. 
L270:  Antioxidants and Exercise Performance: With a Focus on Vitamin E and C Supplementation Int. J. Environ. Res. Public Health 2020 17 8452 10.3390/ijerph17228452 33203106
L271: 27. Martinez-Ferran M. 
L272:  Sanchis-Gomar F. 
L273:  Lavie C.J. 
L274:  Lippi G. 
L275:  Pareja-Galeano H. 
L276:  Do Antioxidant Vitamins Prevent Exercise-Induced Muscle Damage? A Systematic Review Antioxidants 2020 9 372 10.3390/antiox9050372
L277: 28. Li H. 
L278:  Sirtuin 1 (SIRT1) and Oxidative Stress Systems Biology of Free Radicals and Antioxidants 
L279:  Laher I. 
L280:  Springer Berlin/Heidelberg, Germany 2014 417 435 10.1007/978-3-642-30018-9_17
L281: 29. Tanasescu M. 
L282:  Leitzmann M.F. 
L283:  Rimm E.B. 
L284:  Willett W.C. 
L285:  Stampfer M.J. 
L286:  Hu F.B. 
L287:  Exercise Type and Intensity in Relation to Coronary Heart Disease in Men JAMA 2002 288 1994 2000 10.1001/jama.288.16.1994 12387651
L288: 30. Ristow M. 
L289:  Zarse K. 
L290:  Oberbach A. 
L291:  Klöting N. 
L292:  Birringer M. 
L293:  Kiehntopf M. 
L294:  Stumvoll M. 
L295:  Kahn C.R. 
L296:  Blüher M. 
L297:  Antioxidants Prevent Health-Promoting Effects of Physical Exercise in Humans Proc. Natl. Acad. Sci. USA 2009 106 8665 8670 10.1073/pnas.0903485106 19433800
L298: 31. Koltai E. 
L299:  Bori Z. 
L300:  Osvath P. 
L301:  Ihasz F. 
L302:  Peter S. 
L303:  Toth G. 
L304:  Degens H. 
L305:  Rittweger J. 
L306:  Boldogh I. 
L307:  Radak Z. 
L308:  Master Athletes Have Higher MiR-7, SIRT3 and SOD2 Expression in Skeletal Muscle than Age-Matched Sedentary Controls Redox Biol. 2018 19 46 51 10.1016/j.redox.2018.07.022 30107294
L309: 32. Paulsen G. 
L310:  Cumming K.T. 
L311:  Holden G. 
L312:  Hallén J. 
L313:  Rønnestad B.R. 
L314:  Sveen O. 
L315:  Skaug A. 
L316:  Paur I. 
L317:  Bastani N.E. 
L318:  Østgaard H.N. 
L319:  
L320:  Vitamin C and E Supplementation Hampers Cellular Adaptation to Endurance Training in Humans: A Double-Blind, Randomised, Controlled Trial J. Physiol. 2014 592 1887 1901 10.1113/jphysiol.2013.267419 24492839
L321: 33. Roberts L.A. 
L322:  Beattie K. 
L323:  Close G.L. 
L324:  Morton J.P. 
L325:  Vitamin C Consumption Does Not Impair Training-Induced Improvements in Exercise Performance Int. J. Sports Physiol. Perform. 2011 6 58 69 10.1123/ijspp.6.1.58 21487150
L326: 34. Dutra M.T. 
L327:  Alex S. 
L328:  Mota M.R. 
L329:  Sales N.B. 
L330:  Brown L.E. 
L331:  Bottaro M. 
L332:  Effect of Strength Training Combined with Antioxidant Supplementation on Muscular Performance Appl. Physiol. Nutr. Metab. = Physiol. Appl. Nutr. Metab. 2018 43 775 781 10.1139/apnm-2017-0866 29939770
L333: 35. Theodorou A.A. 
L334:  Nikolaidis M.G. 
L335:  Paschalis V. 
L336:  Koutsias S. 
L337:  Panayiotou G. 
L338:  Fatouros I.G. 
L339:  Koutedakis Y. 
L340:  Jamurtas A.Z. 
L341:  No Effect of Antioxidant Supplementation on Muscle Performance and Blood Redox Status Adaptations to Eccentric Training Am. J. Clin. Nutr. 2011 93 1373 1383 10.3945/ajcn.110.009266 21508092
L342: 36. Braakhuis A.J. 
L343:  Effect of Vitamin C Supplements on Physical Performance Curr. Sports Med. Rep. 2012 11 180 184 10.1249/JSR.0b013e31825e19cd 22777327
[22ms]

