L1: Acute Beetroot Juice Supplementation Enhances Intermittent Running Performance but Does Not Reduce Oxygen Cost of Exercise among Recreational Adults
L2: Nutrients (2022)
L3: Ozcan Esen, Raúl Domínguez, Raci Karayigit
L4: 1 Department of Health Professions, Manchester Metropolitan University, Manchester M15 6GX, UK
L5: 2 Institute of Sport, Manchester Metropolitan University, Manchester M155TN, UK
L6: 3 Departamento de Motricidad Humana Rendimiento Deportivo, Universidad de Sevilla, 41013 Sevilla, Spain;  rdherrera@us.es
L7: 4 Faculty of Sport Sciences, Ankara University, 06830 Ankara, Turkey;  rkarayigit@ankara.edu.tr
L8: Nitrate (NO 3 − ) supplementation has been reported to enhance intermittent exercise performance; however, its impact on oxygen (O 2 ) cost during intermittent running exercise is unclear. The aim of this study was to assess if acute NO 3 −  supplementation would elicit performance benefits in recreationally active individuals during the Yo–Yo intermittent recovery level 1 (Yo-Yo IR1) test, with its potential benefit on O 2  consumption (VO 2 ), in a double-blind, randomized, crossover study, 12 recreational males consumed NO 3 − -rich (NIT; ~12.8 mmol), and NO 3 − -depleted (PLA; 0.04 mmol) concentrated beetroot juice 3 h before completing the Yo-Yo IR1 test. VO 2  was measured at 160, 280 and 440 m (sub-maximal) and when the test was terminated (peak). Performance in the Yo–Yo IR1 was greater with NIT (990 ± 442.25 m) compared to PLA (870 ± 357.4 m,  p  = 0.007). The VO 2  was not significantly different at 160 m (1.92 ± 0.99 vs. 2.1 ± 0.88 L·min −1 ), 280 m (2.62 ± 0.94 vs. 2.83 ± 0.94 L·min −1 ), 440 m (3.26 ± 1.04 vs. 3.46 ± 0.98 L·min −1 ) and peak (4.71 ± 1.01 vs. 4.92 ± 1.17 L·min −1 ) between NIT and PLA trials (all  p  > 0.05). The present study has indicated that acute supplementation of NO 3 −  enhanced intermittent running performance but had no effect on VO 2  during the Yo–Yo IR1 test in recreational young adults.
L9: Article
L10: nitric oxide; ergogenic aid; sports nutrition; beetroot juice; exercise performance
L11: 1. Introduction
L12: The ergogenic effect of dietary nitrate (NO 3 − ) supplementation is attributed to its reduction of NO 3 −  to nitrite (NO 2 − ) and, subsequently, nitric oxide (NO) [ 1 ]. This ingestion of NO 3 − -rich sources is known to increase plasma NO 2 −  and be beneficial for reducing the oxygen (O 2 ) cost for a given workload [ 2 , 3 , 4 , 5 ], improving muscle contractile properties [ 6 , 7 ], and supporting fatigue resistance [ 8 , 9 , 10 ]. Interestingly, it has been shown that a vegetable source is more effective than NO 3 −  salts [ 11 ], taken as a supplement (e.g., concentrated beetroot juice). Furthermore, existing evidence also supports the notion that the reduction of NO 2 −  to NO is enhanced in intra-muscular hypoxic conditions such as that observed within the skeletal muscle during high-intensity activity [ 12 , 13 ].The potential benefits of NO 3 −  supplementation were also shown in muscle contractile properties (e.g., evoked contractile force), and these effects seem in preferentially type II compared to type I muscle fibers [ 14 ]. This enhancement in muscle contractility after NO 3 −  supplementation has been attributed to improved calcium handling and release [ 6 , 7 ] and improved skeletal muscle blood flow and vascular conductance during submaximal efforts [ 15 ]. As such, enhanced intermittent running performance in moderately- [ 16 , 17 ] and well-trained individuals [ 18 ] following NO 3 −  supplementation might be associated with the potential type II fibers’ specific impact of NO 3 −  [ 6 , 15 ] as type II fibers are predominantly recruited to satisfy the high muscle contraction demands during high-intensity intermittent exercise [ 19 ].
L13: The Yo–Yo intermittent recovery level 1 test (Yo–Yo IR1) is well-established, ecologically valid and commonly used [ 20 ]. There are three previous studies that investigated the influence of NO 3 −  on the Yo–Yo IR1 test. Wylie et al. [ 16 ] reported an improvement in the Yo–Yo IR1 by 4.2% amongst moderately-trained team sport players following very large dose of NO 3 −  (29 mmol) over 36 h before the test. Subsequent studies observed similar enhancement (3.9% and 3.4%) in the Yo–Yo IR1 test after the ingestion of 6.4 mmol for 5 days in moderately-trained team sport players [ 17 ] and a 12.8 mmol/day for 6 days in highly trained soccer players, respectively [ 18 ]. Besides the heavy recruitment of type II fibers during a transition from low to high metabolic rate [ 21 , 22 ], intermittent running also leads to a high O 2  demand relative to O 2  delivery. Therefore, combined with the possible effects on type II fibers, the enhanced Yo–Yo IR1 performance in the previous studies might also link to the potential benefits of NO 3 −  supplementation on exercise efficiency by reducing the O 2  cost [ 8 ]. Oxygen consumption (VO 2 ) at a given velocity is an endurance performance referred as running economy [ 23 ], and it is assessed because it reflects the energy cost of running [ 24 ]. Whilst most studies have reported an enhanced economy using acute and/or multiple days of NO 3 −  supplementation during steady-state endurance exercises [ 25 ], it is presently unclear whether the enhanced economy effect of NO 3 −  supplementation that was observed during steady-state endurance exercises might also occur during an intermittent exercise as the Yo–Yo IR1 test. As such, further research is required to assess the effect of NO 3 −  supplementation on the response of VO 2  during intermittent running in humans.
L14: The previous studies above which reported enhanced intermittent running performance applied short-term supplementation periods [ 16 , 17 , 18 ], but previous meta-analyses reported that there is no difference between acute (e.g., 2–3 h pre-exercise) and chronic dosing regimens (e.g., 1–15 days) of NO 3 −  on endurance exercise [ 26 , 27 ]. In addition, more recent meta-analyses have revealed that the benefits of NO 3 −  supplementation in power output generally are apparent following acute supplementation [ 14 , 28 ]. Despite consistent effects of NO 3 −  supplementation on the Yo–Yo IR1 test after multiple-day supplementation, to date, its effect after acute supplementation is yet to be determined. This is important to evaluate, as it would be a more practical and applicable nutritional intervention approach for performance in team sports.
L15: Therefore, the aim of this study was to assess if acute supplementation of NO 3 −  would elicit performance benefits in recreationally active individuals during the Yo–Yo IR1 test, with its potential benefit on VO 2  consumption. It was hypothesized that NO 3 −  supplementation would enhance performance and reduce VO 2  cost during the Yo–Yo IR1 test.
L16: 2. Materials and Methods
L17: 2.1. Participants
L18: The sample size of this study was based on a priori calculation using G*Power software (version 3.1.9.4, Universität, Düsseldorf, Germany). In determining the minimal estimated sample, we have considered two key outcomes, namely total distance achieved and the difference in overall change of VO 2 . Considering total distance, a standardized mean difference of 1.03 was used based on the work of Nyakayiru et al. [ 18 ]. Considering the difference in change of VO 2 , a standardized mean difference of 0.93 was used based on the work of Bailey et al. [ 8 ]. In both instances, a  t -test family was used with matched pairs, a power of 0.80, a two-tailed approach, and α was set at 0.05. The results from these estimations indicated that sample of 10–12 participants would be sufficient to detect a difference between NO 3 −  (NIT) and placebo (PLA) supplementation. Twelve recreationally active males (mean ± SD: age 27 ± 10 years, body mass 78.1 ± 11.8 kg, stature 180.5 ± 5.3 cm) were recruited for this study. All participants were involved in regular moderate-intensity exercise ~3 days per week and muscle-strengthening activities ~2 days per week. The participants were non-smokers, healthy, and did not use dietary supplements at the time of data collection. All participants were university students in the Sport Science department and were familiar with the Yo–Yo IR1 test. Ethics approval for this study was given by the Manchester Metropolitan University Research Ethics Committee (Reference no: 33132). All participants were informed of the nature and possible risks of the experimental procedures before providing written informed consent.
L19: 2.2. Experimental Design
L20: The participants visited the testing facility on two separate occasions. Participants were assigned in a randomized, double-blind, placebo-controlled, crossover design to consume either a NO 3 − -rich (NIT) or a NO 3 − -depleted concentrated beetroot juice (PLA). The experimental trials were all carried out at the similar time of the day (±2 h). Mean and standard deviation of ambient temperature, humidity and pressure during the two trials were 17 ± 2.1 °C, 56.0 ± 4.3% and 1018 ± 2 mbar, respectively. A four- to six-day washout period separated the supplementation periods, as suggested by Wylie et al. [ 9 ]. Each participant was asked to record their dietary intake in the 24 h before the first experimental trial and replicate this in the 24 h before the subsequent trial. Participants were instructed to avoid strenuous exercise and the consumption of alcohol and caffeine for at least 24 h before each experimental trial. Participants avoided using antibacterial mouthwash throughout the duration of the study due to its prevention of the reduction of NO 3 −  to NO 2 −  in the oral cavity [ 29 ].
L21: 2.3. Supplementation Protocol
L22: The participants received 140 mL of concentrated beetroot juice (~12.8 mmol of NO 3 − ; Beet it, James White Drinks Ltd., Ipswich, UK) or NO 3 − -depleted beetroot juice (~0.04 mmol of NO 3 − ) as PLA. This chosen dose was based on current recommendation for the optimal ergogenic effect of NO 3 −  supplementation (5–13 mmol of NO 3 − ) [ 1 , 9 , 27 ]. Participants consumed 2 × 70 mL the supplement 3 h before the test to coincide with peak plasma [NO 2 − ] [ 9 ].
L23: 2.4. Procedures
L24: Upon arrival at the testing facility (an indoor fourth-generation artificial grass pitch), participants completed a standardized warm-up (10 min), ending with the first two shuttles of the Yo–Yo IR1 test in order to familiarize themselves with the audio and initial speeds. After 10 min of passive recovery, a resting capillary blood lactate (BLa) sample was taken from the pad of the index finger of the left hand using the Lactate Pro-2 (Lactate Pro analyser, Arkay, Kyoto, Japan). Immediately after the Yo-Yo IR1, a second capillary BLa sample was taken.
L25: Participants had an online gas analyzer fitter using a custom-made harness with the device positioned on their back. Pulmonary gas exchange was measured continuously using a Cosmed K5 (Cosmed, K5, Cosmed, Rome, Italy) with the system set for breath-by-breath analysis. The calibration of the K5 gas analyzer was performed before each test, according to the manufacturer’s instructions including a gas, volume, carbon dioxide (CO 2 ) and breathing frequency. Breath-by-breath VO 2 , CO 2  production (VCO 2 ) and minute ventilation (VE) data from each test were linearly interpolated to provide second-by-second values. Subsequently, mean VO 2 , VCO 2  and VE were assessed during each run and recovery period and averaged to provide the overall mean VO 2 , VCO 2  and VE during the run and recovery periods for each stage of the Yo–Yo IR1 test. The mean sub-maximal values of 160, 280 and 440 m were based on those previously used [ 30 ]. Peak values for each variable were considered as the highest value achieved during the test. Previous literature has reported that the COSMED K5 had excellent reliability for VO 2  (CV: 4.4%, CI: 3.2–6.7%, concordance correlation coefficient [CCC]: 0.95), VCO 2  (CV: 6.2%, CI: 4.5–9.7%, CCC: 0.92) and VE (CV: 6.9%, CI: 4.9–10.7%, CCC: 0.89) during more than 2 h of continuous field tests [ 31 ].
L26: The Yo–Yo IR1 test has been described elsewhere [ 20 ]. Briefly, the test consists of repeated 2 × 20 m runs, interspersed by a 10 s active recovery period, at progressively increasing speeds controlled by audio bleeps from a portable audio system. First four shuttles were at the speed of 10–13 km·h −1  (0–160 m), then three shuttles at 13.5 km·h −1  (200–280 m) and four shuttles at 14.0 km·h −1  (320–440 m); thereafter, the speed increased 0.5 km·h −1  every eight shuttles (i.e., 760, 1080, 1400 m, etc.). The final distance successfully covered was recorded after the second failed attempt to meet the start/finish line in the allocated time.
L27: 2.5. Statistical Analysis
L28: All data were presented as means ± SD. Differences between NIT and PLA in distance covered during the Yo–Yo IR1 test, VO 2peak , VCO 2peak  and VE peak , RER peak  and BLa pre- and post-exercise test were analyzed using a paired samples  t -test. Effect sizes ( d ) were calculated through Cohen’s  d  as: large  d  > 0.8, moderate  d  = 0.8 to 0.5, small  d  = 0.5 to 0.2, and trivial  d  < 0.2 [ 32 ]. Differences in VO 2 , VCO 2 , VE and RER at 160, 280 and 440 Im were determined using two-way repeated-measure ANOVA (supplement × distance). In addition, effect size was calculated as partial eta-squared (ŋ p 2 ) varying small (<0.25), medium (0.26–0.63) and large (>0.63) [ 33 ]. All data were analyzed using SPSS 27.0 (IBM Corp., Armonk, NY, USA). Significance was determined at  p  < 0.05.
L29: 3. Results
L30: The distance covered in the Yo–Yo IR1 test was significantly greater in NIT (990 ± 442.25 m) compared to PLA (870 ± 357.4 m,  p  = 0.007,  d  = 0.30,  Figure 1 ).
L31: The group mean relative and absolute VO 2  and absolute VCO 2  responses at 160 m, 280 m, 440 m and peak during the Yo–Yo IR1 following both NIT and PLA supplementation were shown in  Figure 2 , and values (including VE and RER values) were reported in  Table 1 . The mean relative VO 2  responses at submaximal distances were similar for NIT and PLA (ANOVA: supplementation, F = 2.27;  p  = 0.160; ŋ p 2  = 0.171; supplementation × distance, F = 2.32,  p  = 0.131, ŋ p 2  = 0.169), while these increased with distance (ANOVA: distance, F = 63.56;  p  < 0.001; ŋ p 2  = 0.85). Similarly, the mean absolute VO 2  responses at submaximal distances did not differ between NIT and PLA (ANOVA: supplementation, F = 1.14;  p  = 0.308; ŋ p 2  = 0.094; supplementation × distance, F = 0.35,  p  = 0.966, ŋ p 2  = 0.003), while these increased with distance (ANOVA: distance, F = 60.51;  p  < 0.001; ŋ p 2  = 0.85). The mean VCO 2  response were also very similar at submaximal distances between NIT and PLA (ANOVA: supplementation,  F  = 1.85;  p  = 0.201; ŋ p 2  = 0.144; supplementation × distance,  F  = 1.84;  p  = 0.183; ŋ p 2  = 0.143), while these increased with distance (ANOVA: distance,  F  = 40.26;  p  < 0.001; ŋ p 2  = 0.785). There were also no significant differences between trials for the mean VE response (ANOVA: supplementation,  F  = 2.94;  p  = 0.114; ŋ p 2  = 0.211: supplementation × distance,  F  = 2.12;  p  = 0.144; ŋ p 2  = 0.161), while VE responses increased with distance (ANOVA: distance,  F  = 43.05;  p  < 0.001; ŋ p 2  = 0.796). There were also no significant differences between conditions for RER (ANOVA: supplement,  F  = 0.46;  p  = 0.513; ŋ p 2  = 0.040; distance,  F  = 0.34;  p  = 0.713; ŋ p 2  = 0.030; supplementation × distance,  F  = 0.02;  p  = 0.946; ŋ p 2  = 0.002).
L32: There were no significant differences in the VO 2peak 
L33:  p  = 0.114,  d  = 0.19), VCO 2peak  ( p  = 0.085,  d  = 0.22), VE peak  ( p  = 0.295,  d  = 0.18), and RER peak  ( p  = 0.079,  d  = 0.80) between conditions. There were no significant differences in pre-BLa ( p  = 0.45,  d  = 0.36) and post-BLa ( p  = 0.24,  d  = 0.48) between NIT and PLA.
L34: 4. Discussion
L35: This study set out to determine whether the acute supplementation of NO 3 −  would enhance the metabolic responses to intermittent running performance as measured via the Yo–Yo IR1 test among recreationally active adults. The original finding of the present study was that the acute supplementation of NO 3 −  via beetroot juice significantly enhanced intermittent running performance in the Yo–Yo IR1 test (by 14%,  p  = 0.007). However, the metabolic responses (e.g., VO 2 , VCO 2  and VE) did not alter at submaximal distances (at 160, 280 and 440 m) or peak during the Yo–Yo IR1 test after acute NO 3 −  supplementation compared to placebo. These findings indicate that acute NO 3 −  supplementation can enhance performance without altering exercise efficiency during intermittent running.
L36: The present study shows that distance covered in the Yo–Yo IR1 test increased by 14% following the acute supplementation of NO 3 − . This finding is line with three previous studies that reported an enhanced performance in the Yo–Yo IR1 test by 4.2%, 3.9% and 3.4% after a large NO 3 −  dose (29 mmol) over 36 h before testing [ 16 ], a moderate NO 3 −  dose (6.4 mmol) for 5 days [ 17 ] and a high NO 3 −  dose (12.8 mmol) for 6 days [ 18 ], respectively. Our finding extends the findings of those previous studies and suggests that a similar performance benefit can be gained by an acute high dose of NO 3 −  supplementation (~12.8 mmol of NO 3 −  3 h pre-exercise). It is interesting to see some of the best participants in the present study showed some of the greatest improvements. Whilst these individual greatest improvements might be an explanation of the much greater improvement in the Yo–Yo IR1 test in the present study compared to previous observations, this also supports the existence of potential responders and non-responders to NO 3 −  supplementation [ 1 , 34 ]. Marked differences exist between individuals in the erogenicity of NO 3 −  supplementation. Assuming the potential type II preference of NO 3 −  is on those factors, it might be speculated that because some of the participants in the present study had a high proportion of type II muscle fibers, this might have theoretically increased the ergogenic potential of NO 3 −  [ 34 ]. The greater improvement in the present study compared to the previous observations would be also due to a different population being used (recreational individuals vs. moderately/highly trained team-sport players) given that existing evidence has shown that potential ergogenic effect of NO 3 −  supplementation is more evident in individuals who have low levels of aerobic fitness [ 1 , 10 ]. Highly endurance-trained athletes could be less responsive to NO 3 −  supplementation mediated by a lower fraction of type II muscle fibers or other factors such as greater NO synthase activity, mitochondrial efficiency or better muscle oxygenation compared to moderately trained subjects [ 35 ]. Therefore, further research is required to determine whether acute (2–3 h pre-exercise) high-dose supplementation of NO 3 −  (>6 mmol) can benefit in highly trained team sports athletes. Given the considerable differences in technical requirements when executing specific skills, the metabolic cost of the activity and the participants’ characteristics, extrapolating these findings to every team sport activity and/or players is fraught. Future studies are therefore warranted to explore whether the findings of the present study can be reproduced in different team sports activities and/or athletes.
L37: To best of our knowledge, this is the first study that assessed pulmonary VO 2 , VCO 2  and VE responses following NO 3 −  supplementation during the Yo–Yo IR1 test. This study shows that NO 3 −  supplementation had no effect onVO 2  response during the Yo–Yo IR1 test. These findings are consistent with observations that have reported an enhancement in intermittent exercise performance, consisting of repeated sprints, but no alteration in VO 2  [ 16 , 36 ]. However, more recent studies reported inconsistent findings regarding the impact of NO 3 −  supplementation to improve performance or/and metabolic responses during different high-intensity intermittent exercise [ 37 , 38 ]. Whilst Kent at al. [ 37 ] found that supplementation of NO 3 −  did not enhance repeated-sprints performance in hypoxia, but may reduce VO 2 , Sousa et al. [ 38 ] showed no impact of NO 3 −  supplementation either on VO 2  or repeated-sprint training. Besides inter-study differences (e.g., participant training status, supplementation regimen and environmental conditions), previous studies applied considerably different exercise modalities and exercise protocols regarding work-to-rest ratio (e.g., intensities, durations, and numbers of work and/or rest) [ 17 , 36 , 37 , 38 , 39 ]. In earlier studies, reduced VO 2  following NO 3 −  supplementation during submaximal exercise [ 2 , 8 , 9 , 25 ] was attributed to a reduced adenosine-tri-phosphate (ATP) cost of muscle force production. The lack of effect in VO 2  in this study and in previous studies conducted intermittent-exercise protocols might be, at least partly, due to the regular fluctuations in exercise intensity (e.g., non-steady-state conditions). Therefore, the findings of the present study suggest that the observed ergogenic effect of NO 3 −  in intermittent exercise may work through divergent mechanisms of action independent of alterations in the efficiency of oxidative metabolism.
L38: Some other mechanistic underpinnings, such as improved muscle contractility, for the effect of NO 3 −  supplementation have been also identified [ 1 ]. Animal-based studies reported that the effect of NO 3 −  supplementation is more apparent in type II compared with type I fibers regarding physiological response and performance, such as improving force output selectively in type II fibers via increasing sarcoplasmic reticulum calcium handling and/or release [ 6 , 7 ]. Despite remaining to be elucidated in human, this mechanism may better explain the ergogenic basis for the enhanced performance in the Yo–Yo IR1 test where a greater recruitment of type II fibers is expected [ 19 ]. Improved performance in the Yo–Yo IR1 might be related to delaying fatigue as a result of preserving the reduction in muscle excitability [ 40 , 41 ]. Wylie et al. [ 9 ] have previously attributed enhanced performance in the Yo–Yo IR1 test to attenuated muscle excitability due to a net loss of potassium. Further, it has been reported that NO 3 −  supplementation attenuated the increase in motor unit action potential (MUP) duration [ 42 ]. Shorter MUP duration may result in a faster muscle fiber conduction velocity and greater sarcoplasmic reticulum calcium release and thus maintained force production in the face of fatigue development [ 43 , 44 ]. Taken together, these potential impacts of NO 3 −  supplementation in neuromuscular function and motor unit activity in combination of the potential type II preference of NO 3 −  might account, at least partly, for the enhanced intermittent running performance in the present study. However, it has yet to be fully understood what specific mechanism may underline ergogenic potential of NO 3 −  supplementation, and therefore, it is important to understand that these proposed mechanisms would work independently or in combination to contribute to enhance intermittent exercise performance following dietary NO 3 −  supplementation.
L39: The ergogenic effect of NO 3 −  supplementation has been attributed to its capacity to elevate plasma NO 2 −  level with the subsequent reduction of circulating NO 2 −  to NO [ 1 ]. Although plasma NO 2 −  was not assessed after ~12.8 mmol of NO 3 −  supplementation in the present study, doses of 6.4–16.8 mmol of NO 3 −  have been consistently shown to enhance plasma NO 2 −  by a magnitude that would be expected to enhance exercise performance [ 1 , 28 ]. Indeed, acute supplementation with similar and/or lower doses of NO 3 −  has previously shown to enhance performance [ 9 , 45 ] and/or reduce VO 2  [ 9 , 10 , 46 , 47 ]. The present study aimed consciously not to interfere in dietary intake behavior to accomplish lifestyle adequate exercise conditions, particularly as the dose of supplemented NO 3 −  was much higher than its intake in regular diet. Although we did not standardize the participants’ diets, they were instructed to recorded and reproduce their dietary intake first and subsequent trials in order to exclude a possible effect of dietary intake on performance on trial days. Considering BLa as an indicator of the anaerobic metabolism [ 48 ], the results of this study suggest the absence of effect of NO 3 −  supplementation in the anaerobic glycolytic. However, this study has reported a trend to statistical differences in RER peak  with a large effect size ( p  = 0.079,  d  = 0.80) with a higher contribution of carbohydrate to metabolism at the end of the Yo–Yo IR1 test. Based on the analysis of the effect sizes of an increased RER peak  within changes in BLa suggest a possible increase in the oxidative (and not anaerobic) metabolism of glucose at high intensity. This could be explained by hemodynamic and metabolic functions of NO as increased blow flow to muscles or an enhanced glucose uptake in the active muscles [ 49 ]. In fact, a higher utilization of oxidation of glucose during high intensity efforts could partially explain the enhancement in the time-to-exhaustion during high-intensity exercises [ 39 , 50 ]. Future studies should analyze the effect of the metabolic contributions of NO 3 −  supplementation during high-intensity efforts.
L40: 5. Conclusions
L41: The present study has shown, for the first time, that acute high-dose supplementation of NO 3 −  enhanced the Yo–Yo IR1 test performance in recreational young adults. However, NO 3 −  supplementation had no effect on VO 2  responses during the intermittent running, suggesting that the observed performance enhancement is likely related to other potential physiological influence of NO 3 −  (e.g., its type II fiber-specific effect and potential impact on neuromuscular functions), but not to its potential effect on O 2  cost. These findings suggest that acute supplementation with NO 3 − -rich beetroot juice may be a nutritional ergogenic aid during intermittent running in recreational adults, and that further mechanistic research is required.
L42: Figure 1 The distance covered in the Yo–Yo IR1 test was 14% greater with NIT compared to PLA. The dashed lines indicate the responses of individual participants. The solid line indicates the group mean (±SD). *  p  < 0.05.
L43: Figure 2 Relative ( A ) and absolute ( B ) pulmonary oxygen consumption (VO 2 ), and absolute carbon dioxide production (VCO 2 ) ( C ) responses during the Yo–Yo intermittent recovery level 1 test following dietary nitrate and placebo supplementation. Data are mean ± SD.
L44: 1. Jones A.M. 
L45:  Thompson C. 
L46:  Wylie L.J. 
L47:  Vanhatalo A. 
L48:  Dietary nitrate and physical performance Annu. Rev. Nutr. 2018 38 303 328 10.1146/annurev-nutr-082117-051622 30130468
L49: 2. Bailey S.J. 
L50:  Fulford J. 
L51:  Vanhatalo A. 
L52:  Winyard P.G. 
L53:  Blackwell J.R. 
L54:  DiMenna F.J. 
L55:  Wilkerson D.P. 
L56:  Benjamin N. 
L57:  Jones A.M. 
L58:  Dietary nitrate supplementation enhances muscle contractile efficiency during knee-extensor exercise in humans J. Appl. Physiol. 2010 109 135 148 10.1152/japplphysiol.00046.2010 20466802
L59: 3. Larsen F.J. 
L60:  Schiffer T.A. 
L61:  Borniquel S. 
L62:  Sahlin K. 
L63:  Ekblom B. 
L64:  Lundberg J.O. 
L65:  Weitzberg E. 
L66:  Dietary inorganic nitrate improves mitochondrial efficiency in humans Cell Metab. 2011 13 149 159 10.1016/j.cmet.2011.01.004 21284982
L67: 4. Vanhatalo A. 
L68:  Bailey S.J. 
L69:  Blackwell J.R. 
L70:  DiMenna F.J. 
L71:  Pavey T.G. 
L72:  Wilkerson D.P. 
L73:  Benjamin N. 
L74:  Winyard P.G. 
L75:  Jones A.M. 
L76:  Acute and chronic effects of dietary nitrate supplementation on blood pressure and the physiological responses to moderate-intensity and incremental exercise Am. J. Physiol. Regul. Integr. Comp. Physiol. 2010 299 R1121 R1131 10.1152/ajpregu.00206.2010 20702806
L77: 5. Esen O. 
L78:  Nicholas C. 
L79:  Morris M. 
L80:  Bailey S.J. 
L81:  No effect of beetroot juice supplementation on 100-m and 200-m swimming performance in moderately trained swimmers Int. J. Sports Physiol. Perform. 2019 14 706 710 10.1123/ijspp.2018-0654 30427246
L82: 6. Hernández A. 
L83:  Schiffer T.A. 
L84:  Ivarsson N. 
L85:  Cheng A.J. 
L86:  Bruton J.D. 
L87:  Lundberg J.O. 
L88:  Weitzberg E. 
L89:  Westerblad H. 
L90:  Dietary nitrate increases tetanic [Ca2+] i and contractile force in mouse fast-twitch muscle J. Physiol. 2012 590 3575 3583 10.1113/jphysiol.2012.232777 22687611
L91: 7. Bailey S.J. 
L92:  Gandra P.G. 
L93:  Jones A.M. 
L94:  Hogan M.C. 
L95:  Nogueira L. 
L96:  Incubation with sodium nitrite attenuates fatigue development in intact single mouse fibres at physiological J. Physiol. 2019 597 5429 5443 10.1113/JP278494 31541562
L97: 8. Bailey S.J. 
L98:  Winyard P. 
L99:  Vanhatalo A. 
L100:  Blackwell J.R. 
L101:  DiMenna F.J. 
L102:  Wilkerson D.P. 
L103:  Tarr J. 
L104:  Benjamin N. 
L105:  Jones A.M. 
L106:  Dietary nitrate supplementation reduces the O 2  cost of low-intensity exercise and enhances tolerance to high-intensity exercise in humans J. Appl. Physiol. 2009 107 1144 1155 10.1152/japplphysiol.00722.2009 19661447
L107: 9. Wylie L.J. 
L108:  Kelly J. 
L109:  Bailey S.J. 
L110:  Blackwell J.R. 
L111:  Skiba P.F. 
L112:  Winyard P.G. 
L113:  Jeukendrup A.E. 
L114:  Vanhatalo A. 
L115:  Jones A.M. 
L116:  Beetroot juice and exercise: Pharmacodynamic and dose-response relationships J. Appl. Physiol. 2013 115 325 336 10.1152/japplphysiol.00372.2013 23640589
L117: 10. Porcelli S. 
L118:  Ramaglia M. 
L119:  Bellistri G. 
L120:  Pavei G. 
L121:  Pugliese L. 
L122:  Montorsi M. 
L123:  Rasica L. 
L124:  Marzorati M. 
L125:  Aerobic fitness affects the exercise performance responses to nitrate supplementation Med. Sci. Sports Exerc. 2015 47 1643 1651 10.1249/MSS.0000000000000577 25412295
L126: 11. Jonvik K.L. 
L127:  Nyakayiru J. 
L128:  Pinckaers P.J. 
L129:  Senden J.M. 
L130:  van Loon L.J. 
L131:  Verdijk L.B. 
L132:  Nitrate-Rich Vegetables Increase Plasma Nitrate and Nitrite Concentrations and Lower Blood Pressure in Healthy Adults J. Nutr. 2016 146 986 993 10.3945/jn.116.229807 27075914
L133: 12. Modin A. 
L134:  Björne H. 
L135:  Herulf M. 
L136:  Alving K. 
L137:  Weitzberg E. 
L138:  Lundberg J.O.N. 
L139:  Nitrite-derived nitric oxide: A possible mediator of ‘acidic–metabolic’vasodilation Acta. Physiol. Scand. 2001 171 9 16 11350258
L140: 13. Richardson R.S. 
L141:  Noyszewski E.A. 
L142:  Kendrick K.F. 
L143:  Leigh J.S. 
L144:  Wagner P.D. 
L145:  Myoglobin O2 desaturation during exercise. Evidence of limited O2 transport J. Clin. Investig. 1995 96 1916 1926 10.1172/JCI118237 7560083
L146: 14. Coggan A.R. 
L147:  Baranauskas M.N. 
L148:  Hinrichs R.J. 
L149:  Liu Z. 
L150:  Carter S.J. 
L151:  Effect of dietary nitrate on human muscle power: A systematic review and individual participant data meta-analysis J. Int. Soc. Sports Nutr. 2021 18 66 10.1186/s12970-021-00463-z 34625064
L152: 15. Ferguson S.K. 
L153:  Hirai D.M. 
L154:  Copp S.W. 
L155:  Holdsworth C.T. 
L156:  Allen J.D. 
L157:  Jones A.M. 
L158:  Musch T.I. 
L159:  Poole D.C. 
L160:  Impact of dietary nitrate supplementation via beetroot juice on exercising muscle vascular control in rats J. Physiol. 2013 591 547 557 10.1113/jphysiol.2012.243121 23070702
L161: 16. Wylie L.J. 
L162:  Mohr M. 
L163:  Krustrup P. 
L164:  Jackman S.R. 
L165:  Ermιdis G. 
L166:  Kelly J. 
L167:  Black M.I. 
L168:  Bailey S.J. 
L169:  Vanhatalo A. 
L170:  Jones A.M. 
L171:  Dietary nitrate supplementation improves team sport-specific intense intermittent exercise performance Eur. J. Appl. Physiol. 2013 113 1673 1684 10.1007/s00421-013-2589-8 23370859
L172: 17. Thompson C. 
L173:  Vanhatalo A. 
L174:  Jell H. 
L175:  Fulford J. 
L176:  Carter J. 
L177:  Nyman L. 
L178:  Bailey S.J. 
L179:  Jones A.M. 
L180:  Dietary nitrate supplementation improves sprint and high-intensity intermittent running performance Nitric Oxide 2016 61 55 61 10.1016/j.niox.2016.10.006 27777094
L181: 18. Nyakayiru J. 
L182:  Jonvik K.L. 
L183:  Trommelen J. 
L184:  Pinckaers P.J. 
L185:  Senden J.M. 
L186:  Van Loon L.J. 
L187:  Verdijk L.B. 
L188:  Beetroot juice supplementation improves high-intensity intermittent type exercise performance in trained soccer players Nutrients 2017 9 314 10.3390/nu9030314
L189: 19. Krustrup P. 
L190:  Mohr M. 
L191:  Steensberg A. 
L192:  Bencke J. 
L193:  Kjær M. 
L194:  Bangsbo J. 
L195:  Muscle and blood metabolites during a soccer game: Implications for sprint performance Med. Sci. Sports Exerc. 2006 38 1165 1174 10.1249/01.mss.0000222845.89262.cd 16775559
L196: 20. Krustrup P. 
L197:  Mohr M. 
L198:  Amstrup T. 
L199:  Rysgaard T. 
L200:  Johansen J. 
L201:  Steensberg A. 
L202:  Pedersen P.K. 
L203:  Bangsbo J. 
L204:  The yo-yo intermittent recovery test: Physiological response, reliability, and validity Med. Sci. Sports Exerc. 2003 35 697 705 10.1249/01.MSS.0000058441.94520.32 12673156
L205: 21. Krustrup P. 
L206:  Söderlund K. 
L207:  Mohr M. 
L208:  Bangsbo J. 
L209:  The slow component of oxygen uptake during intense, sub-maximal exercise in man is associated with additional fibre recruitment Pflügers Arch. 2004 447 855 866 10.1007/s00424-003-1203-z 14758477
L210: 22. Krustrup P. 
L211:  Söderlund K. 
L212:  Relu M.U. 
L213:  Ferguson R.A. 
L214:  Bangsbo J. 
L215:  Heterogeneous recruitment of quadriceps muscle portions and fibre types during moderate intensity knee-extensor exercise: Effect of thigh occlusion Scand. J. Med. Sci. Sports 2009 19 576 584 10.1111/j.1600-0838.2008.00801.x 18627560
L216: 23. Saunders P.U. 
L217:  Pyne D.B. 
L218:  Telford R.D. 
L219:  Hawley J.A. 
L220:  Factors affecting running economy in trained distance runners Sports Med. 2004 34 465 485 10.2165/00007256-200434070-00005 15233599
L221: 24. Barnes K.R. 
L222:  Kilding A.E. 
L223:  Strategies to improve running economy Sports Med. 2015 45 37 56 10.1007/s40279-014-0246-y 25164465
L224: 25. Pawlak-Chaouch M. 
L225:  Boissiere J. 
L226:  Gamelin F.X. 
L227:  Cuvelier G. 
L228:  Berthoin S. 
L229:  Aucouturier J. 
L230:  Effect of dietary nitrate supplementation on metabolic rate during rest and exercise in human: A systematic review and a meta-analysis Nitric Oxide 2016 53 65 76 10.1016/j.niox.2016.01.001 26772523
L231: 26. McMahon N.F. 
L232:  Leveritt M.D. 
L233:  Pavey T.G. 
L234:  The effect of dietary nitrate supplementation on endurance exercise performance in healthy adults: A systematic review and meta-analysis Sports Med. 2017 47 735 756 10.1007/s40279-016-0617-7 27600147
L235: 27. Senefeld J.W. 
L236:  Wiggins C.C. 
L237:  Regimbal R.J. 
L238:  Dominelli P.B. 
L239:  Baker S.E. 
L240:  Joyner M.J. 
L241:  Ergogenic effect of nitrate supplementation: A systematic review and meta-analysis Med. Sci. Sports Exerc. 2020 52 2250 10.1249/MSS.0000000000002363 32936597
L242: 28. Esen O. 
L243:  Dobbin N. 
L244:  Callaghan M. 
L245:  The effect of dietary nitrate on the contractile properties of human skeletal muscle: A systematic review and meta-analysis J. Am. Coll. Nutr. 2022 
L246:  in press 
L247:  10.1080/07315724.2022.2037475
L248: 29. Govoni M. 
L249:  Jansson E.Å. 
L250:  Weitzberg E. 
L251:  Lundberg J.O. 
L252:  The increase in plasma nitrite after a dietary nitrate load is markedly attenuated by an antibacterial mouthwash Nitric Oxide 2008 19 333 337 10.1016/j.niox.2008.08.003 18793740
L253: 30. Dobbin N. 
L254:  Moss S.L. 
L255:  Highton J. 
L256:  Twist C. 
L257:  An examination of a modified Yo-Yo test to measure intermittent running performance in rugby players Eur. J. Sport. Sci. 2018 18 1068 1076 10.1080/17461391.2018.1475509 29911495
L258: 31. Perez-Suarez I. 
L259:  Martin-Rincon M. 
L260:  Gonzalez-Henriquez J.J. 
L261:  Fezzardi C. 
L262:  Perez-Regalado S. 
L263:  Galvan-Alvarez V. 
L264:  Juan-Habib J.W. 
L265:  Morales-Alamo D. 
L266:  Calbet J.A. 
L267:  Accuracy and precision of the COSMED K5 portable analyser Front. Physiol. 2018 1764 10.3389/fphys.2018.01764 30622475
L268: 32. Cohen J. 
L269:  Statistical Power Analysis for the Behavioral Sciences 2nd ed. Lawrence Earlbaum Associates Hillsdale, NJ, USA 1988
L270: 33. Ferguson C.J. 
L271:  An effect size primer: A guide for clinicians and researchers Methodological Issues and Strategies in Clinical Research 
L272:  Kazdin A.E. 
L273:  American Psychological Association Worcester, MA, USA 2016 301 310 10.1037/14805-020
L274: 34. Jones A.M. 
L275:  Vanhatalo A. 
L276:  Seals D.R. 
L277:  Rossman M.J. 
L278:  Piknova B. 
L279:  Jonvik K.L. 
L280:  Dietary Nitrate and Nitric Oxide Metabolism: Mouth, Circulation, Skeletal Muscle, and Exercise Performance Med. Sci. Sports Exerc. 2021 53 280 294 10.1249/MSS.0000000000002470 32735111
L281: 35. Wilkerson D.P. 
L282:  Hayward G.M. 
L283:  Bailey S.J. 
L284:  Vanhatalo A. 
L285:  Blackwell J.R. 
L286:  Jones A.M. 
L287:  Influence of acute dietary nitrate supplementation on 50 miles time trial performance in well-trained cyclists Eur. J. Appl. Physiol. 2012 112 4127 4134 10.1007/s00421-012-2397-6 22526247
L288: 36. Wylie L.J. 
L289:  Bailey S.J. 
L290:  Kelly J. 
L291:  Blackwell J.R. 
L292:  Vanhatalo A. 
L293:  Jones A.M. 
L294:  Influence of beetroot juice supplementation on intermittent exercise performance Eur. J. Appl. Physiol. 2016 116 415 425 10.1007/s00421-015-3296-4 26614506
L295: 37. Kent G.L. 
L296:  Dawson B. 
L297:  McNaughton L.R. 
L298:  Cox G.R. 
L299:  Burke L.M. 
L300:  Peeling P. 
L301:  The effect of beetroot juice supplementation on repeat-sprint performance in hypoxia J. Sports Sci. 2019 37 339 346 10.1080/02640414.2018.1504369 30058956
L302: 38. Sousa A. 
L303:  Viana J.L. 
L304:  Milheiro J. 
L305:  Reis V.M. 
L306:  Millet G.P. 
L307:  Effect of hypoxia and nitrate supplementation on different high-intensity interval-training sessions Eur. J. Appl. Physiol. 2021 121 2585 2594 10.1007/s00421-021-04726-0 34097130
L308: 39. Aucouturier J. 
L309:  Boissière J. 
L310:  Pawlak-Chaouch M. 
L311:  Cuvelier G. 
L312:  Gamelin F.X. 
L313:  Effect of dietary nitrate supplementation on tolerance to supramaximal intensity intermittent exercise Nitric Oxide 2015 49 16 25 10.1016/j.niox.2015.05.004 26028570
L314: 40. McKenna M.J. 
L315:  Bangsbo J. 
L316:  Renaud J.M. 
L317:  Muscle K + , Na + , and Cl −  disturbances and Na + -K +  pump inactivation: Implications for fatigue J. Appl. Physiol. 2008 104 288 295 10.1152/japplphysiol.01037.2007 17962569
L318: 41. Nielsen O.B. 
L319:  de Paoli F.V. 
L320:  Regulation of Na+–K+ homeostasis and excitability in contracting muscles: Implications for fatigue Appl. Physiol. Nutr. Metab. 2007 32 974 984 10.1139/H07-099 18059624
L321: 42. Esen O. 
L322:  Faisal A. 
L323:  Zambolin F. 
L324:  Bailey S.J. 
L325:  Callaghan M.J. 
L326:  Effect of nitrate supplementation on skeletal muscle motor unit activity during isometric blood flow restriction exercise Eur. J. Appl. Physiol. 2022 122 1683 1693 10.1007/s00421-022-04946-y 35460359
L327: 43. Farina D. 
L328:  Arendt-Nielsen L. 
L329:  Graven-Nielsen T. 
L330:  Effect of temperature on spike-triggered average torque and electrophysiological properties of low-threshold motor units J. Appl. Physiol. 2005 99 197 203 10.1152/japplphysiol.00059.2005 15761090
L331: 44. McManus L. 
L332:  Hu X. 
L333:  Rymer W.Z. 
L334:  Lowery M.M. 
L335:  Suresh N.L. 
L336:  Changes in motor unit behavior following isometric fatigue of the first dorsal interosseous muscle J. Neurophysiol. 2015 113 3186 3196 10.1152/jn.00146.2015 25761952
L337: 45. Shannon O.M. 
L338:  Duckworth L. 
L339:  Barlow M.J. 
L340:  Deighton K. 
L341:  Matu J. 
L342:  Williams E.L. 
L343:  Woods D. 
L344:  Xie L. 
L345:  Stephan B. 
L346:  Siervo M. 
L347:  
L348:  Effects of dietary nitrate supplementation on physiological responses, cognitive function, and exercise performance at moderate and very-high simulated altitude Front. Physiol. 2017 8 401 10.3389/fphys.2017.00401 28649204
L349: 46. Larsen F.J. 
L350:  Weitzberg E. 
L351:  Lundberg J.O. 
L352:  Ekblom B. 
L353:  Dietary nitrate reduces maximal oxygen consumption while maintaining work performance in maximal exercise Free Radic. Biol. Med. 2010 48 342 347 10.1016/j.freeradbiomed.2009.11.006 19913611
L354: 47. Nyberg M. 
L355:  Christensen P.M. 
L356:  Blackwell J.R. 
L357:  Hostrup M. 
L358:  Jones A.M. 
L359:  Bangsbo J. 
L360:  Nitrate-rich beetroot juice ingestion reduces skeletal muscle O2 uptake and blood flow during exercise in sedentary men J. Physiol. 2021 599 5203 5214 10.1113/JP281995 34587650
L361: 48. Davis H.A. 
L362:  Gass G.C. 
L363:  Blood lactate concentrations during incremental work before and after maximum exercise Br. J. Sports Med. 1979 13 165 169 10.1136/bjsm.13.4.165 526782
L364: 49. Domínguez R. 
L365:  Cuenca E. 
L366:  Maté-Muñoz J.L. 
L367:  García-Fernández P. 
L368:  Serra-Paya N. 
L369:  Estevan M.C. 
L370:  Herreros P.V. 
L371:  Garnacho-Castaño M.V. 
L372:  Effects of Beetroot Juice Supplementation on Cardiorespiratory Endurance in Athletes. A Systematic Review Nutrients 2017 9 43 10.3390/nu9010043
L373: 50. Thompson K. 
L374:  Turnerb L. 
L375:  Prichardb J. 
L376:  Doddb F. 
L377:  Kennedyb D. 
L378:  Haskellb C. 
L379:  Blackwell J.R. 
L380:  Jones A.M. 
L381:  Influence of dietary nitrate supplementation on physiological and cognitive responses to incremental cycle exercise Respir. Physiol. Neurobiol. 2014 193 11 20 10.1016/j.resp.2013.12.015 24389270
[22ms]

