L1: Effect of vitamin D supplementation on brain waves, behavioral performance, nitric oxide, malondialdehyde, and high-sensitivity C-reactive protein in children with attention deficit/hyperactivity disorder: study protocol for a randomized clinical trial
L2: Trials (2022)
L3: Abbas Ali Sangouni, Hamid Mirhosseini, Mahdieh Hosseinzadeh
L4: 1 grid.412505.7 0000 0004 0612 5912 Nutrition and Food Security Research Center,  Shahid Sadoughi University of Medical Sciences,  Yazd, Iran
L5: 2 grid.412505.7 0000 0004 0612 5912 Department of Nutrition, School of Public Health,  Shahid Sadoughi University of Medical Sciences,  Yazd, Iran
L6: 3 grid.412505.7 0000 0004 0612 5912 Research Center of Addiction and Behavioral Sciences,  Shahid Sadoughi University of Medical sciences,  Yazd, Iran
L7: 4 grid.412505.7 0000 0004 0612 5912 Student Research Committee,  Shahid Sadoughi University of Medical Sciences,  Yazd, Iran
L8: Background
L9: Attention deficit/hyperactivity disorder (ADHD) is the most common chronic mental and behavioral disorder among children. Some studies showed the lower levels of vitamin D in patients with ADHD compared with the healthy people. Few clinical trials were conducted in this field. The present study will be performed to examine the effect of vitamin D supplementation in children with ADHD.
L10: Methods
L11: We will conduct a double-blind, randomized controlled clinical trial to investigate the effect of vitamin D supplementation on brain waves, behavioral performance, serum nitric oxide, malondialdehyde, and high-sensitivity C-reactive protein in 50 patients with ADHD. The intervention group will receive one capsule 50,000 IU vitamin D every week, for 8 weeks. The control group will receive one placebo capsule containing 1000 mg olive oil every week. Electroencephalography will be performed for 10 min using Brain Master Discovery from 19 scalp sites both before the first intervention and the 10 sessions of the therapy. The artifact-free periods of 1-min electroencephalography data will be analyzed for quantitative electroencephalography measures.
L12: Discussion
L13: For the first time, this clinical trial will evaluate the effect of vitamin D supplementation on brain waves, serum nitric oxide, malondialdehyde, and high-sensitivity C-reactive protein in patients with ADHD. The results of the present clinical trial will provide a better vision about the vitamin D efficacy in patients with ADHD.
L14: Trial registration
L15: Registered on 5 November 2020 at Iranian Registry of Clinical Trials with code number IRCT20200922048802N1 ( https://www.irct.ir/trial/51410 ).
L16: Study Protocol
L17: Attention deficit/hyperactivity disorder; Vitamin D; Brain waves; Behavioral performance; Oxidative stress
L18: Background
L19: Attention deficit/hyperactivity disorder (ADHD) is one of the most common neurocognitive behavioral disorders in children [ 1 ]. The main symptoms of ADHD are hyperactivity, impulsivity, and inattention, and it is also associated with psychiatric disorders such as autism, anxiety, and oppositional defiant disorder (ODD) [ 2 ,  3 ]. The global prevalence of ADHD is 6–7% [ 4 ]. Neurotransmitters dopamine and serotonin have a critical role in attention, concentration, and other cognitive functions [ 5 ]. Evidence revealed disorders in the dopaminergic system of basal ganglia in ADHD children [ 5 ,  6 ]. In addition, ADHD is accompanied with spectral changes in subject brain waves including the higher rate of delta and theta values power spectra as well as the theta/beta and theta/alpha ratios of the frontal and central areas and the reduced power of sensorimotor rhythm (SMR) in the central and motor cortices [ 7 ,  8 ]. Although the pathophysiology is not fully clear, oxidative stress and inflammation are linked to ADHD [ 9 ,  10 ]. Levels of malondialdehyde (MDA), which is a marker of oxidative stress, is high among patients with ADHD [ 11 ]. In addition, patients with ADHD have lower levels of antioxidant enzymes [ 12 ,  13 ]. It has been suggested that nitric oxide (NO), which is an important antioxidant molecule for the proper function of the central nervous system, has a functional role in learning and memory [ 14 – 16 ]. On the other hand, cytokines have a critical role in the metabolism of tryptophan and dopaminergic pathways in the brain [ 10 ,  17 ]. Patients with ADHD have higher levels of pro-inflammatory markers and lower levels of the anti-inflammatory cytokine interleukin 4 (IL-4) in the cerebrospinal fluid [ 18 ]. Likewise, higher serum level of inflammatory markers is associated with higher ADHD symptom severity [ 19 ]. It has been reported that elevated levels of C-reactive protein (CRP), which is a main marker of inflammation in clinical practice, is associated with impairments in memory, learning ability, and mental flexibility [ 20 ,  21 ].
L20: Central nervous system (CNS) stimulants like methylphenidate and amphetamine are prescribed for patients with ADHD [ 22 ]. However, CNS stimulants have various side effects such as arrhythmia, insomnia, irritability, and decreased appetite, and the rate of compliance to this treatment is not high [ 23 – 25 ]. In addition, atomoxetine and alpha-2-agonists (like clonidine and guanfacine), which are non-stimulant drugs for ADHD, have several side effects including decreased appetite, vomiting, nausea, diarrhea, dry mouth, somnolence, fatigue, mood swings, dizziness, and constipation [ 23 ,  26 ]. Moreover, 30% of children with ADHD do not respond to drug treatments [ 22 ,  27 ]. The recent evidence suggested the beneficial effects of vitamin D on neurocognitive behavioral disorders [ 28 ,  29 ]. Vitamin D is a fat-soluble vitamin as well as a steroid hormone and acts in various organs of the body by binding to the vitamin D receptor (VDR) [ 30 – 32 ]. High levels of the VDR as well as 1 α -hydroxylase enzyme (activator of vitamin D) in the brain suggest that vitamin D probably has physiological functions in the brain [ 33 ]. Serotonin, which is synthesized in the brain, is regulated by vitamin D [ 34 ]. Furthermore, vitamin D increases the expression of tyrosine kinase as an enzyme involved in the dopamine synthesis [ 35 ]. In addition, vitamin D has fewer side effects compared to other treatments for ADHD [ 23 ,  36 ]. Therefore, the compliance rate to treatment with vitamin D can be higher than treatment with common drugs for ADHD. Vitamin D can improve oxidative stress and inflammation via reducing the production of inflammatory markers such as interleukin-6 (IL-6), and tumor necrosis factor-α (TNF-α), inhibiting the proliferation of pro-inflammatory cells, increasing the expression of antioxidants and anti-inflammatory cytokines, attenuating endoplasmic reticulum stress, and decreasing mitochondrial dysfunctions [ 37 – 40 ].
L21: A study found that higher level of vitamin D in pregnant women reduces risk of ADHD-like symptoms in the offspring [ 41 ]. Furthermore, some studies showed the lower levels of vitamin D in patients with ADHD compared with the healthy controls [ 6 ,  42 ,  43 ]. A meta-analysis of observational studies confirmed lower levels of vitamin D in patients with ADHD [ 44 ]. Two clinical trials evaluated the effect of vitamin D supplementation on the behavioral performance of children with ADHD and showed inconsistent results [ 45 ,  46 ]. Moreover, there is no clinical trial evaluating the effect of vitamin D on brain waves, oxidative stress and inflammation in patients with ADHD. The present study was designed to examine the effect of vitamin D supplementation on brain waves, behavioral performance, serum NO, MDA, and high sensitivity CRP (hs-CRP) in children with ADHD.
L22: Methods
L23: Study design
L24: Fig. 1 Flow chart of the study protocol
L25: This study will be performed as a randomized double-blind placebo-controlled clinical trial (RCT) to investigate the effect of vitamin D supplementation for 8 weeks on brain waves, behavioral performance, NO, MDA, and hs-CRP in children with ADHD. The primary outcomes of the present study are the status of brain waves and the severity of ADHD symptoms. We will also evaluate serum NO, MDA, and hs-CRP as secondary outcomes. The present study protocol is derived from two studies that designed as the student theses with titles: [ 1 ] the effect of vitamin D supplementation on the brain mapping and behavioral performance of children with ADHD: a double-blind randomized controlled trial and [ 2 ] the effect of vitamin D supplementation on serum levels of MDA, NO, and hs-CRP in children with ADHD. The flow chart of study protocol is presented in Fig.  1 . Fig. 1 Flow chart of the study protocol
L26: Objectives
L27: Primary objectives are as follows: Compare the status of brain waves between the 2 groups and within each group, before and after intervention. Compare the mean ADHD symptoms severity between the 2 groups and within each group, before and after intervention.
L28: In addition, the following objectives are the secondary objectives of the study: Compare the mean serum hs-CRP between the 2 groups and within each group, before and after intervention. Compare the mean of serum MDA, between the 2 groups and within each group, before and after intervention. Compare the mean of serum NO, between the 2 groups and within each group, before and after intervention.
L29: Participants
L30: Participants will be 50 patients with ADHD. Patients will be recruited from Imam-Hossein psychological services center affiliated with Shahid Sadoughi University of Medical Sciences, Yazd, Iran. The inclusion criteria will be as follows: age 7–13 years, ADHD diagnosed by a psychiatrist, IQ higher than 80, theta brain waves higher than 7 Hz, beta brain waves lower than 13 Hz, increasing theta/beta power ratio in frontal, temporal and central electrode sites, resident of Yazd city, and informed consent signed by one of the patient’s parents. Exclusion criteria will be as follows: other psychotic diseases, taking any medication for ADHD during the past year, hormonal disorders including Addison's disease, Cushing syndrome, hyperparathyroidism, hypo- and hyperthyroidism, chronic diseases such as cancer, diabetes, stroke, kidney disease, liver disease, multiple sclerosis, fibromyalgia, and Parkinson’s disease, addiction of parents to alcohol/drugs at the time of the child’s birth, adherence to any specific diet in the past year, taking multivitamins or mineral supplements more than twice a month in the last 6 months, being on a special diet during the past year, and unwillingness to continue the study. We measured serum concentration of vitamin D before study. This study will be conducted among patients with ADHD who have vitamin D deficiency and vitamin D insufficiency.
L31: Ethics and trial registration
L32: Participants and their parents will be notified about the risks and advantages of the present study, and then the investigator will ask them to sign an informed written consent. The study protocol and informed written consent are approved by the ethical committee of Shahid Sadoughi University of Medical Sciences and Health Services in Yazd, Iran (there are two theses with code number: IR.SSU.SPH.REC.1400.028 and also code number: IR.SSU.SPH.REC.1395.97). Any changes in the protocol that may affect the implementation of the study, including changes in study objectives, study design, participant population, sample size, and study procedures must be approved by the ethical committee of Shahid Sadoughi University of Medical Sciences and Health Services to be applicable. Before conducting a possible ancillary study, the approval of the ethics committee as well as the informed written consent of all participants will be obtained. Additional serum samples will be stored for use in future studies. The Shahid Sadoughi University of Medical Sciences will pay for the treatment of immediate adverse events related to study procedures. The registration of the study protocol was performed at the Iranian Registry of Clinical Trials with code number website, under code number IRCT20200922048802N1 with URL:  https://www.irct.ir/trial/51410 .
L33: ADHD diagnosis
L34: According to the Diagnostic and Text Revision of Statistical Manual of Mental Disorders-Fifth Edition (DSM-V) [ 47 ,  48 ], the diagnosis of ADHD will be done by a psychiatrist. Based on the DSM-V criteria, a person who has at least six of the listed symptoms of inattention or symptoms of hyperactivity–impulsivity persisting for at least 6 months which are disruptive and inappropriate for the person’s developmental level is defined as a patient with ADHD [ 47 ,  48 ].
L35: Sample size
L36: Sample size is calculated based on means and standard deviations for Conners’ ADHD Index, as the primary outcome of the study of Gow et al. [ 49 ] by considering 95% confidence interval, 80% power ( α  = 0.05 and  β  = 0.2), and using the following formula: \documentclass[12pt]{minimal}
L37: 				\usepackage{amsmath}
L38: 				\usepackage{wasysym} 
L39: 				\usepackage{amsfonts} 
L40: 				\usepackage{amssymb} 
L41: 				\usepackage{amsbsy}
L42: 				\usepackage{mathrsfs}
L43: 				\usepackage{upgreek}
L44: 				\setlength{\oddsidemargin}{-69pt}
L45: 				\begin{document}$$n=\frac{{\left(\textrm{z}\frac{\alpha }{2}+\textrm{z}\upbeta \right)}^2\times 2{S}^2\ }{{\left(x1-x2\right)}^2}$$\end{document} n = z α 2 + z β 2 × 2 S 2 x 1 - x 2 2
L46: Considering a drop-out rate of approximately 10%, the final sample size needed was estimated to be 25 per group. All participants will be included in the RCT if they meet the inclusion criteria and are willing to participate in the study, until the estimated sample size is completed.
L47: Randomization and blinding
L48: Simple (unrestricted) randomization will be performed, and participants will be divided randomly into two groups including intervention (vitamin D,  n  = 25) and control (placebo,  n  = 25) by a person who is not involved in the trial using the computer-generated random number table (produced by random allocation software) [ 50 ]. Concealing allocation sequence from those assigning participants to the intervention groups will be performed utilizing opaque sealed envelopes. Boxes of vitamin D or placebo will be named as A and B by a third person that is not involved in the study. Participants, investigators, and laboratory staff will be blinded to the treatment allocation. Randomization codes will be unlocked only after all patients complete the study protocol.
L49: Intervention
L50: The intervention group will receive one capsule 50,000 IU vitamin D every week, for 8 weeks. The control group will receive one placebo capsule containing 1000 mg olive oil every week. Preparing placebo in the same appearance, taste, and color as the vitamin D will be performed by the Pharmacy Faculty of Shahid Sadoughi University of Medical Sciences. Participants will not receive any medication for ADHD during follow-up. Vitamin D and placebo will be packed in boxes with the same color, shape, and size. A person who is unaware about the trial details will label the boxes containing vitamin D and placebo as A or B. To preserve the blindness in case of serious adverse events, the third party will use unique codes. Every 4 weeks, the participants will receive the boxes of capsules. Each box contains 4 capsules (providing one capsule per week for 4 weeks). Participants must consume the contents of each box within 4 weeks. At the end of the study, the person who will label the boxes will inform the researchers about details of labeling.
L51: Adherence
L52: Vitamin D and placebo boxes will be given to participants at weeks 0 and 4. Participants will be asked to return the boxes with their remaining contents at the end of every 4 weeks, and any occurrence of adverse events will be recorded. To evaluate the compliance rate, the consumption of vitamin D and placebo will be monitored at the end of each 4 weeks of intervention. At the end of intervention, the remaining contents of bottles will be recorded for each participant. Consuming less than 80% of the administered vitamin D or placebo will be defined as poor compliance. Participants with poor compliance will be excluded from study and their data will not be analyzed at the end of the study. After the study, the participant’s results will be provided to the participant's parents. Before the final data collection, parents will be contacted by phone to remind them. Participants can leave the study for any reason at any time. The investigator can withdraw participants from the trial (after consultation with the protocol chair and ethical committee) in order to protect the safety of participants or if they are unwilling or unable to continue the study. All randomized participants who are discontinued from study will follow the same schedule of events as those participants who continue the study except adherence assessment.
L53: Data collection
L54: ADHD symptoms assessment
L55: In the assessment of ADHD symptoms, Conners’ behavior rating scale which is a clinical tool evaluating child behavioral disorders will be used. Conners’ rating scale is divided into three categories, which are determined by the person who filled it (parent, teacher and self-report). For this trial, Conners’ parent rating scale (CPRS) [ 51 ] will be used. CPRS checklist makes parental reports of the children’s basic problems in the setting of outpatient psychiatry. The CPRS includes questions about different aspect of patients’ problems and shows different type of ADHD symptoms [ 51 ]. Conners’ questions gives ADHD Conners scores that indicates the severity of ADHD symptoms. In addition, all questions can be divided into three subscales by symptoms including inattention, hyperactivity/impulsivity, and combination type.
L56: Electroencephalography
L57: Electroencephalography (EEG) will be performed for 10 min using Brain Master Discovery from 19 scalp sites both before the first intervention and the 10 sessions of the therapy. The artifact-free periods of 1-min EEG data will be analyzed for quantitative EEG (QEEG) measures using the Neuroguide software. Background rhythm in relative power of theta (4–7.5 Hz), alpha (8–12 Hz) of the frontal and central electrodes, and the theta/beta and theta/alpha ratios in motor cortices will be analyzed by the SPSS software version 24.
L58: Dietary intake and physical activity assessment
L59: To evaluate dietary intake of subjects, a 3-day (1 weekend day and 2 nonconsecutive weekdays) food recall will be used at weeks 0, 4, and 8. The short form of International Physical Activity Questionnaire (IPAQ) [ 52 ] will be used for assessment of physical activity at weeks 0, 4, and 8.
L60: Anthropometric evaluations
L61: Height will be measured in standing position at weeks 0 and 8, using a non-stretched tape with an accuracy of 0.5 cm. Weight will be measured based on standard protocols with light clothes and without shoes by seca scale with an accuracy of 100 g. Body mass index (BMI) will be calculated by the following formula: weight (kg)/height squared (m 2 ).
L62: Laboratory assessments
L63: Laboratory assessments will be performed at weeks 0, and 8. 5 cc blood will be drawn after 12 h fasting and will be centrifuged for 10 min at a speed of 3600 rpm. Serum samples poured into the microtubes will be immediately frozen at − 80 ° C. NO, MDA, and hs-CRP will be measured by ELISA method using Q-1-DiaPlus, USA, kits. In addition, using chemiluminescent microparticle immunoassay (CMIA) method, measuring the serum concentration of vitamin D will be performed. Serum calcium and phosphate will be measured by Biosystems, Barcelona, Spain, kits using colorimetric analysis method. Measurements will be performed based on standard methods.
L64: Data management
L65: Data will be entered electronically at the participating site. In addition, the forms will be kept on file at the participating site. Personnel at the participating site will send the copy of forms (files) to data coordinating center (DCC). The DCC will send weekly email reports about missing data, missing forms, and missing visits. Personnel at the participating site will review these reports for accuracy. The DCC will monitor source documents and will conduct at least one on-site monitoring visit during the study. DCC's primary objectives during site visits are to educate, support, and resolve problems. This process will be independent from investigators. Participant files will be maintained for a period of 2 years after completion of the trial.
L66: Safety and adverse effects
L67: Fig. 2 Schedule for enrollment, intervention, and assessment. CPRS, Conners parent rating scale; EEG, electroencephalography; hs-CRP, high-sensitivity C-reactive protein; IPAQ, international physical activity questionnaire; MDA, malondialdehyde; NO, nitric oxide
L68: Any possible adverse event will be reported to the Ethical Committee of Shahid Sadoughi University of Medical Sciences and Health Services (Fig.  2 ). Based on the type and severity of adverse event relate to supplementation, the ethical committee will make a decision on removing the participant or giving an exclusive code or etc. In addition, to evaluate possible toxicity and hypervitaminosis after supplementation with vitamin D, serum level of calcium will be measured at the beginning of the study and after intervention [ 53 ]. Fig. 2 Schedule for enrollment, intervention, and assessment. CPRS, Conners parent rating scale; EEG, electroencephalography; hs-CRP, high-sensitivity C-reactive protein; IPAQ, international physical activity questionnaire; MDA, malondialdehyde; NO, nitric oxide
L69: Monitoring data, data accessibility, and confidentially
L70: This RCT will be supervised by a Data Monitoring Committee (DMC). The principal investigator will have access to the final data of the study, and such access for other investigators is limited. There is no plan for granting public access to the full protocol, participant-level dataset, and statistical code. We will present the findings of this study only through the publication. To maintain participant confidentiality, all laboratory samples, reports, data collection, process, and administrative forms will be identified by a coded ID number. All information of participants will be stored securely in locked room with limited access at the study site.
L71: Statistical analysis
L72: SPSS version 24 (SPSS, Inc.) will be used for data analysis. The analyses will be performed using the intention-to-treat (ITT) approaches. Using Kolmogorov-Smirnov test, normal distribution of variables will be assessed. Comparing the qualitative variables between two groups will be performed using chi-squared test. To compare the means of normal variables at baseline, at the end of study, and compare the mean changes of normal data between two groups, independent  t -test will be used. To compare normal variables within the groups, paired sample  t -test will be applied. Using Mann-Whitney  U  test, comparing abnormal data between the two groups at baseline and after the intervention as well as comparing the mean changes of abnormal data between two groups will be performed. Wilcoxon test will be used to compare the abnormal data within the groups. To control covariates, ANCOVA will be carried out.  P  < 0.05 will be considered significant.
L73: Discussion
L74: Clinical studies investigating the effect of vitamin D indicate that the overall frequency of side effects related to vitamin D supplementation is low, and most of adverse effects are mild. On the other hand, the prevalence of vitamin D deficiency among patients with ADHD is higher than healthy controls [ 44 ]. Moreover, lower levels of vitamin D is associated with higher severity of ADHD symptom [ 41 ]. Evidence showed the beneficial effect of vitamin D on central nervous system [ 29 ,  54 ]. RCTs evaluating the effect of vitamin D on behavioral performance of patients with ADHD demonstrated contradictory results [ 45 ,  46 ]. Dehbokri et al. [ 45 ] showed vitamin D improves ADHD symptoms with a particular effect on inattention symptoms. However, in the study of Mohammadpour et al. [ 46 ], after intervention for 8 weeks, no significant difference between the vitamin D and placebo groups was found in symptoms measured by CPRS. For the first time, the present trial will evaluate the effect vitamin D supplementation on brain waves, NO, MDA, and hs-CRP in patients with ADHD. An important strength of the present study is the assessment of brain waves. However, short duration of the study is an important limitation. The results of the present study will provide a better vision about the effects of vitamin D supplementation in patients with ADHD.
L75: Trial status
L76: Recruitment of participants began 30 June 2021 and is expected to be completed on 30 August 2021.
L77: 1. Wolraich ML Hagan JF Allan C Chan E Davison D Earls M Clinical practice guideline for the diagnosis, evaluation, and treatment of attention-deficit/hyperactivity disorder in children and adolescents Pediatrics. 2019 144 4 e20192528 31570648
L78: 2. Faraone SV Asherson P Banaschewski T Biederman J Buitelaar JK Ramos-Quiroga JA Attention-deficit/hyperactivity disorder Nat Rev Dis Prim 2015 1 15020 27189265
L79: 3. Thapar A Cooper M Attention deficit hyperactivity disorder Lancet 2016 387 10024 1240 1250 26386541
L80: 4. Polanczyk GV Willcutt EG Salum GA Kieling C Rohde LA ADHD prevalence estimates across three decades: an updated systematic review and meta-regression analysis Int J Epidemiol 2014 43 2 434 442 24464188
L81: 5. Posner J Polanczyk GV Sonuga-Barke E Attention-deficit hyperactivity disorder Lancet 2020 395 10222 450 462 31982036
L82: 6. Goksugur SB Tufan AE Semiz M Gunes C Bekdas M Tosun M Vitamin D status in children with attention-deficit-hyperactivity disorder Pediatr Int 2014 56 4 515 519 24417979
L83: 7. Barry RJ Clarke AR Johnstone SJ A review of electrophysiology in attention-deficit/hyperactivity disorder: I. qualitative and quantitative electroencephalography Clin Neurophysiol 2003 114 2 171 183 12559224
L84: 8. Miranda P Cox CD Alexander M Danev S Lakey JRT In quest of pathognomonic/endophenotypic markers of attention deficit hyperactivity disorder (Adhd): potential of eeg-based frequency analysis and erps to better detect, prevent and manage adhd Med Devices Evid Res 2020 13 115 137
L85: 9. Ceylan MF Sener S Bayraktar AC Kavutcu M Changes in oxidative stress and cellular immunity serum markers in attention-deficit/hyperactivity disorder Psychiatry Clin Neurosci 2012 66 3 220 226 22443244
L86: 10. Anand D Colpo GD Zeni G Zeni CP Teixeira AL Attention-deficit/hyperactivity disorder and inflammation: what does current knowledge tell US?. A systematic review Front Psychiatry 2017 8 228 29170646
L87: 11. Bulut M Selek S Gergerlioglu HS Savas HA Yilmaz HR Yuce M Malondialdehyde levels in adult attention-deficit hyperactivity disorder J Psychiatry Neurosci 2007 32 6 435 438 18043768
L88: 12. Kawatani M Tsukahara H Mayumi M Evaluation of oxidative stress status in children with pervasive developmental disorder and attention deficit hyperactivity disorder using urinary-specific biomarkers Redox Rep 2011 16 1 45 46 21605498
L89: 13. Ceylan M Sener S Bayraktar AC Kavutcu M Oxidative imbalance in child and adolescent patients with attention-deficit/hyperactivity disorder Prog Neuro-Psychopharmacol Biol Psychiatry 2010 34 8 1491 1494
L90: 14. Gao Y Heldt SA Lack of neuronal nitric oxide synthase results in attention deficit hyperactivity disorder-like behaviors in mice Behav Neurosci 2015 129 1 50 61 25621792
L91: 15. Mohammadi F Ahmadi-Zeidabadi M Nazeri M Ghasemi A Shabani M Nitric oxide modulates cognitive, nociceptive and motor functions in a rat model of empathy Int J Neurosci 2020 130 9 865 874 31860371
L92: 16. Tang X Li Z Zhang W Yao Z Nitric oxide might be an inducing factor in cognitive impairment in Alzheimer’s disease via downregulating the monocarboxylate transporter 1 Nitric Oxide Biol Chem 2019 91 35 41
L93: 17. Oades RD Dauvermann MR Schimmelmann BG Schwarz MJ Myint AM Attention-deficit hyperactivity disorder (ADHD) and glial integrity: S100B, cytokines and kynurenine metabolism - effects of medication Behav Brain Funct 2010 6 1 29 20509936
L94: 18. Mittleman BB Castellanos FX Jacobsen LK Rapoport JL Swedo SE Shearer GM Cerebrospinal fluid cytokines in pediatric neuropsychiatric disease J Immunol 1997 159 6 2994 2999 9300724
L95: 19. Oades RD Myint AM Dauvermann MR Schimmelmann BG Schwarz MJ Attention-deficit hyperactivity disorder (ADHD) and glial integrity: an exploration of associations of cytokines and kynurenine metabolites with symptoms and attention Behav Brain Funct 2010 6 32 20534153
L96: 20. Chang CH Lane HY Liu CY Cheng PC Chen SJ Lin CH C-reactive protein is associated with severity of thought and language dysfunction in patients with schizophrenia Neuropsychiatr Dis Treat 2019 15 2621 2627 31571879
L97: 21. Bulzacka E Boyer L Schürhoff F Godin O Berna F Brunel L Chronic peripheral inflammation is associated with cognitive impairment in schizophrenia: results from the multicentric FACE-SZ dataset Schizophr Bull 2016 42 5 1290 1302 27143795
L98: 22. Antshel KM Hargrave TM Simonescu M Kaul P Hendricks K Faraone SV Advances in understanding and treating ADHD BMC Med 2011 9 72 21658285
L99: 23. Brown KA Samuel S Patel DR Pharmacologic management of attention deficit hyperactivity disorder in children and adolescents: a review for practitioners Transl Pediatr 2018 7 1 36 47 29441281
L100: 24. Storebø OJ, Ramstad E, Krogh HB, Nilausen TD, Skoog M, Holmskov M, et al. Methylphenidate for children and adolescents with attention deficit hyperactivity disorder (ADHD). Cochrane Database Syst Rev. 2015;(11):CD009885. 10.1002/14651858.CD009885.pub2.
L101: 25. Storebø OJ Krogh HB Ramstad E Moreira-Maia CR Holmskov M Skoog M Methylphenidate for attention-deficit/hyperactivity disorder in children and adolescents: Cochrane systematic review with meta-analyses and trial sequential analyses of randomised clinical trials BMJ. 2015 351 h5203 26608309
L102: 26. Briars L Todd T A review of pharmacological management of attention-deficit/hyperactivity disorder J Pediatr Pharmacol Ther 2016 21 3 192 206 27453697
L103: 27. McGough JJ Biederman J Wigal SB Lopez FA McCracken JT Spencer T Long-term tolerability and effectiveness of once-daily mixed amphetamine salts (adderall XR) in children with ADHD J Am Acad Child Adolesc Psychiatry 2005 44 6 530 538 15908835
L104: 28. Schlögl M Holick MF Vitamin D and neurocognitive function Clin Interv Aging 2014 9 559 568 24729696
L105: 29. Eyles DW Burne THJ McGrath JJ Vitamin D, effects on brain development, adult brain function and the links between low levels of vitamin D and neuropsychiatric disease Front Neuroendocrinol 2013 34 1 47 64 22796576
L106: 30. Sangouni AA Ghavamzadeh S Jamalzehi A A narrative review on effects of vitamin D on main risk factors and severity of non-alcoholic fatty liver disease Diabetes Metab Syndr Clin Res Rev 2019 13 3 2260 2265
L107: 31. Bikle DD Vitamin D metabolism, mechanism of action, and clinical applications Chem Biol 2014 21 3 319 329 24529992
L108: 32. Rosen CJ Adams JS Bikle DD Black DM Demay MB Manson JAE The nonskeletal effects of vitamin D: an endocrine society scientific statement Endocr Rev 2012 33 3 456 492 22596255
L109: 33. Eyles DW Smith S Kinobe R Hewison M McGrath JJ Distribution of the vitamin D receptor and 1α-hydroxylase in human brain J Chem Neuroanat 2005 29 1 21 30 15589699
L110: 34. Patrick RP Ames BN Vitamin D and the omega-3 fatty acids control serotonin synthesis and action, part 2: relevance for ADHD, bipolar disorder, schizophrenia, and impulsive behavior FASEB J 2015 29 6 2207 2222 25713056
L111: 35. Cui X Pertile R Liu P Eyles DW Vitamin D regulates tyrosine hydroxylase expression: N-cadherin a possible mediator Neuroscience. 2015 304 90 100 26210580
L112: 36. Malihi Z Wu Z Lawes CMM Scragg R Adverse events from large dose vitamin D supplementation taken for one year or longer J Steroid Biochem Mol Biol 2019 188 29 37 30529281
L113: 37. Marampon F Gravina GL Festuccia C Popov VM Colapietro EA Sanità P Vitamin D protects endothelial cells from irradiation-induced senescence and apoptosis by modulating MAPK/SirT1 axis J Endocrinol Investig 2016 39 4 411 422 26335302
L114: 38. Ryan ZC Craig TA Folmes CD Wang X Lanza IR Schaible NS 1α,25-dihydroxyvitamin D3 regulates mitochondrial oxygen consumption and dynamics in human skeletal muscle cells J Biol Chem 2016 291 3 1514 1528 26601949
L115: 39. Yin K Agrawal DK Vitamin D and inflammatory diseases J Inflamm Res 2014 7 1 69 87 24971027
L116: 40. Wimalawansa SJ Vitamin D deficiency: effects on oxidative stress, epigenetics, gene regulation, and aging Biology (Basel) 2019 8 30
L117: 41. Morales E Julvez J Torrent M Ballester F Rodríguez-Bernal CL Andiarena A Vitamin D in pregnancy and attention deficit hyperactivity disorder-like symptoms in childhood Epidemiology. 2015 26 4 458 465 25867115
L118: 42. Sharif MR Madani M Tabatabaei F Tabatabaee Z The relationship between serum vitamin D level and attention deficit hyperactivity disorder Iran J Child Neurol 2015 9 4 48 53 26664441
L119: 43. Kamal M Bener A Ehlayel MS Is high prevalence of vitamin D deficiency a correlate for attention deficit hyperactivity disorder? ADHD Atten Deficit Hyperact Disord 2014 6 2 73 78
L120: 44. Khoshbakht Y Bidaki R Salehi-Abargouei A Vitamin D status and attention deficit hyperactivity disorder: a systematic review and meta-analysis of observational studies Adv Nutr 2018 9 1 9 20 29438455
L121: 45. Dehbokri N Noorazar G Ghaffari A Mehdizadeh G Sarbakhsh P Ghaffary S Effect of vitamin D treatment in children with attention-deficit hyperactivity disorder World J Pediatr 2019 15 1 78 84 30456564
L122: 46. Mohammadpour N Jazayeri S Tehrani-Doost M Djalali M Hosseini M Effatpanah M Effect of vitamin D supplementation as adjunctive therapy to methylphenidate on ADHD symptoms: a randomized, double blind, placebo-controlled trial Nutr Neurosci 2018 21 3 202 209 27924679
L123: 47. Mullins-Sweatt SN Widiger TA Clinical utility and DSM-V Psychol Assess 2009 21 3 302 312 19719343
L124: 48. Bell AS A critical review of ADHD diagnostic criteria: what to address in the DSM-V J Atten Disord 2011 15 1 3 10 20418468
L125: 49. Gow RV Sumich A Vallee-Tourangeau F Angus Crawford M Ghebremeskel K Bueno AA Omega-3 fatty acids are related to abnormal emotion processing in adolescent boys with attention deficit hyperactivity disorder Prostaglandins Leukot Essent Fat Acids 2013 88 6 419 429
L126: 50. Saghaei M Random allocation software for parallel group randomized trials BMC Med Res Methodol 2004 4 26 15535880
L127: 51. Keith Conners C Sitarenios G Parker JDA Epstein JN The revised Conners’ parent rating scale (CPRS-R): factor structure, reliability, and criterion validity J Abnorm Child Psychol 1998 26 4 257 268 9700518
L128: 52. Tran VD Do VV Pham NM Nguyen CT Xuong NT Jancey J Validity of the international physical activity questionnaire–short form for application in Asian countries: a study in Vietnam Eval Heal Prof 2020 43 2 105 109
L129: 53. Tebben PJ Singh RJ Kumar R Vitamin D-mediated hypercalcemia: mechanisms, diagnosis, and treatment Endocr Rev 2016 37 5 521 547 27588937
L130: 54. Eyles DW Feron F Cui X Kesby JP Harms LH Ko P Developmental vitamin D deficiency causes abnormal brain development Psychoneuroendocrinology. 2009 34 Suppl 1 S247 S257 19500914
L131: Acknowledgements
L132: We acknowledge the Shahid Sadoughi University of Medical Sciences, Yazd, Iran, for financial support.
[24ms]

