L1: Effect of beetroot or beetroot plus vitamin C supplementation on cardiovascular function in patients with coronary artery disease: protocol for a double-blind, placebo-controlled, randomised trial
L2: BMJ Open (2022)
L3: Leila Sadat Bahrami, Mohsen Mohebaty, Seyyed Mostafa Arabi, Hamed Tabesh, Mohsen Nematy, Reza Rezvani
L4: 1 Department of Nutrition, Faculty of Medicine ,  Mashhad University of Medical Sciences ,  Mashhad ,  Iran
L5: 2 Student Research Committee, Mashhad University of Medical Sciences ,  Mashhad ,  Iran
L6: 3 Cardiovascular Research Center, School of Medicine ,  Mashhad University of Medical Sciences ,  Mashhad ,  Iran
L7: 4 Department of Basic Medical Sciences ,  Neyshabur University of Medical Sciences ,  Neyshabur ,  Iran
L8: 5 Department of Medical Informatics, Faculty of Medicine ,  Mashhad University of Medical Sciences ,  Mashhad ,  Iran
L9: Introduction
L10: Coronary artery disease (CAD), classified into the atherosclerosis category, is a prevalent cardiovascular disease worldwide that is associated with serious comorbidities and death. The purpose of this study was to evaluate the effect of beetroot/beetroot plus vitamin C on cardiovascular health status and function in patients with CAD.
L11: Method and analysis
L12: A randomised, placebo-controlled, double-blind clinical trial to recruit 90 patients with CAD at the cardiac outpatient clinic and Imam Reza Hospital, Mashhad, Iran. Participants will be divided into three groups: (1) Those who receive 500 mg three times a day of beetroot capsules, (2) Those who receive 500 mg three times a day of beetroot plus vitamin C capsules, and (3) Those who receive placebo capsules three times a day for 4 weeks. Pulse wave velocity, Augmentation Index, heart rate, volume of oxygen (VO 2 ) max/VO 2  peak, peak heart rate, blood pressure, interleukin 6 (IL-6), high sensitivity C reactive protein, intercellular adhesion molecule, vascular cell adhesion molecule, lipid profile and anthropometry will be measured at the beginning and end of the intervention.
L13: Ethics and dissemination
L14: This study was approved by the Ethics Committee of Mashhad University of Medical Sciences (IR.MUMS.MEDICAL.REC.1399.717). All participants will be asked to complete the consent form at the beginning of the study. The results will be actively disseminated through peer-reviewed journals and conference presentations.
L15: Trial registration number
L16: Iranian Registry of Clinical Trials, IRCT20210217050393N1 (registered 16 May 2021).
L17: Nutrition and Metabolism; 1506; 1714
L18: Coronary heart disease; HEALTH SERVICES ADMINISTRATION & MANAGEMENT; Nutrition
L19: Introduction
L20: Cardiovascular disease has been recognised as a major cause of death in the last decade and is increasing every year. 1  Global deaths from cardiovascular diseases have increased dramatically since 1990. 2  Among cardiovascular diseases, one of the most prevalent types is coronary artery disease (CAD), 2 3  which is associated with many complications and accounts for a third of all deaths globally. 4–6  CAD is predicted to continue to be the greatest and most widespread threat to human life through 2020; 7  it is also a multifactorial disease and affects complex interactions between physiological, genetic and lifestyle factors. 8
L21: Diet and lifestyle interventions can prevent atherogenesis, reduce the risk of cardiac events, and are viewed as an effective approach, mainly in patients with poor adherence to pharmacological therapies inherent in chronic diseases. In addition, nutritional interventions can also help lower public healthcare costs through preventive clinical interventions related to cardiovascular disease and reduce the burden on the government. 9 10  Vegetables are an important part of a healthy diet because they contain many bioactive components known as functional nutrients that have the benefits of promoting and maintaining human health. A strong document proposes that nitrate (NO 3 ), which exists in leafy green vegetables, beetroot, after reduction to nitrite (NO 2 ) is implicated in well-documented cardiac protection as it is a physiological substrate for nitric oxide (NO) production by the enterosalivary NO 3 –NO 2 /NO pathway. 11  Beetroot is a functional food that consists of various bioactive compounds such as nitrates, phenolics, ascorbic acid, carotenoids and betalains, and acts synergistically when consumed together. 12–14  As mentioned earlier, the cardiovascular health benefits of beetroot are attributed to its high concentration of inorganic nitrate. 15  For the first time, Webb  et al  investigated the effects of beetroot juice on endothelial function using the flow-mediated dilatation (FMD) technique in healthy volunteers. They reported an improvement in FMD technique at the end of the study. 16  Several studies have expanded this finding and examined the acute or chronic effects of nitrate on cardiovascular health. 17–21  Various studies, including systematic reviews and meta-analyses, have examined the effects of inorganic nitrate from beetroot on various risk factors for cardiovascular disease. 22–25  In a study by Nyberg  et al , supplementation with red beetroot juice reduced muscle oxygen uptake and regulated blood flow. 26  Additionally, another study that examined the pharmacokinetic effects of red beet showed the beneficial effects of this supplement due to its high levels of nitrate and nitrite on lowering mean arterial pressure. 27  On the other hand, the effects of vitamin C on health, especially on cardiovascular disease prevention and amelioration, have been assessed in previous studies. 28  Documented studies show that vitamin C can improve cardiovascular function through various mechanisms; for example, due to the NO synthesis-enhancing ability of vitamin C and the NO-producing ability of inorganic nitrate of beetroot, there is a hypothesis that vitamin C with beetroot supplementation has a synergistic effect on the improvement of cardiovascular function. 29
L22: Despite the literature indicating a clear beneficial effect of inorganic nitrate intake and vitamin C supplementation for improving cardiovascular disease (CVD) risk factors, increased clinical trial investigation is required to understand its role in single and combined supplementation in improving cardiovascular function. Therefore, this study aimed to evaluate the effect of beetroot inorganic nitrate with or without vitamin C on endothelial function and arterial stiffness in patients with CAD.
L23: Methods and analysis
L24: The protocol for the current double-blind, randomised, placebo-controlled, parallel study follows the Consolidated Standards of Reporting Trials Standard Protocol Items: Recommendations for Interventional Trials guidelines and was approved by the Medical Ethics Committee of Mashhad University of Medical Sciences (IR.MUMS.MEDICAL.REC.1399.717) and registered at the Iranian Registry of Clinical Trials (IRCT20210217050393N1; registered 16 May 2021). The recruitment and details of the current study protocol are shown in  figure 1 .
L25: Figure 1 Trial procedure flow chart. CAD, coronary artery disease.
L26: Recruitment
L27: Recruitment will be performed at the cardiac outpatient clinic and Imam Reza Hospital related to Mashhad University of Medical Sciences, Mashhad, Iran. Participants will be selected for inclusion and exclusion criteria.
L28: Eligibility
L29: Individuals who are interested in participating will be assessed for eligibility criteria. They will then be offered the consent form to complete ( online supplemental file 1 ).
L30: Inclusion criteria
L31: Exclusion criteria
L32: Study design and setting
L33: We will include 90 patients with CAD as diagnosed by a cardiologist. Patients will receive 500 mg of beetroot capsules or beetroot capsules plus vitamin C or placebo three times/day for 4 weeks in equal ratios through a random assignment method ( table 1 ). Beetroot capsules will contain 500 mg beetroot powders produced by the freeze-dried method, with the natural ingredients inorganic nitrate (3.2%), phenolics, ascorbic acid, carotenoids and betalains; and 100 mg vitamin C will be added to a third of the capsules for the beetroot plus vitamin C group, without any additives and preservatives.
L34: Table 1 Timeline and tests
L35: Power calculation and sample size estimate
L36: The study sample size was evaluated based on the Augmentation Index (AIX) from the Velmurugan  et al  study, as a primary outcome with an effect size of 0.8. 20  Type 1 and 2 errors were considered to be 5% and 20%, respectively (α=0.05 and β=0.2), with 80% power and 10% dropout. Finally, 30 participants were considered for each group.
L37: Randomisation and blinding
L38: Participants will be divided into three groups randomly based on the block randomisation method with an online database for clinical trials ( www.sealedenvelope.com ) consisting of four participants per block, which will be completed based on body mass index (BMI) (<30 and >30), diabetes (yes or no) and gender (male or female). For blinding in the randomisation process, unique codes will be used on the supplement boxes, and the desired code will also be generated online. The investigators and participants will remain blinded until the end of the study period. Additionally, the placebo capsules are in the same frame, taste and colour as the supplements, for concealment.
L39: Safety
L40: According to previous studies, except for limited gastrointestinal side effects (including nausea and vomiting) in a small number of people (approximately 9%), no side effects have been seen at this dose of the supplement. To ensure the health of the participants, the telephone of the facilitator and the doctoral student will be provided to the patients. In case of any problems or questions, quick contact is possible. Any possible complications will be recorded and will be decided in consultation with a cardiologist. The exchange of information and tracking of participants will be accelerated through social networks such as Telegram and WhatsApp.
L41: Study assessments
L42: All parameters will be assessed for all participants at the beginning and end of the 4-week study. A questionnaire of general information, the International Physical Activity Questionnaire, 72 hours food recall, and a quality of life and health questionnaire (Short Form Health Survey) will be completed for each individual. A complete list of foods containing high amounts of nitrate will be given to the participants, and they will be asked not to consume these foods during the study.
L43: Anthropometric measurements
L44: Height will be assessed on a flat surface without shoes, with a stadiometer. Weight, fat mass (FM) and fat-free mass (FFM) will be measured using a bioelectrical impedance analyser. Waist, hip and neck circumferences will be measured using a non-elastic metre tape. A Body Shape Index (ABSI) will also be measured using the statistical formula waist circumference (WC)/(BMI 2/3  *Height 1/2 ).
L45: Device base parameters
L46: Pulse wave velocity (PWV), AIX and heart rate will be measured using SphygmoCor. VO 2 max/VO 2  peak, peak heart rate with cardiopulmonary cycle ergometer will be evaluated using a respiratory gas analyser (model: MetaLyzer3B, Cortex BioPhysic, Germany). Participants will be encouraged to continue pedalling until exhaustion and/or other stopping criteria, such as shortness of breath, leg fatigue and chest pain. Blood pressure will be measured with a mercury manometer three times at 5 min intervals in seated position with both feet flat on the floor after 10 min rest.
L47: Laboratory analysis
L48: To assess the serum level of some parameters in the fasting state, 10 mL of venous blood sample will be taken. The serum will be separated from blood samples by 3000  g  centrifugation at 25°C and kept at −80°C until analysis. Interleukin 6 (IL-6), high-sensitivity C-reactive protein (hs-CRP), intercellular adhesion molecule (I-CAM) and vascular cell adhesion molecule (V-CAM) will be assessed using an ELISA kit. Nitrate will be measured by high-performance liquid chromatography. Additionally, lipid profile factors (triglycerides, total cholesterol and high-density lipoprotein cholesterol) will be measured using a biotecnica (BT) 1500 autoanalyser.
L49: Statistical analysis
L50: The analysis will be conducted based on the intention-to-treat test. Data will be analysed by using SPSS software, V.23 (SPSS, Chicago, Illinois, USA). Quantitative data will be presented as the mean±SD, and qualitative data will be demonstrated as frequencies and percentages. To determine the normality outcomes, the Kolmogorov–Smirnov test will be performed. One-way analysis of variance and/or the Kruskal–Wallis test will be used to compare the mean between the three independent groups. Covariance analysis will be used to detect any differences between the two treatment groups after adjustment for confounders. The results will be found to be statistically significant at a value p<0.05.
L51: Primary outcomes
L52: The primary outcomes of this study will be obtained by comparing the changes between and within groups of PWV, AIX, HR, systolic blood pressure (SBP), diastolic blood pressure (DBP), VO2max, and serum level changes of IL-6, hs-CRP, I-CAM, V-CAM, and lipid profile.
L53: Secondary outcomes
L54: Secondary outcomes will be obtained by comparing the changes between and within the groups after 4 weeks. These include anthropometric parameters such as height, weight, ABSI, fat mass (FM), fat-free mass (FFM), WC, hip circumference, neck circumference, quality of life and health.
L55: Patient and public involvement
L56: Patients and the public were not involved in the design, conduct, reporting, or dissemination of our research.
L57: Ethics and dissemination
L58: This randomised clinical study was approved by the Ethics Committee of Mashhad University of Medical Sciences (IR.MUMS.MEDICAL.REC.1399.717). All participants will be asked to complete the consent form at the beginning of the study. The results will be actively disseminated through peer-reviewed journals and conference presentations.
L59: Discussion
L60: CAD is also called atherosclerosis or coronary heart disease, and it has been found to be the main cause of death and disability in humans. Epidemiological studies demonstrate that CAD is prevalent in almost all regions of the world. Various types of studies, such as case-control, epidemiological, clinical trials, systematic and meta-analyses, have been conducted to understand the various aspects of this disease. Understanding the relevant risk factors, prevention strategies and early treatment are essential for the management of such CAD. Many facts and data have been published describing the current methods of preventing and treating CAD, but there is still a lack of awareness that makes it difficult to manage it. Results from previous studies have shown the effectiveness of inorganic nitrate of beetroot in the prevention of cardiovascular disease, especially atherosclerosis such as CAD, because of NO production in the body that prevents the atherosclerosis process. But there is still a lack of knowledge about the treatment of CAD that makes this trial necessary. Although the follow-up period is not sufficient to observe long-term outcomes, based on previous studies, it is expected that the inorganic nitrate of beetroot will improve cardiovascular function and health status of patients with CAD and its effect may be enhanced with vitamin C supplementation.
L61: Trial status
L62: The trial enrolment started in November 2021 and is currently recruiting patients. Follow-up and collection of labour data of patients are expected to take time, approximately until June 2022.
L63: Supplementary Material
L64: Ethics statements
L65: Patient consent for publication
L66: Consent obtained directly from patient(s).
L67: Supplementary data
L68: Reviewer comments
L69: Author's
L70: manuscript
L71: 1 Lozano 
L72:  R ,  Naghavi 
L73:  M ,  Foreman 
L74:  K ,  et al .  Global and regional mortality from 235 causes of death for 20 age groups in 1990 and 2010: a systematic analysis for the global burden of disease study 2010 .  Lancet 
L75:  2012 ; 380 : 2095 – 128 .  10.1016/S0140-6736(12)61728-0 23245604
L76: 2 Roth 
L77:  GA ,  Johnson 
L78:  C ,  Abajobir 
L79:  A ,  et al .  Global, regional, and national burden of cardiovascular diseases for 10 causes, 1990 to 2015 .  J Am Coll Cardiol 
L80:  2017 ; 70 : 1 – 25 .  10.1016/j.jacc.2017.04.052 28527533
L81: 3 Zhu 
L82:  K-F ,  Wang 
L83:  Y-M ,  Zhu 
L84:  J-Z ,  et al .  National prevalence of coronary heart disease and its relationship with human development index: a systematic review .  Eur J Prev Cardiol 
L85:  2016 ; 23 : 530 – 43 .  10.1177/2047487315587402 25976715
L86: 4 Anderson 
L87:  L et al .  Exercise‐based cardiac rehabilitation for coronary heart disease .  Cochrane Database of Systematic Reviews 
L88:  2016 ; 1 .
L89: 5 Yang 
L90:  X ,  Li 
L91:  Y ,  Ren 
L92:  X ,  et al .  Effects of exercise-based cardiac rehabilitation in patients after percutaneous coronary intervention: a meta-analysis of randomized controlled trials .  Sci Rep 
L93:  2017 ; 7 : 1 – 9 .  10.1038/srep44789 28127051
L94: 6 Kelly 
L95:  BB ,  Narula 
L96:  J ,  Fuster 
L97:  V .  Recognizing global burden of cardiovascular disease and related chronic diseases .  Mt Sinai J Med 
L98:  2012 ; 79 : 632 – 40 .  10.1002/msj.21345 23239202
L99: 7 Kaur 
L100:  K ,  Bedi 
L101:  G ,  Kaur 
L102:  M ,  et al .  Lipid peroxidation and the levels of antioxidant enzymes in coronary artery disease .  Indian J Clin Biochem 
L103:  2008 ; 23 : 33 – 7 .  10.1007/s12291-008-0008-4 23105716
L104: 8 Ahmad 
L105:  N ,  Bhopal 
L106:  R .  Is coronary heart disease rising in India? A systematic review based on ECG defined coronary heart disease .  Heart 
L107:  2005 ; 91 : 719 – 25 .  10.1136/hrt.2003.031047 15894760
L108: 9 Organization, W.H .  Fruit and vegetables for health: report of the joint FAO ,  2005 .
L109: 10 DeSalvo 
L110:  KB ,  Olson 
L111:  R ,  Casavale 
L112:  KO .  Dietary guidelines for Americans .  JAMA 
L113:  2016 ; 315 : 457 – 8 .  10.1001/jama.2015.18396 26746707
L114: 11 Lidder 
L115:  S ,  Webb 
L116:  AJ .  Vascular effects of dietary nitrate (as found in green leafy vegetables and beetroot) via the nitrate-nitrite-nitric oxide pathway .  Br J Clin Pharmacol 
L117:  2013 ; 75 : 677 – 96 .  10.1111/j.1365-2125.2012.04420.x 22882425
L118: 12 Ninfali 
L119:  P ,  Angelino 
L120:  D .  Nutritional and functional potential of beta vulgaris cicla and rubra .  Fitoterapia 
L121:  2013 ; 89 : 188 – 99 .  10.1016/j.fitote.2013.06.004 23751216
L122: 13 Georgiev 
L123:  VG ,  Weber 
L124:  J ,  Kneschke 
L125:  E-M ,  et al .  Antioxidant activity and phenolic content of betalain extracts from intact plants and hairy root cultures of the red beetroot beta vulgaris cv. Detroit dark red .  Plant Foods Hum Nutr 
L126:  2010 ; 65 : 105 – 11 .  10.1007/s11130-010-0156-6 20195764
L127: 14 Kujala 
L128:  T ,  Vienola 
L129:  M ,  Klika 
L130:  K ,  et al .  Betalain and phenolic compositions of four beetroot (Beta vulgaris) cultivars .  European Food Research and Technology 
L131:  2002 ; 214 : 505 – 10 .  10.1007/s00217-001-0478-6
L132: 15 Lundberg 
L133:  JO ,  Weitzberg 
L134:  E ,  Gladwin 
L135:  MT .  The nitrate-nitrite-nitric oxide pathway in physiology and therapeutics .  Nat Rev Drug Discov 
L136:  2008 ; 7 : 156 – 67 .  10.1038/nrd2466 18167491
L137: 16 Webb 
L138:  AJ ,  Patel 
L139:  N ,  Loukogeorgakis 
L140:  S ,  et al .  Acute blood pressure lowering, vasoprotective, and antiplatelet properties of dietary nitrate via bioconversion to nitrite .  Hypertension 
L141:  2008 ; 51 : 784 – 90 .  10.1161/HYPERTENSIONAHA.107.103523 18250365
L142: 17 Broxterman 
L143:  RM ,  La Salle 
L144:  DT ,  Zhao 
L145:  J ,  et al .  Influence of dietary inorganic nitrate on blood pressure and vascular function in hypertension: prospective implications for adjunctive treatment .  J Appl Physiol 
L146:  2019 ; 127 : 1085 – 94 .  10.1152/japplphysiol.00371.2019 31414959
L147: 18 Litwin 
L148:  NS ,  Van Ark 
L149:  HJ ,  Hartley 
L150:  SC ,  et al .  Impact of red beetroot juice on vascular endothelial function and cardiometabolic responses to a high-fat meal in middle-aged/older adults with overweight and obesity: a randomized, double-blind, placebo-controlled, crossover trial. .  Curr Dev Nutr 
L151:  2019 ; 3 : nzz113 .  10.1093/cdn/nzz113 31737860
L152: 19 Shaltout 
L153:  HA ,  Eggebeen 
L154:  J ,  Marsh 
L155:  AP ,  et al .  Effects of supervised exercise and dietary nitrate in older adults with controlled hypertension and/or heart failure with preserved ejection fraction .  Nitric Oxide 
L156:  2017 ; 69 : 78 – 90 .  10.1016/j.niox.2017.05.005 28549665
L157: 20 Velmurugan 
L158:  S ,  Gan 
L159:  JM ,  Rathod 
L160:  KS ,  et al .  Dietary nitrate improves vascular function in patients with hypercholesterolemia: a randomized, double-blind, placebo-controlled study .  Am J Clin Nutr 
L161:  2016 ; 103 : 25 – 38 .  10.3945/ajcn.115.116244 26607938
L162: 21 Baião 
L163:  DdosS ,  d'El-Rei 
L164:  J ,  Alves 
L165:  G ,  et al .  Chronic effects of nitrate supplementation with a newly designed beetroot formulation on biochemical and hemodynamic parameters of individuals presenting risk factors for cardiovascular diseases: a pilot study .  J Funct Foods 
L166:  2019 ; 58 : 85 – 94 .  10.1016/j.jff.2019.04.041
L167: 22 Jackson 
L168:  JK ,  Patterson 
L169:  AJ ,  MacDonald-Wicks 
L170:  LK ,  et al .  The role of inorganic nitrate and nitrite in cardiovascular disease risk factors: a systematic review and meta-analysis of human evidence .  Nutr Rev 
L171:  2018 ; 76 : 348 – 71 .  10.1093/nutrit/nuy005 29506204
L172: 23 Bahadoran 
L173:  Z ,  Mirmiran 
L174:  P ,  Kabir 
L175:  A ,  et al .  The Nitrate-Independent blood pressure-lowering effect of beetroot juice: a systematic review and meta-analysis .  Adv Nutr 
L176:  2017 ; 8 : 830 – 8 .  10.3945/an.117.016717 29141968
L177: 24 Ashor 
L178:  AW ,  Lara 
L179:  J ,  Siervo 
L180:  M .  Medium-term effects of dietary nitrate supplementation on systolic and diastolic blood pressure in adults: a systematic review and meta-analysis .  J Hypertens 
L181:  2017 ; 35 : 1353 – 9 .  10.1097/HJH.0000000000001305 28319596
L182: 25 Bahrami 
L183:  LS ,  Arabi 
L184:  SM ,  Feizy 
L185:  Z ,  et al .  The effect of beetroot inorganic nitrate supplementation on cardiovascular risk factors: a systematic review and meta-regression of randomized controlled trials .  Nitric Oxide 
L186:  2021 ; 115 : 8 – 22 .  10.1016/j.niox.2021.06.002 34119659
L187: 26 Nyberg 
L188:  M ,  Christensen 
L189:  PM ,  Blackwell 
L190:  JR ,  et al .  Nitrate-rich beetroot juice ingestion reduces skeletal muscle O 2  uptake and blood flow during exercise in sedentary men .  J Physiol 
L191:  2021 ; 599 : 5203 – 14 .  10.1113/JP281995 34587650
L192: 27 Jakubcik 
L193:  EM ,  Rutherfurd-Markwick 
L194:  K ,  Chabert 
L195:  M ,  et al .  Pharmacokinetics of nitrate and nitrite following beetroot juice drink consumption .  Nutrients 
L196:  2021 ; 13 : 281 .  10.3390/nu13020281 33498220
L197: 28 Morelli 
L198:  MB ,  Gambardella 
L199:  J ,  Castellanos 
L200:  V ,  et al .  Vitamin C and cardiovascular disease: an update .  Antioxidants 
L201:  2020 ; 9 : 1227 .  10.3390/antiox9121227
L202: 29 Ashor 
L203:  AW ,  Shannon 
L204:  OM ,  Werner 
L205:  A-D ,  et al .  Effects of inorganic nitrate and vitamin C co-supplementation on blood pressure and vascular function in younger and older healthy adults: a randomised double-blind crossover trial .  Clin Nutr 
L206:  2020 ; 39 : 708 – 17 .  10.1016/j.clnu.2019.03.006 30930132
L207: The authors thank the vice-chancellor of the research centre of Mashhad University of Medical Sciences for the sponsorship of this study.
[22ms]

