L1: Vitamin C Is Essential for the Maintenance of Skeletal Muscle Functions
L2: Biology (2022)
L3: Shoko Takisawa, Yuka Takino, Jaewon Lee, Shuichi Machida, Akihito Ishigami
L4: 1 Molecular Regulation of Aging, Tokyo Metropolitan Institute of Gerontology, Tokyo 173-0015, Japan;  aime.mu2ic@gmail.com  (S.T.);  yuka.t915@gmail.com  (Y.T.)
L5: 2 Department of Pharmacy, College of Pharmacy, Pusan National University, Busan 46241, Korea;  neuron@pusan.ac.kr
L6: 3 Graduate School of Health and Sports Science, Juntendo University, Chiba 270-1695, Japan;  machidas@juntendo.ac.jp
L7: Simple Summary
L8: Previously, we reported that long-term vitamin C (L-ascorbic acid, VC) deficiency causes muscle atrophy and deterioration in physical ability using female senescence marker protein-30 (SMP30)-deficient mice with a lack of VC synthesis, which is similar to that observed in humans. In this study, we investigated whether these findings also hold true in male SMP30-deficient mice and found that long-term VC deficiency causes muscle atrophy and deterioration in physical ability in male SMP30-deficient mice as well. Interestingly, muscle atrophy and declined physical ability were completely restored with VC supplementation. Thus, VC is essential for maintaining skeletal muscle function in both male and female mice.
L9: Abstract
L10: Vitamin C (L-ascorbic acid, VC) is a water-soluble antioxidant essential for collagen polymerization. Previously, we reported that long-term VC deficiency causes muscle atrophy and deterioration in physical ability using female senescence marker protein-30 (SMP30)-deficient mice with a lack of VC synthesis, which is similar to that observed in humans. To determine whether these findings also hold true for male SMP30-deficient mice, two-month-old male SMP30-deficient mice were divided into two groups: the VC-treated group (VC(+)) was administered 1.5 g/L VC, and the VC-untreated group (VC(−)) was supplied water without VC. The VC level at four weeks in the gastrocnemius muscles from the VC(+) and VC(−) groups was 205.7 ± 8.5 nmol/g tissue and 13.1 ± 0.6 nmol/g tissue, respectively. Thus, four weeks was enough to reduce the VC level in the skeletal muscle in the VC-untreated group. On the other hand, muscle weights of the gastrocnemius, soleus, plantaris, tibialis anterior, and extensor digitorum longus in the VC(−) group were significantly reduced by VC deficiency after twelve weeks. The physical endurance of the VC(−) group at eight weeks was markedly lower than that of the VC(+) group. The grasping strength and activity in the cage in the nocturnal phases of the VC(−) group were markedly lower at twelve and sixteen weeks than those of the VC(+) group. Interestingly, muscle atrophy and declined physical ability were completely restored with VC supplementation for twelve weeks after VC deficiency. Thus, VC is essential for maintaining skeletal muscle function in both male and female SMP30-deficient mice with a lack of VC synthesis.
L11: Article
L12: ascorbic acid; muscle atrophy; physical ability; SMP30; vitamin C
L13: 1. Introduction
L14: Vitamin C (L-ascorbic acid, VC) is a water-soluble antioxidant that scavenges reactive oxygen species such as hydroxyl radicals, singlet oxygen, and superoxide radicals [ 1 , 2 , 3 , 4 ]. Under physiological pH conditions, VC most commonly exists in its monoanion form, ascorbate [ 5 ]. VC also acts as a cofactor for enzymes that are important in the construction of collagen fibers, which are abundant in the skin and cartilages [ 6 , 7 ], the metabolism of lipids such as cholesterol [ 8 ], and the synthesis of catecholamine such as adrenaline [ 9 ]. Many vertebrates have the ability to synthesize VC [ 10 , 11 ]. However, humans, nonhuman primates, and guinea pigs cannot synthesize VC because of multiple mutations in the  Gulo -encoding gene L-gulono-γ-lactone oxidase, the last enzyme in the VC synthesis pathway [ 12 , 13 ].
L15: Senescence marker protein-30 (SMP30) has been shown to decrease in the liver, kidneys, and lungs of aged mice [ 14 ]. In addition, SMP30 is a gluconolactonase, catalyzing the reaction of L-gulonic acid to L-gulono-γ-lactone in the VC synthesis pathway [ 15 ]. Therefore, SMP30-deficient mice lack VC synthesis, which is similar to what has been observed in humans.
L16: Human skeletal muscle comprises approximately 40 % of total body weight and contains 3–4 mg of ascorbate per 100 g in skeletal muscle [ 16 , 17 , 18 ]. Previously, we conducted a cross-sectional analysis, in which 957 elderly women (70–84 years old) living in Japan participated in to investigate the relationship between plasma VC levels and exercise function [ 19 ]. The results of this study showed that the plasma VC level was significantly correlated with the subject’s muscle strength (handgrip strength), balance capability (ability to stand on one leg with eyes open), and normal walking speed. In other words, elderly women with higher plasma VC levels tended to have stronger muscle strength and physical ability. Additionally, Martin et al. [ 20 ] reported in a Hertfordshire cohort analysis of community-dwelling elderly people (348 men and 280 women) aged 63–73 years in the United Kingdom that elderly women with a high VC intake had higher physical function such as a significantly shorter time to stand up from a chair. However, elderly men with a high VC intake did not have higher physical function. Thus, older women with higher plasma VC levels and a high VC intake are believed to have higher muscle strength.
L17: A sex-based difference in VC requirement has been suggested by several studies. Levine et al. [ 21 ] examined the association between the dose and steady-state plasma VC level in young women and proposed that the recommended dietary allowance of VC for young women should be increased to 90 mg daily, while the recommended dietary allowance of VC for men is 75 mg daily. Moreover, Sasaki et al. [ 22 ] reported that the plasma VC level was higher in females than in males throughout all ages, estimated on 217 healthy controls, whose ages ranged from 12 to 96 years. Thus, VC requirements and maintenance in vivo vary with gender and age.
L18: VC is abundant in skeletal muscles and plays an important role in the construction of collagen fibers, which are major components of tendons that connect muscles to bones [ 6 , 23 , 24 , 25 ]. To elucidate the function of VC in skeletal muscles as well as the effects of VC deficiency, we previously examined the effects of VC deficiency in female SMP30-deficient mice [ 26 ]. The results showed that long-term VC deficiency was associated with muscle wasting and declined bodily functions estimated using physical endurance, grasping strength, and activity in the cage, which could be recovered by restoring VC levels in skeletal muscles. However, it remains unclear whether these findings have been observed in male SMP30-deficient mice. Therefore, in the present study, we investigated whether these findings also hold true in male SMP30-deficient mice, in which VC deficiency leads to skeletal muscle atrophy and declined physical ability.
L19: 2. Materials and Methods
L20: 2.1. Animals
L21: SMP30-deficient mice were established as previously described [ 14 ]. In this study, we used male SMP30-deficient mice. Mice drank 1.5 g/L VC in water until two months of age. Then, mice were divided into two groups: VC-treated (VC(+)) group and VC-untreated (VC(−)) group, as shown in  Figure 1 A. The VC(+) group drank 1.5 g/L VC in water, whereas the VC(−) group drank water without VC for a sixteen-week period, after which the experiment ended. During the experiment period, all mice were housed under conditions of 22 ± 1 °C and 55 ± 5% humidity under a 12 h light/dark cycle.
L22: For the function restoration experiment, VC(−) mice drank water without VC for twelve weeks and then drank 1.5 g/L VC for twelve weeks (VC(−)→(+)). For comparison, VC(+) mice drank 1.5 g/L VC for twenty-four weeks.
L23: All drinking water was supplemented with 10 µM ethylenediaminetetraacetic acid (EDTA) to stabilize the VC. During experiment periods, all mice were fed a CL-2 diet (CLEA Japan, Tokyo, Japan) without VC. Skeletal muscles were collected at four, eight, twelve, and sixteen weeks, and were stored at −80 °C until use.
L24: 2.2. Measurement of VC Level
L25: VC level of the gastrocnemius muscle was determined by using high-performance liquid chromatography (Nihon Waters, Tokyo, Japan) and an electrochemical detector according to the methods described previously [ 15 ].
L26: 2.3. Behavioral Tests
L27: Mice were handled for 5 min for three consecutive days before undergoing the series of physical ability tests described below.
L28: 2.3.1. Physical Endurance
L29: Physical endurance was evaluated using a treadmill, as described previously [ 26 ].
L30: 2.3.2. Grasping Strength
L31: Grasping strength was evaluated using a wire hanging chamber, as described previously [ 26 ].
L32: 2.3.3. Activity in the Cage
L33: Activity in the cage was evaluated using a three-point meter, as described previously [ 26 ].
L34: 2.4. Statistical Analysis
L35: Data are expressed as the mean ± standard error of the mean (SEM). Significant differences between each group were analyzed with Welch’s t-test using statistical software (Prism 6, GraphPad Software Inc., San Diego, CA, USA). Statistical differences were considered significant at  p  < 0.05.
L36: 3. Results
L37: 3.1. VC Levels in the Gastrocnemius Muscles
L38: SMP30-deficient mice were divided into two groups: the VC-treated (VC(+)) group and VC-untreated (VC(−)) group ( Figure 1 A). The VC level of the gastrocnemius muscle at four weeks was determined to understand the effects of VC deficiency. The VC level in the gastrocnemius muscles from the VC(+) and VC(−) groups was 205.7 ± 8.5 nmol/g tissue and 13.1 ± 0.6 nmol/g tissue, respectively, and a significant difference was observed between them ( Figure 1 B). Accordingly, VC deficiency for four weeks was sufficient to reduce VC in the skeletal muscles.
L39: 3.2. Skeletal Muscle Weight
L40: At eight, twelve, and sixteen weeks, major skeletal muscle weights were measured to investigate the influence of VC deficiency ( Figure 2 ). The gastrocnemius, soleus, plantaris, tibialis anterior, and extensor digitorum longus muscle weights in the VC(−) group were significantly lower than those observed in the VC(+) group at twelve and sixteen weeks; however, no significant differences were observed at eight weeks.
L41: 3.3. Physical Ability
L42: Since VC deficiency resulted in reduced skeletal muscle weight, we next assessed the physical ability. Physical endurance was evaluated by using a treadmill ( Figure 3 A). The physical endurance of the VC(−) group was significantly lower at eight weeks than that of the VC(+) group, but a significant difference was not observed at four weeks between the VC(−) and VC(+) groups ( Figure 3 B). The grasping strength of the VC(−) group was significantly lower than that of the VC(+) group at twelve and sixteen weeks, but a significant difference was not observed at eight weeks between the VC(−) and VC(+) groups ( Figure 3 C). Activity in the nocturnal phases for the VC(−) group was significantly lower than that of the VC(+) group at twelve and sixteen weeks, but a significant difference was not observed at eight weeks between the VC(−) and VC(+) groups ( Figure 3 D).
L43: 3.4. Functional Restoration
L44: Reduced skeletal muscle weight and declined physical function were recognized in male SMP30-deficient mice with VC deficiency. For the functional restoration study, enough VC was given to mice in the VC(−) group beginning at twelve weeks until twenty-four weeks (VC(−)→(+)), to confirm whether VC deficiency was indeed responsible for the observed effects on skeletal muscles ( Figure 4 A). Interestingly, the low VC level, as well as lower skeletal muscle weight caused by VC deficiency, was recovered with VC supplementation for twelve weeks ( Figure 4 B and  Figure 4 C). At twenty-four weeks, the VC level in the gastrocnemius muscle from the VC(+) and VC(−)→(+) groups was 253.8 ± 14.7 nmol/g tissue and 230.0 ± 11.6 nmol/g tissue, respectively, and a significant difference was not observed between them ( Figure 4 B). Moreover, physical ability, including the grasping strength and activity in the cage, in the VC(−)→(+) group was restored to almost the same levels, and a significant difference was not observed between the VC(+) and VC(−)→(+) groups ( Figure 5 A,B).
L45: 4. Discussion
L46: This study showed that long-term VC deficiency led to muscle atrophy and declined physical ability, such as physical endurance, grasping strength, and activity in the cage in the nocturnal phases, in male SMP30-deficient mice with a lack of VC synthesis, which is similar to humans. Furthermore, VC supplementation completely restored muscle atrophy and declined physical ability.
L47: Previously, we reported that plasma VC levels in elderly women were related to their muscle strength (handgrip strength), balance capability (ability to stand on one leg with eyes open), and normal walking speed [ 19 ]. However, it was not known whether elderly women with a deficiency in VC had lower muscle strength and physical ability. To clarify this, we previously investigated the effects of VC deficiency on skeletal muscles using female SMP30-deficient mice and found that long-term VC deficiency resulted in muscle atrophy and decreased physical ability in these mice [ 26 ]. Similarly, the present study revealed that long-term VC deficiency causes muscle atrophy and decreased physical ability in male SMP30-deficient mice as well. These results indicate that VC is essential for maintaining skeletal muscle functions. However, it remains unclear whether the presence of excessive amounts of VC in skeletal muscles results in higher muscle strength and physical ability.
L48: In this study, four weeks of VC deficiency resulted in a reduction in the amount of VC in skeletal muscles. In contrast, skeletal muscle weight was significantly reduced only after twelve weeks of VC deficiency. Moreover, a significant reduction in physical endurance of the VC(−) group was observed at eight weeks compared to the VC(+) group, but no significant difference was observed at four weeks between them. In contrast, female SMP30-deficient mice showed a significant reduction in physical endurance after four weeks. Similar sex-based differences were also observed at eight weeks in grasping strength; that is, grasping strength showed no significant reduction in male SMP30-deficient mice, but significantly reduced in female SMP30-deficient mice. On the other hand, activity in the nocturnal phases reduced significantly after twelve weeks in both male and female SMP30-deficient mice. Thus, a reduction in physical ability due to VC deficiency occurred in both male and female SMP30-deficient mice, but the onset appeared to be earlier in female SMP30-deficient mice than in male SMP30-deficient mice.
L49: The sex-based differences in male and female SMP30-deficient mice were presumably due to differences in VC retention in skeletal muscle, skeletal muscle weight, and/or hormonal balance and control. In fact, Tiidus et al. [ 27 ] showed that male rats had significantly higher VC levels in the plantaris muscle than female rats, although tissue VC levels were generally unaffected by acute exercise in either gender. Panda et al. [ 28 ] also showed that VC levels in skeletal muscle reduced with aging in both male and female toads and slight sex-based differences were observed during aging. Moreover, Jiao et al. [ 29 ] reported a sex difference in the expression levels of oxidative stress genes associated with VC by genome-wide gene expression profiles using L-gulonolactone oxidase ( Gulo )-deficient mice, which were unable to synthesize VC. Thus, there have been several reports of sex differences in skeletal muscle, but no clear conclusions regarding detailed mechanisms have been reached.
L50: The supplementation of VC from twelve to twenty-fourth weeks sufficiently restored the VC level of skeletal muscles and skeletal muscle weights of the gastrocnemius, soleus, plantaris, tibialis anterior, and extensor digitorum longus muscles. Moreover, grasping strength and activity in the nocturnal phases were also sufficiently restored with VC supplementation. These results were similar to those previously reported for female SMP30-deficient mice. Thus, VC is essential for the maintenance of skeletal muscle function, and a skeletal muscle can recover reversibly upon VC supplementation, even if its function was once declined due to VC deficiency. These recovery abilities were observed to be similar in male as well as female SMP30-deficient mice.
L51: The decrease in skeletal muscle weight due to VC deficiency may be due to an increase in reactive oxygen species in skeletal muscles [ 30 , 31 , 32 ]. We previously showed that reactive oxygen species were considerably increased in the skeletal muscles of female SMP30-deficient mice due to VC deficiency [ 26 ]. Furthermore, VC is necessary for the construction of collagen fibers [ 6 , 33 , 34 , 35 ]. In particular, since tendons that connect bone to muscles are rich in collagen, VC deficiency may cause collagen fibers to become brittle and unable to function, thus, leading to a decrease in skeletal muscle weight and physical ability.
L52: 5. Conclusions
L53: In conclusion, VC-deficiency-induced muscle atrophy and declined physical ability were observed in male as well as female SMP30-deficient mice. These results indicated that VC is essential for maintaining skeletal muscle functions. Notably, the reduction in physical ability due to VC deficiency occurred earlier in female SMP30-deficient mice than in male SMP30-deficient mice. Even if skeletal muscle weight decreased due to VC deficiency, it could be recovered with VC supplementation. Therefore, VC could prove to be a useful treatment option for muscle atrophy. Finally, an adequate daily VC intake is necessary to avoid muscle atrophy and the loss of physical ability during aging.
L54: Figure 1 VC levels in gastrocnemius muscles. ( A ) Experimental procedure. Mice drank 1.5 g/L VC in water until two months old. Then, mice were divided into two groups: VC-treated (VC(+)) group and VC-untreated (VC(−)) group. The VC(+) group drank 1.5 g/L VC in water, whereas the VC(−) group drank water without VC for a sixteen-week period. ( B ) Total VC levels in the gastrocnemius muscles at four weeks. Values are given as the mean ± SEM of five animals. Statistical differences were considered significant at  p  < 0.05 between VC(+) and VC(−) groups.
L55: Figure 2 Skeletal muscle weight during VC deficiency. At eight, twelve, and sixteen weeks,  n  = 5 and 5,  n  = 10 and 10, and  n  = 9 and 15 mice each for VC(+) and VC(−) groups, respectively. Values are given as the mean ± SEM. Statistical differences were considered significant at  p  < 0.05 between VC(+) and VC(−) groups.
L56: Figure 3 Physical ability during VC deficiency. ( A ) Running program of treadmill. ( B ) Treadmill running distance.  n  = 6 mice in the VC(+) group and  n  = 11 mice in the VC(−) group. ( C ) Wire hanging test. At eight, twelve, and sixteen weeks,  n  = 8,  n  = 20, and  n -17 mice in the VC(+) group and  n  = 10,  n  = 25, and  n -29 mice in the VC(−) group, respectively. ( D ) Activity in the cage. At eight, twelve, and sixteen weeks,  n  = 8,  n  = 8, and  n  = 8 mice in the VC(+) group and  n  = 8,  n  = 8, and  n  = 3 mice in the VC(−) group, respectively. Values are given as the mean ± SEM. Statistical differences were considered significant at  p  < 0.05 between VC(+) and VC(−) groups.
L57: Figure 4 VC supplementation reversed muscle atrophy. ( A ) Experimental procedure. Mice drank 1.5 g/L VC in water until two months of age. Then, mice were divided into two groups: VC-treated (VC(+)) group and VC-untreated (VC(−)) group. VC(−) mice drank water without VC for twelve weeks and then drank 1.5 g/L VC for twelve weeks (VC(−)→(+)).VC(+) mice drank 1.5 g/L VC for twenty-four weeks. ( B ) VC levels in the gastrocnemius muscles at twenty-four weeks.  n  = 8 mice in the VC(+) group and  n  = 10 mice in the VC(−)→(+) group. ( C ) Skeletal muscle weights at twenty-four weeks.  n  = 8 mice in the VC(+) group and  n  = 10 mice in the VC(−)→(+) group. Values are given as the mean ± SEM. Statistical differences were considered significant at  p  < 0.05 between VC(+) and VC(−) groups.
L58: Figure 5 VC supplementation restored physical ability. ( A ) Grasping strength of the VC(+) and VC(−)→(+) groups at twenty-four weeks.  n  = 8 mice in the VC(+) group and  n  = 10 mice in the VC(−)→(+) group. ( B ) Activity in the cage.  n  = 6 mice in the VC(+) group and  n  = 8 mice in the VC(−)→(+) group. Values are given as the mean ± SEM. Statistical differences were considered significant at  p  < 0.05 between VC(+) and VC(−) groups.
L59: 1. Winterbourn C.C. 
L60:  Reconciling the chemistry and biology of reactive oxygen species Nat. Chem. Biol. 2008 4 278 286 10.1038/nchembio.85 18421291
L61: 2. Nishikimi M. 
L62:  Oxidation of ascorbic acid with superoxide anion generated by the xanthine-xanthine oxidase system Biochem. Biophys. Res. Commun. 1975 63 463 468 10.1016/0006-291X(75)90710-X 235924
L63: 3. Moritz B. 
L64:  Schmitz A.E. 
L65:  Rodrigues A.L.S. 
L66:  Dafre A.L. 
L67:  Cunha M.P. 
L68:  The role of vitamin C in stress-related disorders J. Nutr. Biochem. 2020 85 108459 10.1016/j.jnutbio.2020.108459 32745879
L69: 4. Kazmierczak-Baranska J. 
L70:  Boguszewska K. 
L71:  Adamus-Grabicka A. 
L72:  Karwowski B.T. 
L73:  Two Faces of Vitamin C-Antioxidative and Pro-Oxidative Agent Nutrients 2020 12 1501 10.3390/nu12051501
L74: 5. Lane D.J. 
L75:  Lawen A. 
L76:  Ascorbate and plasma membrane electron transport--enzymes vs efflux Free Radic. Biol. Med. 2009 47 485 495 10.1016/j.freeradbiomed.2009.06.003 19501649
L77: 6. Peterkofsky B. 
L78:  Udenfriend S. 
L79:  Enzymatic Hydroxylation of Proline in Microsomal Polypeptide Leading to Formation of Collagen Proc. Natl. Acad. Sci. USA 1965 53 335 342 10.1073/pnas.53.2.335 14294066
L80: 7. Pullar J.M. 
L81:  Carr A.C. 
L82:  Vissers M.C.M. 
L83:  The Roles of Vitamin C in Skin Health Nutrients 2017 9 866 10.3390/nu9080866
L84: 8. Grosso G. 
L85:  Bei R. 
L86:  Mistretta A. 
L87:  Marventano S. 
L88:  Calabrese G. 
L89:  Masuelli L. 
L90:  Giganti M.G. 
L91:  Modesti A. 
L92:  Galvano F. 
L93:  Gazzolo D. 
L94:  Effects of vitamin C on health: A review of evidence Front. Biosci. (Landmark Ed.) 2013 18 1017 1029 10.2741/4160 23747864
L95: 9. Patak P. 
L96:  Willenberg H.S. 
L97:  Bornstein S.R. 
L98:  Vitamin C is an important cofactor for both adrenal cortex and adrenal medulla Endocr. Res. 2004 30 871 875 10.1081/ERC-200044126 15666839
L99: 10. Linster C.L. 
L100:  Van Schaftingen E. 
L101:  Vitamin C. Biosynthesis, recycling and degradation in mammals FEBS J. 2007 274 1 22 10.1111/j.1742-4658.2006.05607.x
L102: 11. Pohanka M. 
L103:  Pejchal J. 
L104:  Snopkova S. 
L105:  Havlickova K. 
L106:  Karasova J.Z. 
L107:  Bostik P. 
L108:  Pikula J. 
L109:  Ascorbic acid: An old player with a broad impact on body physiology including oxidative stress suppression and immunomodulation: A review Mini Rev. Med. Chem. 2012 12 35 43 10.2174/138955712798868986 22070691
L110: 12. Nishikimi M. 
L111:  Kawai T. 
L112:  Yagi K. 
L113:  Guinea pigs possess a highly mutated gene for L-gulono-gamma-lactone oxidase, the key enzyme for L-ascorbic acid biosynthesis missing in this species J. Biol. Chem. 1992 267 21967 21972 10.1016/S0021-9258(19)36707-9 1400507
L114: 13. Nishikimi M. 
L115:  Yagi K. 
L116:  Molecular basis for the deficiency in humans of gulonolactone oxidase, a key enzyme for ascorbic acid biosynthesis Am. J. Clin. Nutr. 1991 54 1203S 1208S 10.1093/ajcn/54.6.1203s 1962571
L117: 14. Ishigami A. 
L118:  Fujita T. 
L119:  Handa S. 
L120:  Shirasawa T. 
L121:  Koseki H. 
L122:  Kitamura T. 
L123:  Enomoto N. 
L124:  Sato N. 
L125:  Shimosawa T. 
L126:  Maruyama N. 
L127:  Senescence marker protein-30 knockout mouse liver is highly susceptible to tumor necrosis factor-alpha- and Fas-mediated apoptosis Am. J. Pathol. 2002 161 1273 1281 10.1016/S0002-9440(10)64404-5 12368201
L128: 15. Kondo Y. 
L129:  Inai Y. 
L130:  Sato Y. 
L131:  Handa S. 
L132:  Kubo S. 
L133:  Shimokado K. 
L134:  Goto S. 
L135:  Nishikimi M. 
L136:  Maruyama N. 
L137:  Ishigami A. 
L138:  Senescence marker protein 30 functions as gluconolactonase in L-ascorbic acid biosynthesis, and its knockout mice are prone to scurvy Proc. Natl. Acad. Sci. USA 2006 103 5723 5728 10.1073/pnas.0511225103 16585534
L139: 16. Frontera W.R. 
L140:  Ochala J. 
L141:  Skeletal muscle: A brief review of structure and function Calcif. Tissue Int. 2015 96 183 195 10.1007/s00223-014-9915-y 25294644
L142: 17. Peake J.M. 
L143:  Vitamin C: Effects of exercise and requirements with training Int. J. Sport Nutr. Exerc. Metab. 2003 13 125 151 10.1123/ijsnem.13.2.125 12945825
L144: 18. Tahiliani M. 
L145:  Koh K.P. 
L146:  Shen Y. 
L147:  Pastor W.A. 
L148:  Bandukwala H. 
L149:  Brudno Y. 
L150:  Agarwal S. 
L151:  Iyer L.M. 
L152:  Liu D.R. 
L153:  Aravind L. 
L154:  
L155:  Conversion of 5-methylcytosine to 5-hydroxymethylcytosine in mammalian DNA by MLL partner TET1 Science 2009 324 930 935 10.1126/science.1170116 19372391
L156: 19. Saito K. 
L157:  Yokoyama T. 
L158:  Yoshida H. 
L159:  Kim H. 
L160:  Shimada H. 
L161:  Yoshida Y. 
L162:  Iwasa H. 
L163:  Shimizu Y. 
L164:  Kondo Y. 
L165:  Handa S. 
L166:  
L167:  A significant relationship between plasma vitamin C concentration and physical performance among Japanese elderly women J Gerontol. A Biol. Sci. Med. Sci. 2012 67 295 301 10.1093/gerona/glr174 21934124
L168: 20. Martin H. 
L169:  Aihie Sayer A. 
L170:  Jameson K. 
L171:  Syddall H. 
L172:  Dennison E.M. 
L173:  Cooper C. 
L174:  Robinson S. 
L175:  Does diet influence physical performance in community-dwelling older people? Findings from the Hertfordshire Cohort Study Age Ageing 2011 40 181 186 10.1093/ageing/afq175 21239409
L176: 21. Levine M. 
L177:  Wang Y. 
L178:  Padayatty S.J. 
L179:  Morrow J. 
L180:  A new recommended dietary allowance of vitamin C for healthy young women Proc. Natl. Acad. Sci. USA 2001 98 9842 9846 10.1073/pnas.171318198 11504949
L181: 22. Sasaki R. 
L182:  Kurokawa T. 
L183:  Kobayasi T. 
L184:  Tero-Kubota S. 
L185:  Influences of sex and age on serum ascorbic acid Tohoku J. Exp. Med. 1983 140 97 104 10.1620/tjem.140.97 6868081
L186: 23. Evans W.J. 
L187:  Vitamin E, vitamin C, and exercise Am. J. Clin. Nutr. 2000 72 647S 652S 10.1093/ajcn/72.2.647S 10919971
L188: 24. Bryer S.C. 
L189:  Goldfarb A.H. 
L190:  Effect of high dose vitamin C supplementation on muscle soreness, damage, function, and oxidative stress to eccentric exercise Int. J. Sport Nutr. Exerc. Metab. 2006 16 270 280 10.1123/ijsnem.16.3.270 16948483
L191: 25. Gomez-Cabrera M.C. 
L192:  Domenech E. 
L193:  Romagnoli M. 
L194:  Arduini A. 
L195:  Borras C. 
L196:  Pallardo F.V. 
L197:  Sastre J. 
L198:  Vina J. 
L199:  Oral administration of vitamin C decreases muscle mitochondrial biogenesis and hampers training-induced adaptations in endurance performance Am. J. Clin. Nutr. 2008 87 142 149 10.1093/ajcn/87.1.142 18175748
L200: 26. Takisawa S. 
L201:  Funakoshi T. 
L202:  Yatsu T. 
L203:  Nagata K. 
L204:  Aigaki T. 
L205:  Machida S. 
L206:  Ishigami A. 
L207:  Vitamin C deficiency causes muscle atrophy and a deterioration in physical performance Sci. Rep. 2019 9 4702 10.1038/s41598-019-41229-7 30894591
L208: 27. Tiidus P.M. 
L209:  Bombardier E. 
L210:  Hidiroglou N. 
L211:  Madere R. 
L212:  Gender and exercise influence on tissue antioxidant vitamin status in rats J. Nutr. Sci. Vitaminol. (Tokyo) 1999 45 701 710 10.3177/jnsv.45.701 10737224
L213: 28. Panda A.K. 
L214:  Ruth R.P. 
L215:  Padhi S.N. 
L216:  Effect of age and sex on the ascorbic acid content of kidney, skeletal muscle and pancreas of common Indian toad, Bufo melanostictus Exp. Gerontol. 1984 19 95 100 10.1016/0531-5565(84)90011-1 6734770
L217: 29. Jiao Y. 
L218:  Chen H. 
L219:  Yan J. 
L220:  Wang L. 
L221:  Huang Y. 
L222:  Liu X. 
L223:  Williams R.W. 
L224:  Lu L. 
L225:  Wang Y. 
L226:  Gu W. 
L227:  Genome-wide gene expression profiles in antioxidant pathways and their potential sex differences and connections to vitamin C in mice Int. J. Mol. Sci. 2013 14 10042 10062 10.3390/ijms140510042 23665904
L228: 30. Kondo Y. 
L229:  Sakuma R. 
L230:  Ichisawa M. 
L231:  Ishihara K. 
L232:  Kubo M. 
L233:  Handa S. 
L234:  Mugita H. 
L235:  Maruyama N. 
L236:  Koga H. 
L237:  Ishigami A. 
L238:  Potato chip intake increases ascorbic acid levels and decreases reactive oxygen species in SMP30/GNL knockout mouse tissues J. Agric. Food Chem. 2014 62 9286 9295 10.1021/jf502587j 25180784
L239: 31. Morrison D. 
L240:  Hughes J. 
L241:  Della Gatta P.A. 
L242:  Mason S. 
L243:  Lamon S. 
L244:  Russell A.P. 
L245:  Wadley G.D. 
L246:  Vitamin C and E supplementation prevents some of the cellular adaptations to endurance-training in humans Free Radic. Biol. Med. 2015 89 852 862 10.1016/j.freeradbiomed.2015.10.412 26482865
L247: 32. Tonon E. 
L248:  Ferretti R. 
L249:  Shiratori J.H. 
L250:  Santo Neto H. 
L251:  Marques M.J. 
L252:  Minatel E. 
L253:  Ascorbic acid protects the diaphragm muscle against myonecrosis in mdx mice Nutrition 2012 28 686 690 10.1016/j.nut.2011.09.013 22189191
L254: 33. Duran B.O.S. 
L255:  Goes G.A. 
L256:  Zanella B.T.T. 
L257:  Freire P.P. 
L258:  Valente J.S. 
L259:  Salomao R.A.S. 
L260:  Fernandes A. 
L261:  Mareco E.A. 
L262:  Carvalho R.F. 
L263:  Dal-Pai-Silva M. 
L264:  Ascorbic acid stimulates the in vitro myoblast proliferation and migration of pacu ( Piaractus mesopotamicus ) Sci. Rep. 2019 9 2229 10.1038/s41598-019-38536-4 30778153
L265: 34. Diao Z. 
L266:  Matsui T. 
L267:  Funaba M. 
L268:  Stimulation of myogenesis by ascorbic acid and capsaicin Biochem. Biophys. Res. Commun. 2021 568 83 88 10.1016/j.bbrc.2021.06.067 34198164
L269: 35. Lis D.M. 
L270:  Jordan M. 
L271:  Lipuma T. 
L272:  Smith T. 
L273:  Schaal K. 
L274:  Baar K. 
L275:  Collagen and Vitamin C Supplementation Increases Lower Limb Rate of Force Development Int. J. Sport Nutr. Exerc. Metab. 2022 32 65 73 10.1123/ijsnem.2020-0313 34808597
L276: Acknowledgments
L277: Ascorbic acid powder was kindly provided by DSM Nutrition, Japan.
[22ms]

