L1: Acute Effects of Beetroot Juice Supplementation on Isometric Muscle Strength, Rate of Torque Development and Isometric Endurance in Young Adult Men and Women: A Randomized, Double-Blind, Controlled Cross-Over Pilot Study
L2: Nutrients (2022)
L3: David Poredoš, Zala Jenko Pražnikar, Žiga Kozinc
L4: 1 Faculty of Health Sciences, University of Primorska, Polje 42, SI-6310 Izola, Slovenia
L5: 2 Andrej Marušič Institute, University of Primorska, Muzejski trg 2, SI-6000 Koper, Slovenia
L6: This study was conducted to investigate the effect of concentrated beetroot juice on isometric strength and knee extensor muscle endurance in healthy adults. We conducted a randomized cross-over, double-blind experiment in which participants (18 healthy, physically active adults, 9 men, 9 women) consumed either concentrated beetroot juice (140 mL) or low-nitrate control supplement 2.5 h before the measurement. Isometric maximum strength (peak torque), explosive strength (isometric rate of torque development), and strength endurance at 50% of peak torque were measured on an isometric dynamometer. The results showed that concentrated beetroot juice had no effect on the maximum voluntary isometric strength and rate of torque development of the knee extensors. The only exception was the maximum rate of torque development, for which a positive influence was demonstrated only in men. As for the endurance of the knee extensors, the supplement had a positive effect in men (endurance time increased from 86.4 ± 46.1 s to 103.4 ± 53.7 s;  p  = 0.022), but not in women. The absence of effect on maximal voluntary strength is consistent with previous research. One the other hand, improvements in endurance and rate of torque development in men only point to an important aspect of a previously under-researched area of sex-specific responses to nitrate supplementation.
L7: Article
L8: beetroot; knee extension; maximum voluntary contraction; strength endurance; nitrates
L9: 1. Introduction
L10: Nitric oxide (NO) is a signaling molecule synthesized by two pathways, either from L-arginine (oxygen dependent pathway) [ 1 ] or from nitrites previously reduced from nitrates [ 2 ]. The amount of available NO can be influenced by the consumption of foods rich in nitrates (NO 3 − ) [ 3 ], such as beetroot [ 4 ].
L11: Over the years, the use of beetroot juice has increased, especially among endurance athletes [ 5 ]. Beetroot juice concentrate (BJC) dietary supplements are a safe, affordable and reliable source of inorganic nitrates, which is particularly useful in countries where the sale of sodium nitrate is not allowed [ 6 ]. The International Olympic Committee has recently classified dietary supplements containing high levels of nitrate, along with creatine and caffeine, as performance enhancing supplements [ 7 ]. Previous studies using BJC supplements have reported improved time to exhaustion during endurance exercise, improvements in the time trials lasting up to 40 min, improvement in contractile function of type II muscle fibers during high intensity exercise and improvements in recovery during intermittent efforts [ 8 ]. Nitrate supplements are typically taken 2 to 3 h before physical activity in the form of the BJC and/or sodium nitrate, prescribed in absolute and relative amounts of 300 to 600 mg [ 9 ] or 0.1 mmol/kg of body weight per day [ 10 ] and up to 10 mg/kg of body weight [ 11 ].
L12: Production of NO is facilitated in low pH and low oxygen levels environments that occur in skeletal muscle during intense exercise [ 8 ]. NO acts as a vasodilator and triggers physiological responses such as increased muscle blood flow and decreased oxygen cost during submaximal exercise [ 12 ]. In addition, NO can improve glucose uptake and mitochondrial efficiency [ 13 ]. The improvements in contractile function, which are most evident in fast muscle fibers (type II) [ 14 ], are likely underpinned by improved efficiency in the release and subsequent re-uptake of calcium from the sarcoplasmic reticulum [ 15 ], which may also improve force-generating capacity of muscle fibers [ 16 ]. The beneficial effects of nitrate supplementation in continuous endurance exercise and high-intensity interval exercise have been established in several previous studies [ 8 ], while there is a lack of empirical studies on the contractile properties on a local muscular level. The studies that investigated the effect of nitrates on maximal strength (maximal force/torque-generating capacity) found no effect on maximal isometric knee torque [ 17 , 18 , 19 , 20 ], nor hand grip force [ 21 , 22 , 23 ]. A positive effect on isometric mid-thigh pull force was observed in one study [ 24 ]. In addition, a positive effect of nitrate supplementation on isokinetic knee torque measurements is evident, but only at higher angular velocities [ 25 ]. The rate of torque development (RTD), a measure of explosive strength, has been poorly studied. Previous studies have indicated that RTD may be a stronger predictor of athletic performance [ 26 ] and injury rehabilitation [ 27 ] than maximal strength. The increase in sarcoplasmic reticulum calcium release and re-uptake observed in rat muscle fibers [ 15 ] suggests that nitrate supplementation may have an effect on RTD [ 28 ]. To date, two studies have examined chronic (7-day) nitrate supplementation on knee extensor RTD and found either no effect [ 29 ], or an increase in RTD only in the fatigued state [ 20 ].
L13: While several studies have investigated the effects of nitrates on local muscle endurance during dynamic tasks and produced mixed results [ 19 , 30 , 31 ], there is a dearth of research on the effects of nitrates on isometric endurance. One study examined the effect of sodium nitrate on forearm muscle isometric torque endurance and found no effect [ 32 ]. Other studies have examined muscular endurance during intermittent isometric efforts [ 21 , 23 ], however, it is currently unknown whether nitrate supplementation can improve endurance during sustained isometric efforts. Given that isometric contractions restrict blood flow [ 33 ], nitrate supplementation could be particularly effective in boosting recovery between repeated sustained isometric efforts. In addition, a majority of studies investigating the effect of nitrate supplementation on muscle strength has included only men [ 19 , 21 , 22 , 23 , 24 , 29 , 31 ] or did not perform comparisons between men and women [ 30 ]. Therefore, further investigation of sex-specific responses to nitrate supplementation is needed. In particular, women tend to show lower susceptibility to muscular fatigue [ 34 ], which is likely explained by larger proportion of oxidative fibers [ 35 ], greater muscle capillarization [ 36 ] and larger intra-muscular triglyceride stores [ 37 ]. Thus, it should be investigated if man and women benefit from nitrate supplementation to the same extent when it comes to mitigating isometric fatigue.
L14: The purpose of this study was to investigate the acute effect of nitrate supplementation (in the form of BJC) on isometric maximal strength (peak torque), explosive strength (RTD) and local endurance during sustained isometric contraction for the knee extensor muscle group. RTD is one of the most important determinants of neuromuscular ability and athletic performance in general [ 38 , 39 ], while sustained isometric efforts are also present in many sports, such as gymnastics, martial arts and surface water sports. We hypothesized that BJC would improve RTD and isometric endurance, and in particular, the recovery between subsequent isometric efforts. We also hypothesized that BJC will have no effect on maximal strength.
L15: 2. Materials and Methods
L16: 2.1. Participants
L17: For this study, we used a convenience sample, whereby the participants were recruited through advertisement on the faculty’s website and social media, and word of mouth. Initially, we enrolled 22 healthy volunteers with no known cardio-vascular, metabolic neurological or musculoskeletal conditions. Inclusion criteria were age older than 18 years and being at least moderately physical active. Other exclusion criteria were pregnancy, breastfeeding, and smoking or taking medications (especially antacids and proton pump inhibitors) in the past 3 months. Participants were instructed to refrain from taking stimulants (caffeine, pre-workout supplements) for 12 h and from consuming alcohol and nitrate-containing foods for 24 h before coming to the laboratory. The detailed list of nitrate-rich foods was provided in advance. In addition, participants were asked to refrain from brushing their teeth, using mouthwash, and chewing gum on the day of their visit to the laboratory. Finally, they were asked not to change their dietary habits during the course of the study. The experiment was reviewed approved by the Republic of Slovenia’s Medical Ethics Committee of the (approval no.: 0120-690/2017/8) and was performed in accordance to the latest revision of Declaration of Helsinki. The protocol was registered in CliniclTrials.gov system (ID: NCT05567926).
L18: 2.2. Study Design
L19: This pilot study was conducted as a cross-over, randomized, double-blind controlled trial. The crossover intervention study lasted 8 days and was divided into 2 different intervention days separated by a 7-day period. To minimize within-subject variation, the study was designed so that both sessions were conducted at the same time of day (±1 h). A blinded investigator randomly assigned participants to one of the two treatment orders. Randomization with stratification was performed using the free open-source desktop application MinimPy [ 40 ]. The stratified variables were sex and supplement; we used two randomly assigned separate sequences for men and women, and two randomly assigned separate sequences for condition (control; experimental). During the first session, 11 participants consumed 140 mL of BJC, whereas 11 participants consumed 140 mL of low-nitrate control supplement 2.5 h before the measurements. During the second session, participants consumed the alternative beverage. Both supplements were provided in black opaque jars. The study was randomized and blinded to participants and clinical investigators. The flowchart detailing the study design is shown in  Figure 1 .
L20: 2.3. Beetroot Juice Supplement and Low-Nitrate Control Supplement
L21: In the experimental condition, participants consumed 140 mL of BJC (2 × 70 mL Beet-It-Pro Elite Shot, James White Drinks Ltd., Ipswich, UK) containing 12.9 mmol or 800 mg of nitrates. The low-nitrate control supplement consisted of 140 mL blackcurrant juice to which sugar and lemon juice were added to match the carbohydrate content and flavor of BJC. Thus, both beverages contained the same amount of carbohydrates and sugar, while BJC contained, in addition to nitrates, an additional 5 g of proteins and a correspondingly higher energy value. The details of the nutrient composition can be found in  Table 1 . Both the experimental and low-nitrate control supplement drinks resembled each other in color and size to ensure that they were indistinguishable.
L22: 2.4. Measurement Protocol
L23: Prior to muscle strength and endurance measurements, a warm-up was performed (consisting of 10 min of light-intensity running), 10 squats, 10 lunges, and single-leg deadlifts. All measurements were performed on an isometric dynamometer specifically designed to measure knee torque (S2P, Ljubljana, Slovenia). The sampling rate was set at 1000 Hz. The setup is shown in  Figure 2 . The excellent reliability of this dynamometer has been reported previously [ 41 ]. We examined only the right leg in all participants. The hip and knee angles were set at 90° and 60°, respectively, which was checked with a manual goniometer. First, three warm-up repetitions were performed at 50%, 75%, and 90% of the perceived maximal effort. Then, 3 repetitions of maximal voluntary contraction of knee extension were performed, with 1 min rest in between. Participants were instructed to contract “as fast and as hard as possible” and maintain maximal effort for ~3–4 s [ 42 ] which allowed quantification of peak torque and rate of torque development. Participants received visual feedback on the torque-time trace and were verbally encouraged during all repetitions. After maximal voluntary contraction measurements, we also assessed knee extensor endurance. The target torque was set at 50% of the previously achieved peak torque. Participants were shown the horizontal line on the screen, which served as a reference. They were instructed to keep the torque just above this value for as long as possible. The measurement was terminated when the participant could not maintain the target torque for more than 2 s. After a 2-min rest, another isometric endurance measurement with the same target torque was performed to assess if BJC supplementation would have any effect on recovery between the repetitions.
L24: 2.5. Data Analysis
L25: The data were automatically processed in the custom-made software (ARS Dynamometry, S2P, Ljubljana, Slovenia. Maximal strength was evaluated by calculating peak torque during maximal voluntary contraction, after applying a 1-s moving average filter. Explosive strength was assessed as RTD (the first derivative of torque with respect to time). In addition to peak RTD, we also assessed RTD at 0–50, 0–100 and 0–200 ms time windows. The onset of contraction was determined manually. The average of the best two repetitions was considered for further analysis. Isometric endurance was defined as the total time during which the torque level was kept above target (50%).
L26: 2.6. Statistical Analysis
L27: Data are presented as means and standard deviations. Differences between experimental and control conditions for peak torque and RTD were assessed with 2-way mixed model analysis of variance, with condition as within-subject factor and sex as between-subject factor. Post-hoc t-tests with Bonferroni correction were performed when appropriate. For the muscle endurance, we used the 3-way analysis of variance, with repetition with an additional within-subject factor. Effect sizes for main effects were expressed as partial eta-squared (η 2 ) and interpreted as trivial (<0.02), small (0.02–0.13), moderate (0.14–0.26) and large (>0.26) [ 43 ]. For the  t -test, we calculated the Cohen’s d, which can be interpreted as trivial (< 0.2), small (0.2–0.5), moderate (0.5–0.8), large (0.8–1.2) and very large (>1.2) [ 44 ]. We also assessed the intra-visit reliability with intra-class correlation coefficient (ICC; two-way random, single measures, absolute agreement). We interpreted the ICC values < 0.5 as poor reliability, values between 0.5 and 0.749 as moderate reliability, values between 0.75 and 0.899 as good reliability, and values equal or greater than 0.90 as excellent reliability [ 45 ]. All analyses were carried out using SPSS statistical software (IMB, Armonk, NY, USA). The threshold for statistical significance was set at α < 0.05.
L28: 3. Results
L29: Initially, 22 participants were enrolled. Two participants dropped out after only one measurement because they became ill with COVID-19. In addition, two participants were excluded because they did not strictly adhere to the dietary guidelines provided by the investigators. Thus, the final sample consisted of 18 participants (9 males, 9 females), aged 29.1 ± 6.6 years, with a body mass of 74.7 ± 15.3 kg and a body height of 174.4 ± 10.9 cm. The participants reported to be moderately physically active, performing on average 3 sessions of low-to-moderate intensity endurance exercise/physical activity (range 1–5) per week, while none of the participants performed regular resistance exercise. None were competitive athletes in the past. In addition, none of the participants reported consuming any nutritional supplements in the past 6 months. RTD data from one additional participant were excluded due to errors in the signal observed at one visit. In the experimental condition, the nitrate content therefore ranged from 7.7 to 15.1 mg/kg of body mass, corresponding to 124.1 to 243.4 µmol/kg. Reliability for peak torque was excellent for both visits (ICC = 0.98–0.99). Reliability for RTD measurements was good to excellent (ICC = 0.81–0.94 for the experimental condition; ICC = 0.87–0.94 for the control condition).
L30: 3.1. Maximal Strength and RTD
L31: The descriptive statistics and main effects for peak torque and RTD results are shown in  Table 2 . Peak torque ( p  < 0.001; η 2  = 0.64) and all RTD variables ( p  = 0.001–0.023; η 2  = 0.30–0.64) were higher in males than females. There were no interactions between sex and condition ( p  = 0.075–0.530), nor the main effects of condition ( p  = 0.096–0.737). The exception was peak RTD, for which there was a statistically significant interaction ( p  = 0.041; η 2  = 0.25) and main effect of condition ( p  = 0.042; η 2  = 0.25). Post-hoc  t -test for peak RTD revealed no effect of condition in females ( p  = 0.998; mean difference = −0.2 Nm/s), however, BJC moderately and statistically significantly increased peak RTD in males (BJC: 6421 ± 3835 Nm/s; control: 4766 ± 2090 Nm/s;  p  = 0.048; d = 0.53). The results for peak RTD are shown in  Figure 3 .
L32: 3.2. Endurance
L33: For endurance (time to failure), we found no sex × condition × repetition interactions ( p  ≤ 0.212). However, there was a statistically significant interaction between sex and condition ( p  = 0.047; η 2  = 0.24), indicating a different response to BJC supplementation in males and females. At the first repetition, males increased their time to failure from 86.4 ± 46.1 s (control) to 103.4 ± 53.7 s (BJC) ( p  = 0.022; d = 0.37). No differences were observed between conditions at the second repetition ( p  = 0.355) or for female participants in general ( p  < 0.675). The results are shown in  Figure 4 .
L34: 4. Discussion
L35: The purpose of this study was to investigate the acute effect of nitrate (BJC) supplementation on knee extensor isometric torque, explosive strength (RTD) and local endurance. According to our hypothesis, maximal isometric torque was not affected by nitrate supplementation. As for explosive force, only peak RTD was increased in men. Finally, local muscle endurance was also increased only in males. However, contrary to our hypothesis, the effect on endurance was seen only in the first repetition. These results suggest that acute nitrate supplementation could improve isometric RTD and local isometric endurance in physically active men.
L36: In our study, BJC intake had no statistically significant effect on maximal torque (BJC: 256.5 ± 76.3 Nm, control: 260.9 ± 88.4 Nm), which is consistent with the results of previous research. Studies that measured the effect of beetroot juice (0.5 L of juice containing 10.2 mmol of nitrates) at different time of ingestion (acute 2.5 h before the measurement, ingestion of the supplement for 5 or 15 days) did not detect the effect on maximal voluntary isometric strength [ 17 ]. Likewise, Tillin et al. [ 20 ] also reported that BJC had no effect on knee extensor torque in fatigued and non-fatigued conditions. There were also no statistically significant differences in isometric knee extensor torque after taking BJC for 3 to 6 days [ 18 , 19 , 46 ]. Accordingly, two very recent meta-analyses concluded that BJC supplementation has no effect on isometric muscle strength [ 25 , 47 ].
L37: We found no statistically significant effect of BJC on RTD outcomes, except for peak RTD, for which the BJC had an enhancing effect only in men. Accordingly, a study examining chronic BJC supplementation [ 29 ] found no effect on RTD at different time intervals. However, they reported moderate effects on evoked force and RTD during evoked contractions, demonstrating that BJC affects intrinsic muscle contractile function. While the underlying mechanisms of this effect are not fully understood, others have suggested an increase in myoplasmic calcium concentration or increased or altered sensitivity of cross-bridges to calcium as possible candidates [ 15 , 29 ]. However, RTD during voluntary contractions (as used in this study) is also largely underpinned by neural factors, predominantly the rate of motor unit recruitment and, to some extent, motor unit firing rates [ 48 ]. The variability of these neural determinants between participants inevitably leads to higher variability in RTD results, making possible effects of BJC difficult to detect. The finding of increased peak RTD in males and a similar trend for RTD at 50 ms (main effect of condition,  p  = 0.096) suggest that the effects of BJC could be detected with larger samples or bypassing the neural determinants of RTD (i.e., assessment of evoked contractions).
L38: There is a lack of research on sex-specific effects on maximal strength and RTD. A recent systematic literature review and meta-analysis of randomized controlled trials [ 2 ] found a statistically significant effect of nitrates on endurance time trials time and time to exhaustion during continuous and intermittent tasks, but these effects could not be confirmed when only female participants were considered. One explanation for these differences could be a higher proportion of slow-twitch muscle fiber in women [ 35 ], as nitrate supplementation mainly has an ergogenic effect on fast-twitch muscle fibers [ 8 , 15 ]. On the other hand, women have higher endothelium-dependent dilation [ 49 ], which could lead to higher plasma nitrite concentrations due to increased oral activity of nitrate-reducing bacteria [ 50 ]. Estrogen also plays a role in increased expression of the eNOS gene, the product of which plays an important role in the release of NO from the endothelium [ 51 ]. Previous studies have also reported results that contradict ours. For example, BJC was found to have a greater effect on isokinetic knee strength performance in women compared with men [ 52 ]. An important limitation of this study is that we did not account for menstrual cycle and dietary nitrate intake. Women tend to consume more vegetables than men [ 53 ], and although no nitrate-rich foods were consumed 24 h prior to the experiment, greater chronic intake of nitrates could attenuate the potential of BJC to improve muscle function [ 29 ]. A recent review highlighted several other sex-specific factors that need to be explored in the future, such as blood pressure responses, mitochondrial function after nitrate supplementation and skeletal muscle capacity to store nitrate [ 54 ].
L39: Regarding isometric torque endurance, we found a positive effect in men (control: 86.4 ± 46.1; BJC: 103.4 ± 53.7 s). This could be again explained by the higher proportion of fast-twitch fibers (which are more sensitive to nitrate supplementation) [ 35 ] and lower muscle capitalization in men [ 36 ]. In existing literature, there is a lack of studies on the effect of nitrates on isometric endurance. Gasier et al. [ 32 ] observed no effect of sodium nitrate on forearm muscle endurance during isometric contraction in recreationally active subjects. In contrast, BJC supplements have an ergogenic effect during high-intensity intermittent dynamic tasks [ 16 ]. In our case, an increase in calcium release and re-uptake in the sarcoplasmic reticulum could improve the efficiency of excitation-contraction coupling, which could reduce the perceived effort for the same submaximal load. Indeed, perceived effort has been shown to be reduced during short, high-intensity tasks following BJC supplementation [ 55 ]. In addition, NO facilitates vasodilation, helping to maintain oxygen delivery to muscle fibers [ 56 ]. In the aforementioned study by Gasier et al. [ 32 ] no effect of sodium nitrate on blood flow during intermittent isometric forearm contractions was observed; however, it should be noted that their study was conducted under hypoxic conditions. There is evidence of possible effects of BJC supplements on motor unit recruitment during sustained isometric contractions [ 57 ].
L40: Contrary to our hypothesis, the effect on BJC on isometric endurance was seen only during the first repetition. We expected that BJC could attenuate the recovery between the two isometric efforts via increased blood flow and oxygenation. However, it seems that blood flow is not a limiting factor in repeated isometric force production [ 33 ]. In addition, although isometric contraction restricts blood flow, nitric oxide and other vasoactive substances (e.g., adenosine) are released during contraction to dilate the blood vessels [ 58 , 59 , 60 ]. Thus, it could be that automatic response by the body is sufficient to cause a quick recovery of isometric force after fatigue, at least at the intensity used in this study (as indicated by similar values in both repetitions). Further research should examine the effects of BJC on isometric endurance and recovery at different contraction intensities.
L41: In addition to not considering the female menstrual cycle and habitual dietary intake of nitrates, the limitation of our study was that we did not use nitrate-depleted concentrated beetroot juice as a placebo in our study. In that case, both drinks would be comparable in terms of nutrient composition and bioactive compounds, differing only in the concentration of nitrates. It must be acknowledged that black currant itself could have some ergogenic effects, especially due to anthocyanins [ 61 ]. In addition, a true placebo (nitrate-depleted beetroot juice) would eliminate the possibility that the subjects recognize or discover the difference between liquids. Nitrate intake via concentrated beetroot juice was the same in all subjects and in some cases higher than the general recommendations. In addition, the effect of BJC on plasma NO or nitrite/nitrate concentration was not verified. However, since equal and smaller doses were previously shown to significantly increase plasma NO [ 12 ], we are confident that our BJC supplement was sufficient to achieve increases in plasma NO. Lastly, our sample size was small, particularly with respect to the comparison between men and women. Therefore, further studies will be needed to investigate the sex-specific effects of BJC on isometric muscle strength and endurance.
L42: 5. Conclusions
L43: This study demonstrated a beneficial effect of acute BJC supplementation on local muscle strength endurance in men, but not in women. In addition, potential effects on explosive strength (RTD) were also noted in males. This implies that male athletes who participate in sports that require sustained isometric contractions (e.g., gymnastics) may consider supplementation with BJC to enhance their performance. Further research is needed to elucidate the mechanisms underlying the observed effects and, in particular, to investigate why men and women seem to respond differently to BJC supplements.
L44: Figure 1 Study flowchart. * One participant excluded due to poor signal quality.
L45: Figure 2 Set-up for maximal strength and endurance measurements.
L46: Figure 3 Individual responses regarding peak rate of torque development for female ( A ) and male ( B ) participants.
L47: Figure 4 Results regarding muscle endurance (time to failure). * Statistically significant difference at  p  < 0.05.
L48: 1. Stoclet J.-C. 
L49:  Chataigneau T. 
L50:  Ndiaye M. 
L51:  Oak M.-H. 
L52:  El Bedoui J. 
L53:  Chataigneau M. 
L54:  Schini-Kerth V.B. 
L55:  Vascular Protection by Dietary Polyphenols Eur. J. Pharmacol. 2004 500 299 313 10.1016/j.ejphar.2004.07.034 15464042
L56: 2. d’Unienville N.M.A. 
L57:  Blake H.T. 
L58:  Coates A.M. 
L59:  Hill A.M. 
L60:  Nelson M.J. 
L61:  Buckley J.D. 
L62:  Effect of Food Sources of Nitrate, Polyphenols, L-Arginine and L-Citrulline on Endurance Exercise Performance: A Systematic Review and Meta-Analysis of Randomised Controlled Trials J. Int. Soc. Sports Nutr. 2021 18 76 10.1186/s12970-021-00472-y 34965876
L63: 3. Potter L. 
L64:  Angove H. 
L65:  Richardson D. 
L66:  Cole J. 
L67:  Nitrate Reduction in the Periplasm of Gram-Negative Bacteria Adv. Microb. Physiol. 2001 45 51 112 10.1016/S0065-2911(01)45002-8 11450112
L68: 4. Tamme T. 
L69:  Reinik M. 
L70:  Roasto M. 
L71:  Juhkam K. 
L72:  Tenno T. 
L73:  Kiis A. 
L74:  Nitrates and Nitrites in Vegetables and Vegetable-Based Products and Their Intakes by the Estonian Population Food Addit. Contam. 2006 23 355 361 10.1080/02652030500482363 16546882
L75: 5. Arciero P.J. 
L76:  Miller V.J. 
L77:  Ward E. 
L78:  Performance Enhancing Diets and the PRISE Protocol to Optimize Athletic Performance J. Nutr. Metab. 2015 2015 715859 10.1155/2015/715859 25949823
L79: 6. Burke L.M. 
L80:  To Beet or Not to Beet? J. Appl. Physiol. 2013 115 311 312 10.1152/japplphysiol.00612.2013 23743401
L81: 7. Maughan R.J. 
L82:  Burke L.M. 
L83:  Dvorak J. 
L84:  Larson-Meyer D.E. 
L85:  Peeling P. 
L86:  Phillips S.M. 
L87:  Rawson E.S. 
L88:  Walsh N.P. 
L89:  Garthe I. 
L90:  Geyer H. 
L91:  
L92:  IOC Consensus Statement: Dietary Supplements and the High-Performance Athlete Int. J. Sport Nutr. Exerc. Metab. 2018 28 104 125 10.1123/ijsnem.2018-0020 29589768
L93: 8. Jones A.M. 
L94:  Dietary Nitrate Supplementation and Exercise Performance Sports Med. 2014 44 35 45 10.1007/s40279-014-0149-y
L95: 9. Hoon M.W. 
L96:  Johnson N.A. 
L97:  Chapman P.G. 
L98:  Burke L.M. 
L99:  The Effect of Nitrate Supplementation on Exercise Performance in Healthy Individuals: A Systematic Review and Meta-Analysis Int. J. Sport Nutr. Exerc. Metab. 2013 23 522 532 10.1123/ijsnem.23.5.522 23580439
L100: 10. Kerksick C.M. 
L101:  Wilborn C.D. 
L102:  Roberts M.D. 
L103:  Smith-Ryan A. 
L104:  Kleiner S.M. 
L105:  Jäger R. 
L106:  Collins R. 
L107:  Cooke M. 
L108:  Davis J.N. 
L109:  Galvan E. 
L110:  
L111:  ISSN Exercise & Sports Nutrition Review Update: Research & Recommendations J. Int. Soc. Sports Nutr. 2018 15 38 10.1186/s12970-018-0242-y 30068354
L112: 11. Vitale K. 
L113:  Getzin A. 
L114:  Nutrition and Supplement Update for the Endurance Athlete: Review and Recommendations Nutrients 2019 11 1289 10.3390/nu11061289 31181616
L115: 12. Domínguez R. 
L116:  Cuenca E. 
L117:  Maté-Muñoz J. 
L118:  García-Fernández P. 
L119:  Serra-Paya N. 
L120:  Estevan M. 
L121:  Herreros P. 
L122:  Garnacho-Castaño M. 
L123:  Effects of Beetroot Juice Supplementation on Cardiorespiratory Endurance in Athletes. A Systematic Review Nutrients 2017 9 43 10.3390/nu9010043 28067808
L124: 13. Stamler J.S. 
L125:  Meissner G. 
L126:  Physiology of Nitric Oxide in Skeletal Muscle Physiol. Rev. 2001 81 209 237 10.1152/physrev.2001.81.1.209 11152758
L127: 14. Ferguson S.K. 
L128:  Hirai D.M. 
L129:  Copp S.W. 
L130:  Holdsworth C.T. 
L131:  Allen J.D. 
L132:  Jones A.M. 
L133:  Musch T.I. 
L134:  Poole D.C. 
L135:  Impact of Dietary Nitrate Supplementation via Beetroot Juice on Exercising Muscle Vascular Control in Rats J. Physiol. 2013 591 547 557 10.1113/jphysiol.2012.243121 23070702
L136: 15. Hernández A. 
L137:  Schiffer T.A. 
L138:  Ivarsson N. 
L139:  Cheng A.J. 
L140:  Bruton J.D. 
L141:  Lundberg J.O. 
L142:  Weitzberg E. 
L143:  Westerblad H. 
L144:  Dietary Nitrate Increases Tetanic [Ca 2+ ] i and Contractile Force in Mouse Fast-Twitch Muscle J. Physiol. 2012 590 3575 3583 10.1113/jphysiol.2012.232777 22687611
L145: 16. Domínguez R. 
L146:  Maté-Muñoz J.L. 
L147:  Cuenca E. 
L148:  García-Fernández P. 
L149:  Mata-Ordoñez F. 
L150:  Lozano-Estevan M.C. 
L151:  Veiga-Herreros P. 
L152:  da Silva S.F. 
L153:  Garnacho-Castaño M.V. 
L154:  Effects of Beetroot Juice Supplementation on Intermittent High-Intensity Exercise Efforts J. Int. Soc. Sports Nutr. 2018 15 2 10.1186/s12970-017-0204-9 29311764
L155: 17. Fulford J. 
L156:  Winyard P.G. 
L157:  Vanhatalo A. 
L158:  Bailey S.J. 
L159:  Blackwell J.R. 
L160:  Jones A.M. 
L161:  Influence of Dietary Nitrate Supplementation on Human Skeletal Muscle Metabolism and Force Production during Maximum Voluntary Contractions Pflügers Arch. Eur. J. Physiol. 2013 465 517 528 10.1007/s00424-013-1220-5 23354414
L162: 18. Hoon M.W. 
L163:  Fornusek C. 
L164:  Chapman P.G. 
L165:  Johnson N.A. 
L166:  The Effect of Nitrate Supplementation on Muscle Contraction in Healthy Adults Eur. J. Sport Sci. 2015 15 712 719 10.1080/17461391.2015.1053418 26681629
L167: 19. Jonvik K.L. 
L168:  Hoogervorst D. 
L169:  Peelen H.B. 
L170:  de Niet M. 
L171:  Verdijk L.B. 
L172:  van Loon L.J.C. 
L173:  van Dijk J.-W. 
L174:  The Impact of Beetroot Juice Supplementation on Muscular Endurance, Maximal Strength and Countermovement Jump Performance Eur. J. Sport Sci. 2021 21 871 878 10.1080/17461391.2020.1788649 32594854
L175: 20. Tillin N.A. 
L176:  Moudy S. 
L177:  Nourse K.M. 
L178:  Tyler C.J. 
L179:  Nitrate Supplement Benefits Contractile Forces in Fatigued but Not Unfatigued Muscle Med. Sci. Sport. Exerc. 2018 50 2122 2131 10.1249/MSS.0000000000001655
L180: 21. Vieira de Oliveira G. 
L181:  Diniz do Nascimento L. 
L182:  Volino-Souza M. 
L183:  do Couto Vellozo O. 
L184:  Silveira Alvares T. 
L185:  A Single Oral Dose of Beetroot-Based Gel Does Not Improve Muscle Oxygenation Parameters, but Speeds up Handgrip Isometric Strength Recovery in Recreational Combat Sports Athletes Biol. Sport 2020 37 93 99 10.5114/biolsport.2020.92518 32205915
L186: 22. López-Samanes Á. 
L187:  Pérez-López A. 
L188:  Moreno-Pérez V. 
L189:  Nakamura F.Y. 
L190:  Acebes-Sánchez J. 
L191:  Quintana-Milla I. 
L192:  Sánchez-Oliver A.J. 
L193:  Moreno-Pérez D. 
L194:  Fernández-Elías V.E. 
L195:  Domínguez R. 
L196:  Effects of Beetroot Juice Ingestion on Physical Performance in Highly Competitive Tennis Players Nutrients 2020 12 584 10.3390/nu12020584 32102263
L197: 23. Papadopoulos S. 
L198:  Dipla K. 
L199:  Triantafyllou A. 
L200:  Nikolaidis M.G. 
L201:  Kyparos A. 
L202:  Touplikioti P. 
L203:  Vrabas I.S. 
L204:  Zafeiridis A. 
L205:  Beetroot Increases Muscle Performance and Oxygenation During Sustained Isometric Exercise, but Does Not Alter Muscle Oxidative Efficiency and Microvascular Reactivity at Rest J. Am. Coll. Nutr. 2018 37 361 372 10.1080/07315724.2017.1401497 29425473
L206: 24. Bender D. 
L207:  Townsend J.R. 
L208:  Vantrease W.C. 
L209:  Marshall A.C. 
L210:  Henry R.N. 
L211:  Heffington S.H. 
L212:  Johnson K.D. 
L213:  Acute Beetroot Juice Administration Improves Peak Isometric Force Production in Adolescent Males Appl. Physiol. Nutr. Metab. 2018 43 816 821 10.1139/apnm-2018-0050 29527927
L214: 25. Lago-Rodríguez Á. 
L215:  Domínguez R. 
L216:  Ramos-Álvarez J.J. 
L217:  Tobal F.M. 
L218:  Jodra P. 
L219:  Tan R. 
L220:  Bailey S.J. 
L221:  The Effect of Dietary Nitrate Supplementation on Isokinetic Torque in Adults: A Systematic Review and Meta-Analysis Nutrients 2020 12 3022 10.3390/nu12103022 33023118
L222: 26. Buckthorpe M. 
L223:  Roi G.S. 
L224:  The Time Has Come to Incorporate a Greater Focus on Rate of Force Development Training in the Sports Injury Rehabilitation Process Muscle Ligaments Tendons J. 2019 07 435 10.32098/mltj.03.2017.05
L225: 27. Taber C. 
L226:  Bellon C. 
L227:  Abbott H. 
L228:  Bingham G.E. 
L229:  Roles of Maximal Strength and Rate of Force Development in Maximizing Muscular Power Strength Cond. J. 2016 38 71 78 10.1519/SSC.0000000000000193
L230: 28. Rall J.A. 
L231:  Wahr P.A. 
L232:  Role of Calcium and Crossbridges in Modulation of Rates of Force Development and Relaxation in Skinned Muscle Fibers Adv. Exp. Med. Biol. 1998 453 219 228 10.1007/978-1-4684-6039-1_25 9889832
L233: 29. Haider G. 
L234:  Folland J.P. 
L235:  Nitrate Supplementation Enhances the Contractile Properties of Human Skeletal Muscle Med. Sci. Sport. Exerc. 2014 46 2234 2243 10.1249/MSS.0000000000000351
L236: 30. Lee S. 
L237:  Abel M.G. 
L238:  Thomas T. 
L239:  Symons T.B. 
L240:  Yates J.W. 
L241:  Acute Beetroot Juice Supplementation Does Not Attenuate Knee Extensor Exercise Muscle Fatigue in a Healthy Young Population J. Exerc. Nutr. Biochem. 2019 23 55 62 10.20463/jenb.2019.0008
L242: 31. Ranchal-Sanchez A. 
L243:  Diaz-Bernier V.M. 
L244:  De La Florida-Villagran C.A. 
L245:  Llorente-Cantarero F.J. 
L246:  Campos-Perez J. 
L247:  Jurado-Castro J.M. 
L248:  Acute Effects of Beetroot Juice Supplements on Resistance Training: A Randomized Double-Blind Crossover Nutrients 2020 12 1912 10.3390/nu12071912 32605284
L249: 32. Gasier H.G. 
L250:  Reinhold A.R. 
L251:  Loiselle A.R. 
L252:  Soutiere S.E. 
L253:  Fothergill D.M. 
L254:  Effects of Oral Sodium Nitrate on Forearm Blood Flow, Oxygenation and Exercise Performance during Acute Exposure to Hypobaric Hypoxia (4300 M) Nitric Oxide 2017 69 1 9 10.1016/j.niox.2017.07.001 28684191
L255: 33. Wigmore D.M. 
L256:  Propert K. 
L257:  Kent-Braun J.A. 
L258:  Blood Flow Does Not Limit Skeletal Muscle Force Production during Incremental Isometric Contractions Eur. J. Appl. Physiol. 2006 96 370 378 10.1007/s00421-005-0037-0 16328195
L259: 34. Pincivero D.M. 
L260:  Gandaio C.B. 
L261:  Ito Y. 
L262:  Gender-Specific Knee Extensor Torque, Flexor Torque, and Muscle Fatigue Responses during Maximal Effort Contractions Eur. J. Appl. Physiol. 2003 89 134 141 10.1007/s00421-002-0739-5 12665976
L263: 35. Haizlip K.M. 
L264:  Harrison B.C. 
L265:  Leinwand L.A. 
L266:  Sex-Based Differences in Skeletal Muscle Kinetics and Fiber-Type Composition Physiology 2015 30 30 39 10.1152/physiol.00024.2014 25559153
L267: 36. Roepstorff C. 
L268:  Thiele M. 
L269:  Hillig T. 
L270:  Pilegaard H. 
L271:  Richter E.A. 
L272:  Wojtaszewski J.F.P. 
L273:  Kiens B. 
L274:  Higher Skeletal Muscle A2AMPK Activation and Lower Energy Charge and Fat Oxidation in Men than in Women during Submaximal Exercise J. Physiol. 2006 574 125 138 10.1113/jphysiol.2006.108720 16600998
L275: 37. Tarnopolsky M.A. 
L276:  Rennie C.D. 
L277:  Robertshaw H.A. 
L278:  Fedak-Tarnopolsky S.N. 
L279:  Devries M.C. 
L280:  Hamadeh M.J. 
L281:  Influence of Endurance Exercise Training and Sex on Intramyocellular Lipid and Mitochondrial Ultrastructure, Substrate Use, and Mitochondrial Enzyme Activity Am. J. Physiol. Regul. Integr. Comp. Physiol. 2007 292 R1271 R1278 10.1152/ajpregu.00472.2006 17095651
L282: 38. Zaras N. 
L283:  Stasinaki A.N. 
L284:  Spiliopoulou P. 
L285:  Arnaoutis G. 
L286:  Hadjicharalambous M. 
L287:  Terzis G. 
L288:  Rate of Force Development, Muscle Architecture, and Performance in Elite Weightlifters Int. J. Sports Physiol. Perform. 2021 16 216 223 10.1123/ijspp.2019-0974 33217725
L289: 39. Mclellan C.P. 
L290:  Lovell D.I. 
L291:  Gass G.C. 
L292:  The Role of Rate of Force Development on Vertical Jump Performance J. Strength Cond. Res. 2011 25 379 385 10.1519/JSC.0b013e3181be305c 20093963
L293: 40. Saghaei M. 
L294:  Saghaei S. 
L295:  Implementation of an Open-Source Customizable Minimization Program for Allocation of Patients to Parallel Groups in Clinical Trials J. Biomed. Sci. Eng. 2011 04 734 739 10.4236/jbise.2011.411090
L296: 41. Šarabon N. 
L297:  Rošker J. 
L298:  Fruhmann H. 
L299:  Burggraf S. 
L300:  Loefler S. 
L301:  Kern H. 
L302:  Reliability of Maximal Voluntary Contraction Related Parameters Measured by a Novel Portable Isometric Knee Dynamometer Phys. Medizin Rehabil. Kurortmed. 2013 23 22 27 10.1055/s-0032-1331190
L303: 42. Maffiuletti N.A. 
L304:  Aagaard P. 
L305:  Blazevich A.J. 
L306:  Folland J. 
L307:  Tillin N. 
L308:  Duchateau J. 
L309:  Rate of Force Development: Physiological and Methodological Considerations Eur. J. Appl. Physiol. 2016 116 1091 1116 10.1007/s00421-016-3346-6 26941023
L310: 43. Bakeman R. 
L311:  Recommended Effect Size Statistics for Repeated Measures Designs Behav. Res. Methods 2005 37 379 384 10.3758/BF03192707 16405133
L312: 44. Bernards J.R. 
L313:  Sato K. 
L314:  Haff G.G. 
L315:  Bazyler C.D. 
L316:  Current Research and Statistical Practices in Sport Science and a Need for Change Sports 2017 5 87 10.3390/sports5040087 29910447
L317: 45. Koo T.K. 
L318:  Li M.Y. 
L319:  A Guideline of Selecting and Reporting Intraclass Correlation Coefficients for Reliability Research J. Chiropr. Med. 2016 15 155 163 10.1016/j.jcm.2016.02.012 27330520
L320: 46. Whitfield J. 
L321:  Gamu D. 
L322:  Heigenhauser G.J. 
L323:  van Loon L.J. 
L324:  Spriet L.L. 
L325:  Tupling A.R. 
L326:  Holloway G.P. 
L327:  Beetroot Juice Increases Human Muscle Force without Changing Ca 2+ -Handling Proteins Med. Sci. Sport. Exerc. 2017 49 2016 2024 10.1249/MSS.0000000000001321
L328: 47. Esen O. 
L329:  Dobbin N. 
L330:  Callaghan M.J. 
L331:  The Effect of Dietary Nitrate on the Contractile Properties of Human Skeletal Muscle: A Systematic Review and Meta-Analysis J. Am. Nutr. Assoc. 2022 1 12 10.1080/07315724.2022.2037475
L332: 48. Del Vecchio A. 
L333:  Neuromechanics of The Rate of Force Development Exerc. Sport Sci. Rev. 2022 
L334:  ahead of print 
L335:  10.1249/JES.0000000000000306
L336: 49. Stanhewicz A.E. 
L337:  Wenner M.M. 
L338:  Stachenfeld N.S. 
L339:  Sex Differences in Endothelial Function Important to Vascular Health and Overall Cardiovascular Disease Risk across the Lifespan Am. J. Physiol. Circ. Physiol. 2018 315 H1569 H1588 10.1152/ajpheart.00396.2018
L340: 50. Kapil V. 
L341:  Rathod K.S. 
L342:  Khambata R.S. 
L343:  Bahra M. 
L344:  Velmurugan S. 
L345:  Purba A. 
L346:  Watson D. 
L347:  Barnes M.R. 
L348:  Wade W.G. 
L349:  Ahluwalia A. 
L350:  Sex Differences in the Nitrate-Nitrite-NO• Pathway: Role of Oral Nitrate-Reducing Bacteria Free Radic. Biol. Med. 2018 126 113 121 10.1016/j.freeradbiomed.2018.07.010 30031863
L351: 51. Hayashi T. 
L352:  Yamada K. 
L353:  Esaki T. 
L354:  Kuzuya M. 
L355:  Satake S. 
L356:  Ishikawa T. 
L357:  Hidaka H. 
L358:  Iguchi A. 
L359:  Estrogen Increases Endothelial Nitric Oxide by a Receptor Mediated System Biochem. Biophys. Res. Commun. 1995 214 847 855 10.1006/bbrc.1995.2364 7575554
L360: 52. Coggan A.R. 
L361:  Broadstreet S.R. 
L362:  Mikhalkova D. 
L363:  Bole I. 
L364:  Leibowitz J.L. 
L365:  Kadkhodayan A. 
L366:  Park S. 
L367:  Thomas D.P. 
L368:  Thies D. 
L369:  Peterson L.R. 
L370:  Dietary Nitrate-Induced Increases in Human Muscle Power: High versus Low Responders Physiol. Rep. 2018 6 e13575 10.14814/phy2.13575 29368802
L371: 53. Stea T.H. 
L372:  Nordheim O. 
L373:  Bere E. 
L374:  Stornes P. 
L375:  Eikemo T.A. 
L376:  Fruit and Vegetable Consumption in Europe According to Gender, Educational Attainment and Regional Affiliation—A Cross-Sectional Study in 21 European Countries PLoS ONE 2020 15 e0232521 10.1371/journal.pone.0232521 32401798
L377: 54. Wickham K.A. 
L378:  Spriet L.L. 
L379:  No Longer Beeting around the Bush: A Review of Potential Sex Differences with Dietary Nitrate Supplementation Appl. Physiol. Nutr. Metab. 2019 44 915 924 10.1139/apnm-2019-0063 31348674
L380: 55. Jodra P. 
L381:  Domínguez R. 
L382:  Sánchez-Oliver A.J. 
L383:  Veiga-Herreros P. 
L384:  Bailey S.J. 
L385:  Effect of Beetroot Juice Supplementation on Mood, Perceived Exertion, and Performance during a 30-Second Wingate Test Int. J. Sports Physiol. Perform. 2020 15 243 248 10.1123/ijspp.2019-0149 31172827
L386: 56. Lundberg J.O. 
L387:  Weitzberg E. 
L388:  Gladwin M.T. 
L389:  The Nitrate-Nitrite-Nitric Oxide Pathway in Physiology and Therapeutics Nat. Rev. Drug Discov. 2008 7 156 167 10.1038/nrd2466 18167491
L390: 57. Esen O. 
L391:  Faisal A. 
L392:  Zambolin F. 
L393:  Bailey S.J. 
L394:  Callaghan M.J. 
L395:  Effect of Nitrate Supplementation on Skeletal Muscle Motor Unit Activity during Isometric Blood Flow Restriction Exercise Eur. J. Appl. Physiol. 2022 122 1683 1693 10.1007/s00421-022-04946-y 35460359
L396: 58. Welsh D.G. 
L397:  Segal S.S. 
L398:  Coactivation of Resistance Vessels and Muscle Fibers with Acetylcholine Release from Motor Nerves Am. J. Physiol. Hear. Circ. Physiol. 1997 273 H156 H163 10.1152/ajpheart.1997.273.1.H156
L399: 59. Joyner M.J. 
L400:  Dietz N.M. 
L401:  Nitric Oxide and Vasodilation in Human Limbs J. Appl. Physiol. 1997 83 1785 1796 10.1152/jappl.1997.83.6.1785 9390947
L402: 60. Segal S.S. 
L403:  Duling B.R. 
L404:  Communication between Feed Arteries and Microvessels in Hamster Striated Muscle: Segmental Vascular Responses Are Functionally Coordinated Circ. Res. 1986 59 283 291 10.1161/01.RES.59.3.283 3769148
L405: 61. Kimble R. 
L406:  Jones K. 
L407:  Howatson G. 
L408:  The Effect of Dietary Anthocyanins on Biochemical, Physiological, and Subjective Exercise Recovery: A Systematic Review and Meta-Analysis Crit. Rev. Food Sci. Nutr. 2021 1 15 10.1080/10408398.2021.1963208
L409: Acknowledgments
L410: The authors would like to thank all the subjects for volunteering in this study.
[22ms]

