L1: Effect of resistance training with and without vitamin D calcium chitosan nanoparticle supplements on apoptosis markers in ovariectomized rats: An experimental study
L2: International Journal of Reproductive Biomedicine (2022)
L3: Mahsa Dehghan-Manshadi, Mohammad-Ali Azarbayjani, Sirvan Atashak, Maghsoud Peeri, Saleh Rahmati-Ahmadabad
L4: 1 Department of Exercise Physiology, Central Tehran Branch, Islamic Azad University, Tehran, Iran.
L5: 2 Department of Exercise Physiology, Mahabad Branch, Islamic Azad University, Mahabad, Iran.
L6: 3 Department of Physical Education, Pardis Branch, Islamic Azad University, Pardis, Iran.
L7: Background
L8: Hormone therapy is one of the most effective treatments for menopausal disorders, but it may increase the risk of breast cancer, coronary heart disease, and pulmonary embolism.
L9: Objective
L10: The present study investigated the effect of resistance training with and without vitamin D calcium(Ca 
L11:  + + 
L12:  ) chitosan nanoparticles on apoptosis markers in ovariectomized rats.
L13: Materials and Methods
L14: 42 female Wistar rats were divided into 7 groups (n = 6/each). One group was assigned as the healthy controls to show the induction of menopause. The other 6 groups comprised ovariectomized (OVX) animals including: 1) vitamin D + calcium + chitosan + resistance training, 2) saline + estrogen + resistance training, 3) saline + resistance training, 4) vitamin D + calcium + chitosan, 5) saline + estrogen, and 6) OVX + control. 48 hr after the last intervention, the hippocampus tissue was extracted to measure the BCL-2-associated X ( BAX ), B-cell lymphoma 2 ( BCL-2 ), and caspase-3 gene expression as well as the percentage of dead cells.
L15: Results
L16: OVX rats demonstrated increased  BAX  gene expression, ratio of  BAX  gene expression to  BCL-2 , caspase-3 gene expression, and percentage of dead cells of hippocampal tissue, but decreased  BCL-2  gene expression. Resistance training and vitamin D Ca 
L17:  + + 
L18:   chitosan nanoparticle supplements seemed to reverse these changes.
L19: Conclusion
L20: The combination of resistance training and vitamin D Ca 
L21:  + + 
L22:   chitosan nanoparticle supplements may be considered a non-pharmacological treatment for OVX-induced apoptosis.
L23: Original Article
L24: Apoptosis; BCL-2-associated X protein; Caspase-3; Estrogen replacement therapy; Hormone replacement therapy.
L25: 1. Introduction
L26: Menopause is a period that occupies almost one-third of a woman's life, and hormonal changes cause a permanent interruption of menstruation (1). Estrogen deficiency in postmenopausal women leads to the release of free radicals and reactive oxygen species, causing oxidative stress, increases the risk of metabolic and other diseases, decreases bone density, and induces premature cell aging (2). It is abundantly clear that menopause can lead to mitochondrial genome mutations and cell death as a result of increased oxidative stress (2, 3). Essentially, apoptosis is the last phase of cellular damage, and researchers believe that menopause and aging are factors that contribute to apoptosis (4, 5). Caspase-3 is one of the most important factors associated with apoptosis, and its activation indicates irreversible cell apoptosis (6, 7). BCL-2-associated X ( BAX ) is a proapoptotic member of the B - cell lymphoma 2 ( BCL-2 ) family, which normally resides in the cytosol (8). Apoptosis is determined by the ratio of  BAX  to  BCL-2 , an apoptotic and antiapoptotic protein, respectively (8).
L27: Hormone therapy is one of the most effective treatments for menopausal disorders, but it may increase the risk of breast cancer, coronary heart disease, and pulmonary embolism (9, 10). Due to the side effects of hormone therapy in menopause, physical activity and use of supplements have received a lot of attention. Physical activity, especially resistance training, as a non-pharmacological method used to prevent and reverse the physiological changes caused by menopause, is recommended. Resistance training has been shown to have beneficial effects on the organs and systems of the body in postmenopausal women (11). Regular exercise training with appropriate intensity has been shown to cause structural and molecular changes (associated with inflammation factors such as  BAX ,  BCL-2 , caspase-3, and cell death) in muscle tissue and other tissues such as in the hippocampus (12, 13). Studies show that the use of supplements reduces menopausal disorders in women (14, 15).
L28: Taking supplements such as vitamin D and calcium positively affects apoptosis in menopausal conditions. Vitamin D can modulate apoptosis-related components in menopausal conditions and can control cell death by inhibiting apoptotic proteins or stimulating anti-apoptotic proteins (16). Chitosan is a popular dietary fiber derived from the cuticles of crustaceans such as shrimp, crab, and lobster, or the cell wall of mushrooms (17). It has been shown that chitosan alleviates menopausal symptoms and modulates the gut microbiota in estrogen-deficient rats (18). The  BCL-2/BAX  pathway inhibits glutamate-induced cell death in  PC12  cells when chitosan oligosaccharides are acetylated (19). Insufficient information is available on the effect of vitamin D or chitosan intake on  BAX ,  BCL-2 , and caspase-3 in menopause conditions.
L29: Experimentally, menopause can be mimicked by removing the ovaries, a procedure known as ovariectomy. To better understand the physiological phenomena and mechanisms associated with estrogen decline, ovariectomies are used as an experimental model.
L30: Considering the above points, the present study aimed to investigate the effect of resistance training with and without vitamin D calcium chitosan nanoparticles on some apoptosis markers ( BAX ,  BCL-2 , caspase-3) in ovariectomized (OVX) rats.
L31: 2. Materials and Methods
L32: Animals
L33: In this experimental study, 42 female Wistar rats were randomly selected and equally divided into 7 groups. One group was assigned as the healthy controls to show the induction of menopause. The other 6 groups comprised OVX animals including: 1) vitamin D + calcium + chitosan + resistance training, 2) saline + estrogen + resistance training, 3) saline + resistance training, 4) vitamin D + calcium + chitosan, 5) saline + estrogen, and 6) OVX + control.
L34: Induction of menopausal model
L35: To create the model, 36 8-wk-old female rats were anesthetized using ketamine (30-50 mg/kg, Sigma-Aldrich, United States) and xylazine (3-5 mg/kg, Sigma-Aldrich, United States). The fur was then shaved from the lumbar region and the ovaries were surgically removed from the back of the rats. The wounds were then sutured, and the rats were kept for 1 month to induce the model. The rats were then grouped into the treatment groups of resistance training, supplementation, or simultaneous resistance training and supplementation.
L36: Training protocol
L37: Rats were first introduced to the resistance training protocol (3 sessions per wk) on a ladder. Then they performed the resistance training protocol for 6 wk (intensity of exercise: 75-90% rat body weight, 6 repeats and 1 min rest between repetitions).
L38: Vitamin D calcium (Ca 
L39:  + + 
L40:  ) chitosan supplementation
L41: Chitosan
L42:  
L43:  
L44: solution (1% w/v) was prepared by dissolving chitosan powder (particle size 100 nm, 99% purity, Pishgaman Co, Iran) in glacial acetic acid (Sigma-Aldrich, United States) (1% w/v) with overnight shaking at ambient temperature (25 C). The aqueous phase emulsion was formed by stirring 50 mL of chitosan solution with Tween 80 (chitosan solution:Tween 80 was 1:1.12 w/w) for 2 hr at 45 C. In 5 mL dichloromethane (Merck, Germany), different amounts of Ca 
L45:  + + 
L46:   and vitamin D3 were added to form the oily phase of the emulsion: 1:0.25, 1:0.50, 1:0.75, and 1:1.00 w/w, respectively. The oily phase was homogenized with the aqueous phase at 14,000 rpm for 10 min under an ice bath on a rotor-stator homogenizer (Polytron, Kinematica, Germany). Chitosan solution polymer cross-linking was performed using the ionic gelation method. An aqueous sodium tripolyphosphate solution (0.4% w/v) was added to 50 mL of emulsion under 500 rpm stirring for 40 min at room temperature, followed by centrifugation at 10,000 rpm (4 C) for 30 min, followed by several washes with deionized water. The resultant suspension was subsequently frozen at -65 C for 72 hr. During the study, the nanoparticles were kept in the refrigerator.
L47: The nanoparticles were orally given at a dose of 100 mg/kg immediately after the training session for 6 wk. The control supplement group received the same volume of the extract following the same procedure.
L48: Estrogen induction
L49: 5 μg/kg body weight of estrogen (Sigma-Aldrich, United States) was dissolved in 100 μl of corn oil and injected subcutaneously into each rat 3 times a wk for 6 wk.
L50: Determination of gene expression
L51: To study the genes' expression, tissue analysis was performed using real-time polymerase chain reaction with special kits, explained in a study conducted previously by the researchers (20). First, total RNA was extracted from the liver and converted to cDNA. Then the cDNA was amplified by real-time polymerase chain reaction and the cycle threshold of the genes was recorded and converted to relative gene expression data (20). The sequence of primers is presented in table I. The procedure for measurement of dead cells was in accordance with a study conducted previously by the researchers (21).
L52: Table 1 The sequence of primers used in the study
L53: Ethical considerations
L54: All principles of animal care approved by the Ministry of Health and Medical Education of Iran were observed in the present study. All stages of this study were designed in accordance with the Iranian Ministry of Health for Animal Studies guidelines and were approved by the Ethical Committee of Central Tehran Branch, Islamic Azad University, Iran (Code: IR.IAU.CTB.REC.1400.063).
L55: Statistical analysis
L56: All data were reported in figures and tables based on the mean and standard deviation. The healthy control group and the postmenopausal control group were compared using the independent samples  t  test. To determine the main effect of resistance training, of the drugs (vitamin D combined with calcium coated with chitosan; estrogen) and of the interaction of resistance training with the drug, two-way analysis of variance for independent groups was used. The level of significance was considered as p  
L57:  < 
L58:   0.05. The analyses were conducted using the Statistical Package for the Social Sciences (SPSS), version 17.0 (SPSS Inc, Chicago, Illinois, USA).
L59: 3. Results
L60: Following menopause induction, the gene expression of  BAX  and caspase-3, the  BAX  to  BCL-2  ratio and the percentage of dead cells of hippocampal tissue increased significantly, while the gene expression of  BCL-2  decreased significantly (Table II).
L61: As shown in table III, resistance training significantly reduced hippocampal  BAX  gene expression. However, the expression of this gene in the training group was significantly higher than in the group with vitamin D and chitosan coating. There was no significant difference in the expression of this gene between the training group and the training + estrogen group. Drug administration also had a significant effect on hippocampal  BAX  gene expression. At the end of the period, hippocampal  BAX  gene expression was significantly higher in the estrogen group than in the vitamin D group with chitosan coating. The expression of this gene in the group of vitamin D with chitosan coating and in the group with estrogen was significantly lower than in the menopausal control group. The interaction of the 2 interventions on the expression of this gene was not statistically significant (Table III).
L62: Resistance training significantly increased  BCL-2  gene expression in the hippocampus. Drug administration also had a significant effect on hippocampal  BCL-2  gene expression. Hippocampal  BCL-2  gene expression at the end of the period was significantly lower in the estrogen-receiving group than in the chitosan-coated vitamin D group. Expression of this gene in the vitamin D group with chitosan and in the estrogen group was significantly higher than in the menopausal control group. The training-drug interaction also had a significant effect on  BCL-2  hippocampal gene expression. In other words, the interaction between resistance training and medication (vitamin D coated with chitosan or estrogen) on  BCL-2  gene expression was significant and had an agonistic effect. Also, the concurrence of these 2 interventions had an increasing effect on  BCL-2  gene expression (Table III).
L63: Resistance training significantly reduced the ratio of  BAX  to  BCL-2 . Drug administration also had a significant effect on the  BAX  to  BCL-2  ratio in the hippocampus. Gene expression of  BAX  to  BCL-2  ratio in the hippocampus at the end of the period was significantly higher in the estrogen group than in the vitamin D group with chitosan coating. The ratio in the vitamin D group with chitosan and in the estrogen group was significantly lower than in the menopausal control group. The training-drug interaction had a significant effect on the  BAX  to  BCL-2  ratio in the hippocampus. The  BAX  to  BCL-2  ratio in the training + vitamin D group with chitosan coating was not significantly different from in the training + estrogen group or in the vitamin D group with chitosan coating. However, this ratio in the training + vitamin D group with chitosan coating was significantly lower than in the training, estrogen, and postmenopausal control groups (Table III).
L64: The interaction between resistance training and medication (vitamin D coated with chitosan or estrogen) had an agonistic effect on the  BAX  to  BCL-2  ratio. The concurrence of these 2 interventions had a reducing effect on the  BAX  to  BCL-2  ratio(Table III).
L65: Resistance training significantly reduced hippocampal caspase-3 gene expression. Drug administration also had a significant effect on hippocampal caspase-3 gene expression. Hippocampal caspase-3 gene expression at the end of the period was significantly lower in the estrogen group than in the vitamin D group with chitosan coating. The expression of this gene in the vitamin D group with chitosan and in the group with estrogen was significantly lower than in the menopausal control group. However, caspase-3 gene expression in the training + vitamin D group with chitosan coating was not significantly different from in the training + estrogen group. The expression of this gene was significantly lower in the training + vitamin D with chitosan coating group than in the training group, the vitamin D with chitosan coating group, or the estrogen group. But regarding the interaction between training and the drug, there was no significant effect on caspase-3 gene expression in the hippocampus (Table III).
L66: Resistance training significantly reduced the percentage of dead hippocampal cells (Table III). Drug administration also had a significant effect on the percentage of dead hippocampal cells. The percentage at the end of the period in the estrogen group did not differ significantly from in the vitamin D group with chitosan coating. The percentage of dead hippocampal cells in the vitamin D group with chitosan and in the group with estrogen was significantly lower than in the menopausal control group (Table III).
L67: The training-drug interaction had a significant effect on the percentage of dead hippocampal cells. The number of dead cells in the training + vitamin D group with chitosan coating was not significantly different from in the training + estrogen group. However, the percentage of these cells was significantly lower in the chitosan-coated vitamin D group than in the training and chitosan-coated vitamin D group and in the estrogen group (Table III). Considering this, it was concluded that the concurrence of resistance training and vitamin D with chitosan coating had a significant and agonist effect on the percentage of dead cells in hippocampal tissue. In other words, the concurrence of these 2 interventions had a reducing effect on the percentage of dead cells in the hippocampal tissue (Table III).
L68: The results of coronal cross-sectional images of the hippocampus of the rat brain tissue stained with hematoxylin and eosin dyes are shown in figure 1. Based on the images obtained from the different groups, it was found that accumulation of living neuronal cells in the CA1 region of the hippocampus was observed in the control group. In this group, only a small percentage of neurons died (up to 5%). Other parts of the hippocampus were observed to be normal. In this group, less neuronal death was observed than in the other groups. Neuronal cell death was up to 20% in the drug and training groups. Also, examining the images in the 2 groups of estrogen and vitamin D showed that accumulation of living neuronal cells in the CA1 region of the hippocampus was observed, and in these groups, only a small percentage of neurons (about 15-20%) died.
L69: On the other hand, the results of the model group showed that different regions of the hippocampus did not have a clear coherence and order. This tissue disruption was due to removing some dead cells and apoptosis. The ratio of the cell accumulation to other groups was reduced, plus tissue cohesion was observed due to cell reduction with more disruption.
L70: Examination of the images of the 2 groups of vitamin D + training and estrogen + training showed that the cohesion in the brain tissue somewhat improved compared to the model group. Also, the number of dead cells in the hippocampus had decreased compared to the model group, and about 10% of the cells had apoptosis.
L71: Table 2 The hippocampus apoptosis biomarkers in the healthy group vs. the ovariectomized-control group
L72: Table 3 Intergroup comparison of the mean of  BAX ,  BCL-2 ,  BAX  to  BCL-2  ratio, caspase-3 mRNA, and dead cells
L73: Figure 1 Histomorphological assessment. Coronal cross-sectional images of the hippocampus in the rat brain tissue stained with hematoxylin and eosin dyes.VD-ca2-RE: Vitamin D Ca 
L74:  + + 
L75:   chitosan nanoparticles + Resistance training, ES-RE: Estrogen + Resistance training, RE: Resistance training, VD-ca2: Vitamin D Ca 
L76:  + + 
L77:   chitosan nanoparticles, ES: Estrogen, OVX-Con: Ovariectomized-control.
L78: 4. Discussion
L79: The results of the present study showed that OVX induced an increase in the gene expression of  BAX  and caspase-3, the  BAX  to  BCL-2  ratio and the percentage of dead cells of hippocampal tissue, while the gene expression of  BCL-2  decreased. Estrogen deficiency leads to the release of free radicals and reactive oxygen species, and causes oxidative stress and some metabolic diseases. Oxidative stress can lead to mutations in the mitochondrial genome and subsequent cell death through necrosis or apoptosis. Several studies have investigated the effect of OVX on apoptosis-related factors. In cardiac tissue, OVX increases cholesterol, triglycerides, low-density lipoprotein,  Bax , caspase-3, and caspase-8, and decreases high-density lipoprotein, miR-133, and  BCL-2  (22). Caspase-3 is key for apoptosis because it regulates part of the cell apoptosis pathway.  BCL-2  is essential for apoptosis since it stops cell passing, and the gene expression of  BAX  is recognized as the primary part of the  BCL-2  family in line with apoptosis (23).
L80: Exercise prevents mitochondrial-dependent apoptosis, which is characterized by expanded expression of  BCL-2 , diminished expression of  BAX , a diminished  BAX  to  BCL-2  ratio, diminished caspase-9 action, and inactivated caspase-3 (24). Exercise prevents apoptosis via the mitochondrial-related pathway. The  BCL-2  family proteins intercede the mitochondrial pathway of apoptosis, which anticipates the release of cytochrome C from the mitochondria (24). Enhanced  BAX/BCL-2  antagonist/killer, reactive oxygen species and calcium particles lead to the release of cytochrome C from the mitochondria into the cytosol. Consequently, exercise appears to be useful in avoiding cardiac apoptosis by lessening reactive oxygen species and avoiding the release of mitochondrial cytochrome C (25). The results of the present study showed that resistance training reversed the negative effects of OVX on  BAX ,  BCL-2 , the  BAX  to  BCL-2  ratio, and caspase-3 expression in the hippocampus tissue of rats.
L81: Huang and colleagues investigated the antiapoptotic effect of exercise training on the heart of OVX rats. The results of their study in OVX rats showed that the protein levels of several factors including tumor necrosis factor-α, tumor necrosis factor receptor 1, Fas ligand, Fas receptors, Fas - associated death domain, activated caspase-8 and activated caspase-3, truncated  p15 BID ,  BCL-2- associated agonist of cell death,  Bak ,  Bax , cytosolic cytochrome c, activated caspase-9, and activated caspase-3 decreased responses to exercise (26). Habibi and colleagues showed that exercise training attenuated diabetes-induced cardiac injury through increasing miR-133a and improving pro-apoptosis/anti-apoptosis balance in OVX rats. They showed that exercise training significantly reversed the OVX-induced change in  Bax , caspase-3, caspase-8, high-density lipoprotein, cholesterol, triglyceride, and miR-133 (22).
L82: In addition, the results of the present study showed that taking vitamin D Ca 
L83:  + + 
L84:   chitosan nanoparticles modulates the negative effects of OVX on  BAX ,  BCL-2 , the  BAX  to  BCL-2  ratio, and caspase-3 expression in the hippocampus tissue of rats. Few studies have examined the effect of vitamin D or chitosan intake on  BAX ,  BCL-2 , or caspase-3 in menopause conditions. The paracrine feedback mechanism of vitamin D can reduce the inflammatory response. This is how it affects our immune system. Taking supplements such as vitamin D and calcium positively affects apoptosis in menopausal conditions. Vitamin D can modulate apoptosis-related components in menopausal conditions by inhibiting apoptotic proteins or stimulating anti-apoptotic proteins. It has been reported that vitamin D supplements may have anti-inflammatory effects against eccentric exercise-induced delayed onset muscle soreness in female students (27). Zou and colleagues showed that adriamycin induced apoptosis through an imbalance of phospho-Smad2/3, p-Smad1/5/8, and the activity of caspase-3, and aberrant expression of Fas, Fas-associated via death domain,  BAX , and  BCL-2 . Vitamin D adjusts these harmful imbalances (28). Acetylated chitosan oligosaccharides have been reported to act as antagonists against glutamate-induced PC12 cell death via the  BCL-2/BAX  signaling pathway (19). It has also been shown that curcumin-containing chitosan nanoparticles have antioxidant and proapoptotic effects via impact on caspase-3 gene expression (29). In addition, it has been shown that chitosan induces apoptosis activation in tumor cells (30).
L85: One of the limitations of the present study was the lack of investigation of different doses of this supplement. Therefore, further research is needed to examine different doses of the supplements. Also, since measuring gene expression is not a definitive indication of protein conversion, performing future studies with methods such as Western blotting could be useful.
L86: 5. Conclusion
L87: Based on the results of the present study, the combined effect of resistance training and vitamin D Ca 
L88:  + + 
L89:   chitosan nanoparticle supplementation had a similar effect as estrogen on apoptosis improvement in the conditions of menopause. Thus, a combination of resistance training and vitamin D Ca 
L90:  + + 
L91:   chitosan nanoparticle supplements may be considered a non-pharmacological treatment to treat OVX-induced apoptosis. Using higher doses of this natural supplement may have the same or even better positive effects than estrogen.
L92: Conflict of Interest
L93: The authors declare that there is no conflict of interest.
L94: Hudson T 
L95:  Katzinger J 
L96:   196 - Menopause  Pizzorno JE, Murray MT. Textbook of natural medicine 5 China Elsevier 2020
L97: Doshi SB 
L98:  Agarwal A 
L99:  The role of oxidative stress in menopause J Midlife Health 2013 4 140 146 24672185
L100: Yang L 
L101:  Chen Y 
L102:  Liu Y 
L103:  Xing Y 
L104:  Miao C 
L105:  Zhao Y 
L106:  et al 
L107:  The role of oxidative stress and natural antioxidants in ovarian aging Front Pharmacol 2021 11 617843 33569007
L108: Mosconi L 
L109:  Berti V 
L110:  Dyke J 
L111:  Schelbaum E 
L112:  Jett S 
L113:  Loughlin L 
L114:  et al 
L115:  Menopause impacts human brain structure, connectivity, energy metabolism, and amyloid-beta deposition Sci Rep 2021 11 10867 34108509
L116: de Lucia C 
L117:  Murphy T 
L118:  Maruszak A 
L119:  Wright P 
L120:  Powell TR 
L121:  Hartopp N 
L122:  et al 
L123:  Serum from older adults increases apoptosis and molecular aging markers in human hippocampal progenitor cells Aging Dis 2021 12 2151 2172 34881092
L124: Nguyen TTM 
L125:  Gillet G 
L126:  Popgeorgiev N 
L127:  Caspases in the developing central nervous system: Apoptosis and beyond Front Cell Dev Biol 2021 9 702404 34336853
L128: Glushakova OY 
L129:  Glushakov AO 
L130:  Borlongan CV 
L131:  Valadka AB 
L132:  Hayes RL 
L133:  Glushakov AV 
L134:  Role of caspase-3-mediated apoptosis in chronic caspase-3-cleaved tau accumulation and blood-brain barrier damage in the corpus callosum after traumatic brain injury in Rats J Neurotrauma 2017 35 157 173 28637381
L135: Kale J 
L136:  Osterlund EJ 
L137:  Andrews DW 
L138:  BCL-2 family proteins: Changing partners in the dance towards death Cell Death Differ 2018 25 65 80 29149100
L139: Ee C 
L140:  Xue Ch 
L141:  Chondros P 
L142:  Myers SP 
L143:  French SD 
L144:  Teede H 
L145:  et al 
L146:  Acupuncture for menopausal hot flashes: A randomized trial Ann Intern Med 2016 164 146 154 26784863
L147: Mehta J 
L148:  Kling JM 
L149:  Manson JE 
L150:  Risks, benefits, and treatment modalities of menopausal hormone therapy: Current concepts Fron Endocrinol 2021 12 564781
L151: Watson SL 
L152:  Weeks BK 
L153:  Weis LJ 
L154:  Harding AT 
L155:  Horan SA 
L156:  Beck BR 
L157:  High-intensity resistance and impact training improves bone mineral density and physical function in postmenopausal women with osteopenia and osteoporosis: The LIFTMOR randomized controlled trial J Bone Miner Res 2018 33 211 220 28975661
L158: Aboutaleb N 
L159:  Shamsaei N 
L160:  Khaksari M 
L161:  Erfani S 
L162:  Rajabi H 
L163:  Nikbakht F 
L164:  Pre-ischemic exercise reduces apoptosis in hippocampal CA3 cells after cerebral ischemia by modulation of the Bax/Bcl-2 proteins ratio and prevention of caspase-3 activation J Physiol Sci 2015 65 435 443 26012958
L165: Aboutaleb N 
L166:  Shamsaei N 
L167:  Rajabi H 
L168:  Khaksari M 
L169:  Erfani S 
L170:  Nikbakht F 
L171:  et al 
L172:  Protection of hippocampal CA1 neurons against ischemia/reperfusion injury by exercise preconditioning via modulation of Bax/Bcl-2 ratio and prevention of caspase-3 activation Basic Clin Neurosci 2016 7 21 29 27303596
L173: Johnson A 
L174:  Roberts L 
L175:  Elkins G 
L176:  Complementary and alternative medicine for menopause. J Evid Based Integr Med 2019; 24: 2515690X19829380.
L177: Yamashita R 
L178:  Ooe M 
L179:  Saya Y 
L180:  Sugisawa N 
L181:  Murakami Y 
L182:  Matsunaka H 
L183:  Effect of vitamin-containing amino acid supplements on menopausal symptoms and age-related skin changes: A randomised, double-blind, placebo-controlled study Dermatol Ther 2021 11 1681 1692
L184: El-Sharkawy A 
L185:  Malki A 
L186:  Vitamin D signaling in inflammation and cancer: Molecular mechanisms and therapeutic implications Molecules 2020 25 3219
L187: Elieh-Ali-Komi D 
L188:  Hamblin MR 
L189:  Chitin and chitosan: Production and application of versatile biomedical nanomaterials Int J Adv Res 2016 4 411 427
L190: Wu X 
L191:  Kim MJ 
L192:  Yang HJ 
L193:  Park S 
L194:  Chitosan alleviated menopausal symptoms and modulated the gut microbiota in estrogen-deficient rats Eur J Nutr 2021 60 1907 1919 32910260
L195: Hao C 
L196:  Gao L 
L197:  Zhang Y 
L198:  Wang W 
L199:  Yu G 
L200:  Guan H 
L201:  et al 
L202:  Acetylated chitosan oligosaccharides act as antagonists against glutamate-induced PC12 cell death via Bcl-2/Bax signal pathway Mar Drugs 2015 13 1267 1289 25775423
L203: Rahmati-Ahmadabad S 
L204:  Azarbayjani MA 
L205:  Farzanegi P 
L206:  Moradi L 
L207:  High-intensity interval training has a greater effect on reverse cholesterol transport elements compared with moderate-intensity continuous training in obese male rats Eur J Prev Cardiol 2019 28 692 701
L208: Nikbin S 
L209:  Derakhshideh A 
L210:  Hozouri Tarighe M 
L211:  Khojasteh Z 
L212:  Kanozi F 
L213:  Mousavi N 
L214:  et al 
L215:  Synergic effects of aerobic exercise and eugenol supplement on germ cell development and testicular tissue structure in chlorpyrifos-treated animal model Environ Sci Pollut Res Int 2020 27 17229 17242 32152857
L216: Habibi P 
L217:  Alihemmati A 
L218:  Ahmadiasl N 
L219:  Fateh A 
L220:  Anvari E 
L221:  Exercise training attenuates diabetes-induced cardiac injury through increasing miR-133a and improving pro-apoptosis/anti-apoptosis balance in ovariectomized rats Iran J Basic Med Sci 2020 23 79 85 32405351
L222: Lee SD 
L223:  Shyu WC 
L224:  Cheng IS 
L225:  Kuo CH 
L226:  Chan YS 
L227:  Lin YM 
L228:  et al 
L229:  Effects of exercise training on cardiac apoptosis in obese rats Nutr Metab Cardiovasc Dis 2013 23 566 573 22402061
L230: Andreotti DZ 
L231:  do Nascimento Silva J 
L232:  Matumoto AM 
L233:  Orellana AM 
L234:  de Mello PS 
L235:  Kawamoto EM 
L236:  Effects of physical exercise on autophagy and apoptosis in aged brain: Human and animal studies Front Nutr 2020 7 94 32850930
L237: Zorov DB 
L238:  Juhaszova M 
L239:  Sollott SJ 
L240:  Mitochondrial reactive oxygen species (ROS) and ROS-induced ROS release Physiol Rev 2014 94 909 950 24987008
L241: Huang ChY 
L242:  Lin YY 
L243:  Hsu ChCh 
L244:  Cheng ShM 
L245:  Shyu WCh 
L246:  Ting H 
L247:  et al 
L248:  Antiapoptotic effect of exercise training on ovariectomized rat hearts J Appl Physiol 2016 121 457 465 27339185
L249: Vakili S 
L250:  Ghasemi F 
L251:  Rahmati-Ahmadabad S 
L252:  Amini H 
L253:  Iraji R 
L254:  Seifbarghi T 
L255:  et al 
L256:  Effects of vibration therapy and vitamin D supplement on eccentric exercise-induced delayed onset muscle soreness in female students Comparative Exercise Physiology 2020 16 267 275
L257: Zou MSh 
L258:  Yu J 
L259:  Nie GM 
L260:  He WS 
L261:  Luo LM 
L262:  Xu HT 
L263:  1, 25-dihydroxyvitamin D3 decreases adriamycin-induced podocyte apoptosis and loss Int J Med Sci 2010 7 290 299 20827429
L264: Saleem TH 
L265:  Ezzat GM 
L266:  Eldein HMS 
L267:  Mohamed ER 
L268:  Effect of curcumin-containing chitosan nanoparticle on caspase-3, carcinoembryonic antigen in colorectal cancer induced by dimethylhydrazine J Current Med Res Pract 2019 4 302 307
L269: Adhikari HS 
L270:  Yadav PN 
L271:  Anticancer activity of chitosan, chitosan derivatives, and their mechanism of action Int J Biomater 2018 2018 2952085 30693034
L272: Acknowledgments
L273: The authors thank all the students who helped us in this study.This article has been extracted from the Ph.D. thesis of Mahsa Dehghan-Manshadi, registered in Islamic Azad University, Central Tehran Branch, Iran. The authors received no financial support for the research, authorship, and/or publication of this article.
[22ms]

