L1: Oral Arginine Supplementation in Healthy Individuals Performing Regular Resistance Training
L2: Healthcare (2023)
L3: Ștefan-Sebastian Busnatu, Octavian Andronic, Maria-Alexandra Pană, Anca Pantea Stoian, Alexandru Scafa-Udriște, Nicolae Păun, Silviu Stanciu
L4: 1 Department of Cardiology, Carol Davila University of Medicine and Pharmacy, Bagdasar-Arseni Emergency Hospital, 050474 Bucharest, Romania
L5: 2 Department of Cardiology, Carol Davila University of Medicine and Pharmacy, University Emergency Hospital of Bucharest, 050098 Bucharest, Romania
L6: 3 Department of Diabetes, Nutrition and Metabolic Diseases, Carol Davila University of Medicine and Pharmacy, 020021 Bucharest, Romania
L7: 4 Department of Cardio-Thoracic, Carol Davila University of Medicine and Pharmacy, Emergency Clinical Hospital, 014461 Bucharest, Romania
L8: 5 Department of Cardiology, Carol Davila University of Medicine and Pharmacy, Theodor Burghele Clinical Hospital, 020021 Bucharest, Romania
L9: 6 Department of Cardiology, Carol Davila University of Medicine and Pharmacy, Central Military Hospital, 010825 Bucharest, Romania
L10: Resistance exercise training is well documented as having cardiovascular benefits, but paradoxically, it seems to increase arterial stiffness, favoring the development of high blood pressure. The present study investigates the potential effects of oral supplementation with arginine in healthy individuals performing exercise resistance training. We studied 70 non-smoking male subjects between the ages of 30 and 45 with normal or mildly increased blood pressure on ambulatory monitoring (for 24 h) and normal blood samples and echocardiography, who performed regular resistance exercise training for at least five years with a minimum of three workouts per week. They were divided into two groups in a random manner: 35 males were placed in the arginine group (AG) that followed a 6-month supplementation of their regular diets with 5 g of oral arginine powder taken before their exercise workout, and the control (non-arginine) group (NAG) consisted of 35 males. All subjects underwent body composition analysis, 24 h blood pressure monitoring and pulse wave analysis at enrollment and at six months. After six months of supplementation, blood pressure values did not change in the NAG, while in the AG, we found a decrease of 5.6 mmHg ( p  < 0.05) in mean systolic blood pressure and a decrease of 4.5 mmHg ( p  < 0.05) in diastolic values. There was also a 0.62% increase in muscle mass in the AG vs. the NAG ( p  < 0.05), while the body fat decreased by 1% ( p  < 0.05 in AG vs. NAG). Overall, the AG gained twice the amount of muscle mass and lost twice as much body fat as the NAG. No effects on the mean weighted average heart rate were recorded in the subjects. The results suggest that oral supplementation with arginine can improve blood pressure and body composition, potentially counteracting the stress induced by resistance exercise training. Supplementation with arginine can be a suitable adjuvant for these health benefits in individuals undertaking regular resistance training.
L11: Article
L12: arginine; arterial stiffness; resistance exercise; cardiovascular risk factors
L13: 1. Introduction
L14: Arginine is classified as a semi-essential or essential conditioned amino acid and plays a central role in the optimal development and maintenance of an individual’s health. However, there are certain situations in which the internal synthesis of arginine cannot be achieved, and its external supplementation is necessary [ 1 , 2 , 3 ].
L15: The first stage in the arginine synthesis process is citrulline production, from glutamine and glutamate, in the intestinal epithelial cells [ 4 ]. Subsequently, citrulline is extracted from the circulation by the proximal renal tubular and converted to arginine, which is then returned to the circulation [ 5 ]. Thus, small intestine pathologies (e.g., small intestine resection) or renal function impairment can lead to a decrease in endogenous arginine synthesis and an increase in external demand [ 6 , 7 ].
L16: The intestinal–renal axis is the primary mechanism of internal arginine synthesis, but smaller amounts are also produced in many other cells at a lower level. Arginine production ability increases under circumstances that induce the activity of inducible nitric oxide synthase (iNOS) [ 8 ]. Citrulline is a by-product of the catalytic reaction of nitric oxide synthase (NOS) and enters the citrulline–nitric oxide pathway (NO) or arginine–citrulline pathway, leading to arginine formation [ 9 ]. Therefore, in many cells, citrulline can replace arginine under certain circumstances in the NO synthesis process [ 10 ]. However, the substitution is not optimal in large quantities as citrulline accumulates alongside nitrates and nitrites in NO-producing cells [ 11 ].
L17: A phenomenon that is still yet to be explained is the L-arginine paradox, which means that, despite the fact that nitric oxide synthases are saturated with exogenous L-arginine, the amino acid creates no mediated biological effects through the activation of guanylyl cyclase. Among the hypotheses for this phenomenon, we have the vasodilatory role of insulin, the secretion of which is induced by L-arginine, or the fact that NOS activity is determined by neither the extracellular nor intracellular concentration, but rather by the amount of amino acids carried across the plasma membrane. Nakaki T. and Hishikawa K. consider, in their study, that NOS endogenous inhibitors may play a role in the reduced enzyme sensitivity to L-arginine, or that L-citrulline could be an important NOS inhibitor, which consequently leads to L-arginine–L-citrulline competition [ 12 , 13 ].
L18: Oral arginine supplementation in patients with mild arterial hypertension leads to increased citrulline plasma levels and total antioxidant status [ 14 , 15 ]. Elevated plasma levels of l-arginine stimulate NO biosynthesis and decrease oxidative stress [ 16 ]. Arterial hypertension accelerates endothelial damage by promoting atherosclerosis, especially in the coronary arteries [ 17 ]. Considering that NO is produced from l-arginine, hypotheses have been put forward that the hypertension etiology may be partly due to l-arginine insufficiency [ 18 ].
L19: A study that included hypertensive patients treated with oral arginine supplementation (6 g per day in three doses for four weeks) showed a marked improvement in angina pectoris class (graded according to the Canadian Cardiovascular Society), mean blood pressure values and quality of life. Improved values were also recorded in maximal forearm blood flow (FBF), plasma l-arginine levels and cyclic guanosine monophosphate (cGMP) [ 19 ]. The beneficial impact of arginine supplementation on blood pressure levels is also supported by a Polish study which found a decrease in blood pressure values in patients treated with oral arginine supplements at 12 g per day [ 19 ]. It is essential to mention whether lifestyle changes have been implemented in addition to arginine supplementation. Although often neglected, lifestyle correction improves cardiovascular risk factors and therapeutic adjuvants [ 20 , 21 ]. Recently, research has focused on non-medical therapies for acute pathologies such as stroke. For example, in stroke, non-pharmaceutical therapies (therapeutic hypothermia, certain medical gases, acupuncture) are considered promising strategies for the future [ 22 ]. Perhaps the current wave of research will demonstrate the benefits and maximum potency of non-pharmacological therapies, reducing the need for pharmacological therapies in the future.
L20: The endothelial lining of the penis’ corpus cavernosum is significantly vulnerable to free radical action and atherosclerotic plaque formation. As is well-established, this area is more sensitive to these hazards than any other in the body [ 23 ]. A poor diet can accelerate the normal age-related progression of endothelial impairment. Age predicts endothelial impairment, so flow-mediated dilation (FMD)—measured endothelial function—decreases with advancing age in healthy individuals [ 24 , 25 ]. In contrast, muscular strength is inversely correlated with diabetes mellitus, arterial hypertension, cardiovascular disease and mortality [ 26 ]. These associations are independent parameters of the subjects’ cardio-respiratory fitness [ 27 ].
L21: Paradoxically, strength training seems to increase arterial stiffness, a predictor for developing arterial hypertension and an independent risk parameter for cardiovascular morbi-mortality [ 28 , 29 ]. Currently, these data are hypotheses because the accuracy of the relationship between muscular strength and arterial stiffness remains undefined [ 30 ].
L22: Considering the hypothesis that resistance exercise leads to arterial stiffness to be true, we evaluated the impact of arginine supplementation on vascular elasticity in healthy individuals who practice regular resistance exercise training.
L23: 2. Materials and Methods
L24: 2.1. Profile of Study Participants
L25: Seventy-four non-smoking males between 30 and 45 years old, who had been performing regular resistance exercise training at least three times a week for more than five years, were enrolled in several fitness facilities in Bucharest for a period of two years (1 June 2020–1 June 2022). The initial goal was to create mixed study groups regarding gender, but a lack of effective enrollment of female participants led to our inability to form a representative group. Thus, only male patients were evaluated. The inclusion criteria were: age (between 30 and 45 years old), no personal or familial history of arterial hypertension, type 2 diabetes mellitus, cardiovascular or renal disease and the ability to fully understand the informed consent. Subjects under 18, those without the ability to understand informed consent and subjects diagnosed with cardiovascular disease during initial assessments were excluded. Four of the enrolled participants were excluded from the study after the initial medical assessments, so the final number of participants was 70. There were no dropouts during the study. In our opinion, this was due to certain inclusion criteria (exercise track record, which ensured a disciplined type of participant), the pre-enrolment counseling sessions (describing the study in detail and the importance of continuous participation) and last but not least, the minimal impact the study had on the participants’ daily schedule.
L26: 2.2. Ethical Considerations
L27: After receiving all the appropriate information and training, the subject’s participation in the study was voluntary. Patient data protection was ensured through pseudo-anonymization. Each participant was assigned an identifier, which had the role of separating personal information from the study’s data collection. No patients were at risk of physical, social, psychological or legal harm during the study. The study was conducted in accordance with the Declaration of Helsinki and approved by the Ethics Committee of Carol Davila University of Medicine and Pharmacy, Bucharest, Romania for studies involving humans.
L28: 2.3. Initial Assessment
L29: A clinical evaluation was performed at baseline consisting of blood samples (blood count, creatinine, liver enzyme levels, ionogram, lipid profile, blood sugar, uric acid, erythrocyte sedimentation rate, fibrinogen, c reactive protein, urine test), 24 h blood pressure monitoring, electrocardiogram recording and transthoracic echocardiography.
L30: Body composition was assessed using a 4-electrode (feet, hands) weight scale with bioelectrical impedance analysis. In addition, pulse wave analysis was completed using a device based on the oscillometric principle.
L31: 2.4. Randomisation Process and Six-Month Evaluation
L32: After the baseline evaluation, patients were randomly split into two groups: one group consisted of 35 males selected to take an oral supplement of 5 g of arginine powder before each resistance training session for six months (arginine group, or AG). The other group of 35 subjects was a control group that was assigned to take 5 g of placebo powder (non-arginine group, or NAG). They were not allowed to consume any other oral or injectable performance-enhancement supplements during this period. The dose of arginine administered to the study’s participants was decided considering the fact that pre-workout arginine supplements have a standard measure of 5 g and that current studies demonstrate benefits in cardiovascular disease patients at doses between 6 and 30 g [ 31 , 32 ].
L33: After six months, a clinical and paraclinical assessment consisted of clinical evaluation, blood samples, resting ECG, 24 h blood pressure monitoring, body composition assessment and pulse wave analysis.
L34: 2.5. Statistical Data Analysis
L35: Statistical analysis was performed via the F-test,  t -test and chi-squared. Evaluation of the correlations of the variables was performed by scatter graphs. Results with  p  < 0.05 were considered statistically significant. All statistical analysis was performed using the SPSS program and Microsoft Excel.
L36: 3. Results
L37: At baseline ( Table 1 ), the mean age was 38.77 ± 4.1 years for the AG and 34.42 ± 4.9 years for the NAG. The initial mean weight for the AG was 77.97 ± 4.66 kg compared to the NAG mean weight of 82.02 ± 9.34 kg. The mean muscle mass percentage was high in both groups—38.42% in the NAG, and 40.45% in the AG—with a mean total body fat of 22.46% in the NAG and 21.28% in the AG.
L38: In the NAG, we observed improvements with statistical significance in muscle mass and heart rate compared with the initial values ( p  < 0.001) ( Table 2  and  Table 3 ).
L39: In the AG study group, the 6-month evaluation revealed statistically significant ( p  < 0.001) improvements in muscle mass, total fat, systolic and diastolic blood pressure, heart rate and pulse wave velocity. Consequently, after taking a dose of 5 g arginine, the participants had an increase in muscle mass and a decrease in total body fat, systolic and diastolic blood pressure, heart rate and pulse wave velocity ( Table 4  and  Table 5 ).
L40: At the six-month reevaluation, both groups had a slight increase in body weight (mean 82.37 Kg in the NAG and 78.05 Kg in the AG) with increases in muscle mass and a decrease in fat percentage in both groups ( Table 2  and  Table 4 ).
L41: Using a paired sample  t -test ( Table 3  and  Table 5 ), a comparison was made between the initial assessment and the six-month assessment. Both groups showed a slight variation in body weight with no statistical significance ( p  > 0.05). In the NAG, there was a 0.5% reduction in the total fat ( p  < 0.05) compared to the AG, which had a 1% reduction in the total body fat ( p  < 0.05). In addition, in the NAG, there was a 0.3% increase in the total muscle mass ( p  < 0.05) compared to the 0.62% increase in the AG ( p  < 0.05).
L42: In the NAG, following the 24 h blood pressure monitoring, systolic average blood pressure values decreased with a mean of 0.22 mmHg ( p  = 0.694), diastolic average blood pressure decreased by 0.05 mmHg ( p  = 0.896) and there was a mean pulse average reduction of 1.5 beats per minute ( p  < 0.05). Meanwhile, in the AG, the 24 h blood pressure monitoring systolic average blood pressure values decreased with a mean of 5.6 mmHg ( p  < 0.05), diastolic average blood pressure decreased by 4.5 mmHg ( p  < 0.05) and there was a mean pulse weighted average reduction of 1.5 beats per minute ( p  < 0.05). In addition, in the NAG, pulse wave velocities decreased by 0.03 m/s compared to the AG, where the reduction was 0.15 m/s ( p  < 0.05).
L43: 4. Discussion
L44: This study investigated the effects of oral arginine supplementation in healthy individuals performing regular physical activity, primarily resistance training. The results obtained from the research suggest that oral supplementation with arginine improves subjects’ blood pressure profiles. In addition, both groups of patients experienced increases in muscle mass and reductions in the total fat percentage when participating in resistance training; nevertheless, the arginine-supplemented group enhanced their muscle mass gains by twice those of the placebo group.
L45: In terms of body fat, the group supplemented with arginine lost twice the amount of body fat compared to the NAG. There was no recorded effect on the heart rate; both groups experienced the same reduction in the weighted average 24 h pulse rate.
L46: Moss et al. evaluated the effect of l-arginine on blood pressure values in their study. They observed the l-arginine blood transport and the plasmatic activity of amino acids in hypertensive patients and on animal models. In those scenarios, they showed that the erythrocyte cell influx of l-arginine is mediated by the “y+” and “y + L” amino acid transport systems. Meanwhile, the platelet cell influx is mediated only by the “y + L” system. Higher plasma l-arginine levels were found in hypertensive patients compared to the control group. Their study results highlighted for the first time the link between hypertension and “y + L” l-arginine transport inhibition. Reduced transport capacity translates into a lower availability of l-arginine and decreased blood cell NO synthesis [ 7 ].
L47: Schlaich et al. analyzed arginine’s capture ability in mononuclear blood cells in a study group of hypertensive patients. The results were then compared with two control groups of healthy volunteers, with and without a hereditary history of arterial hypertension. Intra-arterial supplementation of arginine was performed in the study group with subsequent determination of the forearm blood flow response to acetylcholine and sodium nitroprusside. It was discovered that normotensive patients are at high risk of developing hypertension when deficient in l-arginine transport. Consequently, a defective l-arginine/NO pathway can cause the onset of arterial hypertension. In addition, a recent meta-analysis found clear evidence for oral l-arginine supplements significantly decreasing systolic and diastolic blood pressure [ 33 ].
L48: A prospective, randomized, double-blind trial on hypertensive patients assessed endothelium-dependent flow-mediated dilation (FMD) of the brachial artery before and after administering l-arginine. The results were then compared to a placebo group. Although no change was observed in either group in heart rate, blood pressure or baseline diameter, the l-arginine administration improved FMD. Thus, it was concluded that l-arginine supplementation improves forearm blood flow in hypertensive patients [ 31 ].
L49: Another study evaluated the role of arginine supplementation on arterial resistance, inflammatory processes and metabolic parameters in patients with multiple cardiovascular risk factors. Patients were assessed for lipid and glycemic profiles, systemic inflammation and renin and aldosterone levels. Their arterial elasticity was evaluated through pulse wave contour analysis. At baseline, no differences were found between the groups on the large artery elasticity index (LAEI). However, the LAEI showed a significant improvement in patients treated with l-arginine supplements. At the six-month evaluation, systemic vascular resistance was lower in this group compared to the placebo one. Meanwhile, the small artery elasticity index (SAEI) did not change in value from baseline. Plasmatic aldosterone levels decreased significantly. This study demonstrated the benefits of arginine supplementation for large artery elasticity in patients with cardiovascular disease. Furthermore, improved arterial elasticity has been associated with lower blood pressure values, decreased vascular resistance and reduced aldosterone levels [ 34 ].
L50: Puga et al. evaluated the effects of arginine supplementation on postmenopausal women who perform aerobic exercise and found a significant decrease in diastolic blood pressure values, while no beneficial changes were noted in cardio-inflammatory markers [ 35 ]. However, Andrade et al. reported a non-significant effect in terms of muscle improvement of I-arginine supplementations after high-resistance exercise [ 36 ].
L51: Morais et al. observed the effects of I-arginine on rats after a single session of resistance training. They found immunomodulatory effects of I-arginine in resolving the resistance to exercise-induced muscle inflammation by reducing the expression of atrogin-1 and MuRF-1 atrophic genes [ 37 ]. A meta-analysis found that 4–7 and 8-week chronic arginine supplementation improves aerobic and anaerobic exercise performance, respectively. In addition, arginine improved the fatigue threshold and fatigue-related metabolites, enhancing blood flow and improving muscle power and endurance [ 38 ].
L52: Muscle hypertrophy and muscular strength are well-established benefits of habitual resistance exercise (RE) [ 39 , 40 , 41 , 42 ]. In addition, sustained resistance training improves fasting glucose, insulin levels, plasma triglycerides and body fat percentages while accelerating the basal metabolic rate [ 43 ]. Therefore, healthcare providers recommend including resistance exercises in patients’ daily routines for primary and secondary cardiovascular prevention [ 43 ].
L53: Arginine might be used in the future as a possible adjuvant supplement in the primary prevention measures to reduce cardiovascular risk and early-stage hypertension in sedentary patients; however, it is advisable first to initiate lifestyle interventions.
L54: 5. Conclusions
L55: Our study suggests that oral arginine supplementation improves the body composition and arterial elasticity in healthy individuals performing resistance training exercises. Our results are mainly of interest to high-intensity resistance training athletes seeking to combat the effects of this type of exercise on blood pressure and vascular stiffness. Further studies are needed to evaluate the benefits of these supplements in patients with known arterial hypertension.
L56: 6. Study Limitations
L57: Limitations of the study include how the groups’ workout programs could not be standardized and the groups were not mixed in terms of gender. All subjects performed regular resistance training exercises at different intensities and weight regimens. Subjects reported no other nutritional supplementation during the research, but their personal dietary intake could not be monitored.
L58: 1. Saini R. 
L59:  Badole S.L. 
L60:  Zanwar A.A. 
L61:  Arginine Derived Nitric Oxide: Key to Healthy Skin Bioactive Dietary Factors and Plant Extracts in Dermatology 
L62:  Watson R.R. 
L63:  Zibadi S. 
L64:  Humana Press Totowa, NJ, USA 2013 73 82 10.1007/978-1-62703-167-7_8 978-1-62703-166-0
L65: 2. Drugs and Supplements Arginine Available online:  http://www.mayoclinic.org/ (accessed on 10 May 2022)
L66: 3. Wu G. 
L67:  Jaeger L.A. 
L68:  Bazer F.W. 
L69:  Rhoads J.M. 
L70:  Arginine deficiency in preterm infants: Biochemical mechanisms and nutritional implications J. Nutr. Biochem. 2004 15 442 451 10.1016/j.jnutbio.2003.11.010 15302078
L71: 4. Levillain O. 
L72:  Expression and function of arginine-producing and consuming-enzymes in the kidney Amino Acids. 2012 42 1237 1252 10.1007/s00726-011-0897-z 21567240
L73: 5. Schramm L. 
L74:  La M. 
L75:  Heidbreder E. 
L76:  Hecker M. 
L77:  Beckman J.S. 
L78:  Lopau K. 
L79:  Zimmermann J. 
L80:  Rendl J. 
L81:  Reiners C. 
L82:  Winderl S. 
L83:  
L84:  L-arginine deficiency and supplementation in experimental acute renal failure and in human kidney transplantation Kidney Int. 2002 61 1423 1432 10.1046/j.1523-1755.2002.00268.x 11918749
L85: 6. Crenn P. 
L86:  Cynober L. 
L87:  Effect of intestinal resections on arginine metabolism: Practical implications for nutrition support Curr. Opin. Clin. Nutr. Metab. Care 2010 13 65 69 10.1097/MCO.0b013e328333c1a8 19915459
L88: 7. Moss M.B. 
L89:  Brunini T.M. 
L90:  de Moura R.S. 
L91:  Malagris L.E.N. 
L92:  Roberts N.B. 
L93:  Ellory J.C. 
L94:  Roberts N.B. 
L95:  Ellory J.C. 
L96:  Mann G.E. 
L97:  Ribeiro A.C.M. 
L98:  Diminished L-arginine bioavailability in hypertension Clin. Sci. 2004 107 391 397 10.1042/CS20030412 15182236
L99: 8. Rashid J. 
L100:  Kumar S.S. 
L101:  Job K.M. 
L102:  Liu X. 
L103:  Fike C.D. 
L104:  Sherwin C.M.T. 
L105:  Therapeutic Potential of Citrulline as an Arginine Supplement: A Clinical Pharmacology Review Pediatr. Drugs 2020 22 279 293 10.1007/s40272-020-00384-5
L106: 9. Schwedhelm E. 
L107:  Maas R. 
L108:  Freese R. 
L109:  Jung D. 
L110:  Lukacs Z. 
L111:  Jambrecina A. 
L112:  Spickler W. 
L113:  Schulze F. 
L114:  Böger R.H. 
L115:  Pharmacokinetic and pharmacodynamic properties of oral L-citrulline and L-arginine: Impact on nitric oxide metabolism Br. J. Clin. Pharmacol. 2008 65 51 59 10.1111/j.1365-2125.2007.02990.x 17662090
L116: 10. Bode-Böger S.M. 
L117:  Böger R.H. 
L118:  Galland A. 
L119:  Tsikas D. 
L120:  Frölich J.C. 
L121:  L-arginine-induced vasodilation in healthy humans: Pharmacokinetic-pharmacodynamic relationship Br. J. Clin. Pharmacol. 1998 46 489 497 10.1046/j.1365-2125.1998.00803.x 9833603
L122: 11. Morris S.M. 
L123:  Enzymes of arginine metabolism J. Nutr. 2004 134 (Suppl. S10) 2743S 2747S 10.1093/jn/134.10.2743S 15465778
L124: 12. Dallinger S. 
L125:  Sieder A. 
L126:  Strametz J. 
L127:  Bayerle-Eder M. 
L128:  Wolzt M. 
L129:  Schmetterer L. 
L130:  Vasodilator effects of L-arginine are stereospecific and augmented by insulin in humans Am. J. Physiol. Endocrinol. Metab. 2003 284 E1106 E1111 10.1152/ajpendo.00292.2002 12736155
L131: 13. Nakaki T. 
L132:  Hishikawa K. 
L133:  The arginine paradox Nihon Yakurigaku Zasshi 2002 119 7 14 10.1254/fpj.119.7 11862757
L134: 14. Liang M. 
L135:  Wang Z. 
L136:  Li H. 
L137:  Cai L. 
L138:  Pan J. 
L139:  He H. 
L140:  Wu Q. 
L141:  Tang Y. 
L142:  Ma J. 
L143:  Yang L. 
L144:  L-arginine induces antioxidant response to prevent oxidative stress via stimulation of glutathione synthesis and activation of Nrf2 pathway Food Chem. Toxicol. 2018 115 315 328 10.1016/j.fct.2018.03.029 29577948
L145: 15. Da Silva E.P. Jr. 
L146:  Lambertucci R.H. 
L147:  Effects of N-acetylcysteine and L-arginine in the antioxidant system of C2C12 cells J. Sport. Med. Phys. Fit. 2015 55 691 699 26205767
L148: 16. Jabłecka A. 
L149:  Ast J. 
L150:  Bogdaski P. 
L151:  Drozdowski M. 
L152:  Pawlak-Lemaska K. 
L153:  Cielewicz A.R. 
L154:  Pupek-Musialik D. 
L155:  Oral L-arginine supplementation in patients with mild arterial hypertension and its effect on plasma level of asymmetric dimethylarginine, L-citruline, L-arginine and antioxidant status Eur. Rev. Med. Pharmacol. Sci. 2012 16 1665 1674 23161038
L156: 17. Sitia S. 
L157:  Tomasoni L. 
L158:  Atzeni F. 
L159:  Ambrosio G. 
L160:  Cordiano C. 
L161:  Catapano A. 
L162:  Tramontana S. 
L163:  Perticone F. 
L164:  Naccarato P. 
L165:  Camici P. 
L166:  
L167:  From endothelial dysfunction to atherosclerosis Autoimmun. Rev. 2010 9 830 834 10.1016/j.autrev.2010.07.016 20678595
L168: 18. Khalaf D. 
L169:  Krüger M. 
L170:  Wehland M. 
L171:  Infanger M. 
L172:  Grimm D. 
L173:  The Effects of Oral L-arginine and l-Citrulline Supplementation on Blood Pressure Nutrients 2019 11 1679 10.3390/nu11071679 31336573
L174: 19. Palloshi A. 
L175:  Fragasso G. 
L176:  Piatti P. 
L177:  Monti L.D. 
L178:  Setola E. 
L179:  Valsecchi G. 
L180:  Galluccio E. 
L181:  Chierchia S.L. 
L182:  Margonato A. 
L183:  Effect of oral L-arginine on blood pressure and symptoms and endothelial function in patients with systemic hypertension, positive exercise tests, and normal coronary arteries Am. J. Cardiol. 2004 93 933 935 10.1016/j.amjcard.2003.12.040 15050504
L184: 20. Popoviciu M.S. 
L185:  Marin V.N. 
L186:  Vesa C.M. 
L187:  Stefan S.D. 
L188:  Stoica R.A. 
L189:  Serafinceanu C. 
L190:  Merlo E.M. 
L191:  Rizvi A.A. 
L192:  Rizzo M. 
L193:  Busnatu S. 
L194:  
L195:  Correlations between Diabetes Mellitus Self-Care Activities and Glycaemic Control in the Adult Population: A Cross-Sectional Study Healthcare 2022 10 174 10.3390/healthcare10010174 35052337
L196: 21. Busnatu S.-S. 
L197:  Salmen T. 
L198:  Pana M.-A. 
L199:  Rizzo M. 
L200:  Stallone T. 
L201:  Papanas N. 
L202:  Popovic D. 
L203:  Tanasescu D. 
L204:  Serban D. 
L205:  Stoian A.P. 
L206:  The Role of Fructose as a Cardiovascular Risk Factor: An Update Metabolites 2022 12 67 10.3390/metabo12010067 35050189
L207: 22. Onose G. 
L208:  Anghelescu A. 
L209:  Blendea D. 
L210:  Ciobanu V. 
L211:  Daia C. 
L212:  Firan F.C. 
L213:  Oprea M. 
L214:  Spinu A. 
L215:  Popescu C. 
L216:  Ionescu A. 
L217:  
L218:  Cellular and Molecular Targets for Non-Invasive, Non-Pharmacological Therapeutic/Rehabilitative Interventions in Acute Ischemic Stroke Int. J. Mol. Sci. 2022 23 907 10.3390/ijms23020907 35055089
L219: 23. Liu W. 
L220:  Choi B.R. 
L221:  Bak Y.O. 
L222:  Zhang L.T. 
L223:  Zhou L.X. 
L224:  Huang Y.R. 
L225:  Zhao C. 
L226:  Park J.K. 
L227:  Cavernosum smooth muscle relaxation induced by Schisandrol A via the NO-cGMP signalling pathway Cell. Mol. Biol. 2016 62 115 119 27064883
L228: 24. Yavuz B.B. 
L229:  Yavuz B. 
L230:  Sener D.D. 
L231:  Cankurtaran M. 
L232:  Halil M. 
L233:  Ulger Z. 
L234:  Nazli N. 
L235:  Kabakci G. 
L236:  Aytemir K. 
L237:  Tokgozoglu L. 
L238:  
L239:  Advanced age is associated with endothelial dysfunction in healthy elderly subjects Gerontology 2008 54 153 156 10.1159/000129064 18441522
L240: 25. Welsch M.A. 
L241:  Dobrosielski D.A. 
L242:  Arce-Esquivel A.A. 
L243:  Wood R.H. 
L244:  Ravussin E. 
L245:  Rowley C.A. 
L246:  Jazwinski S.M. 
L247:  The association between flow-mediated dilation and physical function in older men Med. Sci. Sport. Exerc. 2008 40 1237 1243 10.1249/MSS.0b013e31816c5552 18580402
L248: 26. Carbone S. 
L249:  Kirkman D.L. 
L250:  Garten R.S. 
L251:  Rodriguez-Miguelez P. 
L252:  Artero E.G. 
L253:  Lee D.C. 
L254:  Lavie C.J. 
L255:  Muscular Strength and Cardiovascular Disease: An updated state-of-the-art narrative review J. Cardiopulm. Rehabil. Prev. 2020 40 302 309 10.1097/HCR.0000000000000525 32796492
L256: 27. Delp M.D. 
L257:  Behnke B.J. 
L258:  Spier S.A. 
L259:  Wu G. 
L260:  Muller-Delp J.M. 
L261:  Ageing diminishes endothelium-dependent vasodilatation and tetrahydrobiopterin content in rat skeletal muscle arterioles J. Physiol. 2008 586 1161 1168 10.1113/jphysiol.2007.147686 18063659
L262: 28. Jalaludeen N. 
L263:  Bull S.J. 
L264:  Taylor K.A. 
L265:  Wiles J.D. 
L266:  Coleman D.A. 
L267:  Howland L. 
L268:  Mukhtar O. 
L269:  Cheriyan J. 
L270:  Wilkinson I.B. 
L271:  Sharma R. 
L272:  
L273:  Left atrial mechanics and aortic stiffness following high intensity interval training: A randomised controlled study Eur. J. Appl. Physiol. 2020 120 1855 1864 10.1007/s00421-020-04416-3 32529506
L274: 29. O’Driscoll J.M. 
L275:  Wright S.M. 
L276:  Taylor K.A. 
L277:  Coleman D.A. 
L278:  Sharma R. 
L279:  Wiles J.D. 
L280:  Cardiac autonomic and left ventricular mechanics following high intensity interval training: A randomised crossover controlled study J. Appl. Physiol. 2018 125 1030 1040 10.1152/japplphysiol.00056.2018 29952247
L281: 30. Fahs C.A. 
L282:  Heffernan K.S. 
L283:  Ranadive S. 
L284:  Jae S.Y. 
L285:  Fernhall B. 
L286:  Muscular Strength is Inversely Associated with Aortic Stiffness in Young Men Med. Sci. Sports Exerc. 2010 42 1619 1624 10.1249/MSS.0b013e3181d8d834 20195176
L287: 31. Lekakis J.P. 
L288:  Papathanassiou S. 
L289:  Papaioannou T.G. 
L290:  Papamichael C.M. 
L291:  Zakopoulos N. 
L292:  Kotsis V. 
L293:  Dagre A.G. 
L294:  Stamatelopoulos K. 
L295:  Protogerou A. 
L296:  Stamatelopoulos S.F. 
L297:  Oral L-arginine improves endothelial dysfunction in patients with essential hypertension Int. J. Cardiol. 2002 86 317 323 10.1016/S0167-5273(02)00413-8 12419572
L298: 32. McNeal C.J. 
L299:  Meininger C.J. 
L300:  Wilborn C.D. 
L301:  Tekwe C.D. 
L302:  Wu G. 
L303:  Safety of dietary supplementation with arginine in adult humans Amino Acids 2018 50 1215 1229 10.1007/s00726-018-2594-7 29858688
L304: 33. Dong J.Y. 
L305:  Qin L.Q. 
L306:  Zhang Z. 
L307:  Zhao Y. 
L308:  Wang J. 
L309:  Arigoni F. 
L310:  Zhang W. 
L311:  Effect of oral L-arginine supplementation on blood pressure: A meta-analysis of randomised, double-blind, placebo-controlled trials Am. Heart J. 2011 162 959 965 10.1016/j.ahj.2011.09.012 22137067
L312: 34. Guttman H. 
L313:  Zimlichman R. 
L314:  Boaz M. 
L315:  Matas Z. 
L316:  Shargorodsky M. 
L317:  Effect of long-term L-arginine supplementation on arterial compliance and metabolic parameters in patients with multiple cardiovascular risk factors: Randomised, placebo-controlled study J. Cardiovasc. Pharmacol. 2010 
L318:  Epub ahead of printing 
L319:  10.1097/FJC.0b013e3181e9dc2c 20531213
L320: 35. Puga G.M. 
L321:  Novais I.D.P. 
L322:  Katsanos C.S. 
L323:  Zanesco A. 
L324:  Combined effects of aerobic exercise and l-arginine ingestion on blood pressure in normotensive postmenopausal women: A crossover study Life Sci. 2016 151 323 329 10.1016/j.lfs.2016.02.091 26972606
L325: 36. Andrade W.B. 
L326:  Jacinto J.L. 
L327:  da Silva D.K. 
L328:  Roveratti M.C. 
L329:  Estoche J.M. 
L330:  Oliveira D.B. 
L331:  Balvedi M.C.W. 
L332:  da Silva R.A. 
L333:  Aguiar A.F. 
L334:  L-arginine supplementation does not improve muscle function during recovery from resistance exercise Appl. Physiol. Nutr. Metab. 2018 43 928 936 10.1139/apnm-2017-0594 29544063
L335: 37. Morais S.R.L. 
L336:  Brito V.G.B. 
L337:  Mello W.G. 
L338:  Oliveira S.H.P. 
L339:  L-arginine modulates inflammation and muscle regulatory genes after a single session of resistance exercise in rats Scand. J. Med. Sci. Sports. 2018 28 425 435 10.1111/sms.12935 28649743
L340: 38. Viribay A. 
L341:  Burgos J. 
L342:  Fernández-Landa J. 
L343:  Seco-Calvo J. 
L344:  Mielgo-Ayuso J. 
L345:  Effects of Arginine Supplementation on Athletic Performance Based on Energy Metabolism: A Systematic Review and Meta-Analysis Nutrients 2020 12 1300 10.3390/nu12051300 32370176
L346: 39. Dons B. 
L347:  Bollerup K. 
L348:  Bonde-Petersen F. 
L349:  Hancke S. 
L350:  The effect of weight-lifting exercise related to muscle fiber composition and muscle cross-sectional area in humans Eur. J. Appl. Physiol. Occup. Physiol. 1979 40 95 106 10.1007/BF00421155 428373
L351: 40. Goldberg A.L. 
L352:  Etlinger J.D. 
L353:  Goldspink D.F. 
L354:  Jablecki C. 
L355:  Mechanism of work-induced hypertrophy of skeletal muscle Med. Sci. Sports 1975 7 185 198 128681
L356: 41. Sale D.G. 
L357:  MacDougall J.D. 
L358:  Always S.E. 
L359:  Sutton J.R. 
L360:  Voluntary strength and muscle characteristics in untrained men and women and male bodybuilders J. Appl. Physiol. 1987 62 1786 1793 10.1152/jappl.1987.62.5.1786 3597252
L361: 42. Williams M.A. 
L362:  Haskell W.L. 
L363:  Ades P.A. 
L364:  Amsterdam E.A. 
L365:  Bittner V. 
L366:  Franklin B.A. 
L367:  Gulanick M. 
L368:  Laing S.T. 
L369:  Stewart K.J. 
L370:  Resistance exercise in individuals with and without cardiovascular disease: 2007 update: A scientific statement from the American Heart Association Council on Clinical Cardiology and Council on Nutrition, Physical Activity, and Metabolism Circulation 2007 116 572 584 10.1161/CIRCULATIONAHA.107.185214 17638929
L371: 43. American College of Sports Medicine 
L372:  Position Stand: The recommended quantity and quality of exercise for developing and maintaining cardiorespiratory and muscular fitness, and flexibility in healthy adults Med. Sci. Sports Exerc. 1998 30 975 991 10.1097/00005768-199806000-00032 9624661
[27ms]

