Found 10 papers  [s_3e947dfd]

  1. Antioxidants and Exercise Performance: With a Focus on Vitamin E and C Supplementation
     Madalyn Riley Higgins, Azimeh Izadi, Mojtaba Kaviani
     PMC7697466 · International Journal of Environmental Research and Public Health · 2020-11-15
     https://doi.org/10.3390/ijerph17228452
     "This paper reviews antioxidant supplementation, specifically vitamins E and C, for exercise performance. Evidence suggests supplementation may hinder exercise adaptations and is generally not beneficial, except in specific circumstances."

  2. Does Vitamin C and E Supplementation Impair the Favorable Adaptations of Regular Exercise?
     Michalis G. Nikolaidis, Chad M. Kerksick, Manfred Lamprecht, Steven R. McAnulty
     PMC3425865 · Oxidative Medicine and Cellular Longevity · 2012-01-01
     https://doi.org/10.1155/2012/707941
     "This study investigated whether vitamin C and E supplementation interferes with exercise adaptations. High doses of these vitamins are not recommended for exercising individuals due to conflicting evidence on their efficacy and potential harm."

  3. Effects of vitamin C and E supplementation on endogenous antioxidant systems and heat shock proteins in response to endurance training
     Kristoffer T. Cumming, Truls Raastad, Geir Holden, Nasser E. Bastani, Damaris Schneeberger, Maria Pa...
     PMC4254089 · Physiological Reports · 2014-10-01
     https://doi.org/10.14814/phy2.12142
     "This study examined vitamin C and E supplementation's effects on antioxidant and heat shock protein systems during endurance training. Supplementation did not alter long-term training adaptations but increased acute exercise stress responses."

  4. Can supplementation with vitamin C and E alter physiological adaptations to strength training?
     Gøran Paulsen, Kristoffer T Cumming, Håvard Hamarsland, Elisabet Børsheim, Sveinung Berntsen, Truls ...
     PMC4114441 · BMC Sports Science, Medicine and Rehabilitation · 2014-01-01
     https://doi.org/10.1186/2052-1847-6-28
     "High doses of vitamins C and E were tested for their effects on strength training adaptations in young and older men. Supplementation blunted adaptations in young men but showed potential benefits in older men."

  5. Effect of high-dose vitamin C and E supplementation on muscle recovery and training adaptation: a mini review
     Jooyoung Kim
     PMC10440181 · Physical Activity and Nutrition · 2023-06-01
     https://doi.org/10.20463/pan.2023.0012
     "This review examined high-dose vitamin C and E supplementation's effects on exercise-induced muscle recovery and training adaptation. Evidence suggests potential negative impacts on adaptation, with unclear benefits for recovery."

  6. Vitamin C and E supplementation does not affect heat shock proteins or endogenous antioxidants in trained skeletal muscles during 12 weeks of strength training
     K. T. Cumming, T. Raastad, A. Sørstrøm, M. P. Paronetto, N. Mercatelli, I. Ugelstad, D. Caporossi, G...
     PMC7050865 · BMC nutrition · 2017-08-17
     https://doi.org/10.1186/s40795-017-0185-8
     "This study examined the impact of vitamin C and E supplementation on trained individuals undergoing strength training. The supplementation did not alter acute exercise stress responses or long-term adaptations in heat shock proteins or endogenous antioxidants."

  7. Vitamin C and E Supplementation Effects in Professional Soccer Players Under Regular Training
     Claudio C Zoppi, Rodrigo Hohl, Fernando C Silva, Fernanda L Lazarim, Joaquim MF Antunes Neto, Mirtes...
     PMC2129167 · Journal of the International Society of Sports Nutrition · 2006-01-01
     https://doi.org/10.1186/1550-2783-3-2-37
     "This study investigated vitamin C and E supplementation in professional soccer players during training. Supplementation reduced lipid peroxidation and muscle damage but did not improve performance."

  8. The effects of antioxidant vitamin supplementation on resistance exercise induced lipid peroxidation in trained and untrained participants
     Peter E Viitala, Ian J Newhouse, Norm LaVoie, Christine Gottardo
     PMC479696 · Lipids in Health and Disease · 2004-01-01
     https://doi.org/10.1186/1476-511X-3-14
     "This study investigated the impact of vitamin E supplementation on exercise-induced lipid peroxidation in trained and untrained individuals. Vitamin E supplementation did not reduce oxidative damage, and training status did not affect lipid peroxidation levels post-exercise."

  9. Do Antioxidant Vitamins Prevent Exercise-Induced Muscle Damage? A Systematic Review
     María Martinez-Ferran, Fabian Sanchis-Gomar, Carl J. Lavie, Giuseppe Lippi, Helios Pareja-Galeano
     PMC7278664 · Antioxidants · 2020-04-29
     https://doi.org/10.3390/antiox9050372
     "This systematic review examined vitamin C and E supplementation's effects on exercise-induced muscle damage. The available data are not conclusive regarding whether these vitamins prevent muscle damage."

  10. Effects of Acute Vitamin C plus Vitamin E Supplementation on Exercise-Induced Muscle Damage in Runners: A Double-Blind Randomized Controlled Trial
     María Martínez-Ferrán, Víctor Cuadrado-Peñafiel, Juan Manuel Sánchez-Andreo, Marta Villar-Lucas, Món...
     PMC9659095 · Nutrients · 2022-11-03
     https://doi.org/10.3390/nu14214635
     "This study investigated if vitamin C and E supplementation reduces exercise-induced muscle damage in runners. The supplementation did not significantly improve muscle damage markers or performance compared to a placebo."

[280ms, saved to s_3e947dfd]

💡 Extract data across these results with: map --from s_3e947dfd "your question"
[280ms, saved to s_3e947dfd]

