Found 10 papers  [s_76ed4053]

  1. Three weeks of time-restricted eating improves glucose homeostasis in adults with type 2 diabetes but does not improve insulin sensitivity: a randomised crossover trial
     Charlotte Andriessen, Ciarán E. Fealy, Anna Veelen, Sten M. M. van Beek, Kay H. M. Roumans, Niels J....
     PMC9477920 · PMC · 2022-07-25
     https://www.ncbi.nlm.nih.gov/pmc/articles/PMC9477920/
     "Three weeks of time-restricted eating improved glucose homeostasis in adults with type 2 diabetes. However, it did not improve insulin sensitivity."

  2. Relationship Between Sleep and Meal Timing with Glycemia Parameters in Individuals with Obesity Participating in a Randomized Time-Restricted Eating Study
     Sirimon Reutrakul; Stacey L. Simon; Qi Wang; Emily N. C. Manoogian; Satchindananda Panda; Suryeon Ry...
     PMC13259180 · PMC · 2026-06-05
     https://www.ncbi.nlm.nih.gov/pmc/articles/PMC13259180/
     "Background/Objectives: Circadian misalignment, including mistimed sleep or eating, is associated with altered glucose metabolism. The importance of eating window timing for time-restricted eating (TRE"

  3. A Metabolomic Analysis to Assess How Time-Restricted Eating Improves Cardiometabolic Health
     Emily N C Manoogian, Michael J Wilkinson, Adena Zadourian, Hannah Lo, Azarin Shoghi, Pam Taub, Satch...
     PMC8089348 · PMC · 2021-05-03
     https://www.ncbi.nlm.nih.gov/pmc/articles/PMC8089348/
     "A pilot study investigated the effects of a 10-hour time-restricted eating window on individuals with metabolic syndrome. The intervention significantly improved blood pressure, LDL cholesterol, HbA1c, waist circumference, and body weight."

  4. Take the reins: a study protocol of a randomized controlled trial testing the effects of time-restricted eating vs. nutrition control on cancer-related fatigue among survivors of hematological malignancies
     Amber S. Kleckner, Carin L. Clingan, Ashraf Z. Badros, Emily N. C. Manoogian, Karen M. Mustian, Satc...
     PMC12577101 · BMC Nutrition · 2025-10-31
     https://doi.org/10.1186/s40795-025-01185-0
     "This study protocol outlines a randomized controlled trial comparing time-restricted eating to nutrition counseling for cancer-related fatigue in blood cancer survivors. The intervention aims to improve fatigue by regulating circadian rhythms and metabolism."

  5. Eight‐hour time‐restricted eating does not lower daily myofibrillar protein synthesis rates: A randomized control trial
     Evelyn B. Parr, Imre W. K. Kouw, Michael J. Wheeler, Bridget E. Radford, Rebecca C. Hall, Joan M. Se...
     PMC10107304 · Obesity (Silver Spring, Md.) · 2022-12-22
     https://doi.org/10.1002/oby.23637
     "An 8-hour time-restricted eating window did not alter daily muscle protein synthesis rates in overweight males. However, it did reduce glucose levels and increase lean mass loss compared to a 12-hour eating window."

  6. Impact of Time-Restricted Eating and High-Intensity Exercise on Nutrient Intake in Women with Overweight/Obesity: Secondary Analysis of a Randomized Controlled Trial
     Kamilla L. Haganes, Brooke L. Devlin, Rosalie K. Orr, Trine Moholdt
     PMC11767901 · Nutrients · 2025-01-08
     https://doi.org/10.3390/nu17020218
     "This study analyzed nutrient intake in women with overweight/obesity undergoing time-restricted eating (TRE), high-intensity exercise (HIIT), or a combination. TRE and TREHIIT were associated with reduced intakes of several micronutrients compared to control and HIIT alone."

  7. Effects of Time-Restricted Eating on Nonalcoholic Fatty Liver Disease
     Xueyun Wei, Bingquan Lin, Yan Huang, Shunyu Yang, Chensihan Huang, Linna Shi, Deying Liu, Peizhen Zh...
     PMC10024204 · JAMA Network Open · 2023-03-17
     https://doi.org/10.1001/jamanetworkopen.2023.3513
     "A randomized trial compared time-restricted eating to daily calorie restriction for nonalcoholic fatty liver disease. Both interventions similarly reduced liver fat, with no added benefits from time-restricted eating."

  8. Time-Restricted Eating Combined with Exercise Reduces Menopausal Symptoms and Improves Quality of Life More than Exercise Alone in Menopausal Women: A Quasi-Randomized Controlled Trial
     Beata Jóźwiak, Adam Szulc, Ida Laudańska-Krzemińska
     PMC12567392 · Nutrients · 2025-10-18
     https://doi.org/10.3390/nu17203274
     "A study compared exercise alone to exercise plus time-restricted eating in menopausal women. Combining time-restricted eating with exercise significantly reduced menopausal symptoms and improved quality of life more than exercise alone."

  9. Effects of 8-hour time restricted feeding on body weight and metabolic disease risk factors in obese adults: A pilot study
     Kelsey Gabel, Kristin K. Hoddy, Nicole Haggerty, Jeehee Song, Cynthia M. Kroeger, John F. Trepanowsk...
     PMC6004924 · PMC · 2018-05-11
     https://www.ncbi.nlm.nih.gov/pmc/articles/PMC6004924/
     "This pilot study examined the effects of 8-hour time-restricted feeding on obese adults over 12 weeks. The intervention led to mild weight loss and a reduction in systolic blood pressure compared to a control group."

  10. A Time to Eat and a Time to Exercise
     Evelyn B. Parr, Leonie K. Heilbronn, John A. Hawley
     PMC6948807 · PMC · 2020-01-01
     https://www.ncbi.nlm.nih.gov/pmc/articles/PMC6948807/
     "This study investigated time-restricted eating as a potential intervention for metabolic health. It suggests that time-restricted eating may mitigate negative metabolic effects caused by modern lifestyles."

[37ms, saved to s_76ed4053]

💡 Extract data across these results with: map --from s_76ed4053 "your question"
[37ms, saved to s_76ed4053]

