Found 89 papers  [s_c4ba1e37]

  1. Does Vitamin C and E Supplementation Impair the Favorable Adaptations of Regular Exercise?
     Michalis G. Nikolaidis, Chad M. Kerksick, Manfred Lamprecht, Steven R. McAnulty
     PMC3425865 · Oxidative Medicine and Cellular Longevity · 2012-01-01
     https://doi.org/10.1155/2012/707941
     "This study investigated whether vitamin C and E supplementation interferes with exercise adaptations. High doses of these vitamins are not recommended for exercising individuals due to conflicting evidence on their efficacy and potential harm."

  2. Can supplementation with vitamin C and E alter physiological adaptations to strength training?
     Gøran Paulsen, Kristoffer T Cumming, Håvard Hamarsland, Elisabet Børsheim, Sveinung Berntsen, Truls ...
     PMC4114441 · BMC Sports Science, Medicine and Rehabilitation · 2014-01-01
     https://doi.org/10.1186/2052-1847-6-28
     "High doses of vitamins C and E were tested for their effects on strength training adaptations in young and older men. Supplementation blunted adaptations in young men but showed potential benefits in older men."

  3. Effects of vitamin C and E supplementation on endogenous antioxidant systems and heat shock proteins in response to endurance training
     Kristoffer T. Cumming, Truls Raastad, Geir Holden, Nasser E. Bastani, Damaris Schneeberger, Maria Pa...
     PMC4254089 · Physiological Reports · 2014-10-01
     https://doi.org/10.14814/phy2.12142
     "This study examined vitamin C and E supplementation's effects on antioxidant and heat shock protein systems during endurance training. Supplementation did not alter long-term training adaptations but increased acute exercise stress responses."

  4. Vitamin C and E supplementation does not affect heat shock proteins or endogenous antioxidants in trained skeletal muscles during 12 weeks of strength training
     K. T. Cumming, T. Raastad, A. Sørstrøm, M. P. Paronetto, N. Mercatelli, I. Ugelstad, D. Caporossi, G...
     PMC7050865 · BMC nutrition · 2017-08-17
     https://doi.org/10.1186/s40795-017-0185-8
     "This study examined the impact of vitamin C and E supplementation on trained individuals undergoing strength training. The supplementation did not alter acute exercise stress responses or long-term adaptations in heat shock proteins or endogenous antioxidants."

  5. Vitamin C and E Supplementation Effects in Professional Soccer Players Under Regular Training
     Claudio C Zoppi, Rodrigo Hohl, Fernando C Silva, Fernanda L Lazarim, Joaquim MF Antunes Neto, Mirtes...
     PMC2129167 · Journal of the International Society of Sports Nutrition · 2006-01-01
     https://doi.org/10.1186/1550-2783-3-2-37
     "This study investigated vitamin C and E supplementation in professional soccer players during training. Supplementation reduced lipid peroxidation and muscle damage but did not improve performance."

  6. Effects of Acute Vitamin C plus Vitamin E Supplementation on Exercise-Induced Muscle Damage in Runners: A Double-Blind Randomized Controlled Trial
     María Martínez-Ferrán, Víctor Cuadrado-Peñafiel, Juan Manuel Sánchez-Andreo, Marta Villar-Lucas, Món...
     PMC9659095 · Nutrients · 2022-11-03
     https://doi.org/10.3390/nu14214635
     "This study investigated if vitamin C and E supplementation reduces exercise-induced muscle damage in runners. The supplementation did not significantly improve muscle damage markers or performance compared to a placebo."

  7. The Effect of Vitamin C and E Supplementation on Muscle Damage and Oxidative Stress in Female Athletes: A Clinical Trial
     Maryam Taghiyar, Leila Darvishi, Gholamrez Askari, Awat Feizi, Mitra Hariri, Nafiseh Shokri Mashhadi...
     PMC3665020 · International Journal of Preventive Medicine · 2013-04-01
     "This study investigated vitamin C and E supplementation's effects on muscle damage and oxidative stress in female athletes. Results showed vitamin C and E supplementation reduced muscle damage and oxidative stress markers."

  8. The effects of antioxidant vitamin supplementation on resistance exercise induced lipid peroxidation in trained and untrained participants
     Peter E Viitala, Ian J Newhouse, Norm LaVoie, Christine Gottardo
     PMC479696 · Lipids in Health and Disease · 2004-01-01
     https://doi.org/10.1186/1476-511X-3-14
     "This study investigated the impact of vitamin E supplementation on exercise-induced lipid peroxidation in trained and untrained individuals. Vitamin E supplementation did not reduce oxidative damage, and training status did not affect lipid peroxidation levels post-exercise."

  9. The Effect of Vitamins C and E Supplementation on Muscle Damage, Performance, and Body Composition in Athlete Women: A Clinical Trial
     Maryam Taghiyar, Reza Ghiasvand, Gholamreza Askari, Awat Feizi, Mitra Hariri, Nafiseh Shokri Mashhad...
     PMC3665021 · International Journal of Preventive Medicine · 2013-04-01
     "This clinical trial examined the effects of vitamin C and E supplementation on muscle damage, performance, and body composition in trained female athletes over four weeks. The study found no significant improvements in any of these parameters due to the supplementation."

  10. Controversies of antioxidant vitamins supplementation in exercise: ergogenic or ergolytic effects in humans?
     Cainara Lins Draeger, Andréia Naves, Natália Marques, Ana Beatriz Baptistella, Renata Alves Carnauba...
     PMC3975949 · Journal of the International Society of Sports Nutrition · 2014-01-01
     https://doi.org/10.1186/1550-2783-11-4
     "This commentary reviews recent studies on antioxidant vitamin supplementation and exercise-induced oxidative stress. Findings are controversial, with supplementation showing ergogenic, ergolytic, or no effects on physiological parameters and antioxidant enzyme activity."

  11. Influence of Vitamin C Supplementation on Oxidative Stress and Neutrophil Inflammatory Response in Acute and Regular Exercise
     Ljiljana M. Popovic, Nebojsa R. Mitic, Dijana Miric, Boban Bisevac, Mirjana Miric, Brankica Popovic
     PMC4352897 · Oxidative Medicine and Cellular Longevity · 2015-01-01
     https://doi.org/10.1155/2015/295497
     "This study investigated vitamin C's impact on oxidative stress and neutrophil inflammation from exercise. Vitamin C supplementation reduced exercise-induced lipid peroxidation but did not affect neutrophil inflammatory response."

  12. Differences in the Pro/Antioxidative Status and Cellular Stress Response in Elderly Women after 6 Weeks of Exercise Training Supported by 1000 mg of Vitamin C Supplementation
     Małgorzata Żychowska, Ewa Sadowska-Krępa, Elisabetta Damiani, Luca Tiano, Ewa Ziemann, Alicja Nowak-...
     PMC9599586 · Biomedicines · 2022-10-20
     https://doi.org/10.3390/biomedicines10102641
     "This study examined the effects of exercise training with vitamin C supplementation on antioxidant status and cellular stress response in elderly women. Vitamin C supplementation increased oxidative stress markers and influenced minor changes in gene expression related to training adaptation."

  13. A Vitamin E-Enriched Antioxidant Diet Interferes with the Acute Adaptation of the Liver to Physical Exercise in Mice
     Miriam Hoene, Martin Irmler, Johannes Beckers, Martin Hrabě de Angelis, Hans-Ulrich Häring, Cora Wei...
     PMC5986427 · Nutrients · 2018-04-28
     https://doi.org/10.3390/nu10050547
     "A study examined how a vitamin E-enriched diet affects the liver's response to exercise in mice. High vitamin E intake disrupted the liver's normal metabolic and inflammatory adaptations to physical activity."

  14. Vitamin C and E supplementation and high intensity interval training induced changes in lipid profile and haematological variables of young males
     Surojit Sarkar, Swapan Kr Dey, Gouriprosad Datta, Amit Bandyopadhyay
     PMC10323915 · Sports Medicine and Health Science · 2023-04-03
     https://doi.org/10.1016/j.smhs.2023.03.006
     "This study investigated the effects of vitamin C and E supplementation on high-intensity interval training (HIIT) in young males. Supplementation protected against negative hematological changes and improved lipid profiles and explosive strength without affecting endurance."

  15. Elevated hepcidin serum level in response to inflammatory and iron signals in exercising athletes is independent of moderate supplementation with vitamin C and E
     Víctor Díaz, Ana B Peinado, Laura Barba-Moreno, Sandro Altamura, Javier Butragueño, Marcela González...
     PMC4562561 · Physiological Reports · 2015-08-01
     https://doi.org/10.14814/phy2.12475
     "This study investigated hepcidin levels in athletes after exercise. Hepcidin remained elevated despite vitamin C and E supplementation, indicating these vitamins do not alter the response to inflammatory and iron signals."

  16. Exercise Training and Vitamin C Supplementation Affects Ferritin mRNA in Leukocytes without Affecting Prooxidative/Antioxidative Balance in Elderly Women
     Małgorzata Żychowska, Agata Grzybkowska, Monika Wiech, Robert Urbański, Wanda Pilch, Anna Piotrowska...
     PMC7554744 · International Journal of Molecular Sciences · 2020-09-05
     https://doi.org/10.3390/ijms21186469
     "Exercise training with vitamin C supplementation decreased ferritin mRNA in elderly women's leukocytes. This intervention did not alter the prooxidative/antioxidative balance."

  17. Short-Term High-Dose Vitamin C and E Supplementation Attenuates Muscle Damage and Inflammatory Responses to Repeated Taekwondo Competitions: A Randomized Placebo-Controlled Trial
     Chun-Chung Chou, Yu-Chi Sung, Glen Davison, Chung-Yu Chen, Yi-Hung Liao
     PMC6097262 · International Journal of Medical Sciences · 2018-01-01
     https://doi.org/10.7150/ijms.26340
     "This study investigated the effects of vitamin C and E supplementation on elite Taekwondo athletes. Supplementation attenuated muscle damage, hemolysis, and inflammatory responses to repeated competitions."

  18. Effects of vitamins C and E supplementation combined with 12-week resistance training in older women with sarcopenia: A randomized, double-blind, placebo-controlled trial
     Xu Liu, Bo Chen, Yutian Jin, Feiyan Zhong, Yunjuan Zhang, Yu Li, Yun Zhang, Runhong Cui, Bing Wu, Cu...
     PMC12384908 · Medicine · 2025-08-22
     https://doi.org/10.1097/MD.0000000000043976
     "This study investigated the effects of combined vitamin C, E, and resistance training in older women with sarcopenia. Supplementation with vitamins C and E enhanced muscle mass and strength gains compared to placebo."

  19. Vitamin C, A and E supplementation decreases the expression of  HSPA1A  and  HSPB1  genes in the leukocytes of young polish figure skaters during a 10-day training camp
     Małgorzata Żychowska, Zbigniew Jastrzębski, Grzegorz Chruściński, Monika Michałowska–Sawczyn, Alicja...
     PMC4342201 · Journal of the International Society of Sports Nutrition · 2015-02-11
     https://doi.org/10.1186/s12970-015-0069-8
     "This study examined the effect of vitamin A, C, and E supplementation on gene expression in young figure skaters during a training camp. Supplementation significantly decreased the expression of stress-related genes HSPA1A and HSPB1 in leukocytes."

  20. Can vitamin C supplementation reverse the effects of exercise training in polluted air on oxidative stress markers? A randomized controlled trial
     Amin Eatemadyboroujeni, Mehdi Kargarfard, Hojatollah Alaei
     PMC8519622 · ARYA Atherosclerosis · 2021-01-01
     https://doi.org/10.22122/arya.v17i0.2101
     "This study investigated the effects of exercise, polluted air, and vitamin C on oxidative stress markers in rats. Vitamin C supplementation did not significantly reverse the increased oxidative stress caused by exercise in polluted air."

  21. Effects of vitamin E supplementation on renal non-enzymatic antioxidants in young rats submitted to exhaustive exercise stress
     Sérvio A Bucioli, Luiz Carlos de Abreu, Vitor E Valenti, Claudio Leone, Helio Vannucchi
     PMC3306763 · BMC Complementary and Alternative Medicine · 2011-01-01
     https://doi.org/10.1186/1472-6882-11-133
     "This study investigated vitamin E's effects on renal antioxidants in young rats undergoing exhaustive exercise. Vitamin E supplementation significantly reduced oxidative stress markers and increased antioxidant levels in the kidneys."

  22. Vitamin C and E Treatment Blocks Changes in Kynurenine Metabolism Triggered by Three Weeks of Sprint Interval Training in Recreationally Active Elderly Humans
     Victoria L. Wyckelsma, Ada Trepci, Lilly Schwieler, Tomas Venckunas, Marius Brazaitis, Sigitas Kaman...
     PMC8465740 · Antioxidants · 2021-09-10
     https://doi.org/10.3390/antiox10091443
     "Sprint interval training in elderly men altered kynurenine pathway metabolism towards neuroprotection. This beneficial shift was prevented by concurrent vitamin C and E supplementation."

  23. Can Low-Dose of Dietary Vitamin E Supplementation Reduce Exercise-Induced Muscle Damage and Oxidative Stress? A Meta-Analysis of Randomized Controlled Trials
     Myunghee Kim, Hyeyoon Eo, Josephine Gahyun Lim, Hyunjung Lim, Yunsook Lim
     PMC9027756 · Nutrients · 2022-04-12
     https://doi.org/10.3390/nu14081599
     "This meta-analysis examined the effects of vitamin E supplementation on exercise-induced muscle damage. Low-dose vitamin E, especially under 500 IU, was found to reduce muscle damage, particularly in athletes."

  24. Supplementation with α-Lipoic Acid, CoQ10, and Vitamin E Augments Running Performance and Mitochondrial Function in Female Mice
     Arkan Abadi, Justin D. Crane, Daniel Ogborn, Bart Hettinga, Mahmood Akhtar, Andrew Stokl, Lauren Mac...
     PMC3614986 · PLoS ONE · 2013-01-01
     https://doi.org/10.1371/journal.pone.0060722
     "This study investigated the effects of an antioxidant cocktail on running performance and mitochondrial function in mice. The supplement improved performance and mitochondrial function in untrained female mice, but not in trained mice."

  25. Oligomerized lychee fruit extract (OLFE) and a mixture of vitamin C and vitamin E for endurance capacity in a double blind randomized controlled trial
     Seung Wan Kang, Seokyung Hahn, Jung-Kyu Kim, Seung-Min Yang, Byung-Joo Park, Sang Chul Lee
     PMC3303472 · Journal of Clinical Biochemistry and Nutrition · 2012-03-01
     https://doi.org/10.3164/jcbn.11-46
     "Oligomerized lychee fruit extract (OLFE) and a vitamin C/E mixture were tested for endurance effects in exercising males. OLFE significantly improved running time and anaerobic threshold, while the vitamin mixture unexpectedly reduced VO2 max."

  26. Low-Frequency Fatigue as an Indicator of Eccentric Exercise-Induced Muscle Injury: The Role of Vitamin E
     Antonios Kyparos, Michalis G. Nikolaidis, Konstantina Dipla, Andreas Zafeiridis, Vassilis Paschalis,...
     PMC3400461 · Oxidative Medicine and Cellular Longevity · 2012-01-01
     https://doi.org/10.1155/2012/628352
     "This study examined if vitamin E reduces eccentric exercise-induced muscle injury in rats, using low-frequency fatigue as an indicator. Vitamin E supplementation improved muscle force decline and recovery, suggesting it attenuates exercise-induced injury."

  27. Modification of the Effect of Vitamin E Supplementation on the Mortality of Male Smokers by Age and Dietary Vitamin C
     Harri Hemilä, Jaakko Kaprio
     PMC2661323 · American Journal of Epidemiology · 2009-04-15
     https://doi.org/10.1093/aje/kwn413
     "Vitamin E supplementation's effect on mortality in male smokers was examined. Its impact varied significantly by age and dietary vitamin C intake, suggesting heterogeneous effects in different population subgroups."

  28. Vitamin C and E Treatment Blunts Sprint Interval Training–Induced Changes in Inflammatory Mediator-, Calcium-, and Mitochondria-Related Signaling in Recreationally Active Elderly Humans
     Victoria L. Wyckelsma, Tomas Venckunas, Marius Brazaitis, Stefano Gastaldello, Audrius Snieckus, Ner...
     PMC7555371 · Antioxidants · 2020-09-17
     https://doi.org/10.3390/antiox9090879
     "Sprint interval training in elderly individuals was studied with and without antioxidant treatment. Antioxidants blunted training-induced cellular signaling changes in muscle, but did not affect performance outcomes."

  29. Complex Effects of Vitamin E and Vitamin C Supplementation on  in Vitro  Neonatal Mononuclear Cell Responses to Allergens
     Heather J. H. Wassall, Graham Devereux, Anthony Seaton, Robert N. Barker
     PMC3798907 · Nutrients · 2013-08-26
     https://doi.org/10.3390/nu5093337
     "This study examined how vitamin E and C supplementation affects neonatal immune cells' response to allergens. Vitamin E showed complex effects, sometimes reducing proliferation and other times increasing it, while vitamin C had varied impacts on cytokine production."

  30. Prior exercise and antioxidant supplementation: effect on oxidative stress and muscle injury
     Richard J Bloomer, Michael J Falvo, Brian K Schilling, Webb A Smith
     PMC2131751 · Journal of the International Society of Sports Nutrition · 2007-01-01
     https://doi.org/10.1186/1550-2783-4-9
     "This study investigated the effects of prior eccentric exercise and antioxidant supplementation on muscle injury and oxidative stress in resistance-trained men. Neither intervention, alone or combined, significantly reduced markers of muscle injury or oxidative stress."

  31. The effects of multi mineral-vitamin D and vitamins (C+E) supplementation in the prevention of preeclampsia: An RCT
     Milad Azami, Tayebe Azadi, Sepidezahra Farhang, Shoobo Rahmati, Khadijeh Pourtaghi
     PMC5510580 · International Journal of Reproductive Biomedicine · 2017-05-01
     "A randomized trial investigated multimineral-vitamin D and vitamins C+E supplementation in pregnant women. Multimineral-vitamin D significantly reduced preeclampsia incidence and neonatal complications compared to controls."

  32. Combined effect of antioxidant supplementation and resistance training on oxidative stress markers, muscle and body composition in an elderly population
     F. Bobeuf; M. Labonte; I.J. Dionne; Abdelouahed Khalil
     PMC12878122 · The Journal of Nutrition, Health & Aging · 2011-07-04
     https://doi.org/10.1007/s12603-011-0097-2
     "This study was aimed to examine the effect of vitamin C/E intake alone or combined with resistance training on antioxidant/pro-oxidant status, muscle strength and body composition in an elderly popula"

  33. Effect of vitamin E succinate on inflammatory cytokines induced by high-intensity interval training
     Hadi Sarir, Ghodsieh Emdadifard, Homayoun Farhangfar, Hossein TaheriChadorneshin
     PMC4766825 · Journal of Research in Medical Sciences : The Official Journal of Isfahan University of Medical Sciences · 2015-12-01
     https://doi.org/10.4103/1735-1995.172986
     "This study investigated vitamin E succinate's effect on inflammatory cytokines after high-intensity interval training in rats. Vitamin E succinate supplementation reduced HIIT-induced increases in IL-6 and TNF-α."

  34. Antioxidant Supplementation Impairs Changes in Body Composition Induced by Strength Training in Young Women
     MAURILIO T. DUTRA, SÁVIO ALEX, ALYSON F. SILVA, LEE E. BROWN, MARTIM BOTTARO
     PMC6413849 · International Journal of Exercise Science · 2019-01-01
     "This study examined the effects of strength training with antioxidant supplementation on body composition in young women. Antioxidant supplementation impaired strength training-induced gains in fat-free mass and reductions in fat mass."

  35. Exhaustive exercise and vitamins C and E modulate thyroid hormone levels at low and high altitudes
     Fahaid Al-Hashem, Mahmoud Alkhateeb, Bahjat Al-Ani, Hussein Sakr, Mohammad Khalil
     PMC4983714 · EXCLI Journal · 2012-08-20
     "Exhaustive exercise and vitamin C/E supplementation were studied in rats at low and high altitudes. The study found that exercise and antioxidants increased thyroid hormones, with reduced T4 to T3 conversion."

  36. Antioxidants and Exercise: A Redox-Informed Framework for Training Adaptation, Performance, and Recovery
     Dan Cristian Mănescu; Andrei Tudor; Andreea Maria Mănescu; Iulius Radulian Mărgărit; Cătălin Octavia...
     PMC13113188 · biomedrxiv · 2026-04-07
     https://doi.org/10.3390/antiox15040456
     "Antioxidants can hinder training adaptations by blunting exercise-induced signals. However, certain food-derived antioxidants may aid recovery without impairing gains. A framework called Redox-Adaptive Periodization is proposed to optimize antioxidant use based on training goals."

  37. Antioxidants and Sports Performance
     Vicente Javier Clemente-Suárez, Álvaro Bustamante-Sanchez, Juan Mielgo-Ayuso, Ismael Martínez-Guarda...
     PMC10220679 · biomedrxiv · 2023-05-18
     https://doi.org/10.3390/nu15102371
     "This review analyzes the role of reactive oxygen species (ROS) and antioxidant responses in sports performance and training adaptations. ROS production during exercise significantly impacts performance, and antioxidants can aid recovery and performance."

  38. Association of vitamin C, vitamin D, vitamin E and risk of bladder cancer: a dose-response meta-analysis
     Fuqiang Chen, Qingshu Li, Yang Yu, Wenrong Yang, Fei Shi, Yan Qu
     PMC5386108 · Scientific Reports · 2015-04-23
     https://doi.org/10.1038/srep09599
     "This meta-analysis examined the link between vitamins C, D, and E and bladder cancer risk. Higher vitamin D and E intake, particularly alpha-tocopherol, may reduce risk, while gamma-tocopherol might increase it, with effects more pronounced in smokers."

  39. Effect of an 8-weeks aerobic training program in elderly on oxidative stress and Hsp72 expression in leukocytes during antioxidant supplementation
     David Simar; D. Malatesta; E. Mas; M. Delage; C. Caillaud
     PMC12878004 · The Journal of Nutrition, Health & Aging · 2011-07-04
     https://doi.org/10.1007/s12603-011-0106-5
     "To investigate the effect of aerobic training in the context of antioxidant supplementation on systemic oxidative stress and leukocytes heat shock protein (Hsp)72 expression in the elderly. Sixteen se"

  40. Effects of Vitamin C Supplementation on Plasma and Urinary Vitamin C Concentration in Korean Women
     Jayoung Choi, Do-Yeon Kim, Ryowon Choue, Hyunjung Lim
     PMC5539213 · Clinical Nutrition Research · 2017-07-01
     https://doi.org/10.7762/cnr.2017.6.3.198
     "This study investigated the effects of 100 mg and 2,000 mg vitamin C supplements on Korean women. Both doses increased plasma and urinary vitamin C, with the higher dose reducing oxidative stress and the lower dose reducing fatigue."

  41. Combination of vitamin E and vitamin C alleviates renal function in hyperoxaluric rats via antioxidant activity
     Orapun JATURAKAN, Thasinas DISSAYABUTRA, Narongsak CHAIYABUTR, Anusak KIJTAWORNRAT, Piyaratana TOSUK...
     PMC5447979 · The Journal of Veterinary Medical Science · 2017-04-08
     https://doi.org/10.1292/jvms.17-0083
     "This study investigated the effects of vitamin E and C on hyperoxaluric rats. Combined vitamin E and C supplementation protected against oxalate-induced kidney damage by reducing oxidative stress."

  42. Vitamin E supplementation and pneumonia risk in males who initiated smoking at an early age: effect modification by body weight and dietary vitamin C
     Harri Hemilä, Jaakko Kaprio
     PMC2603040 · Nutrition Journal · 2008-01-01
     https://doi.org/10.1186/1475-2891-7-33
     "This study examined vitamin E's effect on pneumonia risk in early-smoking males. Vitamin E increased pneumonia risk in underweight and very overweight smokers, especially those with high dietary vitamin C."

  43. Exercise-Induced Oxidative Stress and Dietary Antioxidants
     Abbas Yavari, Maryam Javadi, Parvin Mirmiran, Zahra Bahadoran
     PMC4393546 · PMC · 2015-02-20
     https://www.ncbi.nlm.nih.gov/pmc/articles/PMC4393546/
     "This review examined evidence on antioxidant supplementation and exercise-induced oxidative stress. A balanced diet rich in natural antioxidants is recommended over supplementation for athletes."

  44. Prevention of Mammary Tumorigenesis in Acatalasemic Mice by Vitamin E Supplementation
     Kunihiko Ishii, Li‐Xue Zhen, Da‐hong Wang, Yuka Funamori, Katsuo Ogawa, Kazuhisa Taketa
     PMC5921155 · Japanese Journal of Cancer Research : Gann · 1996-07-01
     https://doi.org/10.1111/j.1349-7006.1996.tb00277.x
     "Acatalasemic mice were studied to assess vitamin E's effect on mammary tumors. Vitamin E supplementation significantly reduced mammary tumor incidence in these mice."

  45. Effects of Vitamin E and Coenzyme Q 10  Supplementation on Oxidative Stress Parameters in Untrained Leisure Horses Subjected to Acute Moderate Exercise
     Alenka Nemec Svete, Tomaž Vovk, Mojca Bohar Topolovec, Peter Kruljc
     PMC8227526 · Antioxidants · 2021-06-03
     https://doi.org/10.3390/antiox10060908
     "This study investigated vitamin E and CoQ10 supplementation in untrained horses undergoing exercise. Vitamin E, alone or combined with CoQ10, prevented exercise-induced lipid peroxidation."

  46. The interaction effects of aerobic exercise training and vitamin D supplementation on plasma lipid profiles and insulin resistance in ovariectomized rats
     Parvin Babaei, Arsalan Damirchi, Rastegar Hoseini
     PMC4624118 · Journal of Exercise Nutrition & Biochemistry · 2015-09-01
     https://doi.org/10.5717/jenb.2015.15070703
     "This study investigated the combined effects of aerobic exercise and vitamin D on ovariectomized rats. The combination significantly improved lipid profiles and reduced insulin resistance."

  47. Effects of ascorbic acid supplementation on oxidative stress markers in healthy women following a single bout of exercise
     Manita Yimcharoen, Suwatsin Kittikunnathum, Chawannut Suknikorn, Wichuda Nak-on, Petcharee Yeethong,...
     PMC6341721 · biomedrxiv · 2019-01-21
     https://doi.org/10.1186/s12970-019-0269-8
     "This study investigated ascorbic acid's effects on oxidative stress markers in women after exercise. Ascorbic acid improved antioxidant capacity but did not prevent exercise-induced muscle damage."

  48. Effect of Vitamins A, C, and E Supplementation in the Treatment of Metabolic Syndrome in Albino Rats
     L. S. Bilbis, S. A. Muhammad, Y. Saidu, Y. Adamu
     PMC3431076 · Biochemistry Research International · 2012-01-01
     https://doi.org/10.1155/2012/678582
     "This study examined the effects of vitamins A, C, and E on metabolic syndrome in rats fed a high-salt diet. Vitamin supplementation significantly reduced blood pressure, improved lipid profiles, and increased antioxidant status, suggesting a protective role."

  49. Exercise-Induced Oxidative Stress and the Effects of Antioxidant Intake from a Physiological Viewpoint
     Takuji Kawamura, Isao Muraoka
     PMC6162669 · PMC · 2018-09-05
     https://www.ncbi.nlm.nih.gov/pmc/articles/PMC6162669/
     "This review examines exercise-induced oxidative stress and the impact of antioxidant intake in healthy individuals. It finds that while exercise increases reactive oxygen species, antioxidant supplementation's effects are extensively studied but complex."

  50. Exercise performance and physiological responses: the potential role of redox imbalance
     Kavey Vidal, Nathaniel Robinson, Stephen J. Ives
     PMC5392515 · biomedrxiv · 2017-03-31
     https://doi.org/10.14814/phy2.13225
     "This study investigated the effects of hyperoxia and an antioxidant cocktail on cycling performance and physiological responses. Ingesting an antioxidant cocktail impaired performance, ventilation, and economy, suggesting a disruption of redox balance."

  51. The Effect of Combined Vitamin C and Vitamin E Supplementation on Oxidative Stress Markers in Women with Endometriosis: A Randomized, Triple-Blind Placebo-Controlled Clinical Trial
     Leila Amini, Razieh Chekini, Mohammad Reza Nateghi, Hamid Haghani, Tannaz Jamialahmadi, Thozhukat Sa...
     PMC8172324 · Pain Research & Management · 2021-01-01
     https://doi.org/10.1155/2021/5529741
     "This study investigated the effects of combined vitamin C and E supplementation on oxidative stress and pain in women with endometriosis. The supplementation significantly reduced oxidative stress markers and pelvic pain symptoms."

  52. Antioxidants and Skeletal Muscle Performance: “Common Knowledge” vs. Experimental Evidence
     Andrés Hernández, Arthur Cheng, Håkan Westerblad
     PMC3298958 · PMC · 2012-03-12
     https://www.ncbi.nlm.nih.gov/pmc/articles/PMC3298958/
     "This paper reviews experimental evidence on the effects of antioxidants on skeletal muscle performance. Findings suggest that common beliefs about antioxidant benefits may not be supported by scientific data and could potentially be harmful."

  53. Effects of vitamin D supplementation and circuit training on indices of obesity and insulin resistance in T2D and vitamin D deficient elderly women
     Hyoung-Jun Kim, Chang-Kyun Kang, Hyon Park, Man-Gyoon Lee
     PMC4241902 · Journal of Exercise Nutrition & Biochemistry · 2014-09-01
     https://doi.org/10.5717/jenb.2014.18.3.249
     "This study examined the effects of vitamin D and circuit training on obese, vitamin D-deficient elderly women with type 2 diabetes. Circuit training alone improved body composition, abdominal fat, and blood lipids, while combined treatment showed a trend toward improved insulin resistance."

  54. The effect of combined resistance exercise training and vitamin D 3  supplementation on musculoskeletal health and function in older adults: a systematic review and meta-analysis
     Anneka Elizabeth Antoniak, Carolyn A Greig
     PMC5541589 · BMJ Open · 2017-01-01
     https://doi.org/10.1136/bmjopen-2016-014619
     "This systematic review evaluated combined resistance exercise and vitamin D supplementation in older adults. The combination significantly improved lower limb muscle strength compared to exercise alone."

  55. Vitamin E Supplementation Delays Cellular Senescence  In Vitro
     Giorgio La Fata, Nicole Seifert, Peter Weber, M. Hasan Mohajeri
     PMC4647025 · BioMed Research International · 2015-01-01
     https://doi.org/10.1155/2015/563247
     "This study investigated vitamin E's effect on cellular senescence in human cells. Vitamin E supplementation reduced senescent cells by downregulating P21 expression."

  56. Oxidant Antioxidants and Adaptive Responses to Exercise
     Paola Venditti, Mari Carmen Gomez-Cabrera, Yong Zhang, Zsolt Radak
     PMC4388022 · Oxidative Medicine and Cellular Longevity · 2015-01-01
     https://doi.org/10.1155/2015/290190

  57. A metabolomic investigation of the effects of vitamin E supplementation in humans
     Max Wong, John K Lodge
     PMC3541165 · Nutrition & Metabolism · 2012-01-01
     https://doi.org/10.1186/1743-7075-9-110
     "This study investigated plasma metabolome changes after vitamin E supplementation in healthy males. Vitamin E supplementation altered lysophosphatidylcholine levels, suggesting an influence on phospholipid metabolism."

  58. Nordic Walking Training Causes a Decrease in Blood Cholesterol in Elderly Women Supplemented with Vitamin D
     Krzysztof Prusik, Jakub Kortas, Katarzyna Prusik, Jan Mieszkowski, Joanna Jaworska, Wojciech Skrobot...
     PMC5826219 · Frontiers in Endocrinology · 2018-02-20
     https://doi.org/10.3389/fendo.2018.00042
     "Nordic Walking training combined with vitamin D supplementation was studied in elderly women. This intervention significantly decreased total cholesterol, LDL-C, and triglycerides."

  59. Tissue-Specific Effects of Vitamin E Supplementation
     Eugene Jansen, Dale Viezeliene, Piet Beekhof, Eric Gremmer, Leonid Ivanov
     PMC4964537 · International Journal of Molecular Sciences · 2016-07-19
     https://doi.org/10.3390/ijms17071166
     "A study supplemented mice with varying vitamin E doses, including a high dose (25× RDI). High vitamin E intake showed beneficial effects in male mouse livers but caused toxicity and inflammation in male mouse kidneys."

  60. The effect of aquatic training and vitamin D3 supplementation on bone metabolism in postmenopausal obese women
     Foroozandeh Zaravar, Gholamhossein Tamaddon, Leila Zaravar, Maryam Koushkie Jahromi
     PMC10828811 · Journal of Exercise Science and Fitness · 2024-01-12
     https://doi.org/10.1016/j.jesf.2024.01.002
     "This study investigated the effects of aquatic training and vitamin D3 supplementation on bone metabolism in postmenopausal obese women. Combining both interventions was most effective for improving bone metabolism, while vitamin D alone was insufficient and aquatic training did not improve vitamin D levels."

  61. Marginal vitamin C status is associated with reduced fat oxidation during submaximal exercise in young adults
     Carol S Johnston, Corinne Corte, Pamela D Swan
     PMC1564400 · biomedrxiv · 2006-01-01
     https://doi.org/10.1186/1743-7075-3-35
     "Marginal vitamin C status was studied in relation to fat oxidation during submaximal exercise. Low vitamin C status was associated with reduced fat oxidation, which was improved by vitamin C repletion."

  62. Mitigating the Growth, Biochemical Changes, Genotoxic and Pathological Effects of Copper Toxicity in Broiler Chickens by Supplementing Vitamins C and E
     Mohamed A. Hashem, Sahar S. Abd El Hamied, Eman M. A. Ahmed, Shimaa A. Amer, Mohamed E. El-Sharnouby
     PMC8234185 · Animals : an Open Access Journal from MDPI · 2021-06-17
     https://doi.org/10.3390/ani11061811
     "This study investigated the effects of copper sulfate toxicity and vitamin C/E supplementation on broiler chickens. Vitamins C and E, especially when combined, helped mitigate the negative impacts of copper toxicity on growth and liver health."

  63. Carbon tetrachloride-induced liver disease in rats: the potential effect of supplement oils with vitamins E and C on the nutritional status
     Rasha S. A. Ismail, Ashraf A. A. El-Megeid, Aly R. Abdel-Moemin
     PMC2716554 · GMS German Medical Science · 2009-06-30
     https://doi.org/10.3205/000064
     "This study investigated the effects of different oils and vitamin supplementation on carbon tetrachloride-induced liver damage in rats. Supplementing oils with vitamins E and C, particularly flaxseed oil, significantly improved liver function and histology."

  64. Redox correlation in muscle lengthening and immune response in eccentric exercise
     Feng He, Chia-Chen Chuang, Tingyang Zhou, Qing Jiang, Darlene A. Sedlock, Li Zuo
     PMC6307742 · biomedrxiv · 2018-12-27
     https://doi.org/10.1371/journal.pone.0208799
     "Eccentric exercise in mice and humans was studied for its effects on muscle function and immune cells. Antioxidant supplementation attenuated exercise-induced changes in anti-apoptotic proteins and may protect against muscle dysfunction."

  65. Proteome-Driven Elucidation of Adaptive Responses
to Combined Vitamin E and C Deficiency in Zebrafish
     Ievgen Motorykin, Maret
G. Traber, Robert L. Tanguay, Claudia S. Maier
     PMC3993953 · Journal of Proteome Research · 2015-01-29
     https://doi.org/10.1021/pr401108d
     "This study investigated the proteomic changes in zebrafish due to combined vitamin E and C deficiency. Vitamin C deficiency, especially with vitamin E deficiency, induces stress responses and shifts cellular energy metabolism."

  66. Effects of Dietary Vitamin C Supplementation on Vitamin C Synthesis, Transport, and Egg Deposition in Breeding Geese
     Yanglei Hu, Rong Xu, Yating Zhou, Ning Li, Haiming Yang, Jian Wang, Hongchang Zhao, Jun Yu
     PMC12785077 · Animals : an Open Access Journal from MDPI · 2026-01-05
     https://doi.org/10.3390/ani16010148
     "This study investigated the impact of dietary vitamin C on vitamin C levels and transport in breeding geese. Supplementation increased vitamin C in egg yolks and serum by enhancing intestinal absorption and yolk deposition, while suppressing synthesis."

  67. Comparison of the effects of two antioxidant diets on oxidative stress markers in triathletes
     Claudia D. Schneider, Patricia M. Bock, Georgia F. Becker, Jose Claudio F. Moreira, Adriane Bello-Kl...
     PMC6234303 · biomedrxiv · 2018-03-30
     https://doi.org/10.5114/biolsport.2018.74194
     "This study compared the effects of regular and high antioxidant diets on oxidative stress markers in triathletes. A high antioxidant diet improved several markers of redox status in the athletes."

  68. Combined effect of high-dose vitamin A, vitamin E supplementation, and zinc on adult patients with diabetes: A randomized trial
     Eman Said, Shrook Mousa, May Fawzi, Nirmeen A. Sabry, Samar Farid
     PMC7753230 · Journal of Advanced Research · 2020-06-21
     https://doi.org/10.1016/j.jare.2020.06.013
     "This randomized trial investigated the effects of vitamin A plus E supplementation, with and without zinc, on adult patients with type 2 diabetes. The combination of vitamins A and E with zinc significantly improved glycemic control and insulin secretion compared to a control group."

  69. Combined effects of vitamin D supplementation and endurance exercise training on insulin resistance in newly diagnosed type 2 diabetes mellitus patients with vitamin D deficiency: study protocol for a randomized controlled trial
     Mi Xiang, Xiaomin Sun, Junxiang Wei, Zhen-Bo Cao
     PMC8647429 · Trials · 2021-12-06
     https://doi.org/10.1186/s13063-021-05861-x
     "This study protocol outlines a randomized controlled trial investigating the combined effects of vitamin D and endurance exercise on insulin resistance in newly diagnosed type 2 diabetes patients. The research aims to determine if this combination offers synergistic benefits beyond individual interventions."

  70. Antioxidant Supplementation Hinders the Role of Exercise Training as a Natural Activator of SIRT1
     Carmine Sellitto, Graziamaria Corbi, Berenice Stefanelli, Valentina Manzo, Marta Trucillo, Bruno Cha...
     PMC9146003 · Nutrients · 2022-05-17
     https://doi.org/10.3390/nu14102092
     "Exercise training increases SIRT1 levels, which boosts the body's antioxidant system. However, antioxidant supplements appear to interfere with this exercise-induced activation of SIRT1."

  71. Editorial: Exercise-induced oxidative stress and the role of antioxidants in sport and exercise
     Hannah J. Moir, Marcin Maciejczyk, Mateusz Maciejczyk, Felipe J. Aidar, Hamid Arazi
     PMC10466035 · Frontiers in Sports and Active Living · 2023-08-15
     https://doi.org/10.3389/fspor.2023.1269826

  72. The association of oxidative stress of neonatal hyperbilirubinemia and vitamin E supplementation
     Mohamed Zaeim Hafez Ahmed, Reham Helmy Amin Helmy Saad, Ahmad Gadalla, Ramadan Hassan Ibrahim Thabet...
     PMC11100342 · Clinical and Experimental Hepatology · 2024-03-17
     https://doi.org/10.5114/ceh.2024.136230
     "This study investigated the effect of vitamin E supplementation on neonatal hyperbilirubinemia treated with phototherapy. Vitamin E significantly reduced serum bilirubin levels and the duration of phototherapy."

  73. International Society of Sports Nutrition position stand: effects of dietary antioxidants on exercise and sports performance
     Drew E. Gonzalez; Broderick L. Dickerson; Brandon M. Roberts; Jennifer A. Kurtz; Hunter S. Waldman; ...
     PMC12915426 · Journal of the International Society of Sports Nutrition · 2026-02-17
     https://doi.org/10.1080/15502783.2026.2629828
     "Following a comprehensive review, the International Society of Sports Nutrition (ISSN) has developed an official position on the role of dietary antioxidants in exercise and sport. Antioxidants play a"

  74. Vitamin E Dietary Supplementation Improves Neurological Symptoms and Decreases c-Abl/p73 Activation in Niemann-Pick C Mice
     Tamara Marín, Pablo Contreras, Juan Francisco Castro, David Chamorro, Elisa Balboa, Mònica Bosch-Mor...
     PMC4145291 · Nutrients · 2014-07-30
     https://doi.org/10.3390/nu6083000
     "Dietary vitamin E supplementation was studied in Niemann-Pick C mice to assess its impact on neurological symptoms and disease progression. The supplementation delayed neurodegeneration, improved motor function, and reduced markers of oxidative stress and apoptosis."

  75. Resistance-Trained Individuals Are Less Susceptible to Oxidative Damage after Eccentric Exercise
     Ypatios Spanidis, Dimitrios Stagos, Christina Papanikolaou, Konstantina Karatza, Andria Theodosi, Ar...
     PMC6079342 · biomedrxiv · 2018-01-01
     https://doi.org/10.1155/2018/6857190
     "Resistance-trained individuals experienced less oxidative damage and had a stronger antioxidant profile after eccentric exercise compared to untrained individuals. This suggests training status significantly influences exercise-induced oxidative stress and recovery."

  76. Effect of vitamin C and vitamin E on lung contusion: A randomized clinical trial study
     Davoodabadi Abdoulhossein, Iman Taheri, Mohammad ali Saba, Hossein Akbari, Shima Shafagh, Asemi Zata...
     PMC6240669 · Annals of Medicine and Surgery · 2018-11-09
     https://doi.org/10.1016/j.amsu.2018.10.026
     "This study investigated the effect of vitamins C and E on lung contusion patients. Co-administration of these vitamins improved arterial blood gas parameters and reduced ICU stay."

  77. Antioxidant Effects and Insulin Resistance Improvement of Chromium Combined with Vitamin C and E Supplementation for Type 2 Diabetes Mellitus
     Ming-Hoang Lai
     PMC2581761 · Journal of Clinical Biochemistry and Nutrition · 2008-11-01
     https://doi.org/10.3164/jcbn.2008064
     "This study investigated the effects of chromium, vitamin C, and E supplementation on type 2 diabetes patients. Combined supplementation significantly reduced oxidative stress and improved glucose metabolism."

  78. Acute exercise and oxidative stress: a 30 year history
     Kelsey Fisher-Wellman, Richard J Bloomer
     PMC2642810 · PMC · 2009-01-01
     https://www.ncbi.nlm.nih.gov/pmc/articles/PMC2642810/
     "Acute exercise can induce oxidative stress, with its extent influenced by exercise and subject factors. This stress, however, appears to be a necessary stimulus for enhancing endogenous antioxidant defenses."

  79. Effect of vitamins C or E supplementation to Tris diluent on the semen quality of Awassi rams preserved at 5 ˚C
     Osama Ibrahim Azawi, Elias Khudhur Hussein
     PMC4312374 · Veterinary Research Forum · 2013-01-01
     "This study investigated the effect of adding vitamins C or E to a semen diluent for Awassi rams stored at 5°C. Adding vitamins C or E improved sperm motility, viability, and reduced abnormalities during storage."

  80. Effect of vitamin E supplementation on chicken sperm quality: A meta-analysis
     Sari Yanti Hayanti, Cecep Hidayat, Anuraga Jayanegara, Mohammad Miftakhus Sholikin, Supardi Rusdiana...
     PMC8980400 · Veterinary World · 2022-02-01
     https://doi.org/10.14202/vetworld.2022.419-426
     "This meta-analysis examined the effect of dietary vitamin E on rooster sperm quality. Vitamin E supplementation significantly improved sperm concentration, motility, viability, and fertility, while reducing sperm death."

  81. A blinded, placebo‐controlled study on the clinical effects of vitamin E supplementation in dogs with osteoarthritis
     Casey L. Gordon, Samantha J. Reeves, Richard K. Burchell, Craig Thomson, Arnon Gal, Nicolas Lopez‐Vi...
     PMC10472994 · Journal of Veterinary Internal Medicine · 2023-07-31
     https://doi.org/10.1111/jvim.16816
     "This study investigated vitamin E supplementation in dogs with osteoarthritis. Vitamin E did not improve pain, lameness, quality of life, or reduce pain medication needs."

  82. The Effect of Antioxidant Supplementation on Fatigue during Exercise: Potential Role for NAD + (H)
     John Mach, Adrian W. Midgley, Steve Dank, Ross S. Grant, David J. Bentley
     PMC3257644 · Nutrients · 2010-03-10
     https://doi.org/10.3390/nu2030319
     "This study investigated the impact of antioxidant supplementation on exercise fatigue and NAD+ levels. Antioxidant supplementation increased exercise time to fatigue and serum NAD+ levels, suggesting reduced oxidative stress improved aerobic respiration."

  83. Effect of six weeks 1000 mg/day vitamin C supplementation and healthy training in elderly women on genes expression associated with the immune response - a randomized controlled trial
     Małgorzata Żychowska, Agata Grzybkowska, Mariusz Zasada, Anna Piotrowska, Danuta Dworakowska, Olga C...
     PMC7923494 · Journal of the International Society of Sports Nutrition · 2021-03-02
     https://doi.org/10.1186/s12970-021-00416-6
     "This study examined the effect of vitamin C supplementation and exercise on immune gene expression in elderly women. While most genes showed no significant change, vitamin C supplementation showed a tendency to alter IL-6 and IL-10 expression."

  84. Effects of vitamin E supplementation on sow gestation: a meta-analysis
     Ni Wayan Helpina Widyasanti, Sari Yanti Hayanti, Cecep Hidayat, I. Putu Cahyadi Putra, Jonathan Anug...
     PMC12483425 · Open Veterinary Journal · 2025-01-01
     https://doi.org/10.5455/OVJ.2025.v15.i7.31
     "This meta-analysis evaluated vitamin E supplementation in pregnant sows. Vitamin E significantly increased serum α-tocopherol in sows and piglets, but did not affect litter size or weight."

  85. The effect of an acute antioxidant supplementation compared with placebo on performance and hormonal response during a high volume resistance training session
     James Ackerman, Tom Clifford, Lars R McNaughton, David J Bentley
     PMC4234291 · Journal of the International Society of Sports Nutrition · 2014-01-01
     https://doi.org/10.1186/1550-2783-11-10
     "An antioxidant supplement was compared to a placebo before a high-volume resistance training session. The antioxidant group showed improved muscle performance and a blunted growth hormone response."

  86. Effect of vitamin e supplementation with exercise on cognitive functions and total antioxidant capacity in older people
     E. Çetin; E.C. Top; G. Şahin; Y. Gül. Özkaya; H. Aydin; F. Toraman
     PMC12880339 · The Journal of Nutrition, Health & Aging · 2010-07-30
     https://doi.org/10.1007/s12603-010-0256-x
     "We investigated the effects of six months vitamin E administration on cognition evaluated by event-related potentials in exercising older subjects. Randomised controlled trial. Retirement home in Anta"

  87. Vitamin E (α-tocopherol) supplementation in diabetic rats: effects on the proximal colon
     Luciana P Roldi, Renata VF Pereira, Eleandro A Tronchini, Gabriela V Rizo, Célia R Scoaris, Jacqueli...
     PMC2788574 · BMC Gastroenterology · 2009-01-01
     https://doi.org/10.1186/1471-230X-9-88
     "This study investigated the effects of vitamin E supplementation on the proximal colons of diabetic rats. Vitamin E (2%) reduced blood sugar and protected myenteric neurons, but did not alter intestinal wall structure."

  88. Oxidants, Antioxidants, and the Beneficial Roles of Exercise-Induced Production of Reactive Species
     Elisa Couto Gomes, Albená Nunes Silva, Marta Rubino de Oliveira
     PMC3372226 · PMC · 2012-01-01
     https://www.ncbi.nlm.nih.gov/pmc/articles/PMC3372226/
     "This review examines reactive species produced during exercise and their impact on adaptation. Exercise-induced reactive species promote beneficial adaptations like angiogenesis and muscle growth."

  89. Supplementation of L-Arginine, L-Glutamine, Vitamin C, Vitamin E, Folic Acid, and Green Tea Extract Enhances Serum Nitric Oxide Content and Antifatigue Activity in Mice
     Yi-Ming Chen, Huashuai Li, Yen-Shuo Chiu, Chi-Chang Huang, Wen-Chyuan Chen
     PMC7171648 · Evidence-based Complementary and Alternative Medicine : eCAM · 2020-01-01
     https://doi.org/10.1155/2020/8312647
     "A combined extract of L-arginine, L-glutamine, vitamins C and E, folic acid, and green tea extract was administered to mice. This supplementation increased nitric oxide content and improved exercise performance, suggesting an antifatigue effect."

[239ms, saved to s_c4ba1e37]

💡 Extract data across these results with: map --from s_c4ba1e37 "your question"
[239ms, saved to s_c4ba1e37]

