Found 88 papers  [s_e40af564]

  1. Can supplementation with vitamin C and E alter physiological adaptations to strength training?
     Gøran Paulsen, Kristoffer T Cumming, Håvard Hamarsland, Elisabet Børsheim, Sveinung Berntsen, Truls ...
     PMC4114441 · BMC Sports Science, Medicine and Rehabilitation · 2014-01-01
     https://doi.org/10.1186/2052-1847-6-28
     "High doses of vitamins C and E were tested for their effects on strength training adaptations in young and older men. Supplementation blunted adaptations in young men but showed potential benefits in older men."

  2. Effects of vitamin C and E supplementation on endogenous antioxidant systems and heat shock proteins in response to endurance training
     Kristoffer T. Cumming, Truls Raastad, Geir Holden, Nasser E. Bastani, Damaris Schneeberger, Maria Pa...
     PMC4254089 · Physiological Reports · 2014-10-01
     https://doi.org/10.14814/phy2.12142
     "This study examined vitamin C and E supplementation's effects on antioxidant and heat shock protein systems during endurance training. Supplementation did not alter long-term training adaptations but increased acute exercise stress responses."

  3. Vitamin C and E supplementation does not affect heat shock proteins or endogenous antioxidants in trained skeletal muscles during 12 weeks of strength training
     K. T. Cumming, T. Raastad, A. Sørstrøm, M. P. Paronetto, N. Mercatelli, I. Ugelstad, D. Caporossi, G...
     PMC7050865 · BMC nutrition · 2017-08-17
     https://doi.org/10.1186/s40795-017-0185-8
     "This study examined the impact of vitamin C and E supplementation on trained individuals undergoing strength training. The supplementation did not alter acute exercise stress responses or long-term adaptations in heat shock proteins or endogenous antioxidants."

  4. The effect of an acute antioxidant supplementation compared with placebo on performance and hormonal response during a high volume resistance training session
     James Ackerman, Tom Clifford, Lars R McNaughton, David J Bentley
     PMC4234291 · Journal of the International Society of Sports Nutrition · 2014-01-01
     https://doi.org/10.1186/1550-2783-11-10
     "An antioxidant supplement was compared to a placebo before a high-volume resistance training session. The antioxidant group showed improved muscle performance and a blunted growth hormone response."

  5. The effects of antioxidant vitamin supplementation on resistance exercise induced lipid peroxidation in trained and untrained participants
     Peter E Viitala, Ian J Newhouse, Norm LaVoie, Christine Gottardo
     PMC479696 · Lipids in Health and Disease · 2004-01-01
     https://doi.org/10.1186/1476-511X-3-14
     "This study investigated the impact of vitamin E supplementation on exercise-induced lipid peroxidation in trained and untrained individuals. Vitamin E supplementation did not reduce oxidative damage, and training status did not affect lipid peroxidation levels post-exercise."

  6. Effect of Antioxidant Supplementation on Exercise-Induced Cardiac Troponin Release in Cyclists: A Randomized Trial
     Lieke J. J. Klinkenberg, Peter T. Res, Guido R. Haenen, Aalt Bast, Luc J. C. van Loon, Marja P. van ...
     PMC3834092 · PLoS ONE · 2013-01-01
     https://doi.org/10.1371/journal.pone.0079280
     "This study investigated the impact of astaxanthin supplementation on exercise-induced cardiac troponin release in cyclists. Astaxanthin supplementation did not reduce cardiac troponin release after prolonged cycling, nor did it improve antioxidant capacity or markers of muscle damage."

  7. Antioxidant Supplementation Impairs Changes in Body Composition Induced by Strength Training in Young Women
     MAURILIO T. DUTRA, SÁVIO ALEX, ALYSON F. SILVA, LEE E. BROWN, MARTIM BOTTARO
     PMC6413849 · International Journal of Exercise Science · 2019-01-01
     "This study examined the effects of strength training with antioxidant supplementation on body composition in young women. Antioxidant supplementation impaired strength training-induced gains in fat-free mass and reductions in fat mass."

  8. Prior exercise and antioxidant supplementation: effect on oxidative stress and muscle injury
     Richard J Bloomer, Michael J Falvo, Brian K Schilling, Webb A Smith
     PMC2131751 · Journal of the International Society of Sports Nutrition · 2007-01-01
     https://doi.org/10.1186/1550-2783-4-9
     "This study investigated the effects of prior eccentric exercise and antioxidant supplementation on muscle injury and oxidative stress in resistance-trained men. Neither intervention, alone or combined, significantly reduced markers of muscle injury or oxidative stress."

  9. Effects of Quercetin and Citrulline on Nitric Oxide Metabolites and Antioxidant Biomarkers in Trained Cyclists
     Jennifer A. Kurtz, Rafaela G. Feresin, Jacob Grazer, Jeff Otis, Kathryn E. Wilson, J. Andrew Doyle, ...
     PMC11767657 · Nutrients · 2025-01-09
     https://doi.org/10.3390/nu17020224
     "This study investigated the effects of quercetin and citrulline supplementation on nitric oxide and antioxidant biomarkers in trained cyclists. Neither combined nor independent supplementation significantly improved these biomarkers, suggesting limited ergogenic efficacy in this context."

  10. Controversies of antioxidant vitamins supplementation in exercise: ergogenic or ergolytic effects in humans?
     Cainara Lins Draeger, Andréia Naves, Natália Marques, Ana Beatriz Baptistella, Renata Alves Carnauba...
     PMC3975949 · Journal of the International Society of Sports Nutrition · 2014-01-01
     https://doi.org/10.1186/1550-2783-11-4
     "This commentary reviews recent studies on antioxidant vitamin supplementation and exercise-induced oxidative stress. Findings are controversial, with supplementation showing ergogenic, ergolytic, or no effects on physiological parameters and antioxidant enzyme activity."

  11. Mitochondria-targeted antioxidant supplementation improves 8 km time trial performance in middle-aged trained male cyclists
     S. C. Broome, A. J. Braakhuis, C. J. Mitchell, T. L. Merry
     PMC8379793 · Journal of the International Society of Sports Nutrition · 2021-08-21
     https://doi.org/10.1186/s12970-021-00454-0
     "This study investigated the effect of MitoQ supplementation on cycling performance in trained male cyclists. MitoQ supplementation improved 8km time trial performance and increased average power output."

  12. Antioxidant Supplementation Hinders the Role of Exercise Training as a Natural Activator of SIRT1
     Carmine Sellitto, Graziamaria Corbi, Berenice Stefanelli, Valentina Manzo, Marta Trucillo, Bruno Cha...
     PMC9146003 · Nutrients · 2022-05-17
     https://doi.org/10.3390/nu14102092
     "Exercise training increases SIRT1 levels, which boosts the body's antioxidant system. However, antioxidant supplements appear to interfere with this exercise-induced activation of SIRT1."

  13. Vitamin C and E Supplementation Effects in Professional Soccer Players Under Regular Training
     Claudio C Zoppi, Rodrigo Hohl, Fernando C Silva, Fernanda L Lazarim, Joaquim MF Antunes Neto, Mirtes...
     PMC2129167 · Journal of the International Society of Sports Nutrition · 2006-01-01
     https://doi.org/10.1186/1550-2783-3-2-37
     "This study investigated vitamin C and E supplementation in professional soccer players during training. Supplementation reduced lipid peroxidation and muscle damage but did not improve performance."

  14. Effects of antioxidant supplementation on oxidative stress balance in young footballers- a randomized double-blind trial
     Błażej Stankiewicz, Mirosława Cieślicka, Sławomir Kujawski, Elżbieta Piskorska, Tomasz Kowalik, Just...
     PMC8185910 · Journal of the International Society of Sports Nutrition · 2021-06-07
     https://doi.org/10.1186/s12970-021-00447-z
     "Young footballers were given chokeberry juice for 7 weeks to study its effect on oxidative stress. The supplementation did not significantly alter oxidative stress markers, biochemical parameters, or performance."

  15. Effects of Peanut Protein Supplementation on Resistance Training Adaptations in Younger Adults
     Casey L. Sexton, Morgan A. Smith, Kristen S. Smith, Shelby C. Osburn, Joshua S. Godwin, Bradley A. R...
     PMC8621247 · Nutrients · 2021-11-09
     https://doi.org/10.3390/nu13113981
     "Peanut protein supplementation was studied alongside resistance training in young adults. The supplement did not affect muscle protein synthesis or strength gains in males and females."

  16. Impact of Polyphenol Supplementation on Acute and Chronic Response to Resistance Training
     Kyle S. Beyer, Jeffrey R. Stout, David H. Fukuda, Adam R. Jajtner, Jeremy R. Townsend, David D. Chur...
     PMC5662159 · Journal of Strength and Conditioning Research · 2017-11-01
     https://doi.org/10.1519/JSC.0000000000002104
     "This study examined polyphenol blend supplementation's effects on resistance training adaptations. Supplementation increased antioxidant capacity but did not alter strength gains compared to placebo."

  17. Does Vitamin C and E Supplementation Impair the Favorable Adaptations of Regular Exercise?
     Michalis G. Nikolaidis, Chad M. Kerksick, Manfred Lamprecht, Steven R. McAnulty
     PMC3425865 · Oxidative Medicine and Cellular Longevity · 2012-01-01
     https://doi.org/10.1155/2012/707941
     "This study investigated whether vitamin C and E supplementation interferes with exercise adaptations. High doses of these vitamins are not recommended for exercising individuals due to conflicting evidence on their efficacy and potential harm."

  18. Additional Effects of Nutritional Antioxidant Supplementation on Peripheral Muscle during Pulmonary Rehabilitation in COPD Patients: A Randomized Controlled Trial
     Fares Gouzi, Jonathan Maury, Nelly Héraud, Nicolas Molinari, Héléna Bertet, Bronia Ayoub, Marine Bla...
     PMC6501222 · Oxidative Medicine and Cellular Longevity · 2019-01-01
     https://doi.org/10.1155/2019/5496346
     "This study investigated the effects of antioxidant supplementation during pulmonary rehabilitation in COPD patients. Supplementation did not improve muscle endurance but enhanced muscle strength and reduced muscle weakness."

  19. Antioxidants and Exercise: A Redox-Informed Framework for Training Adaptation, Performance, and Recovery
     Dan Cristian Mănescu; Andrei Tudor; Andreea Maria Mănescu; Iulius Radulian Mărgărit; Cătălin Octavia...
     PMC13113188 · biomedrxiv · 2026-04-07
     https://doi.org/10.3390/antiox15040456
     "Antioxidants can hinder training adaptations by blunting exercise-induced signals. However, certain food-derived antioxidants may aid recovery without impairing gains. A framework called Redox-Adaptive Periodization is proposed to optimize antioxidant use based on training goals."

  20. Effects of arachidonic acid supplementation on training adaptations in resistance-trained males
     Michael D Roberts, Mike Iosia, Chad M Kerksick, Lem W Taylor, Bill Campbell, Colin D Wilborn, Travis...
     PMC2217562 · Journal of the International Society of Sports Nutrition · 2007-01-01
     https://doi.org/10.1186/1550-2783-4-21
     "This study investigated arachidonic acid (AA) supplementation's effects on resistance-trained males. AA supplementation enhanced anaerobic capacity and reduced inflammation, but did not significantly improve strength, muscle mass, or hypertrophy markers."

  21. Effects of Methoxyisoflavone, Ecdysterone, and Sulfo-Polysaccharide Supplementation on Training Adaptations in Resistance-Trained Males
     Colin D Wilborn, Lemuel W Taylor, Bill I Campbell, Chad Kerksick, Chris J Rasmussen, Michael Greenwo...
     PMC2129166 · Journal of the International Society of Sports Nutrition · 2006-01-01
     https://doi.org/10.1186/1550-2783-3-2-19
     "Methoxyisoflavone, ecdysterone, and sulfo-polysaccharide were studied for their effects on resistance-trained males. Supplementation did not improve body composition, strength, or anabolic/catabolic markers."

  22. Antioxidants and Skeletal Muscle Performance: “Common Knowledge” vs. Experimental Evidence
     Andrés Hernández, Arthur Cheng, Håkan Westerblad
     PMC3298958 · PMC · 2012-03-12
     https://www.ncbi.nlm.nih.gov/pmc/articles/PMC3298958/
     "This paper reviews experimental evidence on the effects of antioxidants on skeletal muscle performance. Findings suggest that common beliefs about antioxidant benefits may not be supported by scientific data and could potentially be harmful."

  23. Exercise performance and physiological responses: the potential role of redox imbalance
     Kavey Vidal, Nathaniel Robinson, Stephen J. Ives
     PMC5392515 · biomedrxiv · 2017-03-31
     https://doi.org/10.14814/phy2.13225
     "This study investigated the effects of hyperoxia and an antioxidant cocktail on cycling performance and physiological responses. Ingesting an antioxidant cocktail impaired performance, ventilation, and economy, suggesting a disruption of redox balance."

  24. Antioxidants and Sports Performance
     Vicente Javier Clemente-Suárez, Álvaro Bustamante-Sanchez, Juan Mielgo-Ayuso, Ismael Martínez-Guarda...
     PMC10220679 · biomedrxiv · 2023-05-18
     https://doi.org/10.3390/nu15102371
     "This review analyzes the role of reactive oxygen species (ROS) and antioxidant responses in sports performance and training adaptations. ROS production during exercise significantly impacts performance, and antioxidants can aid recovery and performance."

  25. Training Enhances Immune Cells Mitochondrial Biosynthesis, Fission, Fusion, and Their Antioxidant Capabilities Synergistically with Dietary Docosahexaenoic Supplementation
     Carla Busquets-Cortés, Xavier Capó, Miquel Martorell, Josep A. Tur, Antoni Sureda, Antoni Pons
     PMC5028859 · Oxidative Medicine and Cellular Longevity · 2016-01-01
     https://doi.org/10.1155/2016/8950384
     "Training and DHA supplementation increased mitochondrial proteins and activity in immune cells. This combined intervention enhanced mitochondrial function more than training alone."

  26. Effects of Urolithin A supplementation on performance and antioxidant status in academy soccer players during preseason: a pilot randomised controlled trial
     Andrea Monsalve Acevedo, Colin Sanctuary, Robert John Aitken, Alex Wilkins, Natasha Harrison, Mitche...
     PMC12611738 · Frontiers in Nutrition · 2025-10-30
     https://doi.org/10.3389/fnut.2025.1674446
     "This pilot study investigated Urolithin A supplementation in academy soccer players during preseason training. Urolithin A supplementation significantly improved aerobic endurance compared to placebo."

  27. International Society of Sports Nutrition position stand: effects of dietary antioxidants on exercise and sports performance
     Drew E. Gonzalez; Broderick L. Dickerson; Brandon M. Roberts; Jennifer A. Kurtz; Hunter S. Waldman; ...
     PMC12915426 · Journal of the International Society of Sports Nutrition · 2026-02-17
     https://doi.org/10.1080/15502783.2026.2629828
     "Following a comprehensive review, the International Society of Sports Nutrition (ISSN) has developed an official position on the role of dietary antioxidants in exercise and sport. Antioxidants play a"

  28. Effects of antioxidant supplement on immune health and physical wellbeing: A randomized, controlled trial
     Jessie Hawkins, Christy Hires, Elizabeth Dunne, Lindsey Keenan
     PMC9212968 · Advances in Integrative Medicine · 2022-06-21
     https://doi.org/10.1016/j.aimed.2022.06.007
     "An antioxidant supplement was tested against a placebo in healthy adults. The supplement significantly improved overall health, reduced illness duration, and enhanced sleep quality."

  29. Exercise-Induced Oxidative Stress and Dietary Antioxidants
     Abbas Yavari, Maryam Javadi, Parvin Mirmiran, Zahra Bahadoran
     PMC4393546 · PMC · 2015-02-20
     https://www.ncbi.nlm.nih.gov/pmc/articles/PMC4393546/
     "This review examined evidence on antioxidant supplementation and exercise-induced oxidative stress. A balanced diet rich in natural antioxidants is recommended over supplementation for athletes."

  30. Effects of Vitamin and Antioxidant Supplements in Prevention of Bladder Cancer: a Meta-Analysis of Randomized Controlled Trials
     So-Jung Park, Seung-Kwon Myung, Yunju Lee, Yong-Jae Lee
     PMC5334161 · Journal of Korean Medical Science · 2017-04-01
     https://doi.org/10.3346/jkms.2017.32.4.628
     "This meta-analysis examined vitamin and antioxidant supplements for bladder cancer prevention across fourteen RCTs. These supplements showed no preventive effect, with beta-carotene alone potentially increasing risk."

  31. Training and Adaptation of Beef Calves to Precision Supplementation Technology for Individual Supplementation in Grazing Systems
     Joshua L. Jacobs, Matt J. Hersom, John G. Andrae, Susan K. Duckett
     PMC10525824 · Animals : an Open Access Journal from MDPI · 2023-09-09
     https://doi.org/10.3390/ani13182872
     "Beef calves were trained to use precision feeders for individual supplementation. The study assessed adaptation rates and feeding patterns of different calf groups to this technology."

  32. Effect of Antioxidant Vitamin Supplementation on Cardiovascular Outcomes: A Meta-Analysis of Randomized Controlled Trials
     Yizhou Ye, Jing Li, Zhongxiang Yuan
     PMC3577664 · PLoS ONE · 2013-01-01
     https://doi.org/10.1371/journal.pone.0056803
     "A meta-analysis of randomized controlled trials examined antioxidant vitamin supplementation's effect on cardiovascular outcomes. The study found no significant impact on major cardiovascular events, myocardial infarction, stroke, or death."

  33. Effects of ingesting a pre-workout dietary supplement with and without synephrine for 8 weeks on training adaptations in resistance-trained males
     Y. Peter Jung, Conrad P. Earnest, Majid Koozehchian, Minye Cho, Nick Barringer, Dillon Walker, Chris...
     PMC5234097 · Journal of the International Society of Sports Nutrition · 2017-01-03
     https://doi.org/10.1186/s12970-016-0158-3
     "This study investigated the effects of a pre-workout supplement with and without synephrine on resistance-trained males over 8 weeks. No significant differences were found in most training adaptations, but some improvements in cognitive function and strength were observed with the supplement."

  34. Effect of carbohydrate–protein supplementation on endurance training adaptations
     Abdullah F. Alghannam, Iain Templeman, Joel E. Thomas, Dawid Jedrzejewski, Samuel Griffiths, Joseph ...
     PMC7502056 · European Journal of Applied Physiology · 2020-08-05
     https://doi.org/10.1007/s00421-020-04450-1
     "This study investigated the effect of post-exercise carbohydrate-protein supplementation on endurance training adaptations in men and women. Post-exercise protein supplementation increased mTOR gene expression, but did not enhance improvements in maximal oxygen uptake compared to carbohydrate-only supplementation."

  35. Vitamin C and E Treatment Blunts Sprint Interval Training–Induced Changes in Inflammatory Mediator-, Calcium-, and Mitochondria-Related Signaling in Recreationally Active Elderly Humans
     Victoria L. Wyckelsma, Tomas Venckunas, Marius Brazaitis, Stefano Gastaldello, Audrius Snieckus, Ner...
     PMC7555371 · Antioxidants · 2020-09-17
     https://doi.org/10.3390/antiox9090879
     "Sprint interval training in elderly individuals was studied with and without antioxidant treatment. Antioxidants blunted training-induced cellular signaling changes in muscle, but did not affect performance outcomes."

  36. Effects of Zinc Magnesium Aspartate (ZMA) Supplementation on Training Adaptations and Markers of Anabolism and Catabolism
     Colin D Wilborn, Chad M Kerksick, Bill I Campbell, Lem W Taylor, Brandon M Marcello, Christopher J R...
     PMC2129161 · Journal of the International Society of Sports Nutrition · 2004-01-01
     https://doi.org/10.1186/1550-2783-1-2-12
     "This study investigated ZMA supplementation's effects on training adaptations and hormone profiles in resistance-trained males. ZMA did not significantly improve training adaptations, body composition, or hormone levels compared to placebo."

  37. Aerobic Exercise Training Adaptations Are Increased by Postexercise Carbohydrate-Protein Supplementation
     Lisa Ferguson-Stegall, Erin McCleave, Zhenping Ding, Phillip G. Doerner III, Yang Liu, Bei Wang, Mar...
     PMC3136187 · Journal of Nutrition and Metabolism · 2011-01-01
     https://doi.org/10.1155/2011/623182
     "This study investigated the effects of post-exercise chocolate milk, carbohydrate, or placebo supplementation on aerobic training adaptations. Chocolate milk supplementation led to greater improvements in aerobic capacity and body composition compared to carbohydrate or placebo."

  38. Dietary thiols in exercise: oxidative stress defence, exercise performance, and adaptation
     Yanita McLeay, Stephen Stannard, Stuart Houltham, Carlene Starck
     PMC5408473 · biomedrxiv · 2017-04-27
     https://doi.org/10.1186/s12970-017-0168-9
     "This paper reviews dietary thiols, focusing on their role in exercise-induced oxidative stress defense and performance. It suggests that thiol donors, like keratin, may enhance antioxidant capacity and performance without negatively impacting training adaptations."

  39. Antioxidants to Supplement or Not to Supplement That Is the Question
     Stanley Omaye, Nabil Elsayed
     PMC4665397 · Antioxidants · 2012-09-25
     https://doi.org/10.3390/antiox1010001

  40. The effect of fish oil supplementation on resistance training-induced adaptations
     Jeffery L. Heileson, Steven B. Machek, Dillon R. Harris, Sara Tomek, Leticia C. de Souza, Adam J. Ki...
     PMC9970203 · Journal of the International Society of Sports Nutrition · 2023-02-23
     https://doi.org/10.1080/15502783.2023.2174704
     "This study investigated the effects of fish oil supplementation on resistance training adaptations in young adults. Fish oil supplementation, compared to placebo, significantly increased bench press strength but did not significantly alter body composition or squat strength."

  41. Reexamination of a Meta-Analysis of the Effect of Antioxidant Supplementation on Mortality and Health in Randomized Trials
     Hans K. Biesalski, Tilman Grune, Jana Tinz, Iris Zöllner, Jeffrey B. Blumberg
     PMC3257709 · Nutrients · 2010-08-30
     https://doi.org/10.3390/nu2090929
     "This paper re-examines a meta-analysis on antioxidant supplementation. The re-evaluation found that most trials showed neutral or positive outcomes, suggesting benefits should be considered alongside risks."

  42. Comparison of the effects of two antioxidant diets on oxidative stress markers in triathletes
     Claudia D. Schneider, Patricia M. Bock, Georgia F. Becker, Jose Claudio F. Moreira, Adriane Bello-Kl...
     PMC6234303 · biomedrxiv · 2018-03-30
     https://doi.org/10.5114/biolsport.2018.74194
     "This study compared the effects of regular and high antioxidant diets on oxidative stress markers in triathletes. A high antioxidant diet improved several markers of redox status in the athletes."

  43. 6-Week Supplementation with  Tribulus terrestris  L. to Trained Male CrossFit ®  Athletes on Muscle, Inflammation, and Antioxidant Biomarkers: A Randomized, Single-Blind, Placebo-Controlled Trial
     Diego Fernández-Lázaro, Jesús Seco-Calvo, Jorge Pascual-Fernández, Carlos Domínguez-Ortega, Miguel D...
     PMC9736311 · International Journal of Environmental Research and Public Health · 2022-12-02
     https://doi.org/10.3390/ijerph192316158
     "This study investigated the effects of 6-week *Tribulus terrestris* supplementation on trained male CrossFit athletes. Supplementation attenuated oxidative stress, muscle damage, and inflammation compared to placebo."

  44. Effects of protein supplementation on body composition, physiological adaptations, and performance during endurance training: a systematic review and meta-analysis
     Yang Xiao, ZhengWu Deng, Wei Sun, JiaYi Li, WeiFeng Gao
     PMC12369418 · Frontiers in Nutrition · 2025-08-07
     https://doi.org/10.3389/fnut.2025.1663860
     "This systematic review and meta-analysis examined protein supplementation's effects during endurance training. Protein supplementation modestly improved time to exhaustion and lean body mass, with potential VO2max benefits for untrained individuals."

  45. Combined effect of antioxidant supplementation and resistance training on oxidative stress markers, muscle and body composition in an elderly population
     F. Bobeuf; M. Labonte; I.J. Dionne; Abdelouahed Khalil
     PMC12878122 · The Journal of Nutrition, Health & Aging · 2011-07-04
     https://doi.org/10.1007/s12603-011-0097-2
     "This study was aimed to examine the effect of vitamin C/E intake alone or combined with resistance training on antioxidant/pro-oxidant status, muscle strength and body composition in an elderly popula"

  46. The Effects of Omega-3 Supplementation Combined with Strength Training on Neuro-Biomarkers, Inflammatory and Antioxidant Responses, and the Lipid Profile in Physically Healthy Adults
     Sedat Okut, Murat Ozan, Yusuf Buzdağli, Halil Uçar, Muhammet Raşit İnaç, Muhammet Talha Han, Esra Ba...
     PMC12251297 · Nutrients · 2025-06-24
     https://doi.org/10.3390/nu17132088
     "This study examined the effects of omega-3 supplementation alongside strength training in healthy adults. The combination significantly improved lipid profiles, reduced inflammation, enhanced antioxidant status, boosted neuro-biomarkers, and increased physical performance."

  47. The Effect of Antioxidant Supplementation on Fatigue during Exercise: Potential Role for NAD + (H)
     John Mach, Adrian W. Midgley, Steve Dank, Ross S. Grant, David J. Bentley
     PMC3257644 · Nutrients · 2010-03-10
     https://doi.org/10.3390/nu2030319
     "This study investigated the impact of antioxidant supplementation on exercise fatigue and NAD+ levels. Antioxidant supplementation increased exercise time to fatigue and serum NAD+ levels, suggesting reduced oxidative stress improved aerobic respiration."

  48. Editorial: Exercise-induced oxidative stress and the role of antioxidants in sport and exercise
     Hannah J. Moir, Marcin Maciejczyk, Mateusz Maciejczyk, Felipe J. Aidar, Hamid Arazi
     PMC10466035 · Frontiers in Sports and Active Living · 2023-08-15
     https://doi.org/10.3389/fspor.2023.1269826

  49. The effects of resistance training with or without peanut protein supplementation on skeletal muscle and strength adaptations in older individuals
     Donald A. Lamb, Johnathon H. Moore, Morgan A. Smith, Christopher G. Vann, Shelby C. Osburn, Bradley ...
     PMC7734909 · Journal of the International Society of Sports Nutrition · 2020-12-14
     https://doi.org/10.1186/s12970-020-00397-y
     "This study investigated the effects of resistance training with or without peanut protein supplementation on muscle and strength in older adults. Peanut protein supplementation showed some benefits in muscle thickness and strength, but not overall body composition or acute muscle protein synthesis."

  50. Astaxanthin supplementation enhances metabolic adaptation with aerobic training in the elderly
     Sophia Z. Liu, Ana P. Valencia, Matt P. VanDoren, Eric G. Shankland, Baback Roshanravan, Kevin E. Co...
     PMC8191397 · Physiological Reports · 2021-06-10
     https://doi.org/10.14814/phy2.14887
     "Astaxanthin supplementation was studied alongside aerobic training in elderly adults to assess its impact on metabolic adaptation. The study found astaxanthin enhanced specific muscle endurance and fat oxidation, particularly in males."

  51. Effect of  Nigella sativa  Supplementation on Oxidative Stress and Antioxidant Parameters: A Meta-Analysis of Randomized Controlled Trials
     M. Ardiana, B. S. Pikir, A. Santoso, H. O. Hermawan, M. J. Al-Farabi
     PMC7225850 · The Scientific World Journal · 2020-01-01
     https://doi.org/10.1155/2020/2390706
     "This meta-analysis examined the effect of Nigella sativa supplementation on oxidative stress. Nigella sativa supplementation increased superoxide dismutase levels but did not significantly affect malondialdehyde or total antioxidant capacity."

  52. Effects of Acute Vitamin C plus Vitamin E Supplementation on Exercise-Induced Muscle Damage in Runners: A Double-Blind Randomized Controlled Trial
     María Martínez-Ferrán, Víctor Cuadrado-Peñafiel, Juan Manuel Sánchez-Andreo, Marta Villar-Lucas, Món...
     PMC9659095 · Nutrients · 2022-11-03
     https://doi.org/10.3390/nu14214635
     "This study investigated if vitamin C and E supplementation reduces exercise-induced muscle damage in runners. The supplementation did not significantly improve muscle damage markers or performance compared to a placebo."

  53. Oligomerized lychee fruit extract (OLFE) and a mixture of vitamin C and vitamin E for endurance capacity in a double blind randomized controlled trial
     Seung Wan Kang, Seokyung Hahn, Jung-Kyu Kim, Seung-Min Yang, Byung-Joo Park, Sang Chul Lee
     PMC3303472 · Journal of Clinical Biochemistry and Nutrition · 2012-03-01
     https://doi.org/10.3164/jcbn.11-46
     "Oligomerized lychee fruit extract (OLFE) and a vitamin C/E mixture were tested for endurance effects in exercising males. OLFE significantly improved running time and anaerobic threshold, while the vitamin mixture unexpectedly reduced VO2 max."

  54. Food-Based Antioxidant Nutrition for Exercise Recovery and Training Adaptation: A Narrative Review and Conceptual Framework for Redox Signaling, Dietary Matrices, and Periodized Application
     Hua Yang; Jingmei Dong; Jing Yang; Chieh-Chen Wu; Chun-Hsien Su
     PMC13363514 · Nutrients · 2026-06-29
     https://doi.org/10.3390/nu18132115
     "Exercise-induced reactive oxygen and nitrogen species (RONS) serve as crucial signaling molecules for training adaptation, mitochondrial biogenesis, and inflammatory resolution, rather than being mere"

  55. Sex differences in the effect of fish-oil supplementation on the adaptive response to resistance exercise training in older people: a randomized controlled trial 1 2
     Mariasole Da Boit, Rachael Sibson, Selvaraj Sivasubramaniam, Judith R Meakin, Carolyn A Greig, Richa...
     PMC5183731 · The American Journal of Clinical Nutrition · 2017-01-01
     https://doi.org/10.3945/ajcn.116.140780
     "This study investigated fish oil supplementation's effect on resistance training adaptations in older adults, comparing men and women. Fish oil enhanced muscle strength and quality in women, but not in men, though it lowered triglycerides in both sexes."

  56. Supplementation with a Multi-ingredient Pre-workout Supplement does not Augment Resistance Training Adaptations in Females
     ANNA NELSON, CLAYTON L. CAMIC, CARL FOSTER, BROOKE ZAJAC, KAELA HOECHERL, JACOB ERICKSON, ANDREW R. ...
     PMC6355134 · International Journal of Exercise Science · 2019-01-01
     "This study examined the effects of a multi-ingredient pre-workout supplement on female resistance training adaptations. The supplement did not enhance body composition or strength gains compared to a placebo."

  57. Antioxidative properties of phenolic compounds and their effect on oxidative stress induced by severe physical exercise
     Joanna Kruk, Basil Hassan Aboul-Enein, Ewa Duchnik, Mariola Marchlewicz
     PMC10717775 · PMC · 2022-08-05
     https://www.ncbi.nlm.nih.gov/pmc/articles/PMC10717775/
     "This paper reviews phenolic compounds' antioxidant properties and their impact on exercise-induced oxidative stress. Phenolic compounds can reduce exercise-induced oxidative stress and inflammation, but their effect on physical performance is inconsistent."

  58. Elastic resistance training is more effective than vitamin D3 supplementation in reducing oxidative stress and strengthen antioxidant enzymes in healthy men
     Fardin Kalvandi, Mohammad Ali Azarbayjani, Ronak Azizbeigi, Kamal Azizbeigi
     PMC8431951 · European Journal of Clinical Nutrition · 2021-09-10
     https://doi.org/10.1038/s41430-021-01000-6
     "Elastic resistance training was studied with and without vitamin D3 supplementation in healthy men. Elastic resistance training alone was more effective than with vitamin D3 supplementation for reducing oxidative stress and strengthening antioxidant enzymes."

  59. Exercise-Induced Oxidative Stress and the Effects of Antioxidant Intake from a Physiological Viewpoint
     Takuji Kawamura, Isao Muraoka
     PMC6162669 · PMC · 2018-09-05
     https://www.ncbi.nlm.nih.gov/pmc/articles/PMC6162669/
     "This review examines exercise-induced oxidative stress and the impact of antioxidant intake in healthy individuals. It finds that while exercise increases reactive oxygen species, antioxidant supplementation's effects are extensively studied but complex."

  60. The effect of green tea extract supplementation on exercise-induced oxidative stress parameters in male sprinters
     Ewa Jówko, Barbara Długołęcka, Beata Makaruk, Igor Cieśliński
     PMC4500852 · European Journal of Nutrition · 2014-08-14
     https://doi.org/10.1007/s00394-014-0757-1
     "This study investigated the effects of green tea extract on oxidative stress markers in male sprinters. Green tea extract supplementation reduced exercise-induced oxidative stress without negatively impacting sprint performance or antioxidant enzyme adaptation."

  61. Effects of an Aqueous Extract of  Withania somnifera  on Strength Training Adaptations and Recovery: The STAR Trial
     Tim N. Ziegenfuss, Anurag W. Kedia, Jennifer E. Sandrock, Betsy J. Raub, Chad M. Kerksick, Hector L....
     PMC6266766 · Nutrients · 2018-11-20
     https://doi.org/10.3390/nu10111807
     "This study investigated the effects of an aqueous *Withania somnifera* extract on strength training. The extract significantly improved strength gains, body composition, and recovery compared to placebo."

  62. The Effects of Antioxidant Supplementation on Soccer Performance and Recovery: A Critical Review of the Available Evidence
     Athanasios Poulios, Konstantinos Papanikolaou, Dimitrios Draganidis, Panagiotis Tsimeas, Athanasios ...
     PMC11597853 · biomedrxiv · 2024-11-06
     https://doi.org/10.3390/nu16223803
     "This review examined antioxidant supplements' effects on soccer performance and recovery. Several antioxidants were found to reduce muscle damage, inflammation, and oxidative stress, with some potentially enhancing performance."

  63. A forced titration study of the antioxidant and immunomodulatory effects of Ambrotose AO supplement
     Stephen P Myers, Lesley Stevenson, Phillip A Cheras, Joan O'Connor, Lyndon Brooks, Margaret Rolfe, P...
     PMC2888736 · BMC Complementary and Alternative Medicine · 2010-01-01
     https://doi.org/10.1186/1472-6882-10-16
     "This study investigated the optimal dose of Ambrotose AO supplement in healthy volunteers by measuring antioxidant activity and immune function. The supplement showed increased antioxidant capacity and immune effects, with an optimal dose estimated at 4 capsules per day."

  64. Effect of Antioxidants Supplementation on Aging and Longevity
     Izabela Sadowska-Bartosz, Grzegorz Bartosz
     PMC3982418 · BioMed Research International · 2014-01-01
     https://doi.org/10.1155/2014/404680
     "This paper reviews studies on antioxidant supplementation in model organisms to test the free radical theory of aging. Findings suggest that antioxidant effects on lifespan are often indirect or unrelated to their antioxidant properties, questioning the legitimacy of human supplementation."

  65. Combined Effects of Spirulina Liquid Extract and Endurance Training on Aerobic Performance and Muscle Metabolism Adaptation in Wistar Rats
     Jordi Vignaud, Céline Loiseau, Martine Côme, Isabelle Martin, Rova Rasoanarivo, Josiane Hérault, Cla...
     PMC11769088 · Nutrients · 2025-01-14
     https://doi.org/10.3390/nu17020283
     "This study investigated the effects of Spirulina liquid extract and endurance training on Wistar rats. Spirulina supplementation improved aerobic performance and muscle adaptation by enhancing antioxidant defenses and mitochondrial biogenesis."

  66. Long-term quercetin supplementation reduces lipid peroxidation but does not improve performance in endurance runners
     Shane D Scholten, Igor N Sergeev
     PMC3871649 · Open Access Journal of Sports Medicine · 2013-01-01
     https://doi.org/10.2147/OAJSM.S39632
     "Quercetin supplementation was studied in endurance runners for six weeks. It reduced lipid peroxidation but did not improve running performance."

  67. Efficacy of vitamin and antioxidant supplements in prevention of cardiovascular disease: systematic review and meta-analysis of randomised controlled trials
     Seung-Kwon Myung, Woong Ju, Belong Cho, Seung-Won Oh, Sang Min Park, Bon-Kwon Koo, Byung-Joo Park
     PMC3548618 · The BMJ · 2013-01-01
     https://doi.org/10.1136/bmj.f10
     "This meta-analysis reviewed 50 randomized controlled trials on vitamin and antioxidant supplements for cardiovascular disease prevention. These supplements showed no overall benefit, with some minor risks and benefits disappearing in high-quality trials."

  68. Short-Term High-Dose Vitamin C and E Supplementation Attenuates Muscle Damage and Inflammatory Responses to Repeated Taekwondo Competitions: A Randomized Placebo-Controlled Trial
     Chun-Chung Chou, Yu-Chi Sung, Glen Davison, Chung-Yu Chen, Yi-Hung Liao
     PMC6097262 · International Journal of Medical Sciences · 2018-01-01
     https://doi.org/10.7150/ijms.26340
     "This study investigated the effects of vitamin C and E supplementation on elite Taekwondo athletes. Supplementation attenuated muscle damage, hemolysis, and inflammatory responses to repeated competitions."

  69. Effects of 𝛽-Hydroxy-𝛽-methylbutyrate-free Acid Supplementation on Strength, Power and Hormonal Adaptations Following Resistance Training
     Abbas Asadi, Hamid Arazi, Katsuhiko Suzuki
     PMC5748766 · Nutrients · 2017-12-02
     https://doi.org/10.3390/nu9121316
     "This study investigated the effects of HMB-FA supplementation during resistance training on strength, power, and hormonal responses in men. HMB-FA supplementation enhanced power and strength gains and positively influenced growth hormone and IGF-1 levels, while reducing ACTH and cortisol."

  70. Antioxidant trials—the need to test for stress
     Robert John Aitken
     PMC7937419 · Human Reproduction Open · 2021-01-01
     https://doi.org/10.1093/hropen/hoab007

  71. The Effect of Vitamins C and E Supplementation on Muscle Damage, Performance, and Body Composition in Athlete Women: A Clinical Trial
     Maryam Taghiyar, Reza Ghiasvand, Gholamreza Askari, Awat Feizi, Mitra Hariri, Nafiseh Shokri Mashhad...
     PMC3665021 · International Journal of Preventive Medicine · 2013-04-01
     "This clinical trial examined the effects of vitamin C and E supplementation on muscle damage, performance, and body composition in trained female athletes over four weeks. The study found no significant improvements in any of these parameters due to the supplementation."

  72. Protein Supplementation Has Minimal Effects on Muscle Adaptations during Resistance Exercise Training in Young Men: A Double-Blind Randomized Clinical Trial 1 2 3
     Paul T Reidy, Michael S Borack, Melissa M Markofski, Jared M Dickinson, Rachel R Deer, Syed H Husain...
     PMC4997282 · The Journal of Nutrition · 2016-09-01
     https://doi.org/10.3945/jn.116.231803
     "A randomized trial examined protein blend supplementation during resistance training in young men. Protein supplementation showed minimal effects on muscle strength and size, with only a slight trend for increased lean body mass."

  73. Impact of Polyphenol Antioxidants on Cycling Performance and Cardiovascular Function
     Joel D. Trinity, Matthew D. Pahnke, Justin R. Trombold, Edward F. Coyle
     PMC3967193 · PMC · 2014-03-24
     https://www.ncbi.nlm.nih.gov/pmc/articles/PMC3967193/
     "Polyphenol antioxidants were supplemented to endurance athletes for 7 days, followed by exercise testing in the heat. Supplementation did not improve cycling performance or alter cardiovascular and thermoregulatory responses."

  74. Effect of milk fat globule membrane supplementation on motor unit adaptation following resistance training in older adults
     Kohei Watanabe, Aleš Holobar, Aya Tomita, Yukiko Mita
     PMC7322501 · Physiological Reports · 2020-06-29
     https://doi.org/10.14814/phy2.14491
     "This study examined the effect of milk fat globule membrane (MFGM) supplementation on motor unit adaptation during resistance training in older adults. MFGM supplementation maintained higher motor unit firing rates and altered firing patterns compared to placebo."

  75. Effects of protein supplementation during pilates training on body composition, core muscle endurance, and joint flexibility in trained women: a randomized controlled trial
     Christina Karpouzi, Antigoni Kypraiou, Vassilis Mougios, Anatoli Petridou
     PMC11869336 · Journal of the International Society of Sports Nutrition · 2025-02-26
     https://doi.org/10.1080/15502783.2025.2472891
     "This study investigated protein supplementation's effects on trained women undergoing Pilates. Protein supplementation did not significantly enhance body composition, core endurance, or flexibility compared to placebo."

  76. Effects of antioxidant-rich  foods  on altitude-induced oxidative stress and inflammation in elite endurance athletes: A randomized controlled trial
     Anu Elisa Koivisto, Thomas Olsen, Ingvild Paur, Gøran Paulsen, Nasser Ezzatkhah Bastani, Ina Garthe,...
     PMC6563980 · PLoS ONE · 2019-06-13
     https://doi.org/10.1371/journal.pone.0217895
     "Elite endurance athletes consumed antioxidant-rich foods during altitude training. This increased antioxidant capacity and reduced some inflammatory markers, but did not affect oxidative stress."

  77. Exercise Training and Vitamin C Supplementation Affects Ferritin mRNA in Leukocytes without Affecting Prooxidative/Antioxidative Balance in Elderly Women
     Małgorzata Żychowska, Agata Grzybkowska, Monika Wiech, Robert Urbański, Wanda Pilch, Anna Piotrowska...
     PMC7554744 · International Journal of Molecular Sciences · 2020-09-05
     https://doi.org/10.3390/ijms21186469
     "Exercise training with vitamin C supplementation decreased ferritin mRNA in elderly women's leukocytes. This intervention did not alter the prooxidative/antioxidative balance."

  78. The effect of long term astaxanthin supplementation on the antioxidant status of racing Arabian horses – preliminary study
     Beata Giercuszkiewicz-Hecold, Marek Kulka, Michał Czopowicz, Jacek Wilczak, Ewa Szarska, Katarzyna S...
     PMC11564757 · Scientific Reports · 2024-11-14
     https://doi.org/10.1038/s41598-024-77732-9
     "This study investigated the effect of long-term astaxanthin supplementation on racing Arabian horses. Astaxanthin supplementation improved antioxidant status and partially counterbalanced training-induced oxidative stress."

  79. Efficacy of Vitamin and Antioxidant Supplements in Prevention of Esophageal Cancer: Meta-analysis of Randomized Controlled Trials
     Seung-Kwon Myung, Hyo Jin Yang
     PMC4189455 · Journal of Cancer Prevention · 2013-06-01
     https://doi.org/10.15430/JCP.2013.18.2.135
     "This meta-analysis examined randomized controlled trials on vitamin and antioxidant supplements for esophageal cancer prevention. The findings indicate no evidence that these supplements prevent esophageal cancer."

  80. Reply: antioxidant trials—the need to test for stress
     Mohan S Kamath, Mariano Mascarenhas, Treasa Joseph, Muthukumar Karthikeyan, Aleyamma T Kunjummen
     PMC7937421 · Human Reproduction Open · 2021-01-01
     https://doi.org/10.1093/hropen/hoab008

  81. Antioxidant supplementation for the prevention of post-endoscopic retrograde cholangiopancreatography pancreatitis: a meta-analysis of randomized controlled trials
     Wan-Jie Gu, Chun-Yin Wei, Rui-Xing Yin
     PMC3575286 · Nutrition Journal · 2013-01-01
     https://doi.org/10.1186/1475-2891-12-23
     "This meta-analysis evaluated antioxidant supplementation for preventing post-ERCP pancreatitis. Antioxidants did not significantly reduce the incidence or severity of this complication."

  82. The Effect of Vitamin C and E Supplementation on Muscle Damage and Oxidative Stress in Female Athletes: A Clinical Trial
     Maryam Taghiyar, Leila Darvishi, Gholamrez Askari, Awat Feizi, Mitra Hariri, Nafiseh Shokri Mashhadi...
     PMC3665020 · International Journal of Preventive Medicine · 2013-04-01
     "This study investigated vitamin C and E supplementation's effects on muscle damage and oxidative stress in female athletes. Results showed vitamin C and E supplementation reduced muscle damage and oxidative stress markers."

  83. Effect of an herbal/botanical supplement on strength, balance, and muscle function following 12-weeks of resistance training: a placebo controlled study
     Jonathan Furlong, Corey A Rynders, Mark Sutherlin, James Patrie, Frank I Katch, Jay Hertel, Arthur W...
     PMC4047772 · Journal of the International Society of Sports Nutrition · 2014-01-01
     https://doi.org/10.1186/1550-2783-11-23
     "A 12-week resistance training program was studied with and without an herbal supplement. The supplement did not enhance strength, balance, or muscle function adaptations beyond those from training alone."

  84. The role of resistance training and creatine supplementation on oxidative stress, antioxidant defense, muscle strength, and quality of life in older adults
     Ehsan Amiri, Dariush Sheikholeslami-Vatani
     PMC10189876 · Frontiers in Public Health · 2023-05-02
     https://doi.org/10.3389/fpubh.2023.1062832
     "Resistance training with creatine supplementation was studied in older adults. This intervention improved antioxidant defense, muscle strength, and quality of life, with creatine enhancing strength gains."

  85. Acute exercise and oxidative stress: a 30 year history
     Kelsey Fisher-Wellman, Richard J Bloomer
     PMC2642810 · PMC · 2009-01-01
     https://www.ncbi.nlm.nih.gov/pmc/articles/PMC2642810/
     "Acute exercise can induce oxidative stress, with its extent influenced by exercise and subject factors. This stress, however, appears to be a necessary stimulus for enhancing endogenous antioxidant defenses."

  86. Effects of multi-ingredient supplementation on resistance training in young males
     Mark ET Willems, Chris W Sallis, Jonathan A Haskell
     PMC3588667 · Journal of Human Kinetics · 2012-06-01
     https://doi.org/10.2478/v10078-012-0048-y
     "A multi-ingredient supplement was tested alongside resistance training in young males. The supplement enhanced some strength and endurance measures, but not others."

  87. Elevated hepcidin serum level in response to inflammatory and iron signals in exercising athletes is independent of moderate supplementation with vitamin C and E
     Víctor Díaz, Ana B Peinado, Laura Barba-Moreno, Sandro Altamura, Javier Butragueño, Marcela González...
     PMC4562561 · Physiological Reports · 2015-08-01
     https://doi.org/10.14814/phy2.12475
     "This study investigated hepcidin levels in athletes after exercise. Hepcidin remained elevated despite vitamin C and E supplementation, indicating these vitamins do not alter the response to inflammatory and iron signals."

  88. Effects of creatine supplementation associated with resistance training on oxidative stress in different tissues of rats
     Giuseppe Potrick Stefani, Ramiro Barcos Nunes, André Zuanazzi Dornelles, Jadson Pereira Alves, Marce...
     PMC3994392 · Journal of the International Society of Sports Nutrition · 2014-01-01
     https://doi.org/10.1186/1550-2783-11-11
     "This study investigated creatine supplementation with resistance training on strength and oxidative stress in rats. Creatine, alone or with training, reduced oxidative stress and enhanced strength gain, acting as a non-enzymatic antioxidant."

[421ms, saved to s_e40af564]

💡 Extract data across these results with: map --from s_e40af564 "your question"
[421ms, saved to s_e40af564]

