Map complete: 10/10 papers
Results ID: m_3e939d21

  ✓ The Effects of Omega-3 Supplementation Combined with Strength Training
    PMC12251297 · 1896ms
    {"eligible": false, "exclusion_reason": "The paper investigates omega-3 fatty acid supplementation rather than vitamin C and/or E supplementation.", "findings": []}

  ✓ Role of Redox Signaling and Inflammation in Skeletal Muscle Adaptation
    PMC5187546 · 1802ms
    {"eligible": false, "exclusion_reason": "The paper is a review article summarizing previous findings rather than a primary empirical research study with original trial data.", "findings": []}

  ✓ Lower vascular conductance responses to handgrip exercise are improved
    PMC11140166 · 1729ms
    {"eligible": false, "exclusion_reason": "The study is an acute single-session supplementation study without a structured exercise-training program.", "findings": []}

  ✓ Astaxanthin Supplementation as a Potential Strategy for Enhancing Mito
    PMC11175114 · 1647ms
    {"eligible": false, "exclusion_reason": "The paper is a review article (\"Invited Review\") and does not contain original controlled primary empirical trial data combining vitamin C/E and a structured training program.", "findings": []}

  ✓ The Antioxidant Role of Glutathione and N-Acetyl-Cysteine Supplements 
    PMC2129149 · 1935ms
    {"eligible": false, "exclusion_reason": "This paper is a commentary/review article discussing glutathione and N-acetyl-cysteine supplements and exercise-induced oxidative stress, rather than a controlled primary study combining a structured exercise training program with vitamin C and/or E supplementation.", "findings": []}

  ✓ Effects of antioxidant-rich  foods  on altitude-induced oxidative stre
    PMC6563980 · 2663ms
    {"eligible": false, "exclusion_reason": "The study uses food-based antioxidants (smoothies, berries, walnuts, dark chocolate) rather than vitamin C and/or E supplementation.", "findings": []}

  ✓ Antioxidant Supplementation Modulates Neutrophil Inflammatory Response
    PMC7762299 · 1512ms
    {"eligible": false, "exclusion_reason": "The study does not evaluate training adaptations to a structured training program with antioxidant supplementation versus control, but rather measures acute responses to a single 2000-m running test following a homogenization training period.", "findings": []}

  ✓ Elastic resistance training is more effective than vitamin D3 suppleme
    PMC8431951 · 1703ms
    {"eligible": false, "exclusion_reason": "The paper studies vitamin D3 supplementation during elastic-band resistance training rather than vitamin C and/or E supplementation.", "findings": []}

  ✓ Polyphenol Supplementation and Antioxidant Status in Athletes: A Narra
    PMC9823453 · 2418ms
    {"eligible": false, "exclusion_reason": "The paper is a narrative review summarizing literature on polyphenol supplementation in athletes rather than an eligible primary controlled trial combining a structured exercise-training program with vitamin C and/or E supplementation.", "findings": []}

  ✓ Low-Frequency Fatigue as an Indicator of Eccentric Exercise-Induced Mu
    PMC3400461 · 2016ms
    {"eligible": false, "exclusion_reason": "Acute single-session study without a training program (downhill running exercise test used to induce muscle injury rather than a training adaptation program)", "findings": []}

Tip: These per-paper answers are ready to use — synthesize them to respond.
[6.1s, saved to m_3e939d21]
